__tests__/integration/cache.test.ts(19,42): error TS2559: Type '60' has no properties in common with type 'CacheOptions'.
__tests__/integration/cache.test.ts(34,42): error TS2559: Type '1' has no properties in common with type 'CacheOptions'.
__tests__/integration/cache.test.ts(47,42): error TS2559: Type '60' has no properties in common with type 'CacheOptions'.
__tests__/integration/cache.test.ts(57,38): error TS2349: This expression is not callable.
  Type '{ readonly byId: (id: string) => string; readonly bySlug: (slug: string) => string; readonly list: (query: string) => string; readonly category: (category: string, page: number) => string; }' has no call signatures.
__tests__/integration/cache.test.ts(62,38): error TS2339: Property 'category' does not exist on type '{ readonly article: { readonly byId: (id: string) => string; readonly bySlug: (slug: string) => string; readonly list: (query: string) => string; readonly category: (category: string, page: number) => string; }; ... 4 more ...; readonly analytics: { ...; }; }'.
__tests__/integration/cache.test.ts(72,53): error TS2554: Expected 2-3 arguments, but got 4.
__tests__/integration/cache.test.ts(73,53): error TS2554: Expected 2-3 arguments, but got 4.
__tests__/integration/cache.test.ts(75,26): error TS2551: Property 'invalidateByTags' does not exist on type 'CacheService'. Did you mean 'invalidateTags'?
__tests__/integration/error-handling.test.ts(71,14): error TS18047: 'response.body' is possibly 'null'.
__tests__/integration/error-handling.test.ts(71,28): error TS2339: Property 'code' does not exist on type 'ReadableStream<Uint8Array<ArrayBuffer>>'.
__tests__/integration/error-handling.test.ts(83,14): error TS18047: 'response.body' is possibly 'null'.
__tests__/integration/error-handling.test.ts(83,28): error TS2339: Property 'correlationId' does not exist on type 'ReadableStream<Uint8Array<ArrayBuffer>>'.
__tests__/integration/workflows.test.ts(85,13): error TS2739: Type '{ id: string; version: string; name: string; steps: { id: string; action: string; name: string; }[]; }' is missing the following properties from type 'WorkflowDefinition': createdAt, updatedAt
__tests__/integration/workflows.test.ts(108,13): error TS2739: Type '{ id: string; version: string; name: string; steps: ({ id: string; action: string; name: string; } | { id: string; action: string; name: string; dependsOn: string[]; })[]; }' is missing the following properties from type 'WorkflowDefinition': createdAt, updatedAt
__tests__/integration/workflows.test.ts(136,13): error TS2739: Type '{ id: string; version: string; name: string; steps: { id: string; action: string; name: string; }[]; }' is missing the following properties from type 'WorkflowDefinition': createdAt, updatedAt
__tests__/integration/workflows.test.ts(159,13): error TS2739: Type '{ id: string; version: string; name: string; steps: { id: string; action: string; name: string; }[]; }' is missing the following properties from type 'WorkflowDefinition': createdAt, updatedAt
__tests__/integration/workflows.test.ts(189,13): error TS2739: Type '{ id: string; version: string; name: string; steps: { id: string; action: string; name: string; }[]; }' is missing the following properties from type 'WorkflowDefinition': createdAt, updatedAt
__tests__/integration/workflows.test.ts(220,13): error TS2739: Type '{ id: string; version: string; name: string; steps: { id: string; action: string; name: string; }[]; }' is missing the following properties from type 'WorkflowDefinition': createdAt, updatedAt
__tests__/integration/workflows.test.ts(235,13): error TS2739: Type '{ id: string; version: string; name: string; steps: { id: string; action: string; name: string; }[]; }' is missing the following properties from type 'WorkflowDefinition': createdAt, updatedAt
__tests__/ranking.test.ts(10,7): error TS2740: Type '{ id: string; name: string; provider: string; type: "cashback"; annualFee: number; features: string[]; pros: string[]; rating: number; reviewsCount: number; minCreditScore: number; }' is missing the following properties from type 'CreditCard': category, joiningFee, rewardRate, cons, and 3 more.
__tests__/ranking.test.ts(27,5): error TS2322: Type '"Large Cap"' is not assignable to type '"mutual_fund"'.
__tests__/unit/validation.test.ts(76,59): error TS2345: Argument of type '(req: any, context: { body: any; }) => Promise<Response>' is not assignable to parameter of type '(request: NextRequest, context: { body?: { title: string; } | undefined; query?: unknown; params?: unknown; }, ...args: any[]) => Promise<NextResponse<unknown>>'.
  Types of parameters 'context' and 'context' are incompatible.
    Type '{ body?: { title: string; } | undefined; query?: unknown; params?: unknown; }' is not assignable to type '{ body: any; }'.
      Property 'body' is optional in type '{ body?: { title: string; } | undefined; query?: unknown; params?: unknown; }' but required in type '{ body: any; }'.
__tests__/unit/validation.test.ts(105,59): error TS2345: Argument of type '() => Promise<Response>' is not assignable to parameter of type '(request: NextRequest, context: { body?: { title: string; } | undefined; query?: unknown; params?: unknown; }, ...args: any[]) => Promise<NextResponse<unknown>>'.
  Type 'Promise<Response>' is not assignable to type 'Promise<NextResponse<unknown>>'.
    Type 'Response' is missing the following properties from type 'NextResponse<unknown>': cookies, [INTERNALS]
app/api/newsletter/route.ts(23,21): error TS2554: Expected 1 arguments, but got 5.
app/api/products/generate-image/route.ts(116,22): error TS18048: 'response.data' is possibly 'undefined'.
app/api/revalidate/route.ts(30,9): error TS2554: Expected 2 arguments, but got 1.
app/api/revalidate/route.ts(31,9): error TS2554: Expected 2 arguments, but got 1.
app/api/revenue/analytics/route.ts(13,47): error TS2554: Expected 0 arguments, but got 1.
app/api/revenue/conversions/route.ts(14,47): error TS2554: Expected 0 arguments, but got 1.
app/api/scrapers/status/route.ts(264,43): error TS2339: Property 'scanTrendingTopics' does not exist on type 'GhostScraper'.
app/api/search/route.ts(26,74): error TS2345: Argument of type '{ q: string; type: string; category: any; limit: any; }' is not assignable to parameter of type 'string'.
app/api/search/route.ts(38,68): error TS2339: Property 'getRelated' does not exist on type 'SearchService'.
app/api/search/route.ts(46,80): error TS2554: Expected 0 arguments, but got 2.
app/api/seo/rankings/sync/route.ts(40,26): error TS7006: Parameter 'a' implicitly has an 'any' type.
app/api/v1/admin/revenue/by-affiliate/route.ts(20,47): error TS2554: Expected 0 arguments, but got 1.
app/api/v1/admin/revenue/by-article/route.ts(20,47): error TS2554: Expected 0 arguments, but got 1.
app/api/v1/admin/revenue/by-category/route.ts(20,47): error TS2554: Expected 0 arguments, but got 1.
app/api/v1/admin/revenue/top-articles/route.ts(20,47): error TS2554: Expected 0 arguments, but got 1.
app/api/workflows/schedule/route.ts(10,10): error TS2724: '"@/lib/workflows/workflow-registry"' has no exported member named 'workflowRegistry'. Did you mean 'isWorkflowRegistered'?
app/api/workflows/schedule/route.ts(17,14): error TS2554: Expected 2-3 arguments, but got 1.
app/api/workflows/schedule/route.ts(35,28): error TS2304: Cannot find name 'getWorkflowDefinition'.
app/api/workflows/start/route.ts(18,14): error TS2554: Expected 2-3 arguments, but got 1.
app/api/workflows/state/transition/route.ts(19,15): error TS2554: Expected 2-3 arguments, but got 1.
app/apply/[productType]/[productId]/page.tsx(34,69): error TS2339: Property 'getById' does not exist on type '{ list: () => Promise<any>; filter: (filters: any) => Promise<never[]>; }'.
app/apply/[productType]/[productId]/page.tsx(40,63): error TS2339: Property 'getById' does not exist on type '{ list: () => Promise<any>; }'.
app/apply/[productType]/[productId]/page.tsx(43,69): error TS2339: Property 'getById' does not exist on type '{ list: () => Promise<any>; }'.
app/author/[slug]/page.tsx(97,66): error TS7006: Parameter 'cred' implicitly has an 'any' type.
app/author/[slug]/page.tsx(97,72): error TS7006: Parameter 'idx' implicitly has an 'any' type.
app/author/[slug]/page.tsx(185,69): error TS7006: Parameter 'skill' implicitly has an 'any' type.
app/author/[slug]/page.tsx(185,76): error TS7006: Parameter 'i' implicitly has an 'any' type.
app/credit-cards/compare/page.tsx(142,34): error TS2322: Type 'RichProduct[]' is not assignable to type '(CreditCard | Loan | MutualFund)[]'.
  Type 'RichProduct' is not assignable to type 'CreditCard | Loan | MutualFund'.
    Type 'RichProduct' is missing the following properties from type 'CreditCard': type, joiningFee, annualFee, rewardRate, and 3 more.
app/credit-cards/recommendations/spending-based/page.tsx(284,79): error TS2339: Property 'provider' does not exist on type 'CreditCard'.
app/credit-cards/smart-compare/page.tsx(35,5): error TS2353: Object literal may only specify known properties, and 'provider' does not exist in type 'CreditCard'.
app/credit-cards/smart-compare/page.tsx(56,5): error TS2353: Object literal may only specify known properties, and 'provider' does not exist in type 'CreditCard'.
app/credit-cards/smart-compare/page.tsx(75,5): error TS2353: Object literal may only specify known properties, and 'provider' does not exist in type 'CreditCard'.
app/credit-cards/smart-compare/page.tsx(94,5): error TS2353: Object literal may only specify known properties, and 'provider' does not exist in type 'CreditCard'.
app/credit-cards/smart-compare/page.tsx(113,5): error TS2353: Object literal may only specify known properties, and 'provider' does not exist in type 'CreditCard'.
app/credit-cards/smart-compare/page.tsx(133,5): error TS2820: Type '"fuel"' is not assignable to type 'CreditCardType'. Did you mean '"Fuel"'?
app/credit-cards/smart-compare/page.tsx(268,25): error TS2551: Property 'annualFee' does not exist on type 'CreditCard'. Did you mean 'annual_fee'?
app/demat-accounts/[slug]/page.tsx(47,19): error TS2367: This comparison appears to be unintentional because the types 'ProductCategory' and '"demat_account"' have no overlap.
app/editorial/page.tsx(311,45): error TS2322: Type 'unknown' is not assignable to type 'Key | null | undefined'.
app/editorial/page.tsx(311,55): error TS2322: Type 'unknown' is not assignable to type 'string | number | readonly string[] | undefined'.
app/editorial/page.tsx(311,68): error TS18046: 'cat' is of type 'unknown'.
app/embed/calculators/[slug]/page.tsx(10,18): error TS2345: Argument of type '() => Promise<typeof import("C:/Users/shivp/Desktop/InvestingPro_App/components/calculators/SIPCalculatorWithInflation")>' is not assignable to parameter of type 'DynamicOptions<any> | Loader<any>'.
  Type '() => Promise<typeof import("C:/Users/shivp/Desktop/InvestingPro_App/components/calculators/SIPCalculatorWithInflation")>' is not assignable to type '() => LoaderComponent<any>'.
    Type 'Promise<typeof import("C:/Users/shivp/Desktop/InvestingPro_App/components/calculators/SIPCalculatorWithInflation")>' is not assignable to type 'LoaderComponent<any>'.
      Type 'typeof import("C:/Users/shivp/Desktop/InvestingPro_App/components/calculators/SIPCalculatorWithInflation")' is not assignable to type 'ComponentType<any> | ComponentModule<any>'.
app/embed/calculators/[slug]/page.tsx(11,18): error TS2345: Argument of type '() => Promise<typeof import("C:/Users/shivp/Desktop/InvestingPro_App/components/calculators/EMICalculatorEnhanced")>' is not assignable to parameter of type 'DynamicOptions<any> | Loader<any>'.
  Type '() => Promise<typeof import("C:/Users/shivp/Desktop/InvestingPro_App/components/calculators/EMICalculatorEnhanced")>' is not assignable to type '() => LoaderComponent<any>'.
    Type 'Promise<typeof import("C:/Users/shivp/Desktop/InvestingPro_App/components/calculators/EMICalculatorEnhanced")>' is not assignable to type 'LoaderComponent<any>'.
      Type 'typeof import("C:/Users/shivp/Desktop/InvestingPro_App/components/calculators/EMICalculatorEnhanced")' is not assignable to type 'ComponentType<any> | ComponentModule<any>'.
app/embed/calculators/[slug]/page.tsx(12,17): error TS2345: Argument of type '() => Promise<typeof import("C:/Users/shivp/Desktop/InvestingPro_App/components/calculators/FDCalculator")>' is not assignable to parameter of type 'DynamicOptions<any> | Loader<any>'.
  Type '() => Promise<typeof import("C:/Users/shivp/Desktop/InvestingPro_App/components/calculators/FDCalculator")>' is not assignable to type '() => LoaderComponent<any>'.
    Type 'Promise<typeof import("C:/Users/shivp/Desktop/InvestingPro_App/components/calculators/FDCalculator")>' is not assignable to type 'LoaderComponent<any>'.
      Type 'typeof import("C:/Users/shivp/Desktop/InvestingPro_App/components/calculators/FDCalculator")' is not assignable to type 'ComponentType<any> | ComponentModule<any>'.
app/embed/calculators/[slug]/page.tsx(13,18): error TS2345: Argument of type '() => Promise<typeof import("C:/Users/shivp/Desktop/InvestingPro_App/components/calculators/PPFCalculator")>' is not assignable to parameter of type 'DynamicOptions<any> | Loader<any>'.
  Type '() => Promise<typeof import("C:/Users/shivp/Desktop/InvestingPro_App/components/calculators/PPFCalculator")>' is not assignable to type '() => LoaderComponent<any>'.
    Type 'Promise<typeof import("C:/Users/shivp/Desktop/InvestingPro_App/components/calculators/PPFCalculator")>' is not assignable to type 'LoaderComponent<any>'.
      Type 'typeof import("C:/Users/shivp/Desktop/InvestingPro_App/components/calculators/PPFCalculator")' is not assignable to type 'ComponentType<any> | ComponentModule<any>'.
app/embed/calculators/[slug]/page.tsx(14,18): error TS2345: Argument of type '() => Promise<typeof import("C:/Users/shivp/Desktop/InvestingPro_App/components/calculators/NPSCalculator")>' is not assignable to parameter of type 'DynamicOptions<any> | Loader<any>'.
  Type '() => Promise<typeof import("C:/Users/shivp/Desktop/InvestingPro_App/components/calculators/NPSCalculator")>' is not assignable to type '() => LoaderComponent<any>'.
    Type 'Promise<typeof import("C:/Users/shivp/Desktop/InvestingPro_App/components/calculators/NPSCalculator")>' is not assignable to type 'LoaderComponent<any>'.
      Type 'typeof import("C:/Users/shivp/Desktop/InvestingPro_App/components/calculators/NPSCalculator")' is not assignable to type 'ComponentType<any> | ComponentModule<any>'.
app/embed/calculators/[slug]/page.tsx(15,18): error TS2345: Argument of type '() => Promise<typeof import("C:/Users/shivp/Desktop/InvestingPro_App/components/calculators/TaxCalculator")>' is not assignable to parameter of type 'DynamicOptions<any> | Loader<any>'.
  Type '() => Promise<typeof import("C:/Users/shivp/Desktop/InvestingPro_App/components/calculators/TaxCalculator")>' is not assignable to type '() => LoaderComponent<any>'.
    Type 'Promise<typeof import("C:/Users/shivp/Desktop/InvestingPro_App/components/calculators/TaxCalculator")>' is not assignable to type 'LoaderComponent<any>'.
      Type 'typeof import("C:/Users/shivp/Desktop/InvestingPro_App/components/calculators/TaxCalculator")' is not assignable to type 'ComponentType<any> | ComponentModule<any>'.
app/embed/calculators/[slug]/page.tsx(16,22): error TS2345: Argument of type '() => Promise<typeof import("C:/Users/shivp/Desktop/InvestingPro_App/components/calculators/LumpsumCalculatorWithInflation")>' is not assignable to parameter of type 'DynamicOptions<any> | Loader<any>'.
  Type '() => Promise<typeof import("C:/Users/shivp/Desktop/InvestingPro_App/components/calculators/LumpsumCalculatorWithInflation")>' is not assignable to type '() => LoaderComponent<any>'.
    Type 'Promise<typeof import("C:/Users/shivp/Desktop/InvestingPro_App/components/calculators/LumpsumCalculatorWithInflation")>' is not assignable to type 'LoaderComponent<any>'.
      Type 'typeof import("C:/Users/shivp/Desktop/InvestingPro_App/components/calculators/LumpsumCalculatorWithInflation")' is not assignable to type 'ComponentType<any> | ComponentModule<any>'.
app/embed/calculators/[slug]/page.tsx(17,25): error TS2345: Argument of type '() => Promise<typeof import("C:/Users/shivp/Desktop/InvestingPro_App/components/calculators/RetirementCalculator")>' is not assignable to parameter of type 'DynamicOptions<any> | Loader<any>'.
  Type '() => Promise<typeof import("C:/Users/shivp/Desktop/InvestingPro_App/components/calculators/RetirementCalculator")>' is not assignable to type '() => LoaderComponent<any>'.
    Type 'Promise<typeof import("C:/Users/shivp/Desktop/InvestingPro_App/components/calculators/RetirementCalculator")>' is not assignable to type 'LoaderComponent<any>'.
      Type 'typeof import("C:/Users/shivp/Desktop/InvestingPro_App/components/calculators/RetirementCalculator")' is not assignable to type 'ComponentType<any> | ComponentModule<any>'.
app/embed/calculators/[slug]/page.tsx(18,32): error TS2345: Argument of type '() => Promise<typeof import("C:/Users/shivp/Desktop/InvestingPro_App/components/calculators/CompoundInterestCalculator")>' is not assignable to parameter of type 'DynamicOptions<any> | Loader<any>'.
  Type '() => Promise<typeof import("C:/Users/shivp/Desktop/InvestingPro_App/components/calculators/CompoundInterestCalculator")>' is not assignable to type '() => LoaderComponent<any>'.
    Type 'Promise<typeof import("C:/Users/shivp/Desktop/InvestingPro_App/components/calculators/CompoundInterestCalculator")>' is not assignable to type 'LoaderComponent<any>'.
      Type 'typeof import("C:/Users/shivp/Desktop/InvestingPro_App/components/calculators/CompoundInterestCalculator")' is not assignable to type 'ComponentType<any> | ComponentModule<any>'.
app/embed/calculators/[slug]/page.tsx(19,18): error TS2345: Argument of type '() => Promise<typeof import("C:/Users/shivp/Desktop/InvestingPro_App/components/calculators/GSTCalculator")>' is not assignable to parameter of type 'DynamicOptions<any> | Loader<any>'.
  Type '() => Promise<typeof import("C:/Users/shivp/Desktop/InvestingPro_App/components/calculators/GSTCalculator")>' is not assignable to type '() => LoaderComponent<any>'.
    Type 'Promise<typeof import("C:/Users/shivp/Desktop/InvestingPro_App/components/calculators/GSTCalculator")>' is not assignable to type 'LoaderComponent<any>'.
      Type 'typeof import("C:/Users/shivp/Desktop/InvestingPro_App/components/calculators/GSTCalculator")' is not assignable to type 'ComponentType<any> | ComponentModule<any>'.
app/embed/calculators/[slug]/page.tsx(20,18): error TS2345: Argument of type '() => Promise<typeof import("C:/Users/shivp/Desktop/InvestingPro_App/components/calculators/SWPCalculator")>' is not assignable to parameter of type 'DynamicOptions<any> | Loader<any>'.
  Type '() => Promise<typeof import("C:/Users/shivp/Desktop/InvestingPro_App/components/calculators/SWPCalculator")>' is not assignable to type '() => LoaderComponent<any>'.
    Type 'Promise<typeof import("C:/Users/shivp/Desktop/InvestingPro_App/components/calculators/SWPCalculator")>' is not assignable to type 'LoaderComponent<any>'.
      Type 'typeof import("C:/Users/shivp/Desktop/InvestingPro_App/components/calculators/SWPCalculator")' is not assignable to type 'ComponentType<any> | ComponentModule<any>'.
app/embed/calculators/[slug]/page.tsx(21,28): error TS2345: Argument of type '() => Promise<typeof import("C:/Users/shivp/Desktop/InvestingPro_App/components/calculators/GoalPlanningCalculator")>' is not assignable to parameter of type 'DynamicOptions<any> | Loader<any>'.
  Type '() => Promise<typeof import("C:/Users/shivp/Desktop/InvestingPro_App/components/calculators/GoalPlanningCalculator")>' is not assignable to type '() => LoaderComponent<any>'.
    Type 'Promise<typeof import("C:/Users/shivp/Desktop/InvestingPro_App/components/calculators/GoalPlanningCalculator")>' is not assignable to type 'LoaderComponent<any>'.
      Type 'typeof import("C:/Users/shivp/Desktop/InvestingPro_App/components/calculators/GoalPlanningCalculator")' is not assignable to type 'ComponentType<any> | ComponentModule<any>'.
app/embed/calculators/[slug]/page.tsx(22,37): error TS2345: Argument of type '() => Promise<typeof import("C:/Users/shivp/Desktop/InvestingPro_App/components/calculators/FinancialHealthCalculator")>' is not assignable to parameter of type 'DynamicOptions<any> | Loader<any>'.
  Type '() => Promise<typeof import("C:/Users/shivp/Desktop/InvestingPro_App/components/calculators/FinancialHealthCalculator")>' is not assignable to type '() => LoaderComponent<any>'.
    Type 'Promise<typeof import("C:/Users/shivp/Desktop/InvestingPro_App/components/calculators/FinancialHealthCalculator")>' is not assignable to type 'LoaderComponent<any>'.
      Type 'typeof import("C:/Users/shivp/Desktop/InvestingPro_App/components/calculators/FinancialHealthCalculator")' is not assignable to type 'ComponentType<any> | ComponentModule<any>'.
app/embed/page.tsx(127,59): error TS7006: Parameter 'v' implicitly has an 'any' type.
app/fixed-deposits/[slug]/page.tsx(46,19): error TS2367: This comparison appears to be unintentional because the types 'ProductCategory' and '"fixed_deposit"' have no overlap.
app/fixed-deposits/page.tsx(44,37): error TS2339: Property 'FixedDeposit' does not exist on type '{ readonly reviews: { list: (productSlug: string) => Promise<any>; create: (review: { product_slug: string; product_type: string; rating: number; title: string; content: string; user_id: string; }) => Promise<...>; getStats: (productSlug: string) => Promise<...>; }; ... 9 more ...; Rates: { ...; }; }'.
app/glossary/page.tsx(39,49): error TS2339: Property 'Glossary' does not exist on type '{ readonly reviews: { list: (productSlug: string) => Promise<any>; create: (review: { product_slug: string; product_type: string; rating: number; title: string; content: string; user_id: string; }) => Promise<...>; getStats: (productSlug: string) => Promise<...>; }; ... 9 more ...; Rates: { ...; }; }'.
app/loans/eligibility-checker/page.tsx(221,38): error TS2322: Type '{ className: string; }' is not assignable to type 'IntrinsicAttributes'.
  Property 'className' does not exist on type 'IntrinsicAttributes'.
app/mutual-funds/[slug]/page.tsx(505,34): error TS2339: Property 'slug' does not exist on type 'Promise<{ slug: string; }>'.
app/mutual-funds/goal-planner/page.tsx(125,38): error TS2322: Type '{ className: string; }' is not assignable to type 'IntrinsicAttributes'.
  Property 'className' does not exist on type 'IntrinsicAttributes'.
app/portfolio/page.tsx(49,37): error TS2339: Property 'Portfolio' does not exist on type '{ readonly reviews: { list: (productSlug: string) => Promise<any>; create: (review: { product_slug: string; product_type: string; rating: number; title: string; content: string; user_id: string; }) => Promise<...>; getStats: (productSlug: string) => Promise<...>; }; ... 9 more ...; Rates: { ...; }; }'.
app/portfolio/page.tsx(56,47): error TS2339: Property 'Portfolio' does not exist on type '{ readonly reviews: { list: (productSlug: string) => Promise<any>; create: (review: { product_slug: string; product_type: string; rating: number; title: string; content: string; user_id: string; }) => Promise<...>; getStats: (productSlug: string) => Promise<...>; }; ... 9 more ...; Rates: { ...; }; }'.
app/portfolio/page.tsx(63,50): error TS2339: Property 'Portfolio' does not exist on type '{ readonly reviews: { list: (productSlug: string) => Promise<any>; create: (review: { product_slug: string; product_type: string; rating: number; title: string; content: string; user_id: string; }) => Promise<...>; getStats: (productSlug: string) => Promise<...>; }; ... 9 more ...; Rates: { ...; }; }'.
app/ppf-nps/[slug]/page.tsx(49,20): error TS2367: This comparison appears to be unintentional because the types 'ProductCategory' and '"ppf"' have no overlap.
app/ppf-nps/[slug]/page.tsx(49,50): error TS2367: This comparison appears to be unintentional because the types 'ProductCategory' and '"nps"' have no overlap.
app/ppf-nps/[slug]/page.tsx(49,80): error TS2367: This comparison appears to be unintentional because the types 'ProductCategory' and '"ppf_nps"' have no overlap.
app/preview/[id]/page.tsx(76,28): error TS2345: Argument of type 'ArticleData' is not assignable to parameter of type 'SetStateAction<Article | null>'.
  Type 'ArticleData' is not assignable to type 'Article'.
    Types of property 'id' are incompatible.
      Type 'string | undefined' is not assignable to type 'string'.
        Type 'undefined' is not assignable to type 'string'.
app/preview/[id]/page.tsx(121,43): error TS2345: Argument of type 'Article' is not assignable to parameter of type 'SchemaContext'.
  Type 'Article' is missing the following properties from type 'SchemaContext': pageType, url
app/preview/[id]/page.tsx(124,11): error TS2353: Object literal may only specify known properties, and 'name' does not exist in type 'BreadcrumbItem'.
app/preview/[id]/page.tsx(125,11): error TS2353: Object literal may only specify known properties, and 'name' does not exist in type 'BreadcrumbItem'.
app/preview/[id]/page.tsx(126,11): error TS2353: Object literal may only specify known properties, and 'name' does not exist in type 'BreadcrumbItem'.
app/preview/[id]/page.tsx(134,17): error TS2322: Type '{ title: string; description: string; canonicalUrl: string; structuredData: any[]; }' is not assignable to type 'IntrinsicAttributes & SEOHeadProps'.
  Property 'canonicalUrl' does not exist on type 'IntrinsicAttributes & SEOHeadProps'.
app/product/[slug]/page.tsx(20,27): error TS2341: Property 'normalizeProduct' is private and only accessible within class 'ProductService'.
app/product/[slug]/page.tsx(55,38): error TS2339: Property 'is_verified' does not exist on type 'Product'.
app/product/[slug]/page.tsx(69,116): error TS2339: Property 'overall' does not exist on type 'number'.
app/product/[slug]/page.tsx(74,47): error TS2339: Property 'trust_score' does not exist on type 'number'.
app/product/[slug]/page.tsx(76,49): error TS2339: Property 'trust_score' does not exist on type 'number'.
app/product/[slug]/page.tsx(112,42): error TS2551: Property 'key_features' does not exist on type 'Product'. Did you mean 'features'?
app/product/[slug]/page.tsx(112,60): error TS7006: Parameter 'feat' implicitly has an 'any' type.
app/product/[slug]/page.tsx(112,66): error TS7006: Parameter 'i' implicitly has an 'any' type.
app/product/[slug]/page.tsx(118,42): error TS2551: Property 'key_features' does not exist on type 'Product'. Did you mean 'features'?
app/products/[category]/page.tsx(76,39): error TS2339: Property 'getProductsPaginated' does not exist on type 'ProductService'.
app/products/[category]/page.tsx(160,39): error TS7006: Parameter 'product' implicitly has an 'any' type.
app/profile/page.tsx(78,37): error TS2551: Property 'Review' does not exist on type '{ readonly reviews: { list: (productSlug: string) => Promise<any>; create: (review: { product_slug: string; product_type: string; rating: number; title: string; content: string; user_id: string; }) => Promise<...>; getStats: (productSlug: string) => Promise<...>; }; ... 9 more ...; Rates: { ...; }; }'. Did you mean 'reviews'?
app/profile/page.tsx(92,51): error TS7006: Parameter 'a' implicitly has an 'any' type.
app/profile/page.tsx(93,45): error TS7006: Parameter 'sum' implicitly has an 'any' type.
app/profile/page.tsx(93,50): error TS7006: Parameter 'a' implicitly has an 'any' type.
app/profile/page.tsx(94,48): error TS7006: Parameter 'r' implicitly has an 'any' type.
app/profile/page.tsx(95,46): error TS7006: Parameter 'sum' implicitly has an 'any' type.
app/profile/page.tsx(95,51): error TS7006: Parameter 'r' implicitly has an 'any' type.
app/stocks/[slug]/page.tsx(50,19): error TS2367: This comparison appears to be unintentional because the types 'ProductCategory' and '"stock"' have no overlap.
app/tools/risk-analyzer/page.tsx(16,17): error TS2322: Type '{ title: string; description: string; keywords: string[]; }' is not assignable to type 'IntrinsicAttributes & SEOHeadProps'.
  Property 'keywords' does not exist on type 'IntrinsicAttributes & SEOHeadProps'.
app/tools/wallet-architect/page.tsx(90,25): error TS2322: Type '"accent"' is not assignable to type '"primary" | "secondary" | "neutral" | undefined'.
app/tools/wallet-architect/page.tsx(119,44): error TS7006: Parameter 'v' implicitly has an 'any' type.
app/tools/wallet-architect/page.tsx(125,44): error TS7006: Parameter 'v' implicitly has an 'any' type.
app/tools/wallet-architect/page.tsx(131,44): error TS7006: Parameter 'v' implicitly has an 'any' type.
app/tools/wallet-architect/page.tsx(138,44): error TS7006: Parameter 'v' implicitly has an 'any' type.
app/tools/wallet-architect/page.tsx(144,44): error TS7006: Parameter 'v' implicitly has an 'any' type.
components/admin/AdminCard.tsx(13,16): error TS2305: Module '"@/components/ui/card"' has no exported member 'CardProps'.
components/admin/AuditLogViewer.tsx(198,49): error TS7006: Parameter 'value' implicitly has an 'any' type.
components/admin/AuditLogViewer.tsx(219,49): error TS7006: Parameter 'value' implicitly has an 'any' type.
components/admin/AuditLogViewer.tsx(241,49): error TS7006: Parameter 'value' implicitly has an 'any' type.
components/admin/AutomationControlCenter.tsx(12,41): error TS2307: Cannot find module '@/components/ui/alert' or its corresponding type declarations.
components/admin/ContentPerformanceTracking.tsx(186,34): error TS2304: Cannot find name 'Zap'.
components/admin/EnhancedAnalyticsDashboard.tsx(5,24): error TS1149: File name 'C:/Users/shivp/Desktop/InvestingPro_App/components/ui/button.tsx' differs from already included file name 'C:/Users/shivp/Desktop/InvestingPro_App/components/ui/Button.tsx' only in casing.
  The file is in the program because:
    Imported via '@/components/ui/Button' from file 'C:/Users/shivp/Desktop/InvestingPro_App/components/engagement/NewsletterWidget.tsx'
    Imported via '@/components/ui/Button' from file 'C:/Users/shivp/Desktop/InvestingPro_App/components/engagement/BookmarkButton.tsx'
    Imported via '@/components/ui/Button' from file 'C:/Users/shivp/Desktop/InvestingPro_App/components/engagement/NotificationBell.tsx'
    Imported via '@/components/ui/Button' from file 'C:/Users/shivp/Desktop/InvestingPro_App/components/data-table/DataTablePagination.tsx'
    Imported via '@/components/ui/Button' from file 'C:/Users/shivp/Desktop/InvestingPro_App/components/smart-comparison/BreakEvenCalculator.tsx'
    Imported via '@/components/ui/Button' from file 'C:/Users/shivp/Desktop/InvestingPro_App/components/smart-comparison/ApprovalProbability.tsx'
    Imported via '@/components/ui/Button' from file 'C:/Users/shivp/Desktop/InvestingPro_App/components/smart-comparison/CardComboOptimizer.tsx'
    Imported via '@/components/ui/Button' from file 'C:/Users/shivp/Desktop/InvestingPro_App/components/smart-comparison/DecisionMatrix.tsx'
    Imported via '@/components/ui/Button' from file 'C:/Users/shivp/Desktop/InvestingPro_App/components/smart-comparison/WhatIfSimulator.tsx'
    Imported via "@/components/ui/Button" from file 'C:/Users/shivp/Desktop/InvestingPro_App/components/profile/ProfileOnboarding.tsx'
    Imported via '@/components/ui/Button' from file 'C:/Users/shivp/Desktop/InvestingPro_App/components/admin/ArticleEditor.tsx'
    Imported via '@/components/ui/Button' from file 'C:/Users/shivp/Desktop/InvestingPro_App/components/admin/MediaLibraryPicker.tsx'
    Imported via '@/components/ui/Button' from file 'C:/Users/shivp/Desktop/InvestingPro_App/components/admin/editor/ImagePickerButton.tsx'
    Imported via "@/components/ui/Button" from file 'C:/Users/shivp/Desktop/InvestingPro_App/components/admin/AIContentGenerator.tsx'
    Imported via '@/components/ui/Button' from file 'C:/Users/shivp/Desktop/InvestingPro_App/app/error.tsx'
    Imported via "@/components/ui/Button" from file 'C:/Users/shivp/Desktop/InvestingPro_App/app/global-error.tsx'
    Imported via "@/components/ui/Button" from file 'C:/Users/shivp/Desktop/InvestingPro_App/components/layout/Navbar.tsx'
    Imported via "@/components/ui/Button" from file 'C:/Users/shivp/Desktop/InvestingPro_App/components/common/LanguageSwitcher.tsx'
    Imported via "@/components/ui/Button" from file 'C:/Users/shivp/Desktop/InvestingPro_App/components/common/ThemeToggle.tsx'
    Imported via "@/components/ui/Button" from file 'C:/Users/shivp/Desktop/InvestingPro_App/components/common/ErrorBoundary.tsx'
    Imported via '@/components/ui/Button' from file 'C:/Users/shivp/Desktop/InvestingPro_App/components/compare/CompareBar.tsx'
    Imported via '@/components/ui/Button' from file 'C:/Users/shivp/Desktop/InvestingPro_App/components/common/SaveComparisonButton.tsx'
    Imported via '@/components/ui/Button' from file 'C:/Users/shivp/Desktop/InvestingPro_App/components/common/ExitIntentPopup.tsx'
    Imported via '@/components/ui/Button' from file 'C:/Users/shivp/Desktop/InvestingPro_App/components/common/WhatsAppButton.tsx'
    Imported via '@/components/ui/Button' from file 'C:/Users/shivp/Desktop/InvestingPro_App/app/not-found.tsx'
    Imported via "@/components/ui/Button" from file 'C:/Users/shivp/Desktop/InvestingPro_App/components/home/HeroSplit.tsx'
    Imported via '@/components/ui/Button' from file 'C:/Users/shivp/Desktop/InvestingPro_App/components/home/DiscoveryWizard.tsx'
    Imported via "@/components/ui/Button" from file 'C:/Users/shivp/Desktop/InvestingPro_App/components/home/SmartAdvisorWidget.tsx'
    Imported via "@/components/ui/Button" from file 'C:/Users/shivp/Desktop/InvestingPro_App/components/home/QuickToolsSection.tsx'
    Imported via '@/components/ui/Button' from file 'C:/Users/shivp/Desktop/InvestingPro_App/components/home/FeaturedProducts.tsx'
    Imported via '@/components/ui/Button' from file 'C:/Users/shivp/Desktop/InvestingPro_App/components/home/TrendingSection.tsx'
    Imported via '@/components/ui/Button' from file 'C:/Users/shivp/Desktop/InvestingPro_App/components/home/StickyMobileCTA.tsx'
    Imported via '@/components/ui/Button' from file 'C:/Users/shivp/Desktop/InvestingPro_App/components/common/EmptyState.tsx'
    Imported via "@/components/ui/Button" from file 'C:/Users/shivp/Desktop/InvestingPro_App/components/category/CategoryHero.tsx'
    Imported via "@/components/ui/Button" from file 'C:/Users/shivp/Desktop/InvestingPro_App/components/category/ContextualProducts.tsx'
    Imported via "@/components/ui/Button" from file 'C:/Users/shivp/Desktop/InvestingPro_App/app/about/page.tsx'
    Imported via "@/components/ui/Button" from file 'C:/Users/shivp/Desktop/InvestingPro_App/app/admin/page.tsx'
    Imported via '@/components/ui/Button' from file 'C:/Users/shivp/Desktop/InvestingPro_App/components/ui/ConfirmDialog.tsx'
    Imported via '@/components/ui/Button' from file 'C:/Users/shivp/Desktop/InvestingPro_App/components/admin/AdminUIKit.tsx'
    Imported via '@/components/ui/Button' from file 'C:/Users/shivp/Desktop/InvestingPro_App/app/admin/affiliates/page.tsx'
    Imported via '@/components/ui/Button' from file 'C:/Users/shivp/Desktop/InvestingPro_App/app/admin/ai-personas/page.tsx'
    Imported via '@/components/ui/Button' from file 'C:/Users/shivp/Desktop/InvestingPro_App/components/admin/ArticleInspector.tsx'
    Imported via '@/components/ui/Button' from file 'C:/Users/shivp/Desktop/InvestingPro_App/components/admin/SocialPostManager.tsx'
    Imported via '@/components/ui/Button' from file 'C:/Users/shivp/Desktop/InvestingPro_App/components/admin/CategorySelect.tsx'
    Imported via '@/components/ui/Button' from file 'C:/Users/shivp/Desktop/InvestingPro_App/components/admin/KeywordResearchQuickAccess.tsx'
    Imported via '@/components/ui/Button' from file 'C:/Users/shivp/Desktop/InvestingPro_App/components/admin/KeywordResearch.tsx'
    Imported via '@/components/ui/Button' from file 'C:/Users/shivp/Desktop/InvestingPro_App/components/admin/FeaturedImageSelector.tsx'
    Imported via '@/components/ui/Button' from file 'C:/Users/shivp/Desktop/InvestingPro_App/components/media/MediaUploader.tsx'
    Imported via '@/components/ui/Button' from file 'C:/Users/shivp/Desktop/InvestingPro_App/components/admin/ArticleVersionHistory.tsx'
    Imported via '@/components/ui/Button' from file 'C:/Users/shivp/Desktop/InvestingPro_App/components/admin/VersionComparison.tsx'
    Imported via '@/components/ui/Button' from file 'C:/Users/shivp/Desktop/InvestingPro_App/components/admin/RollbackDialog.tsx'
    Imported via '@/components/ui/Button' from file 'C:/Users/shivp/Desktop/InvestingPro_App/components/admin/ArticleScheduling.tsx'
    Imported via '@/components/ui/Button' from file 'C:/Users/shivp/Desktop/InvestingPro_App/components/admin/BrokenLinkReport.tsx'
    Imported via '@/components/ui/Button' from file 'C:/Users/shivp/Desktop/InvestingPro_App/components/admin/ValidationReport.tsx'
    Imported via '@/components/ui/Button' from file 'C:/Users/shivp/Desktop/InvestingPro_App/app/admin/articles/[id]/edit/page.tsx'
    Imported via '@/components/ui/Button' from file 'C:/Users/shivp/Desktop/InvestingPro_App/app/admin/authors/page.tsx'
    Imported via '@/components/ui/Button' from file 'C:/Users/shivp/Desktop/InvestingPro_App/components/admin/AutomationControls.tsx'
    Imported via '@/components/ui/Button' from file 'C:/Users/shivp/Desktop/InvestingPro_App/app/admin/automation/batch/page.tsx'
    Imported via '@/components/ui/Button' from file 'C:/Users/shivp/Desktop/InvestingPro_App/app/admin/autonomy/page.tsx'
    Imported via '@/components/ui/Button' from file 'C:/Users/shivp/Desktop/InvestingPro_App/app/admin/autonomy/settings/page.tsx'
    Imported via '@/components/ui/Button' from file 'C:/Users/shivp/Desktop/InvestingPro_App/components/admin/BudgetGovernorPanel.tsx'
    Imported via '@/components/ui/Button' from file 'C:/Users/shivp/Desktop/InvestingPro_App/app/admin/cms/page.tsx'
    Imported via '@/components/ui/Button' from file 'C:/Users/shivp/Desktop/InvestingPro_App/components/admin/BulkGenerationPanel.tsx'
    Imported via '@/components/ui/Button' from file 'C:/Users/shivp/Desktop/InvestingPro_App/app/admin/cms/generation/page.tsx'
    Imported via '@/components/ui/Button' from file 'C:/Users/shivp/Desktop/InvestingPro_App/app/admin/cms/health/page.tsx'
    Imported via '@/components/ui/Button' from file 'C:/Users/shivp/Desktop/InvestingPro_App/components/admin/ScraperDashboard.tsx'
    Imported via '@/components/ui/Button' from file 'C:/Users/shivp/Desktop/InvestingPro_App/components/admin/ContentCalendarWidget.tsx'
    Imported via '@/components/ui/Button' from file 'C:/Users/shivp/Desktop/InvestingPro_App/app/admin/content-factory/page.tsx'
    Imported via '@/components/ui/Button' from file 'C:/Users/shivp/Desktop/InvestingPro_App/app/admin/data-accuracy/page.tsx'
    Imported via '@/components/ui/Button' from file 'C:/Users/shivp/Desktop/InvestingPro_App/components/products/RichProductCard.tsx'
    Imported via "@/components/ui/Button" from file 'C:/Users/shivp/Desktop/InvestingPro_App/components/common/DecisionCTA.tsx'
    Imported via '@/components/ui/Button' from file 'C:/Users/shivp/Desktop/InvestingPro_App/components/admin/EditorialQADashboard.tsx'
    Imported via '@/components/ui/Button' from file 'C:/Users/shivp/Desktop/InvestingPro_App/app/admin/email-dashboard/page.tsx'
    Imported via '@/components/ui/Button' from file 'C:/Users/shivp/Desktop/InvestingPro_App/app/admin/growth-dashboard/page.tsx'
    Imported via "@/components/ui/Button" from file 'C:/Users/shivp/Desktop/InvestingPro_App/app/admin/metrics/page.tsx'
    Imported via '@/components/ui/Button' from file 'C:/Users/shivp/Desktop/InvestingPro_App/app/admin/ops-health/page.tsx'
    Imported via '@/components/ui/Button' from file 'C:/Users/shivp/Desktop/InvestingPro_App/app/admin/performance-dashboard/page.tsx'
    Imported via '@/components/ui/Button' from file 'C:/Users/shivp/Desktop/InvestingPro_App/app/admin/pipeline-monitor/page.tsx'
    Imported via '@/components/ui/Button' from file 'C:/Users/shivp/Desktop/InvestingPro_App/app/admin/product-analytics/page.tsx'
    Imported via '@/components/ui/Button' from file 'C:/Users/shivp/Desktop/InvestingPro_App/components/admin/ProductForm.tsx'
    Imported via '@/components/ui/Button' from file 'C:/Users/shivp/Desktop/InvestingPro_App/app/admin/products/analytics/page.tsx'
    Imported via "@/components/ui/Button" from file 'C:/Users/shivp/Desktop/InvestingPro_App/app/admin/revenue/page.tsx'
    Imported via "@/components/ui/Button" from file 'C:/Users/shivp/Desktop/InvestingPro_App/app/admin/revenue/intelligence/page.tsx'
    Imported via '@/components/ui/Button' from file 'C:/Users/shivp/Desktop/InvestingPro_App/components/admin/ReviewInterface.tsx'
    Imported via '@/components/ui/Button' from file 'C:/Users/shivp/Desktop/InvestingPro_App/components/admin/ScraperMonitor.tsx'
    Imported via '@/components/ui/Button' from file 'C:/Users/shivp/Desktop/InvestingPro_App/app/admin/seo/page.tsx'
    Imported via '@/components/ui/Button' from file 'C:/Users/shivp/Desktop/InvestingPro_App/app/admin/seo/experiments/page.tsx'
    Imported via '@/components/ui/Button' from file 'C:/Users/shivp/Desktop/InvestingPro_App/app/admin/seo/rankings/page.tsx'
    Imported via '@/components/ui/Button' from file 'C:/Users/shivp/Desktop/InvestingPro_App/app/admin/settings/vault/page.tsx'
    Imported via '@/components/ui/Button' from file 'C:/Users/shivp/Desktop/InvestingPro_App/app/admin/social-dashboard/page.tsx'
    Imported via '@/components/ui/Button' from file 'C:/Users/shivp/Desktop/InvestingPro_App/app/admin/strategy/page.tsx'
    Imported via '@/components/ui/Button' from file 'C:/Users/shivp/Desktop/InvestingPro_App/app/admin/workflows/page.tsx'
    Imported via '@/components/ui/Button' from file 'C:/Users/shivp/Desktop/InvestingPro_App/app/admin/workflows/[id]/page.tsx'
    Imported via '@/components/ui/Button' from file 'C:/Users/shivp/Desktop/InvestingPro_App/components/admin/WorkflowBuilder.tsx'
    Imported via '@/components/ui/Button' from file 'C:/Users/shivp/Desktop/InvestingPro_App/app/admin/workflows/new/page.tsx'
    Imported via "@/components/ui/Button" from file 'C:/Users/shivp/Desktop/InvestingPro_App/app/ai-content-writer/page.tsx'
    Imported via "@/components/ui/Button" from file 'C:/Users/shivp/Desktop/InvestingPro_App/app/article/[slug]/page.tsx'
    Imported via '@/components/ui/Button' from file 'C:/Users/shivp/Desktop/InvestingPro_App/components/content/QuoteSelector.tsx'
    Imported via '@/components/ui/Button' from file 'C:/Users/shivp/Desktop/InvestingPro_App/components/engagement/EngagementHooks.tsx'
    Imported via '@/components/ui/Button' from file 'C:/Users/shivp/Desktop/InvestingPro_App/components/common/SocialShareButtons.tsx'
    Imported via '@/components/ui/Button' from file 'C:/Users/shivp/Desktop/InvestingPro_App/app/articles/page.tsx'
    Imported via '@/components/ui/Button' from file 'C:/Users/shivp/Desktop/InvestingPro_App/app/articles/[slug]/page-refactored.tsx'
    Imported via '@/components/ui/Button' from file 'C:/Users/shivp/Desktop/InvestingPro_App/app/articles/[slug]/page.tsx'
    Imported via '@/components/ui/Button' from file 'C:/Users/shivp/Desktop/InvestingPro_App/components/products/ContextualProducts.tsx'
    Imported via '@/components/ui/Button' from file 'C:/Users/shivp/Desktop/InvestingPro_App/components/products/TopPicksSidebar.tsx'
    Imported via '@/components/ui/Button' from file 'C:/Users/shivp/Desktop/InvestingPro_App/components/monetization/LeadMagnet.tsx'
    Imported via '@/components/ui/Button' from file 'C:/Users/shivp/Desktop/InvestingPro_App/components/articles/SeamlessCTA.tsx'
    Imported via '@/components/ui/Button' from file 'C:/Users/shivp/Desktop/InvestingPro_App/app/author/[slug]/page.tsx'
    Imported via "@/components/ui/Button" from file 'C:/Users/shivp/Desktop/InvestingPro_App/app/banking/page.tsx'
    Imported via "@/components/ui/Button" from file 'C:/Users/shivp/Desktop/InvestingPro_App/components/common/CategoryHero.tsx'
    Imported via "@/components/ui/Button" from file 'C:/Users/shivp/Desktop/InvestingPro_App/components/common/Pagination.tsx'
    Imported via "@/components/ui/Button" from file 'C:/Users/shivp/Desktop/InvestingPro_App/app/blog/page.tsx'
    Imported via '@/components/ui/Button' from file 'C:/Users/shivp/Desktop/InvestingPro_App/components/common/CTAButton.tsx'
    Imported via "@/components/ui/Button" from file 'C:/Users/shivp/Desktop/InvestingPro_App/components/calculators/SIPCalculatorWithInflation.tsx'
    Imported via '@/components/ui/Button' from file 'C:/Users/shivp/Desktop/InvestingPro_App/components/calculators/HomeLoanVsSIPCalculator.tsx'
    Imported via "@/components/ui/Button" from file 'C:/Users/shivp/Desktop/InvestingPro_App/components/calculators/PortfolioRebalancingCalculator.tsx'
    Imported via '@/components/ui/Button' from file 'C:/Users/shivp/Desktop/InvestingPro_App/app/category/[slug]/page.tsx'
    Imported via '@/components/ui/Button' from file 'C:/Users/shivp/Desktop/InvestingPro_App/components/widgets/DecisionHelper.tsx'
    Imported via '@/components/ui/Button' from file 'C:/Users/shivp/Desktop/InvestingPro_App/app/compare/page.tsx'
    Imported via "@/components/ui/Button" from file 'C:/Users/shivp/Desktop/InvestingPro_App/components/compare/ProductSelector.tsx'
    Imported via '@/components/ui/Button' from file 'C:/Users/shivp/Desktop/InvestingPro_App/app/compare/[combination]/page.tsx'
    Imported via '@/components/ui/Button' from file 'C:/Users/shivp/Desktop/InvestingPro_App/components/products/ComparisonPDFButton.tsx'
    Imported via '@/components/ui/Button' from file 'C:/Users/shivp/Desktop/InvestingPro_App/app/compare/versus/page-skeleton.tsx'
    Imported via '@/components/ui/Button' from file 'C:/Users/shivp/Desktop/InvestingPro_App/app/component-showcase/data-table/page.tsx'
    Imported via '@/components/ui/Button' from file 'C:/Users/shivp/Desktop/InvestingPro_App/components/support/ContactForm.tsx'
    Imported via "@/components/ui/Button" from file 'C:/Users/shivp/Desktop/InvestingPro_App/app/credit-cards/CreditCardsClient.tsx'
    Imported via "@/components/ui/Button" from file 'C:/Users/shivp/Desktop/InvestingPro_App/components/credit-cards/FilterSidebar.tsx'
    Imported via "@/components/ui/Button" from file 'C:/Users/shivp/Desktop/InvestingPro_App/components/products/ResponsiveFilterContainer.tsx'
    Imported via '@/components/ui/Button' from file 'C:/Users/shivp/Desktop/InvestingPro_App/components/credit-cards/CreditCardTable.tsx'
    Imported via "@/components/ui/Button" from file 'C:/Users/shivp/Desktop/InvestingPro_App/components/widgets/CibilGauge.tsx'
    Imported via "@/components/ui/Button" from file 'C:/Users/shivp/Desktop/InvestingPro_App/components/compare/CompareTray.tsx'
    Imported via '@/components/ui/Button' from file 'C:/Users/shivp/Desktop/InvestingPro_App/components/common/EligibilityPreChecker.tsx'
    Imported via '@/components/ui/Button' from file 'C:/Users/shivp/Desktop/InvestingPro_App/components/products/ScorePreferenceToggle.tsx'
    Imported via "@/components/ui/Button" from file 'C:/Users/shivp/Desktop/InvestingPro_App/app/credit-cards/page.tsx'
    Imported via "@/components/ui/Button" from file 'C:/Users/shivp/Desktop/InvestingPro_App/components/credit-cards/TopPicksRow.tsx'
    Imported via "@/components/ui/Button" from file 'C:/Users/shivp/Desktop/InvestingPro_App/components/common/MobileEngagementBar.tsx'
    Imported via '@/components/ui/Button' from file 'C:/Users/shivp/Desktop/InvestingPro_App/components/common/SEOContentBlock.tsx'
    Imported via '@/components/ui/Button' from file 'C:/Users/shivp/Desktop/InvestingPro_App/app/credit-cards/[slug]/page.tsx'
    Imported via "@/components/ui/Button" from file 'C:/Users/shivp/Desktop/InvestingPro_App/components/products/StickyMobileCTA.tsx'
    Imported via '@/components/ui/Button' from file 'C:/Users/shivp/Desktop/InvestingPro_App/components/content/RelatedArticles.tsx'
    Imported via '@/components/ui/Button' from file 'C:/Users/shivp/Desktop/InvestingPro_App/components/products/ComparisonCTA.tsx'
    Imported via '@/components/ui/Button' from file 'C:/Users/shivp/Desktop/InvestingPro_App/components/products/DocumentChecklist.tsx'
    Imported via '@/components/ui/Button' from file 'C:/Users/shivp/Desktop/InvestingPro_App/components/eligibility/InlineChecker.tsx'
    Imported via '@/components/ui/Button' from file 'C:/Users/shivp/Desktop/InvestingPro_App/components/products/AlternativesCarousel.tsx'
    Imported via '@/components/ui/Button' from file 'C:/Users/shivp/Desktop/InvestingPro_App/components/calculators/RelatedCalculators.tsx'
    Imported via "@/components/ui/Button" from file 'C:/Users/shivp/Desktop/InvestingPro_App/components/common/WhatsAppAlerts.tsx'
    Imported via "@/components/ui/Button" from file 'C:/Users/shivp/Desktop/InvestingPro_App/components/compare/ComparisonTable.tsx'
    Imported via "@/components/ui/Button" from file 'C:/Users/shivp/Desktop/InvestingPro_App/app/credit-cards/compare/page.tsx'
    Imported via "@/components/ui/Button" from file 'C:/Users/shivp/Desktop/InvestingPro_App/app/credit-cards/find-your-card/page.tsx'
    Imported via "@/components/ui/Button" from file 'C:/Users/shivp/Desktop/InvestingPro_App/components/common/AffiliateLink.tsx'
    Imported via "@/components/ui/Button" from file 'C:/Users/shivp/Desktop/InvestingPro_App/app/credit-cards/recommendations/spending-based/page.tsx'
    Imported via '@/components/ui/Button' from file 'C:/Users/shivp/Desktop/InvestingPro_App/app/credit-cards/smart-compare/page.tsx'
    Imported via '@/components/ui/Button' from file 'C:/Users/shivp/Desktop/InvestingPro_App/app/dashboard/page.tsx'
    Imported via '@/components/ui/Button' from file 'C:/Users/shivp/Desktop/InvestingPro_App/components/dashboard/SavedProducts.tsx'
    Imported via '@/components/ui/Button' from file 'C:/Users/shivp/Desktop/InvestingPro_App/components/products/PersonalizedPicks.tsx'
    Imported via "@/components/ui/Button" from file 'C:/Users/shivp/Desktop/InvestingPro_App/app/data-studies/page.tsx'
    Imported via "@/components/ui/Button" from file 'C:/Users/shivp/Desktop/InvestingPro_App/app/data-studies/[slug]/DataStudyDetail.tsx'
    Imported via "@/components/ui/Button" from file 'C:/Users/shivp/Desktop/InvestingPro_App/app/demat-accounts/page.tsx'
    Imported via '@/components/ui/Button' from file 'C:/Users/shivp/Desktop/InvestingPro_App/app/demat-accounts/[slug]/page.tsx'
    Imported via '@/components/ui/Button' from file 'C:/Users/shivp/Desktop/InvestingPro_App/components/downloads/DownloadResourceCard.tsx'
    Imported via "@/components/ui/Button" from file 'C:/Users/shivp/Desktop/InvestingPro_App/app/editorial/page.tsx'
    Imported via "@/components/ui/Button" from file 'C:/Users/shivp/Desktop/InvestingPro_App/components/editorial/EditorialDraftCard.tsx'
    Imported via "@/components/ui/Button" from file 'C:/Users/shivp/Desktop/InvestingPro_App/components/editorial/DiffView.tsx'
    Imported via "@/components/ui/Button" from file 'C:/Users/shivp/Desktop/InvestingPro_App/app/embed/page.tsx'
    Imported via "@/components/ui/Button" from file 'C:/Users/shivp/Desktop/InvestingPro_App/app/fixed-deposits/page.tsx'
    Imported via '@/components/ui/Button' from file 'C:/Users/shivp/Desktop/InvestingPro_App/app/fixed-deposits/[slug]/page.tsx'
    Imported via "@/components/ui/Button" from file 'C:/Users/shivp/Desktop/InvestingPro_App/app/glossary/[slug]/page.tsx'
    Imported via "@/components/ui/Button" from file 'C:/Users/shivp/Desktop/InvestingPro_App/app/insurance/page.tsx'
    Imported via "@/components/ui/Button" from file 'C:/Users/shivp/Desktop/InvestingPro_App/components/insurance/FilterSidebar.tsx'
    Imported via '@/components/ui/Button' from file 'C:/Users/shivp/Desktop/InvestingPro_App/components/insurance/InsuranceTable.tsx'
    Imported via '@/components/ui/Button' from file 'C:/Users/shivp/Desktop/InvestingPro_App/app/insurance/[slug]/page.tsx'
    Imported via "@/components/ui/Button" from file 'C:/Users/shivp/Desktop/InvestingPro_App/app/investing/page.tsx'
    Imported via "@/components/ui/Button" from file 'C:/Users/shivp/Desktop/InvestingPro_App/components/investing/FilterSidebar.tsx'
    Imported via "@/components/ui/Button" from file 'C:/Users/shivp/Desktop/InvestingPro_App/app/ipo/page.tsx'
    Imported via "@/components/ui/Button" from file 'C:/Users/shivp/Desktop/InvestingPro_App/app/loans/LoansClient.tsx'
    Imported via "@/components/ui/Button" from file 'C:/Users/shivp/Desktop/InvestingPro_App/components/loans/FilterSidebar.tsx'
    Imported via '@/components/ui/Button' from file 'C:/Users/shivp/Desktop/InvestingPro_App/components/loans/LoansTable.tsx'
    Imported via "@/components/ui/Button" from file 'C:/Users/shivp/Desktop/InvestingPro_App/components/loans/InlineEligibilityWidget.tsx'
    Imported via '@/components/ui/Button' from file 'C:/Users/shivp/Desktop/InvestingPro_App/app/loans/[slug]/page.tsx'
    Imported via '@/components/ui/Button' from file 'C:/Users/shivp/Desktop/InvestingPro_App/app/loans/eligibility-checker/page.tsx'
    Imported via "@/components/ui/Button" from file 'C:/Users/shivp/Desktop/InvestingPro_App/app/mutual-funds/page.tsx'
    Imported via "@/components/ui/Button" from file 'C:/Users/shivp/Desktop/InvestingPro_App/components/mutual-funds/FilterSidebar.tsx'
    Imported via "@/components/ui/Button" from file 'C:/Users/shivp/Desktop/InvestingPro_App/components/mutual-funds/FundTable.tsx'
    Imported via '@/components/ui/Button' from file 'C:/Users/shivp/Desktop/InvestingPro_App/app/mutual-funds/[slug]/page.tsx'
    Imported via "@/components/ui/Button" from file 'C:/Users/shivp/Desktop/InvestingPro_App/app/mutual-funds/compare/page.tsx'
    Imported via "@/components/ui/Button" from file 'C:/Users/shivp/Desktop/InvestingPro_App/app/mutual-funds/find-your-fund/page.tsx'
    Imported via '@/components/ui/Button' from file 'C:/Users/shivp/Desktop/InvestingPro_App/app/mutual-funds/goal-planner/page.tsx'
    Imported via "@/components/ui/Button" from file 'C:/Users/shivp/Desktop/InvestingPro_App/components/portfolio/AddHoldingDialog.tsx'
    Imported via "@/components/ui/Button" from file 'C:/Users/shivp/Desktop/InvestingPro_App/components/portfolio/HoldingsList.tsx'
    Imported via "@/components/ui/Button" from file 'C:/Users/shivp/Desktop/InvestingPro_App/app/ppf-nps/page.tsx'
    Imported via '@/components/ui/Button' from file 'C:/Users/shivp/Desktop/InvestingPro_App/app/ppf-nps/[slug]/page.tsx'
    Imported via "@/components/ui/Button" from file 'C:/Users/shivp/Desktop/InvestingPro_App/app/preview/[id]/page.tsx'
    Imported via '@/components/ui/Button' from file 'C:/Users/shivp/Desktop/InvestingPro_App/app/product/[slug]/page.tsx'
    Imported via '@/components/ui/Button' from file 'C:/Users/shivp/Desktop/InvestingPro_App/components/products/ProductCard.tsx'
    Imported via '@/components/ui/Button' from file 'C:/Users/shivp/Desktop/InvestingPro_App/components/products/ProductCategoryTabs.tsx'
    Imported via '@/components/ui/Button' from file 'C:/Users/shivp/Desktop/InvestingPro_App/components/products/SuggestedComparisons.tsx'
    Imported via '@/components/ui/Button' from file 'C:/Users/shivp/Desktop/InvestingPro_App/app/products/[category]/page.tsx'
    Imported via '@/components/ui/Button' from file 'C:/Users/shivp/Desktop/InvestingPro_App/app/products/[category]/[slug]/page.tsx'
    Imported via "@/components/ui/Button" from file 'C:/Users/shivp/Desktop/InvestingPro_App/app/profile/page.tsx'
    Imported via "@/components/ui/Button" from file 'C:/Users/shivp/Desktop/InvestingPro_App/components/profile/EditProfileDialog.tsx'
    Imported via "@/components/ui/Button" from file 'C:/Users/shivp/Desktop/InvestingPro_App/components/ui/ProductCard.tsx'
    Imported via "@/components/ui/Button" from file 'C:/Users/shivp/Desktop/InvestingPro_App/app/recommendations/page.tsx'
    Imported via '@/components/ui/Button' from file 'C:/Users/shivp/Desktop/InvestingPro_App/app/resources/page.tsx'
    Imported via '@/components/ui/Button' from file 'C:/Users/shivp/Desktop/InvestingPro_App/app/reviews/[slug]/page.tsx'
    Imported via "@/components/ui/Button" from file 'C:/Users/shivp/Desktop/InvestingPro_App/app/risk-profiler/page.tsx'
    Imported via '@/components/ui/Button' from file 'C:/Users/shivp/Desktop/InvestingPro_App/app/search/page.tsx'
    Imported via "@/components/ui/Button" from file 'C:/Users/shivp/Desktop/InvestingPro_App/app/small-business/page.tsx'
    Imported via "@/components/ui/Button" from file 'C:/Users/shivp/Desktop/InvestingPro_App/app/stocks/page.tsx'
    Imported via '@/components/ui/Button' from file 'C:/Users/shivp/Desktop/InvestingPro_App/app/stocks/[slug]/page.tsx'
    Imported via "@/components/ui/Button" from file 'C:/Users/shivp/Desktop/InvestingPro_App/app/taxes/page.tsx'
    Imported via "@/components/ui/Button" from file 'C:/Users/shivp/Desktop/InvestingPro_App/components/calculators/RiskQuestionnaire.tsx'
    Imported via "@/components/ui/Button" from file 'C:/Users/shivp/Desktop/InvestingPro_App/components/calculators/RiskResult.tsx'
    Imported via "@/components/ui/Button" from file 'C:/Users/shivp/Desktop/InvestingPro_App/app/tools/wallet-architect/page.tsx'
    Imported via "@/components/ui/Button" from file 'C:/Users/shivp/Desktop/InvestingPro_App/components/admin/ArticleModeration.tsx'
    Imported via "@/components/ui/Button" from file 'C:/Users/shivp/Desktop/InvestingPro_App/components/admin/SocialRepurposeView.tsx'
    Imported via '@/components/ui/Button' from file 'C:/Users/shivp/Desktop/InvestingPro_App/components/admin/AuditLogViewer.tsx'
    Imported via '@/components/ui/Button' from file 'C:/Users/shivp/Desktop/InvestingPro_App/components/admin/AutomationControlCenter.tsx'
    Imported via '@/components/ui/Button' from file 'C:/Users/shivp/Desktop/InvestingPro_App/components/admin/CostDashboard.tsx'
    Imported via '@/components/ui/Button' from file 'C:/Users/shivp/Desktop/InvestingPro_App/components/admin/EmptyState.tsx'
    Imported via '@/components/ui/button' from file 'C:/Users/shivp/Desktop/InvestingPro_App/components/admin/EnhancedAnalyticsDashboard.tsx'
    Imported via '@/components/ui/Button' from file 'C:/Users/shivp/Desktop/InvestingPro_App/components/admin/EnhancedWordPressStyleCMS.tsx'
    Imported via '@/components/ui/button' from file 'C:/Users/shivp/Desktop/InvestingPro_App/components/admin/ExperimentDashboard.tsx'
    Imported via '@/components/ui/Button' from file 'C:/Users/shivp/Desktop/InvestingPro_App/components/admin/ImageEditor.tsx'
    Imported via '@/components/ui/Button' from file 'C:/Users/shivp/Desktop/InvestingPro_App/components/admin/ImageModal.tsx'
    Imported via '@/components/ui/Button' from file 'C:/Users/shivp/Desktop/InvestingPro_App/components/admin/LinkModal.tsx'
    Imported via '@/components/ui/Button' from file 'C:/Users/shivp/Desktop/InvestingPro_App/components/admin/OneClickArticleGenerator.tsx'
    Imported via '@/components/ui/Button' from file 'C:/Users/shivp/Desktop/InvestingPro_App/components/admin/PromptManager.tsx'
    Imported via "@/components/ui/Button" from file 'C:/Users/shivp/Desktop/InvestingPro_App/components/admin/RevenuePredictionCard.tsx'
    Imported via '@/components/ui/Button' from file 'C:/Users/shivp/Desktop/InvestingPro_App/components/admin/SemanticTitleGenerator.tsx'
    Imported via '@/components/ui/Button' from file 'C:/Users/shivp/Desktop/InvestingPro_App/components/admin/SocialDistributionPanel.tsx'
    Imported via '@/components/ui/Button' from file 'C:/Users/shivp/Desktop/InvestingPro_App/components/admin/StockImageSearch.tsx'
    Imported via '@/components/ui/Button' from file 'C:/Users/shivp/Desktop/InvestingPro_App/components/admin/WordPressStyleCMS.tsx'
    Imported via '@/components/ui/Button' from file 'C:/Users/shivp/Desktop/InvestingPro_App/components/admin/WordPressStylePages.tsx'
    Imported via "@/components/ui/Button" from file 'C:/Users/shivp/Desktop/InvestingPro_App/components/admin/WritesonicAIWriter.tsx'
    Imported via '@/components/ui/Button' from file 'C:/Users/shivp/Desktop/InvestingPro_App/components/bulk/BulkActionsBar.tsx'
    Imported via '@/components/ui/Button' from file 'C:/Users/shivp/Desktop/InvestingPro_App/components/calculators/CreditCardRewardsCalculator.tsx'
    Imported via "@/components/ui/Button" from file 'C:/Users/shivp/Desktop/InvestingPro_App/components/common/AddHoldingDialog.tsx'
    Imported via "@/components/ui/Button" from file 'C:/Users/shivp/Desktop/InvestingPro_App/components/common/CategoryHeroCarousel.tsx'
    Imported via "@/components/ui/Button" from file 'C:/Users/shivp/Desktop/InvestingPro_App/components/common/CookieConsent.tsx'
    Imported via "@/components/ui/Button" from file 'C:/Users/shivp/Desktop/InvestingPro_App/components/common/EditProfileDialog.tsx'
    Imported via "@/components/ui/Button" from file 'C:/Users/shivp/Desktop/InvestingPro_App/components/common/HoldingsList.tsx'
    Imported via "@/components/ui/Button" from file 'C:/Users/shivp/Desktop/InvestingPro_App/components/common/OnboardingFlow.tsx'
    Imported via '@/components/ui/Button' from file 'C:/Users/shivp/Desktop/InvestingPro_App/components/common/ProgressiveDisclosure.tsx'
    Imported via "@/components/ui/Button" from file 'C:/Users/shivp/Desktop/InvestingPro_App/components/common/ReviewSection.tsx'
    Imported via "@/components/ui/Button" from file 'C:/Users/shivp/Desktop/InvestingPro_App/components/common/RiskAnalysis.tsx'
    Imported via "@/components/ui/Button" from file 'C:/Users/shivp/Desktop/InvestingPro_App/components/compare/ComparisonTable_broken.tsx'
    Imported via "@/components/ui/Button" from file 'C:/Users/shivp/Desktop/InvestingPro_App/components/compare/ExportButton.tsx'
    Imported via "@/components/ui/Button" from file 'C:/Users/shivp/Desktop/InvestingPro_App/components/compare/MethodologyModal.tsx'
    Imported via "@/components/ui/Button" from file 'C:/Users/shivp/Desktop/InvestingPro_App/components/compare/SmartRecommendation.tsx'
    Imported via "@/components/ui/Button" from file 'C:/Users/shivp/Desktop/InvestingPro_App/components/comparison/ComparisonCard.tsx'
    Imported via "@/components/ui/Button" from file 'C:/Users/shivp/Desktop/InvestingPro_App/components/comparison/ComparisonTable.tsx'
    Imported via '@/components/ui/Button' from file 'C:/Users/shivp/Desktop/InvestingPro_App/components/content/ComparisonTable.tsx'
    Imported via '@/components/ui/Button' from file 'C:/Users/shivp/Desktop/InvestingPro_App/components/content/SharableComparisonCard.tsx'
    Imported via '@/components/ui/Button' from file 'C:/Users/shivp/Desktop/InvestingPro_App/components/content/SharableStatCard.tsx'
    Imported via '@/components/ui/Button' from file 'C:/Users/shivp/Desktop/InvestingPro_App/components/content/TweetableQuote.tsx'
    Imported via '@/components/ui/Button' from file 'C:/Users/shivp/Desktop/InvestingPro_App/components/engagement/AppDownloadBand.tsx'
    Imported via "@/components/ui/Button" from file 'C:/Users/shivp/Desktop/InvestingPro_App/components/home/AnimatedHero.tsx'
    Imported via "@/components/ui/Button" from file 'C:/Users/shivp/Desktop/InvestingPro_App/components/home/FeaturedTools.tsx'
    Imported via "@/components/ui/Button" from file 'C:/Users/shivp/Desktop/InvestingPro_App/components/home/GoalBasedDiscovery.tsx'
    Imported via "@/components/ui/Button" from file 'C:/Users/shivp/Desktop/InvestingPro_App/components/home/HeroSection.tsx'
    Imported via "@/components/ui/Button" from file 'C:/Users/shivp/Desktop/InvestingPro_App/components/home/HomeContextualProducts.tsx'
    Imported via "@/components/ui/Button" from file 'C:/Users/shivp/Desktop/InvestingPro_App/components/home/HomeHero.tsx'
    Imported via "@/components/ui/Button" from file 'C:/Users/shivp/Desktop/InvestingPro_App/components/home/NewsletterSection.tsx'
    Imported via "@/components/ui/Button" from file 'C:/Users/shivp/Desktop/InvestingPro_App/components/home/TerminalOverview.tsx'
    Imported via "@/components/ui/Button" from file 'C:/Users/shivp/Desktop/InvestingPro_App/components/home/UserSegmentation.tsx'
    Imported via "@/components/ui/Button" from file 'C:/Users/shivp/Desktop/InvestingPro_App/components/linkable-assets/LiveRateTable.tsx'
    Imported via "@/components/ui/Button" from file 'C:/Users/shivp/Desktop/InvestingPro_App/components/linkable-assets/ShareEmbed.tsx'
    Imported via '@/components/ui/Button' from file 'C:/Users/shivp/Desktop/InvestingPro_App/components/media/FeaturedImageSelector.tsx'
    Imported via '@/components/ui/Button' from file 'C:/Users/shivp/Desktop/InvestingPro_App/components/monetization/ContextualAffiliateLink.tsx'
    Imported via '@/components/ui/Button' from file 'C:/Users/shivp/Desktop/InvestingPro_App/components/monetization/PremiumGate.tsx'
    Imported via '@/components/ui/Button' from file 'C:/Users/shivp/Desktop/InvestingPro_App/components/monetization/SmartContextualOffers.tsx'
    Imported via "@/components/ui/Button" from file 'C:/Users/shivp/Desktop/InvestingPro_App/components/onboarding/OnboardingFlow.tsx'
    Imported via "@/components/ui/Button" from file 'C:/Users/shivp/Desktop/InvestingPro_App/components/products/ApplicationFlow.tsx'
    Matched by include pattern '**/*.tsx' in 'C:/Users/shivp/Desktop/InvestingPro_App/tsconfig.json'
components/admin/ExperimentDashboard.tsx(6,24): error TS1149: File name 'C:/Users/shivp/Desktop/InvestingPro_App/components/ui/button.tsx' differs from already included file name 'C:/Users/shivp/Desktop/InvestingPro_App/components/ui/Button.tsx' only in casing.
  The file is in the program because:
    Imported via '@/components/ui/Button' from file 'C:/Users/shivp/Desktop/InvestingPro_App/components/engagement/NewsletterWidget.tsx'
    Imported via '@/components/ui/Button' from file 'C:/Users/shivp/Desktop/InvestingPro_App/components/engagement/BookmarkButton.tsx'
    Imported via '@/components/ui/Button' from file 'C:/Users/shivp/Desktop/InvestingPro_App/components/engagement/NotificationBell.tsx'
    Imported via '@/components/ui/Button' from file 'C:/Users/shivp/Desktop/InvestingPro_App/components/data-table/DataTablePagination.tsx'
    Imported via '@/components/ui/Button' from file 'C:/Users/shivp/Desktop/InvestingPro_App/components/smart-comparison/BreakEvenCalculator.tsx'
    Imported via '@/components/ui/Button' from file 'C:/Users/shivp/Desktop/InvestingPro_App/components/smart-comparison/ApprovalProbability.tsx'
    Imported via '@/components/ui/Button' from file 'C:/Users/shivp/Desktop/InvestingPro_App/components/smart-comparison/CardComboOptimizer.tsx'
    Imported via '@/components/ui/Button' from file 'C:/Users/shivp/Desktop/InvestingPro_App/components/smart-comparison/DecisionMatrix.tsx'
    Imported via '@/components/ui/Button' from file 'C:/Users/shivp/Desktop/InvestingPro_App/components/smart-comparison/WhatIfSimulator.tsx'
    Imported via "@/components/ui/Button" from file 'C:/Users/shivp/Desktop/InvestingPro_App/components/profile/ProfileOnboarding.tsx'
    Imported via '@/components/ui/Button' from file 'C:/Users/shivp/Desktop/InvestingPro_App/components/admin/ArticleEditor.tsx'
    Imported via '@/components/ui/Button' from file 'C:/Users/shivp/Desktop/InvestingPro_App/components/admin/MediaLibraryPicker.tsx'
    Imported via '@/components/ui/Button' from file 'C:/Users/shivp/Desktop/InvestingPro_App/components/admin/editor/ImagePickerButton.tsx'
    Imported via "@/components/ui/Button" from file 'C:/Users/shivp/Desktop/InvestingPro_App/components/admin/AIContentGenerator.tsx'
    Imported via '@/components/ui/Button' from file 'C:/Users/shivp/Desktop/InvestingPro_App/app/error.tsx'
    Imported via "@/components/ui/Button" from file 'C:/Users/shivp/Desktop/InvestingPro_App/app/global-error.tsx'
    Imported via "@/components/ui/Button" from file 'C:/Users/shivp/Desktop/InvestingPro_App/components/layout/Navbar.tsx'
    Imported via "@/components/ui/Button" from file 'C:/Users/shivp/Desktop/InvestingPro_App/components/common/LanguageSwitcher.tsx'
    Imported via "@/components/ui/Button" from file 'C:/Users/shivp/Desktop/InvestingPro_App/components/common/ThemeToggle.tsx'
    Imported via "@/components/ui/Button" from file 'C:/Users/shivp/Desktop/InvestingPro_App/components/common/ErrorBoundary.tsx'
    Imported via '@/components/ui/Button' from file 'C:/Users/shivp/Desktop/InvestingPro_App/components/compare/CompareBar.tsx'
    Imported via '@/components/ui/Button' from file 'C:/Users/shivp/Desktop/InvestingPro_App/components/common/SaveComparisonButton.tsx'
    Imported via '@/components/ui/Button' from file 'C:/Users/shivp/Desktop/InvestingPro_App/components/common/ExitIntentPopup.tsx'
    Imported via '@/components/ui/Button' from file 'C:/Users/shivp/Desktop/InvestingPro_App/components/common/WhatsAppButton.tsx'
    Imported via '@/components/ui/Button' from file 'C:/Users/shivp/Desktop/InvestingPro_App/app/not-found.tsx'
    Imported via "@/components/ui/Button" from file 'C:/Users/shivp/Desktop/InvestingPro_App/components/home/HeroSplit.tsx'
    Imported via '@/components/ui/Button' from file 'C:/Users/shivp/Desktop/InvestingPro_App/components/home/DiscoveryWizard.tsx'
    Imported via "@/components/ui/Button" from file 'C:/Users/shivp/Desktop/InvestingPro_App/components/home/SmartAdvisorWidget.tsx'
    Imported via "@/components/ui/Button" from file 'C:/Users/shivp/Desktop/InvestingPro_App/components/home/QuickToolsSection.tsx'
    Imported via '@/components/ui/Button' from file 'C:/Users/shivp/Desktop/InvestingPro_App/components/home/FeaturedProducts.tsx'
    Imported via '@/components/ui/Button' from file 'C:/Users/shivp/Desktop/InvestingPro_App/components/home/TrendingSection.tsx'
    Imported via '@/components/ui/Button' from file 'C:/Users/shivp/Desktop/InvestingPro_App/components/home/StickyMobileCTA.tsx'
    Imported via '@/components/ui/Button' from file 'C:/Users/shivp/Desktop/InvestingPro_App/components/common/EmptyState.tsx'
    Imported via "@/components/ui/Button" from file 'C:/Users/shivp/Desktop/InvestingPro_App/components/category/CategoryHero.tsx'
    Imported via "@/components/ui/Button" from file 'C:/Users/shivp/Desktop/InvestingPro_App/components/category/ContextualProducts.tsx'
    Imported via "@/components/ui/Button" from file 'C:/Users/shivp/Desktop/InvestingPro_App/app/about/page.tsx'
    Imported via "@/components/ui/Button" from file 'C:/Users/shivp/Desktop/InvestingPro_App/app/admin/page.tsx'
    Imported via '@/components/ui/Button' from file 'C:/Users/shivp/Desktop/InvestingPro_App/components/ui/ConfirmDialog.tsx'
    Imported via '@/components/ui/Button' from file 'C:/Users/shivp/Desktop/InvestingPro_App/components/admin/AdminUIKit.tsx'
    Imported via '@/components/ui/Button' from file 'C:/Users/shivp/Desktop/InvestingPro_App/app/admin/affiliates/page.tsx'
    Imported via '@/components/ui/Button' from file 'C:/Users/shivp/Desktop/InvestingPro_App/app/admin/ai-personas/page.tsx'
    Imported via '@/components/ui/Button' from file 'C:/Users/shivp/Desktop/InvestingPro_App/components/admin/ArticleInspector.tsx'
    Imported via '@/components/ui/Button' from file 'C:/Users/shivp/Desktop/InvestingPro_App/components/admin/SocialPostManager.tsx'
    Imported via '@/components/ui/Button' from file 'C:/Users/shivp/Desktop/InvestingPro_App/components/admin/CategorySelect.tsx'
    Imported via '@/components/ui/Button' from file 'C:/Users/shivp/Desktop/InvestingPro_App/components/admin/KeywordResearchQuickAccess.tsx'
    Imported via '@/components/ui/Button' from file 'C:/Users/shivp/Desktop/InvestingPro_App/components/admin/KeywordResearch.tsx'
    Imported via '@/components/ui/Button' from file 'C:/Users/shivp/Desktop/InvestingPro_App/components/admin/FeaturedImageSelector.tsx'
    Imported via '@/components/ui/Button' from file 'C:/Users/shivp/Desktop/InvestingPro_App/components/media/MediaUploader.tsx'
    Imported via '@/components/ui/Button' from file 'C:/Users/shivp/Desktop/InvestingPro_App/components/admin/ArticleVersionHistory.tsx'
    Imported via '@/components/ui/Button' from file 'C:/Users/shivp/Desktop/InvestingPro_App/components/admin/VersionComparison.tsx'
    Imported via '@/components/ui/Button' from file 'C:/Users/shivp/Desktop/InvestingPro_App/components/admin/RollbackDialog.tsx'
    Imported via '@/components/ui/Button' from file 'C:/Users/shivp/Desktop/InvestingPro_App/components/admin/ArticleScheduling.tsx'
    Imported via '@/components/ui/Button' from file 'C:/Users/shivp/Desktop/InvestingPro_App/components/admin/BrokenLinkReport.tsx'
    Imported via '@/components/ui/Button' from file 'C:/Users/shivp/Desktop/InvestingPro_App/components/admin/ValidationReport.tsx'
    Imported via '@/components/ui/Button' from file 'C:/Users/shivp/Desktop/InvestingPro_App/app/admin/articles/[id]/edit/page.tsx'
    Imported via '@/components/ui/Button' from file 'C:/Users/shivp/Desktop/InvestingPro_App/app/admin/authors/page.tsx'
    Imported via '@/components/ui/Button' from file 'C:/Users/shivp/Desktop/InvestingPro_App/components/admin/AutomationControls.tsx'
    Imported via '@/components/ui/Button' from file 'C:/Users/shivp/Desktop/InvestingPro_App/app/admin/automation/batch/page.tsx'
    Imported via '@/components/ui/Button' from file 'C:/Users/shivp/Desktop/InvestingPro_App/app/admin/autonomy/page.tsx'
    Imported via '@/components/ui/Button' from file 'C:/Users/shivp/Desktop/InvestingPro_App/app/admin/autonomy/settings/page.tsx'
    Imported via '@/components/ui/Button' from file 'C:/Users/shivp/Desktop/InvestingPro_App/components/admin/BudgetGovernorPanel.tsx'
    Imported via '@/components/ui/Button' from file 'C:/Users/shivp/Desktop/InvestingPro_App/app/admin/cms/page.tsx'
    Imported via '@/components/ui/Button' from file 'C:/Users/shivp/Desktop/InvestingPro_App/components/admin/BulkGenerationPanel.tsx'
    Imported via '@/components/ui/Button' from file 'C:/Users/shivp/Desktop/InvestingPro_App/app/admin/cms/generation/page.tsx'
    Imported via '@/components/ui/Button' from file 'C:/Users/shivp/Desktop/InvestingPro_App/app/admin/cms/health/page.tsx'
    Imported via '@/components/ui/Button' from file 'C:/Users/shivp/Desktop/InvestingPro_App/components/admin/ScraperDashboard.tsx'
    Imported via '@/components/ui/Button' from file 'C:/Users/shivp/Desktop/InvestingPro_App/components/admin/ContentCalendarWidget.tsx'
    Imported via '@/components/ui/Button' from file 'C:/Users/shivp/Desktop/InvestingPro_App/app/admin/content-factory/page.tsx'
    Imported via '@/components/ui/Button' from file 'C:/Users/shivp/Desktop/InvestingPro_App/app/admin/data-accuracy/page.tsx'
    Imported via '@/components/ui/Button' from file 'C:/Users/shivp/Desktop/InvestingPro_App/components/products/RichProductCard.tsx'
    Imported via "@/components/ui/Button" from file 'C:/Users/shivp/Desktop/InvestingPro_App/components/common/DecisionCTA.tsx'
    Imported via '@/components/ui/Button' from file 'C:/Users/shivp/Desktop/InvestingPro_App/components/admin/EditorialQADashboard.tsx'
    Imported via '@/components/ui/Button' from file 'C:/Users/shivp/Desktop/InvestingPro_App/app/admin/email-dashboard/page.tsx'
    Imported via '@/components/ui/Button' from file 'C:/Users/shivp/Desktop/InvestingPro_App/app/admin/growth-dashboard/page.tsx'
    Imported via "@/components/ui/Button" from file 'C:/Users/shivp/Desktop/InvestingPro_App/app/admin/metrics/page.tsx'
    Imported via '@/components/ui/Button' from file 'C:/Users/shivp/Desktop/InvestingPro_App/app/admin/ops-health/page.tsx'
    Imported via '@/components/ui/Button' from file 'C:/Users/shivp/Desktop/InvestingPro_App/app/admin/performance-dashboard/page.tsx'
    Imported via '@/components/ui/Button' from file 'C:/Users/shivp/Desktop/InvestingPro_App/app/admin/pipeline-monitor/page.tsx'
    Imported via '@/components/ui/Button' from file 'C:/Users/shivp/Desktop/InvestingPro_App/app/admin/product-analytics/page.tsx'
    Imported via '@/components/ui/Button' from file 'C:/Users/shivp/Desktop/InvestingPro_App/components/admin/ProductForm.tsx'
    Imported via '@/components/ui/Button' from file 'C:/Users/shivp/Desktop/InvestingPro_App/app/admin/products/analytics/page.tsx'
    Imported via "@/components/ui/Button" from file 'C:/Users/shivp/Desktop/InvestingPro_App/app/admin/revenue/page.tsx'
    Imported via "@/components/ui/Button" from file 'C:/Users/shivp/Desktop/InvestingPro_App/app/admin/revenue/intelligence/page.tsx'
    Imported via '@/components/ui/Button' from file 'C:/Users/shivp/Desktop/InvestingPro_App/components/admin/ReviewInterface.tsx'
    Imported via '@/components/ui/Button' from file 'C:/Users/shivp/Desktop/InvestingPro_App/components/admin/ScraperMonitor.tsx'
    Imported via '@/components/ui/Button' from file 'C:/Users/shivp/Desktop/InvestingPro_App/app/admin/seo/page.tsx'
    Imported via '@/components/ui/Button' from file 'C:/Users/shivp/Desktop/InvestingPro_App/app/admin/seo/experiments/page.tsx'
    Imported via '@/components/ui/Button' from file 'C:/Users/shivp/Desktop/InvestingPro_App/app/admin/seo/rankings/page.tsx'
    Imported via '@/components/ui/Button' from file 'C:/Users/shivp/Desktop/InvestingPro_App/app/admin/settings/vault/page.tsx'
    Imported via '@/components/ui/Button' from file 'C:/Users/shivp/Desktop/InvestingPro_App/app/admin/social-dashboard/page.tsx'
    Imported via '@/components/ui/Button' from file 'C:/Users/shivp/Desktop/InvestingPro_App/app/admin/strategy/page.tsx'
    Imported via '@/components/ui/Button' from file 'C:/Users/shivp/Desktop/InvestingPro_App/app/admin/workflows/page.tsx'
    Imported via '@/components/ui/Button' from file 'C:/Users/shivp/Desktop/InvestingPro_App/app/admin/workflows/[id]/page.tsx'
    Imported via '@/components/ui/Button' from file 'C:/Users/shivp/Desktop/InvestingPro_App/components/admin/WorkflowBuilder.tsx'
    Imported via '@/components/ui/Button' from file 'C:/Users/shivp/Desktop/InvestingPro_App/app/admin/workflows/new/page.tsx'
    Imported via "@/components/ui/Button" from file 'C:/Users/shivp/Desktop/InvestingPro_App/app/ai-content-writer/page.tsx'
    Imported via "@/components/ui/Button" from file 'C:/Users/shivp/Desktop/InvestingPro_App/app/article/[slug]/page.tsx'
    Imported via '@/components/ui/Button' from file 'C:/Users/shivp/Desktop/InvestingPro_App/components/content/QuoteSelector.tsx'
    Imported via '@/components/ui/Button' from file 'C:/Users/shivp/Desktop/InvestingPro_App/components/engagement/EngagementHooks.tsx'
    Imported via '@/components/ui/Button' from file 'C:/Users/shivp/Desktop/InvestingPro_App/components/common/SocialShareButtons.tsx'
    Imported via '@/components/ui/Button' from file 'C:/Users/shivp/Desktop/InvestingPro_App/app/articles/page.tsx'
    Imported via '@/components/ui/Button' from file 'C:/Users/shivp/Desktop/InvestingPro_App/app/articles/[slug]/page-refactored.tsx'
    Imported via '@/components/ui/Button' from file 'C:/Users/shivp/Desktop/InvestingPro_App/app/articles/[slug]/page.tsx'
    Imported via '@/components/ui/Button' from file 'C:/Users/shivp/Desktop/InvestingPro_App/components/products/ContextualProducts.tsx'
    Imported via '@/components/ui/Button' from file 'C:/Users/shivp/Desktop/InvestingPro_App/components/products/TopPicksSidebar.tsx'
    Imported via '@/components/ui/Button' from file 'C:/Users/shivp/Desktop/InvestingPro_App/components/monetization/LeadMagnet.tsx'
    Imported via '@/components/ui/Button' from file 'C:/Users/shivp/Desktop/InvestingPro_App/components/articles/SeamlessCTA.tsx'
    Imported via '@/components/ui/Button' from file 'C:/Users/shivp/Desktop/InvestingPro_App/app/author/[slug]/page.tsx'
    Imported via "@/components/ui/Button" from file 'C:/Users/shivp/Desktop/InvestingPro_App/app/banking/page.tsx'
    Imported via "@/components/ui/Button" from file 'C:/Users/shivp/Desktop/InvestingPro_App/components/common/CategoryHero.tsx'
    Imported via "@/components/ui/Button" from file 'C:/Users/shivp/Desktop/InvestingPro_App/components/common/Pagination.tsx'
    Imported via "@/components/ui/Button" from file 'C:/Users/shivp/Desktop/InvestingPro_App/app/blog/page.tsx'
    Imported via '@/components/ui/Button' from file 'C:/Users/shivp/Desktop/InvestingPro_App/components/common/CTAButton.tsx'
    Imported via "@/components/ui/Button" from file 'C:/Users/shivp/Desktop/InvestingPro_App/components/calculators/SIPCalculatorWithInflation.tsx'
    Imported via '@/components/ui/Button' from file 'C:/Users/shivp/Desktop/InvestingPro_App/components/calculators/HomeLoanVsSIPCalculator.tsx'
    Imported via "@/components/ui/Button" from file 'C:/Users/shivp/Desktop/InvestingPro_App/components/calculators/PortfolioRebalancingCalculator.tsx'
    Imported via '@/components/ui/Button' from file 'C:/Users/shivp/Desktop/InvestingPro_App/app/category/[slug]/page.tsx'
    Imported via '@/components/ui/Button' from file 'C:/Users/shivp/Desktop/InvestingPro_App/components/widgets/DecisionHelper.tsx'
    Imported via '@/components/ui/Button' from file 'C:/Users/shivp/Desktop/InvestingPro_App/app/compare/page.tsx'
    Imported via "@/components/ui/Button" from file 'C:/Users/shivp/Desktop/InvestingPro_App/components/compare/ProductSelector.tsx'
    Imported via '@/components/ui/Button' from file 'C:/Users/shivp/Desktop/InvestingPro_App/app/compare/[combination]/page.tsx'
    Imported via '@/components/ui/Button' from file 'C:/Users/shivp/Desktop/InvestingPro_App/components/products/ComparisonPDFButton.tsx'
    Imported via '@/components/ui/Button' from file 'C:/Users/shivp/Desktop/InvestingPro_App/app/compare/versus/page-skeleton.tsx'
    Imported via '@/components/ui/Button' from file 'C:/Users/shivp/Desktop/InvestingPro_App/app/component-showcase/data-table/page.tsx'
    Imported via '@/components/ui/Button' from file 'C:/Users/shivp/Desktop/InvestingPro_App/components/support/ContactForm.tsx'
    Imported via "@/components/ui/Button" from file 'C:/Users/shivp/Desktop/InvestingPro_App/app/credit-cards/CreditCardsClient.tsx'
    Imported via "@/components/ui/Button" from file 'C:/Users/shivp/Desktop/InvestingPro_App/components/credit-cards/FilterSidebar.tsx'
    Imported via "@/components/ui/Button" from file 'C:/Users/shivp/Desktop/InvestingPro_App/components/products/ResponsiveFilterContainer.tsx'
    Imported via '@/components/ui/Button' from file 'C:/Users/shivp/Desktop/InvestingPro_App/components/credit-cards/CreditCardTable.tsx'
    Imported via "@/components/ui/Button" from file 'C:/Users/shivp/Desktop/InvestingPro_App/components/widgets/CibilGauge.tsx'
    Imported via "@/components/ui/Button" from file 'C:/Users/shivp/Desktop/InvestingPro_App/components/compare/CompareTray.tsx'
    Imported via '@/components/ui/Button' from file 'C:/Users/shivp/Desktop/InvestingPro_App/components/common/EligibilityPreChecker.tsx'
    Imported via '@/components/ui/Button' from file 'C:/Users/shivp/Desktop/InvestingPro_App/components/products/ScorePreferenceToggle.tsx'
    Imported via "@/components/ui/Button" from file 'C:/Users/shivp/Desktop/InvestingPro_App/app/credit-cards/page.tsx'
    Imported via "@/components/ui/Button" from file 'C:/Users/shivp/Desktop/InvestingPro_App/components/credit-cards/TopPicksRow.tsx'
    Imported via "@/components/ui/Button" from file 'C:/Users/shivp/Desktop/InvestingPro_App/components/common/MobileEngagementBar.tsx'
    Imported via '@/components/ui/Button' from file 'C:/Users/shivp/Desktop/InvestingPro_App/components/common/SEOContentBlock.tsx'
    Imported via '@/components/ui/Button' from file 'C:/Users/shivp/Desktop/InvestingPro_App/app/credit-cards/[slug]/page.tsx'
    Imported via "@/components/ui/Button" from file 'C:/Users/shivp/Desktop/InvestingPro_App/components/products/StickyMobileCTA.tsx'
    Imported via '@/components/ui/Button' from file 'C:/Users/shivp/Desktop/InvestingPro_App/components/content/RelatedArticles.tsx'
    Imported via '@/components/ui/Button' from file 'C:/Users/shivp/Desktop/InvestingPro_App/components/products/ComparisonCTA.tsx'
    Imported via '@/components/ui/Button' from file 'C:/Users/shivp/Desktop/InvestingPro_App/components/products/DocumentChecklist.tsx'
    Imported via '@/components/ui/Button' from file 'C:/Users/shivp/Desktop/InvestingPro_App/components/eligibility/InlineChecker.tsx'
    Imported via '@/components/ui/Button' from file 'C:/Users/shivp/Desktop/InvestingPro_App/components/products/AlternativesCarousel.tsx'
    Imported via '@/components/ui/Button' from file 'C:/Users/shivp/Desktop/InvestingPro_App/components/calculators/RelatedCalculators.tsx'
    Imported via "@/components/ui/Button" from file 'C:/Users/shivp/Desktop/InvestingPro_App/components/common/WhatsAppAlerts.tsx'
    Imported via "@/components/ui/Button" from file 'C:/Users/shivp/Desktop/InvestingPro_App/components/compare/ComparisonTable.tsx'
    Imported via "@/components/ui/Button" from file 'C:/Users/shivp/Desktop/InvestingPro_App/app/credit-cards/compare/page.tsx'
    Imported via "@/components/ui/Button" from file 'C:/Users/shivp/Desktop/InvestingPro_App/app/credit-cards/find-your-card/page.tsx'
    Imported via "@/components/ui/Button" from file 'C:/Users/shivp/Desktop/InvestingPro_App/components/common/AffiliateLink.tsx'
    Imported via "@/components/ui/Button" from file 'C:/Users/shivp/Desktop/InvestingPro_App/app/credit-cards/recommendations/spending-based/page.tsx'
    Imported via '@/components/ui/Button' from file 'C:/Users/shivp/Desktop/InvestingPro_App/app/credit-cards/smart-compare/page.tsx'
    Imported via '@/components/ui/Button' from file 'C:/Users/shivp/Desktop/InvestingPro_App/app/dashboard/page.tsx'
    Imported via '@/components/ui/Button' from file 'C:/Users/shivp/Desktop/InvestingPro_App/components/dashboard/SavedProducts.tsx'
    Imported via '@/components/ui/Button' from file 'C:/Users/shivp/Desktop/InvestingPro_App/components/products/PersonalizedPicks.tsx'
    Imported via "@/components/ui/Button" from file 'C:/Users/shivp/Desktop/InvestingPro_App/app/data-studies/page.tsx'
    Imported via "@/components/ui/Button" from file 'C:/Users/shivp/Desktop/InvestingPro_App/app/data-studies/[slug]/DataStudyDetail.tsx'
    Imported via "@/components/ui/Button" from file 'C:/Users/shivp/Desktop/InvestingPro_App/app/demat-accounts/page.tsx'
    Imported via '@/components/ui/Button' from file 'C:/Users/shivp/Desktop/InvestingPro_App/app/demat-accounts/[slug]/page.tsx'
    Imported via '@/components/ui/Button' from file 'C:/Users/shivp/Desktop/InvestingPro_App/components/downloads/DownloadResourceCard.tsx'
    Imported via "@/components/ui/Button" from file 'C:/Users/shivp/Desktop/InvestingPro_App/app/editorial/page.tsx'
    Imported via "@/components/ui/Button" from file 'C:/Users/shivp/Desktop/InvestingPro_App/components/editorial/EditorialDraftCard.tsx'
    Imported via "@/components/ui/Button" from file 'C:/Users/shivp/Desktop/InvestingPro_App/components/editorial/DiffView.tsx'
    Imported via "@/components/ui/Button" from file 'C:/Users/shivp/Desktop/InvestingPro_App/app/embed/page.tsx'
    Imported via "@/components/ui/Button" from file 'C:/Users/shivp/Desktop/InvestingPro_App/app/fixed-deposits/page.tsx'
    Imported via '@/components/ui/Button' from file 'C:/Users/shivp/Desktop/InvestingPro_App/app/fixed-deposits/[slug]/page.tsx'
    Imported via "@/components/ui/Button" from file 'C:/Users/shivp/Desktop/InvestingPro_App/app/glossary/[slug]/page.tsx'
    Imported via "@/components/ui/Button" from file 'C:/Users/shivp/Desktop/InvestingPro_App/app/insurance/page.tsx'
    Imported via "@/components/ui/Button" from file 'C:/Users/shivp/Desktop/InvestingPro_App/components/insurance/FilterSidebar.tsx'
    Imported via '@/components/ui/Button' from file 'C:/Users/shivp/Desktop/InvestingPro_App/components/insurance/InsuranceTable.tsx'
    Imported via '@/components/ui/Button' from file 'C:/Users/shivp/Desktop/InvestingPro_App/app/insurance/[slug]/page.tsx'
    Imported via "@/components/ui/Button" from file 'C:/Users/shivp/Desktop/InvestingPro_App/app/investing/page.tsx'
    Imported via "@/components/ui/Button" from file 'C:/Users/shivp/Desktop/InvestingPro_App/components/investing/FilterSidebar.tsx'
    Imported via "@/components/ui/Button" from file 'C:/Users/shivp/Desktop/InvestingPro_App/app/ipo/page.tsx'
    Imported via "@/components/ui/Button" from file 'C:/Users/shivp/Desktop/InvestingPro_App/app/loans/LoansClient.tsx'
    Imported via "@/components/ui/Button" from file 'C:/Users/shivp/Desktop/InvestingPro_App/components/loans/FilterSidebar.tsx'
    Imported via '@/components/ui/Button' from file 'C:/Users/shivp/Desktop/InvestingPro_App/components/loans/LoansTable.tsx'
    Imported via "@/components/ui/Button" from file 'C:/Users/shivp/Desktop/InvestingPro_App/components/loans/InlineEligibilityWidget.tsx'
    Imported via '@/components/ui/Button' from file 'C:/Users/shivp/Desktop/InvestingPro_App/app/loans/[slug]/page.tsx'
    Imported via '@/components/ui/Button' from file 'C:/Users/shivp/Desktop/InvestingPro_App/app/loans/eligibility-checker/page.tsx'
    Imported via "@/components/ui/Button" from file 'C:/Users/shivp/Desktop/InvestingPro_App/app/mutual-funds/page.tsx'
    Imported via "@/components/ui/Button" from file 'C:/Users/shivp/Desktop/InvestingPro_App/components/mutual-funds/FilterSidebar.tsx'
    Imported via "@/components/ui/Button" from file 'C:/Users/shivp/Desktop/InvestingPro_App/components/mutual-funds/FundTable.tsx'
    Imported via '@/components/ui/Button' from file 'C:/Users/shivp/Desktop/InvestingPro_App/app/mutual-funds/[slug]/page.tsx'
    Imported via "@/components/ui/Button" from file 'C:/Users/shivp/Desktop/InvestingPro_App/app/mutual-funds/compare/page.tsx'
    Imported via "@/components/ui/Button" from file 'C:/Users/shivp/Desktop/InvestingPro_App/app/mutual-funds/find-your-fund/page.tsx'
    Imported via '@/components/ui/Button' from file 'C:/Users/shivp/Desktop/InvestingPro_App/app/mutual-funds/goal-planner/page.tsx'
    Imported via "@/components/ui/Button" from file 'C:/Users/shivp/Desktop/InvestingPro_App/components/portfolio/AddHoldingDialog.tsx'
    Imported via "@/components/ui/Button" from file 'C:/Users/shivp/Desktop/InvestingPro_App/components/portfolio/HoldingsList.tsx'
    Imported via "@/components/ui/Button" from file 'C:/Users/shivp/Desktop/InvestingPro_App/app/ppf-nps/page.tsx'
    Imported via '@/components/ui/Button' from file 'C:/Users/shivp/Desktop/InvestingPro_App/app/ppf-nps/[slug]/page.tsx'
    Imported via "@/components/ui/Button" from file 'C:/Users/shivp/Desktop/InvestingPro_App/app/preview/[id]/page.tsx'
    Imported via '@/components/ui/Button' from file 'C:/Users/shivp/Desktop/InvestingPro_App/app/product/[slug]/page.tsx'
    Imported via '@/components/ui/Button' from file 'C:/Users/shivp/Desktop/InvestingPro_App/components/products/ProductCard.tsx'
    Imported via '@/components/ui/Button' from file 'C:/Users/shivp/Desktop/InvestingPro_App/components/products/ProductCategoryTabs.tsx'
    Imported via '@/components/ui/Button' from file 'C:/Users/shivp/Desktop/InvestingPro_App/components/products/SuggestedComparisons.tsx'
    Imported via '@/components/ui/Button' from file 'C:/Users/shivp/Desktop/InvestingPro_App/app/products/[category]/page.tsx'
    Imported via '@/components/ui/Button' from file 'C:/Users/shivp/Desktop/InvestingPro_App/app/products/[category]/[slug]/page.tsx'
    Imported via "@/components/ui/Button" from file 'C:/Users/shivp/Desktop/InvestingPro_App/app/profile/page.tsx'
    Imported via "@/components/ui/Button" from file 'C:/Users/shivp/Desktop/InvestingPro_App/components/profile/EditProfileDialog.tsx'
    Imported via "@/components/ui/Button" from file 'C:/Users/shivp/Desktop/InvestingPro_App/components/ui/ProductCard.tsx'
    Imported via "@/components/ui/Button" from file 'C:/Users/shivp/Desktop/InvestingPro_App/app/recommendations/page.tsx'
    Imported via '@/components/ui/Button' from file 'C:/Users/shivp/Desktop/InvestingPro_App/app/resources/page.tsx'
    Imported via '@/components/ui/Button' from file 'C:/Users/shivp/Desktop/InvestingPro_App/app/reviews/[slug]/page.tsx'
    Imported via "@/components/ui/Button" from file 'C:/Users/shivp/Desktop/InvestingPro_App/app/risk-profiler/page.tsx'
    Imported via '@/components/ui/Button' from file 'C:/Users/shivp/Desktop/InvestingPro_App/app/search/page.tsx'
    Imported via "@/components/ui/Button" from file 'C:/Users/shivp/Desktop/InvestingPro_App/app/small-business/page.tsx'
    Imported via "@/components/ui/Button" from file 'C:/Users/shivp/Desktop/InvestingPro_App/app/stocks/page.tsx'
    Imported via '@/components/ui/Button' from file 'C:/Users/shivp/Desktop/InvestingPro_App/app/stocks/[slug]/page.tsx'
    Imported via "@/components/ui/Button" from file 'C:/Users/shivp/Desktop/InvestingPro_App/app/taxes/page.tsx'
    Imported via "@/components/ui/Button" from file 'C:/Users/shivp/Desktop/InvestingPro_App/components/calculators/RiskQuestionnaire.tsx'
    Imported via "@/components/ui/Button" from file 'C:/Users/shivp/Desktop/InvestingPro_App/components/calculators/RiskResult.tsx'
    Imported via "@/components/ui/Button" from file 'C:/Users/shivp/Desktop/InvestingPro_App/app/tools/wallet-architect/page.tsx'
    Imported via "@/components/ui/Button" from file 'C:/Users/shivp/Desktop/InvestingPro_App/components/admin/ArticleModeration.tsx'
    Imported via "@/components/ui/Button" from file 'C:/Users/shivp/Desktop/InvestingPro_App/components/admin/SocialRepurposeView.tsx'
    Imported via '@/components/ui/Button' from file 'C:/Users/shivp/Desktop/InvestingPro_App/components/admin/AuditLogViewer.tsx'
    Imported via '@/components/ui/Button' from file 'C:/Users/shivp/Desktop/InvestingPro_App/components/admin/AutomationControlCenter.tsx'
    Imported via '@/components/ui/Button' from file 'C:/Users/shivp/Desktop/InvestingPro_App/components/admin/CostDashboard.tsx'
    Imported via '@/components/ui/Button' from file 'C:/Users/shivp/Desktop/InvestingPro_App/components/admin/EmptyState.tsx'
    Imported via '@/components/ui/button' from file 'C:/Users/shivp/Desktop/InvestingPro_App/components/admin/EnhancedAnalyticsDashboard.tsx'
    Imported via '@/components/ui/Button' from file 'C:/Users/shivp/Desktop/InvestingPro_App/components/admin/EnhancedWordPressStyleCMS.tsx'
    Imported via '@/components/ui/button' from file 'C:/Users/shivp/Desktop/InvestingPro_App/components/admin/ExperimentDashboard.tsx'
    Imported via '@/components/ui/Button' from file 'C:/Users/shivp/Desktop/InvestingPro_App/components/admin/ImageEditor.tsx'
    Imported via '@/components/ui/Button' from file 'C:/Users/shivp/Desktop/InvestingPro_App/components/admin/ImageModal.tsx'
    Imported via '@/components/ui/Button' from file 'C:/Users/shivp/Desktop/InvestingPro_App/components/admin/LinkModal.tsx'
    Imported via '@/components/ui/Button' from file 'C:/Users/shivp/Desktop/InvestingPro_App/components/admin/OneClickArticleGenerator.tsx'
    Imported via '@/components/ui/Button' from file 'C:/Users/shivp/Desktop/InvestingPro_App/components/admin/PromptManager.tsx'
    Imported via "@/components/ui/Button" from file 'C:/Users/shivp/Desktop/InvestingPro_App/components/admin/RevenuePredictionCard.tsx'
    Imported via '@/components/ui/Button' from file 'C:/Users/shivp/Desktop/InvestingPro_App/components/admin/SemanticTitleGenerator.tsx'
    Imported via '@/components/ui/Button' from file 'C:/Users/shivp/Desktop/InvestingPro_App/components/admin/SocialDistributionPanel.tsx'
    Imported via '@/components/ui/Button' from file 'C:/Users/shivp/Desktop/InvestingPro_App/components/admin/StockImageSearch.tsx'
    Imported via '@/components/ui/Button' from file 'C:/Users/shivp/Desktop/InvestingPro_App/components/admin/WordPressStyleCMS.tsx'
    Imported via '@/components/ui/Button' from file 'C:/Users/shivp/Desktop/InvestingPro_App/components/admin/WordPressStylePages.tsx'
    Imported via "@/components/ui/Button" from file 'C:/Users/shivp/Desktop/InvestingPro_App/components/admin/WritesonicAIWriter.tsx'
    Imported via '@/components/ui/Button' from file 'C:/Users/shivp/Desktop/InvestingPro_App/components/bulk/BulkActionsBar.tsx'
    Imported via '@/components/ui/Button' from file 'C:/Users/shivp/Desktop/InvestingPro_App/components/calculators/CreditCardRewardsCalculator.tsx'
    Imported via "@/components/ui/Button" from file 'C:/Users/shivp/Desktop/InvestingPro_App/components/common/AddHoldingDialog.tsx'
    Imported via "@/components/ui/Button" from file 'C:/Users/shivp/Desktop/InvestingPro_App/components/common/CategoryHeroCarousel.tsx'
    Imported via "@/components/ui/Button" from file 'C:/Users/shivp/Desktop/InvestingPro_App/components/common/CookieConsent.tsx'
    Imported via "@/components/ui/Button" from file 'C:/Users/shivp/Desktop/InvestingPro_App/components/common/EditProfileDialog.tsx'
    Imported via "@/components/ui/Button" from file 'C:/Users/shivp/Desktop/InvestingPro_App/components/common/HoldingsList.tsx'
    Imported via "@/components/ui/Button" from file 'C:/Users/shivp/Desktop/InvestingPro_App/components/common/OnboardingFlow.tsx'
    Imported via '@/components/ui/Button' from file 'C:/Users/shivp/Desktop/InvestingPro_App/components/common/ProgressiveDisclosure.tsx'
    Imported via "@/components/ui/Button" from file 'C:/Users/shivp/Desktop/InvestingPro_App/components/common/ReviewSection.tsx'
    Imported via "@/components/ui/Button" from file 'C:/Users/shivp/Desktop/InvestingPro_App/components/common/RiskAnalysis.tsx'
    Imported via "@/components/ui/Button" from file 'C:/Users/shivp/Desktop/InvestingPro_App/components/compare/ComparisonTable_broken.tsx'
    Imported via "@/components/ui/Button" from file 'C:/Users/shivp/Desktop/InvestingPro_App/components/compare/ExportButton.tsx'
    Imported via "@/components/ui/Button" from file 'C:/Users/shivp/Desktop/InvestingPro_App/components/compare/MethodologyModal.tsx'
    Imported via "@/components/ui/Button" from file 'C:/Users/shivp/Desktop/InvestingPro_App/components/compare/SmartRecommendation.tsx'
    Imported via "@/components/ui/Button" from file 'C:/Users/shivp/Desktop/InvestingPro_App/components/comparison/ComparisonCard.tsx'
    Imported via "@/components/ui/Button" from file 'C:/Users/shivp/Desktop/InvestingPro_App/components/comparison/ComparisonTable.tsx'
    Imported via '@/components/ui/Button' from file 'C:/Users/shivp/Desktop/InvestingPro_App/components/content/ComparisonTable.tsx'
    Imported via '@/components/ui/Button' from file 'C:/Users/shivp/Desktop/InvestingPro_App/components/content/SharableComparisonCard.tsx'
    Imported via '@/components/ui/Button' from file 'C:/Users/shivp/Desktop/InvestingPro_App/components/content/SharableStatCard.tsx'
    Imported via '@/components/ui/Button' from file 'C:/Users/shivp/Desktop/InvestingPro_App/components/content/TweetableQuote.tsx'
    Imported via '@/components/ui/Button' from file 'C:/Users/shivp/Desktop/InvestingPro_App/components/engagement/AppDownloadBand.tsx'
    Imported via "@/components/ui/Button" from file 'C:/Users/shivp/Desktop/InvestingPro_App/components/home/AnimatedHero.tsx'
    Imported via "@/components/ui/Button" from file 'C:/Users/shivp/Desktop/InvestingPro_App/components/home/FeaturedTools.tsx'
    Imported via "@/components/ui/Button" from file 'C:/Users/shivp/Desktop/InvestingPro_App/components/home/GoalBasedDiscovery.tsx'
    Imported via "@/components/ui/Button" from file 'C:/Users/shivp/Desktop/InvestingPro_App/components/home/HeroSection.tsx'
    Imported via "@/components/ui/Button" from file 'C:/Users/shivp/Desktop/InvestingPro_App/components/home/HomeContextualProducts.tsx'
    Imported via "@/components/ui/Button" from file 'C:/Users/shivp/Desktop/InvestingPro_App/components/home/HomeHero.tsx'
    Imported via "@/components/ui/Button" from file 'C:/Users/shivp/Desktop/InvestingPro_App/components/home/NewsletterSection.tsx'
    Imported via "@/components/ui/Button" from file 'C:/Users/shivp/Desktop/InvestingPro_App/components/home/TerminalOverview.tsx'
    Imported via "@/components/ui/Button" from file 'C:/Users/shivp/Desktop/InvestingPro_App/components/home/UserSegmentation.tsx'
    Imported via "@/components/ui/Button" from file 'C:/Users/shivp/Desktop/InvestingPro_App/components/linkable-assets/LiveRateTable.tsx'
    Imported via "@/components/ui/Button" from file 'C:/Users/shivp/Desktop/InvestingPro_App/components/linkable-assets/ShareEmbed.tsx'
    Imported via '@/components/ui/Button' from file 'C:/Users/shivp/Desktop/InvestingPro_App/components/media/FeaturedImageSelector.tsx'
    Imported via '@/components/ui/Button' from file 'C:/Users/shivp/Desktop/InvestingPro_App/components/monetization/ContextualAffiliateLink.tsx'
    Imported via '@/components/ui/Button' from file 'C:/Users/shivp/Desktop/InvestingPro_App/components/monetization/PremiumGate.tsx'
    Imported via '@/components/ui/Button' from file 'C:/Users/shivp/Desktop/InvestingPro_App/components/monetization/SmartContextualOffers.tsx'
    Imported via "@/components/ui/Button" from file 'C:/Users/shivp/Desktop/InvestingPro_App/components/onboarding/OnboardingFlow.tsx'
    Imported via "@/components/ui/Button" from file 'C:/Users/shivp/Desktop/InvestingPro_App/components/products/ApplicationFlow.tsx'
    Matched by include pattern '**/*.tsx' in 'C:/Users/shivp/Desktop/InvestingPro_App/tsconfig.json'
components/admin/ImageEditor.tsx(208,13): error TS2304: Cannot find name 'toast'.
components/admin/OneClickArticleGenerator.tsx(681,47): error TS2367: This comparison appears to be unintentional because the types '"review"' and '"publishing"' have no overlap.
components/admin/OneClickArticleGenerator.tsx(685,38): error TS2367: This comparison appears to be unintentional because the types '"review"' and '"publishing"' have no overlap.
components/admin/OneClickArticleGenerator.tsx(699,47): error TS2367: This comparison appears to be unintentional because the types '"review"' and '"publishing"' have no overlap.
components/admin/OneClickArticleGenerator.tsx(702,38): error TS2367: This comparison appears to be unintentional because the types '"review"' and '"publishing"' have no overlap.
components/admin/OneClickArticleGenerator.tsx(717,47): error TS2367: This comparison appears to be unintentional because the types '"review"' and '"publishing"' have no overlap.
components/admin/ProductForm.tsx(49,33): error TS2339: Property 'provider_slug' does not exist on type 'Product'.
components/admin/ProductForm.tsx(50,30): error TS2339: Property 'meta_title' does not exist on type 'Product'.
components/admin/ProductForm.tsx(51,36): error TS2551: Property 'meta_description' does not exist on type 'Product'. Did you mean 'description'?
components/admin/ProductForm.tsx(52,33): error TS2339: Property 'canonical_url' does not exist on type 'Product'.
components/admin/ProductForm.tsx(53,31): error TS2339: Property 'launch_date' does not exist on type 'Product'.
components/admin/ProductForm.tsx(198,100): error TS2345: Argument of type '(prev: { name: string; slug: string; category: ProductCategory; provider_name: string; provider_slug: any; meta_title: any; meta_description: any; canonical_url: any; launch_date: any; ... 9 more ...; features: Record<...>; }) => { ...; }' is not assignable to parameter of type 'SetStateAction<{ name: string; slug: string; category: ProductCategory; provider_name: string; provider_slug: any; meta_title: any; meta_description: any; canonical_url: any; launch_date: any; ... 9 more ...; features: Record<...>; }>'.
  Type '(prev: { name: string; slug: string; category: ProductCategory; provider_name: string; provider_slug: any; meta_title: any; meta_description: any; canonical_url: any; launch_date: any; ... 9 more ...; features: Record<...>; }) => { ...; }' is not assignable to type '(prevState: { name: string; slug: string; category: ProductCategory; provider_name: string; provider_slug: any; meta_title: any; meta_description: any; canonical_url: any; launch_date: any; ... 9 more ...; features: Record<...>; }) => { ...; }'.
    Call signature return types '{ category: string; name: string; slug: string; provider_name: string; provider_slug: any; meta_title: any; meta_description: any; canonical_url: any; launch_date: any; is_active: boolean; trust_score: number; ... 7 more ...; features: Record<...>; }' and '{ name: string; slug: string; category: ProductCategory; provider_name: string; provider_slug: any; meta_title: any; meta_description: any; canonical_url: any; launch_date: any; ... 9 more ...; features: Record<...>; }' are incompatible.
      The types of 'category' are incompatible between these types.
        Type 'string' is not assignable to type 'ProductCategory'.
components/admin/ProductForm.tsx(250,67): error TS2322: Type '"xs"' is not assignable to type '"default" | "sm" | "lg" | "icon" | null | undefined'.
components/admin/ProductForm.tsx(264,67): error TS2322: Type '"xs"' is not assignable to type '"default" | "sm" | "lg" | "icon" | null | undefined'.
components/admin/ProductPerformanceTracking.tsx(282,79): error TS18048: 'percent' is possibly 'undefined'.
components/admin/PromptManager.tsx(278,46): error TS18048: 'selectedPrompt.performance_score' is possibly 'undefined'.
components/admin/PromptManager.tsx(286,46): error TS18048: 'selectedPrompt.quality_score' is possibly 'undefined'.
components/admin/ResponsiveSidebar.tsx(114,17): error TS2769: No overload matches this call.
  The last overload gave the following error.
    Object literal may only specify known properties, and 'mobileMenuOpen' does not exist in type 'Partial<unknown> & Attributes'.
components/admin/ui/index.ts(4,33): error TS2307: Cannot find module './AdminBreadcrumb' or its corresponding type declarations.
components/admin/ui/index.ts(18,8): error TS2307: Cannot find module './AdminUIKit' or its corresponding type declarations.
components/admin/WorkflowBuilder.tsx(647,25): error TS2322: Type 'import("C:/Users/shivp/Desktop/InvestingPro_App/lib/automation/workflow-actions").ConfigField[]' is not assignable to type 'import("C:/Users/shivp/Desktop/InvestingPro_App/lib/automation/workflow-triggers").ConfigField[]'.
  Type 'import("C:/Users/shivp/Desktop/InvestingPro_App/lib/automation/workflow-actions").ConfigField' is not assignable to type 'import("C:/Users/shivp/Desktop/InvestingPro_App/lib/automation/workflow-triggers").ConfigField'.
    Types of property 'type' are incompatible.
      Type '"number" | "boolean" | "text" | "json" | "select" | "textarea" | "multiselect"' is not assignable to type '"number" | "boolean" | "text" | "json" | "select" | "multiselect" | "cron"'.
        Type '"textarea"' is not assignable to type '"number" | "boolean" | "text" | "json" | "select" | "multiselect" | "cron"'.
components/admin/WorkflowBuilder.tsx(715,22): error TS2367: This comparison appears to be unintentional because the types '"number" | "boolean" | "text" | "json" | "select" | "multiselect" | "cron"' and '"textarea"' have no overlap.
components/admin/WritesonicAIWriter.tsx(304,44): error TS2365: Operator '>=' cannot be applied to types 'string' and 'number'.
components/admin/WritesonicAIWriter.tsx(304,82): error TS2365: Operator '>=' cannot be applied to types 'string' and 'number'.
components/calculators/PortfolioRebalancingCalculator.tsx(144,38): error TS2322: Type '(value: number) => string' is not assignable to type 'Formatter<number, NameType>'.
  Types of parameters 'value' and 'value' are incompatible.
    Type 'number | undefined' is not assignable to type 'number'.
      Type 'undefined' is not assignable to type 'number'.
components/calculators/RDCalculator.tsx(192,50): error TS2322: Type '(value: number) => string' is not assignable to type 'Formatter<number, NameType>'.
  Types of parameters 'value' and 'value' are incompatible.
    Type 'number | undefined' is not assignable to type 'number'.
      Type 'undefined' is not assignable to type 'number'.
components/calculators/RDCalculator.tsx(236,37): error TS2322: Type '(value: number) => string' is not assignable to type 'Formatter<number, NameType>'.
  Types of parameters 'value' and 'value' are incompatible.
    Type 'number | undefined' is not assignable to type 'number'.
      Type 'undefined' is not assignable to type 'number'.
components/calculators/RiskQuestionnaire.tsx(50,91): error TS2322: Type '{ value: number; className: string; indicatorClassName: string; }' is not assignable to type 'IntrinsicAttributes & HTMLAttributes<HTMLDivElement> & { value?: number | null | undefined; } & RefAttributes<HTMLDivElement>'.
  Property 'indicatorClassName' does not exist on type 'IntrinsicAttributes & HTMLAttributes<HTMLDivElement> & { value?: number | null | undefined; } & RefAttributes<HTMLDivElement>'.
components/common/AdBanner.tsx(52,66): error TS2339: Property 'id' does not exist on type 'never'.
components/common/AdBanner.tsx(53,46): error TS2339: Property 'impressions' does not exist on type 'never'.
components/common/Analytics.tsx(15,9): error TS2687: All declarations of 'gtag' must have identical modifiers.
components/common/Analytics.tsx(15,9): error TS2717: Subsequent property declarations must have the same type.  Property 'gtag' must be of type '((...args: any[]) => void) | undefined', but here has type '(command: string, targetId: string, config?: any) => void'.
components/common/AssetAllocation.tsx(80,92): error TS2304: Cannot find name 'COLORS'.
components/common/EditProfileDialog.tsx(76,28): error TS2339: Property 'updateMe' does not exist on type '{ me: () => Promise<any>; signOut: () => Promise<any>; }'.
components/common/OnboardingFlow.tsx(202,28): error TS2339: Property 'updateMe' does not exist on type '{ me: () => Promise<any>; signOut: () => Promise<any>; }'.
components/common/ReviewSection.tsx(46,37): error TS2551: Property 'Review' does not exist on type '{ Assets: { list: (category?: string | undefined) => Promise<any>; getBySlug: (slug: string) => Promise<any>; search: (term: string) => Promise<any>; }; Article: { ...; }; ... 9 more ...; AffiliateClick: { ...; }; }'. Did you mean 'reviews'?
components/common/ReviewSection.tsx(54,58): error TS2551: Property 'Review' does not exist on type '{ Assets: { list: (category?: string | undefined) => Promise<any>; getBySlug: (slug: string) => Promise<any>; search: (term: string) => Promise<any>; }; Article: { ...; }; ... 9 more ...; AffiliateClick: { ...; }; }'. Did you mean 'reviews'?
components/compare/CompareTray.tsx(11,46): error TS2339: Property 'clearComparison' does not exist on type 'CompareContextType'.
components/compare/ComparisonOutcomeWidget.tsx(17,49): error TS2339: Property 'annualFee' does not exist on type 'RichProduct'.
components/compare/ComparisonOutcomeWidget.tsx(17,76): error TS2339: Property 'annualFee' does not exist on type 'RichProduct'.
components/compare/ComparisonOutcomeWidget.tsx(17,106): error TS2339: Property 'annualFee' does not exist on type 'RichProduct'.
components/compare/ComparisonOutcomeWidget.tsx(83,32): error TS2339: Property 'loungeAccess' does not exist on type 'RichProduct'.
components/compare/ComparisonOutcomeWidget.tsx(114,32): error TS2339: Property 'loungeAccess' does not exist on type 'RichProduct'.
components/compare/ProductSelector.tsx(55,44): error TS2339: Property 'Assets' does not exist on type '{ readonly reviews: { list: (productSlug: string) => Promise<any>; create: (review: { product_slug: string; product_type: string; rating: number; title: string; content: string; user_id: string; }) => Promise<...>; getStats: (productSlug: string) => Promise<...>; }; ... 9 more ...; Rates: { ...; }; }'.
components/comparison/ComparisonTable.tsx(213,27): error TS2322: Type '{ className: string; title: string; }' is not assignable to type 'IntrinsicAttributes & Omit<LucideProps, "ref"> & RefAttributes<SVGSVGElement>'.
  Property 'title' does not exist on type 'IntrinsicAttributes & Omit<LucideProps, "ref"> & RefAttributes<SVGSVGElement>'.
components/comparison/ComparisonTable.tsx(285,10): error TS2304: Cannot find name 'Info'.
components/content/SharableComparisonCard.tsx(181,30): error TS2774: This condition will always return true since this function is always defined. Did you mean to call it instead?
components/content/TweetableQuote.tsx(274,34): error TS2774: This condition will always return true since this function is always defined. Did you mean to call it instead?
components/credit-cards/SpendingPatternPage.tsx(126,63): error TS2339: Property 'provider' does not exist on type 'CreditCard'.
components/credit-cards/SpendingPatternPage.tsx(154,87): error TS2339: Property 'affiliate_link' does not exist on type 'CreditCard'.
components/credit-cards/SpendingPatternPage.tsx(158,96): error TS2339: Property 'affiliate_link' does not exist on type 'CreditCard'.
components/home/CategoryDiscovery.tsx(360,57): error TS2322: Type '{ hidden: { opacity: number; y: number; }; visible: { opacity: number; y: number; transition: { duration: number; ease: string; }; }; }' is not assignable to type 'Variants'.
  Property 'visible' is incompatible with index signature.
    Type '{ opacity: number; y: number; transition: { duration: number; ease: string; }; }' is not assignable to type 'Variant'.
      Type '{ opacity: number; y: number; transition: { duration: number; ease: string; }; }' is not assignable to type 'TargetAndTransition'.
        Type '{ opacity: number; y: number; transition: { duration: number; ease: string; }; }' is not assignable to type '{ transition?: Transition<any> | undefined; transitionEnd?: ResolvedValues | undefined; }'.
          Types of property 'transition' are incompatible.
            Type '{ duration: number; ease: string; }' is not assignable to type 'Transition<any> | undefined'.
              Type '{ duration: number; ease: string; }' is not assignable to type 'TransitionWithValueOverrides<any>'.
                Type '{ duration: number; ease: string; }' is not assignable to type 'ValueAnimationTransition<any>'.
                  Types of property 'ease' are incompatible.
                    Type 'string' is not assignable to type 'Easing | Easing[] | undefined'.
components/home/DiscoveryWizard.tsx(274,27): error TS2322: Type '{ className: string; }' is not assignable to type 'IntrinsicAttributes'.
  Property 'className' does not exist on type 'IntrinsicAttributes'.
components/home/EditorialArticles.tsx(100,24): error TS7006: Parameter 'a' implicitly has an 'any' type.
components/home/EditorialArticles.tsx(100,27): error TS7006: Parameter 'b' implicitly has an 'any' type.
components/home/HeroSection.tsx(25,32): error TS2304: Cannot find name 'HERO_SLIDES'.
components/home/HeroSection.tsx(25,54): error TS7006: Parameter 'slide' implicitly has an 'any' type.
components/home/HeroSection.tsx(36,52): error TS2304: Cannot find name 'HERO_SLIDES'.
components/home/HeroSection.tsx(41,19): error TS2304: Cannot find name 'HERO_SLIDES'.
components/home/HeroSection.tsx(145,86): error TS2304: Cannot find name 'HERO_SLIDES'.
components/home/HeroSection.tsx(145,108): error TS2304: Cannot find name 'HERO_SLIDES'.
components/home/HeroSection.tsx(154,34): error TS2304: Cannot find name 'HERO_SLIDES'.
components/home/HeroSection.tsx(154,51): error TS7006: Parameter '_' implicitly has an 'any' type.
components/home/HeroSection.tsx(154,54): error TS7006: Parameter 'idx' implicitly has an 'any' type.
components/home/HeroSection.tsx(174,87): error TS2304: Cannot find name 'HERO_SLIDES'.
components/home/HeroSection.tsx(190,52): error TS2304: Cannot find name 'HERO_SLIDES'.
components/home/TopPicks.tsx(20,37): error TS2339: Property 'name' does not exist on type 'never'.
components/home/TopPicks.tsx(21,40): error TS2339: Property 'returns_3y' does not exist on type 'never'.
components/home/TopPicks.tsx(21,58): error TS2339: Property 'returns_3y' does not exist on type 'never'.
components/home/TopPicks.tsx(22,39): error TS2339: Property 'rating' does not exist on type 'never'.
components/home/TopPicks.tsx(23,41): error TS2339: Property 'category' does not exist on type 'never'.
components/home/TopPicks.tsx(24,37): error TS2339: Property 'slug' does not exist on type 'never'.
components/home/TopPicks.tsx(27,41): error TS2339: Property 'filter' does not exist on type '{ list: () => Promise<any>; get: (slug: string) => Promise<any>; }'.
components/home/TopPicks.tsx(27,74): error TS7006: Parameter 'brokers' implicitly has an 'any' type.
components/home/TopPicks.tsx(28,49): error TS7006: Parameter 'b' implicitly has an 'any' type.
components/home/TopPicks.tsx(37,37): error TS2339: Property 'name' does not exist on type 'never'.
components/home/TopPicks.tsx(38,42): error TS2339: Property 'highlight' does not exist on type 'never'.
components/home/TopPicks.tsx(39,39): error TS2339: Property 'reward_description' does not exist on type 'never'.
components/home/TopPicks.tsx(40,37): error TS2339: Property 'slug' does not exist on type 'never'.
components/home/TopPicks.tsx(87,57): error TS7006: Parameter 'fund' implicitly has an 'any' type.
components/home/TopPicks.tsx(87,63): error TS7006: Parameter 'index' implicitly has an 'any' type.
components/home/TopPicks.tsx(129,53): error TS7006: Parameter 'broker' implicitly has an 'any' type.
components/home/TopPicks.tsx(129,61): error TS7006: Parameter 'index' implicitly has an 'any' type.
components/home/TopPicks.tsx(164,57): error TS7006: Parameter 'card' implicitly has an 'any' type.
components/home/TopPicks.tsx(164,63): error TS7006: Parameter 'index' implicitly has an 'any' type.
components/home/TrustSection.tsx(150,41): error TS2322: Type '{ value: number; prefix: string; suffix: string; }' is not assignable to type 'IntrinsicAttributes & CounterProps'.
  Property 'value' does not exist on type 'IntrinsicAttributes & CounterProps'.
components/layout/Footer.tsx(294,61): error TS2345: Argument of type 'string | undefined' is not assignable to parameter of type 'string'.
  Type 'undefined' is not assignable to type 'string'.
components/linkable-assets/LiveRateTable.tsx(124,13): error TS18048: 'aVal' is possibly 'undefined'.
components/linkable-assets/LiveRateTable.tsx(124,20): error TS18048: 'bVal' is possibly 'undefined'.
components/linkable-assets/LiveRateTable.tsx(125,13): error TS18048: 'aVal' is possibly 'undefined'.
components/linkable-assets/LiveRateTable.tsx(125,20): error TS18048: 'bVal' is possibly 'undefined'.
components/monetization/SmartContextualOffers.tsx(12,26): error TS2307: Cannot find module '@/components/ui/skeleton' or its corresponding type declarations.
components/monetization/SmartContextualOffers.tsx(30,56): error TS2339: Property 'filter' does not exist on type '{ list: (orderBy?: string, limit?: number) => Promise<any>; }'.
components/news/ContextualNewsWidget.tsx(66,96): error TS7006: Parameter 'payload' implicitly has an 'any' type.
components/performance/WebVitalsTracker.tsx(16,15): error TS7030: Not all code paths return a value.
components/products/AlternativesCarousel.tsx(59,39): error TS2339: Property 'toFixed' does not exist on type 'ProductRating'.
components/products/ApplicationFlow.tsx(152,33): error TS2322: Type '((event: { type: string; productId: string; }) => void) | undefined' is not assignable to type '((event: { type: string; productId?: string | undefined; articleId?: string | null | undefined; }) => void) | undefined'.
  Type '(event: { type: string; productId: string; }) => void' is not assignable to type '(event: { type: string; productId?: string | undefined; articleId?: string | null | undefined; }) => void'.
    Types of parameters 'event' and 'event' are incompatible.
      Type '{ type: string; productId?: string | undefined; articleId?: string | null | undefined; }' is not assignable to type '{ type: string; productId: string; }'.
        Types of property 'productId' are incompatible.
          Type 'string | undefined' is not assignable to type 'string'.
            Type 'undefined' is not assignable to type 'string'.
components/products/ProductCard.tsx(35,60): error TS2345: Argument of type 'Product' is not assignable to parameter of type 'RichProduct'.
  Type 'Product' is missing the following properties from type 'RichProduct': key_features, is_verified
components/products/ProductCategoryTabs.tsx(41,39): error TS2604: JSX element type 'Icon' does not have any construct or call signatures.
components/products/TopPicksSidebar.tsx(24,63): error TS2345: Argument of type 'ProductCategory' is not assignable to parameter of type 'ProductListParams | undefined'.
  Type 'string' is not assignable to type 'ProductListParams'.
components/providers/QueryProvider.tsx(42,17): error TS2353: Object literal may only specify known properties, and 'onError' does not exist in type 'OmitKeyof<QueryObserverOptions<unknown, Error, unknown, unknown, readonly unknown[], never>, "suspense" | "queryKey", "strictly">'.
components/providers/QueryProvider.tsx(50,35): error TS7006: Parameter 'previousValue' implicitly has an 'any' type.
components/reviews/ProductReviews.tsx(28,45): error TS7031: Binding element 'user' implicitly has an 'any' type.
components/smart-comparison/CardComboOptimizer.tsx(232,87): error TS2339: Property 'provider' does not exist on type 'CreditCard'.
components/smart-comparison/DecisionMatrix.tsx(179,78): error TS2339: Property 'provider' does not exist on type 'CreditCard'.
components/smart-comparison/WhatIfSimulator.tsx(198,37): error TS7006: Parameter 'value' implicitly has an 'any' type.
components/smart-comparison/WhatIfSimulator.tsx(313,35): error TS7006: Parameter 'value' implicitly has an 'any' type.
components/smart-comparison/WhatIfSimulator.tsx(321,44): error TS2339: Property 'provider' does not exist on type 'CreditCard'.
components/ui/motion.tsx(43,7): error TS2322: Type '{ hidden: { opacity: number; y: number; x: number; }; visible: { opacity: number; y: number; x: number; transition: { duration: number; delay: number; ease: string; }; }; }' is not assignable to type 'Variants'.
  Property 'visible' is incompatible with index signature.
    Type '{ opacity: number; y: number; x: number; transition: { duration: number; delay: number; ease: string; }; }' is not assignable to type 'Variant'.
      Type '{ opacity: number; y: number; x: number; transition: { duration: number; delay: number; ease: string; }; }' is not assignable to type 'TargetAndTransition'.
        Type '{ opacity: number; y: number; x: number; transition: { duration: number; delay: number; ease: string; }; }' is not assignable to type '{ transition?: Transition<any> | undefined; transitionEnd?: ResolvedValues | undefined; }'.
          Types of property 'transition' are incompatible.
            Type '{ duration: number; delay: number; ease: string; }' is not assignable to type 'Transition<any> | undefined'.
              Type '{ duration: number; delay: number; ease: string; }' is not assignable to type 'TransitionWithValueOverrides<any>'.
                Type '{ duration: number; delay: number; ease: string; }' is not assignable to type 'ValueAnimationTransition<any>'.
                  Types of property 'ease' are incompatible.
                    Type 'string' is not assignable to type 'Easing | Easing[] | undefined'.
components/widgets/DecisionHelper.tsx(98,1): error TS2322: Type '({ id: string; title: string; description: string; icon: ForwardRefExoticComponent<Omit<LucideProps, "ref"> & RefAttributes<SVGSVGElement>>; href: string; color: string; badge: string; } | { ...; })[]' is not assignable to type 'never[]'.
  Type '{ id: string; title: string; description: string; icon: ForwardRefExoticComponent<Omit<LucideProps, "ref"> & RefAttributes<SVGSVGElement>>; href: string; color: string; badge: string; } | { ...; }' is not assignable to type 'never'.
    Type '{ id: string; title: string; description: string; icon: React.ForwardRefExoticComponent<Omit<LucideProps, "ref"> & React.RefAttributes<SVGSVGElement>>; href: string; color: string; badge: string; }' is not assignable to type 'never'.
components/widgets/ExpertBylineWidget.tsx(80,18): error TS2304: Cannot find name 'AnimatePresence'.
components/widgets/ExpertBylineWidget.tsx(133,11): error TS2304: Cannot find name 'AnimatePresence'.
hooks/useHomepageOptimizations.ts(20,39): error TS2339: Property 'renderTime' does not exist on type 'PerformancePaintTiming'.
hooks/useHomepageOptimizations.ts(20,63): error TS2339: Property 'loadTime' does not exist on type 'PerformancePaintTiming'.
hooks/useHomepageOptimizations.ts(134,9): error TS2687: All declarations of 'gtag' must have identical modifiers.
lib/agents/affiliate-agent.ts(96,53): error TS2345: Argument of type 'string | undefined' is not assignable to parameter of type 'string'.
  Type 'undefined' is not assignable to type 'string'.
lib/agents/bulk-generation-agent.ts(303,50): error TS2339: Property 'error' does not exist on type '{ batchNumber: number; result: OrchestrationResult; success: boolean; } | { batchNumber: number; result: null; success: boolean; error: any; }'.
  Property 'error' does not exist on type '{ batchNumber: number; result: OrchestrationResult; success: boolean; }'.
lib/agents/content-agent.ts(81,17): error TS2353: Object literal may only specify known properties, and 'serpInsights' does not exist in type 'ArticleGenerationParams'.
lib/agents/content-agent.ts(96,25): error TS2339: Property 'serp_analysis' does not exist on type 'GeneratedArticleResult'.
lib/agents/economic-intelligence-agent.ts(195,45): error TS2339: Property 'avgROI' does not exist on type '{ totalROI: number; totalProfit: number; count: number; }'.
lib/agents/economic-intelligence-agent.ts(303,53): error TS2345: Argument of type 'string | undefined' is not assignable to parameter of type 'string'.
  Type 'undefined' is not assignable to type 'string'.
lib/agents/economic-intelligence-agent.ts(317,51): error TS2345: Argument of type 'string | undefined' is not assignable to parameter of type 'string'.
  Type 'undefined' is not assignable to type 'string'.
lib/agents/keyword-agent.ts(64,35): error TS2339: Property 'searchVolume' does not exist on type 'KeywordResearchResult'.
lib/agents/keyword-agent.ts(69,49): error TS2339: Property 'searchVolume' does not exist on type 'KeywordResearchResult'.
lib/agents/keyword-agent.ts(72,55): error TS2551: Property 'longTailKeywords' does not exist on type 'KeywordResearchResult'. Did you mean 'long_tail_keywords'?
lib/agents/keyword-agent.ts(73,53): error TS2551: Property 'semanticKeywords' does not exist on type 'KeywordResearchResult'. Did you mean 'semantic_keywords'?
lib/agents/keyword-agent.ts(74,48): error TS2551: Property 'lsiKeywords' does not exist on type 'KeywordResearchResult'. Did you mean 'lsi_keywords'?
lib/agents/keyword-agent.ts(75,52): error TS2339: Property 'titleVariations' does not exist on type 'KeywordResearchResult'.
lib/agents/orchestrator.ts(257,29): error TS2353: Object literal may only specify known properties, and 'author_name' does not exist in type 'ArticleMetadata'.
lib/agents/quality-agent.ts(45,40): error TS2554: Expected 2-3 arguments, but got 1.
lib/agents/quality-agent.ts(66,31): error TS2339: Property 'eeat' does not exist on type 'QualityScore'.
lib/agents/quality-agent.ts(78,50): error TS2339: Property 'passes' does not exist on type 'QualityGateResult'.
lib/agents/quality-agent.ts(84,40): error TS2339: Property 'eeat' does not exist on type 'QualityScore'.
lib/agents/quality-agent.ts(93,68): error TS2339: Property 'passes' does not exist on type 'QualityGateResult'.
lib/agents/repurpose-agent.ts(132,60): error TS2345: Argument of type 'string | undefined' is not assignable to parameter of type 'string'.
  Type 'undefined' is not assignable to type 'string'.
lib/agents/risk-compliance-agent.ts(79,21): error TS18048: 'verification.flags' is possibly 'undefined'.
lib/agents/risk-compliance-agent.ts(79,65): error TS18048: 'assessment.flags' is possibly 'undefined'.
lib/agents/risk-compliance-agent.ts(80,21): error TS18048: 'verification.flags' is possibly 'undefined'.
lib/agents/risk-compliance-agent.ts(80,57): error TS18048: 'assessment.flags' is possibly 'undefined'.
lib/agents/risk-compliance-agent.ts(83,25): error TS18048: 'verification.riskScore' is possibly 'undefined'.
lib/agents/risk-compliance-agent.ts(83,50): error TS18048: 'assessment.riskScore' is possibly 'undefined'.
lib/agents/risk-compliance-agent.ts(95,19): error TS2322: Type '{ verificationStatus: "verified" | "flagged"; canAutoPublish: boolean; requiresManualReview: boolean; verificationConflict: boolean; riskScore?: number | undefined; riskLevel?: "low" | "medium" | "high" | "critical" | undefined; flags?: { ...; } | undefined; }' is not assignable to type 'RiskAssessment'.
  Types of property 'riskScore' are incompatible.
    Type 'number | undefined' is not assignable to type 'number'.
      Type 'undefined' is not assignable to type 'number'.
lib/agents/social-agent.ts(99,56): error TS2345: Argument of type 'string | undefined' is not assignable to parameter of type 'string'.
  Type 'undefined' is not assignable to type 'string'.
lib/agents/tracking-agent.ts(141,37): error TS2345: Argument of type 'string | undefined' is not assignable to parameter of type 'string'.
  Type 'undefined' is not assignable to type 'string'.
lib/ai/content-pipeline.ts(138,97): error TS2554: Expected 1-2 arguments, but got 3.
lib/ai/dynamic-prompt-builder.ts(346,32): error TS2345: Argument of type 'import("C:/Users/shivp/Desktop/InvestingPro_App/lib/prompts/category-prompts").FinanceCategory' is not assignable to parameter of type 'import("C:/Users/shivp/Desktop/InvestingPro_App/lib/content/content-schema").FinanceCategory'.
  Type '"credit-cards"' is not assignable to type 'FinanceCategory'. Did you mean '"credit_cards"'?
lib/ai/dynamic-prompt-builder.ts(347,32): error TS2345: Argument of type 'import("C:/Users/shivp/Desktop/InvestingPro_App/lib/prompts/category-prompts").FinanceCategory' is not assignable to parameter of type 'import("C:/Users/shivp/Desktop/InvestingPro_App/lib/content/content-schema").FinanceCategory'.
  Type '"credit-cards"' is not assignable to type 'FinanceCategory'. Did you mean '"credit_cards"'?
lib/ai/dynamic-prompt-builder.ts(366,9): error TS2353: Object literal may only specify known properties, and 'tone' does not exist in type '{ writer: string; subcategory: string; category: string; contentType: string; }'.
lib/ai/image-generator.ts(57,12): error TS18048: 'response.data' is possibly 'undefined'.
lib/ai/image-generator.ts(81,12): error TS18048: 'response.data' is possibly 'undefined'.
lib/ai/orchestrator.ts(362,51): error TS2769: No overload matches this call.
  Overload 1 of 2, '(values: never, options?: { count?: "exact" | "planned" | "estimated" | undefined; } | undefined): PostgrestFilterBuilder<{ PostgrestVersion: string; }, never, never, null, "ai_usage_analytics", never, "POST">', gave the following error.
    Argument of type '{ provider: AIProvider; task_type: TaskType; tokens_used: number; cost_usd: number; latency_ms: number; quality_score: number | undefined; timestamp: string; }' is not assignable to parameter of type 'never'.
  Overload 2 of 2, '(values: never[], options?: { count?: "exact" | "planned" | "estimated" | undefined; defaultToNull?: boolean | undefined; } | undefined): PostgrestFilterBuilder<{ PostgrestVersion: string; }, never, never, null, "ai_usage_analytics", never, "POST">', gave the following error.
    Object literal may only specify known properties, and 'provider' does not exist in type 'never[]'.
lib/ai/orchestrator.ts(490,65): error TS2339: Property 'cost_usd' does not exist on type 'never'.
lib/ai/orchestrator.ts(491,67): error TS2339: Property 'tokens_used' does not exist on type 'never'.
lib/ai/orchestrator.ts(495,34): error TS2339: Property 'provider' does not exist on type 'never'.
lib/ai/orchestrator.ts(496,33): error TS2339: Property 'provider' does not exist on type 'never'.
lib/ai/orchestrator.ts(498,29): error TS2339: Property 'provider' does not exist on type 'never'.
lib/ai/orchestrator.ts(499,29): error TS2339: Property 'provider' does not exist on type 'never'.
lib/ai/orchestrator.ts(499,52): error TS2339: Property 'cost_usd' does not exist on type 'never'.
lib/alerts/alert-manager.ts(121,18): error TS2339: Property 'from' does not exist on type 'Promise<any>'.
lib/alerts/alert-manager.ts(148,18): error TS2339: Property 'from' does not exist on type 'Promise<any>'.
lib/analytics/ab-testing.ts(86,49): error TS2345: Argument of type 'unknown' is not assignable to parameter of type 'Error | undefined'.
lib/analytics/ab-testing.ts(128,51): error TS2345: Argument of type 'unknown' is not assignable to parameter of type 'Error | undefined'.
lib/analytics/ab-testing.ts(156,51): error TS2345: Argument of type 'unknown' is not assignable to parameter of type 'Error | undefined'.
lib/analytics/ab-testing.ts(194,52): error TS2345: Argument of type 'unknown' is not assignable to parameter of type 'Error | undefined'.
lib/analytics/ab-testing.ts(271,52): error TS2345: Argument of type 'unknown' is not assignable to parameter of type 'Error | undefined'.
lib/analytics/ab-testing.ts(294,45): error TS2345: Argument of type 'unknown' is not assignable to parameter of type 'Error | undefined'.
lib/analytics/content-performance.ts(114,59): error TS2345: Argument of type 'unknown' is not assignable to parameter of type 'Error | undefined'.
lib/analytics/content-performance.ts(156,62): error TS2345: Argument of type 'unknown' is not assignable to parameter of type 'Error | undefined'.
lib/analytics/content-performance.ts(183,75): error TS7006: Parameter 'w' implicitly has an 'any' type.
lib/analytics/content-performance.ts(184,27): error TS7006: Parameter 'word' implicitly has an 'any' type.
lib/analytics/content-performance.ts(219,52): error TS2345: Argument of type 'unknown' is not assignable to parameter of type 'Error | undefined'.
lib/analytics/content-performance.ts(299,63): error TS2345: Argument of type 'unknown' is not assignable to parameter of type 'Error | undefined'.
lib/analytics/revenue-attribution.ts(450,52): error TS2353: Object literal may only specify known properties, and 'error' does not exist in type 'Error'.
lib/analytics/revenue-attribution.ts(470,60): error TS2353: Object literal may only specify known properties, and 'error' does not exist in type 'Error'.
lib/analytics/revenue-attribution.ts(505,52): error TS2353: Object literal may only specify known properties, and 'error' does not exist in type 'Error'.
lib/analytics/revenue-attribution.ts(518,50): error TS2353: Object literal may only specify known properties, and 'error' does not exist in type 'Error'.
lib/analytics/revenue-attribution.ts(536,44): error TS2339: Property 'partner_id' does not exist on type '{ id: any; name: any; revenue: any; partner_id: any; affiliate_partners: { name: any; category: any; }[]; }[]'.
lib/analytics/revenue-attribution.ts(537,46): error TS2339: Property 'affiliate_partners' does not exist on type '{ id: any; name: any; revenue: any; partner_id: any; affiliate_partners: { name: any; category: any; }[]; }[]'.
lib/analytics/revenue-attribution.ts(538,40): error TS2339: Property 'revenue' does not exist on type '{ id: any; name: any; revenue: any; partner_id: any; affiliate_partners: { name: any; category: any; }[]; }[]'.
lib/analytics/revenue-attribution.ts(541,48): error TS2339: Property 'affiliate_partners' does not exist on type '{ id: any; name: any; revenue: any; partner_id: any; affiliate_partners: { name: any; category: any; }[]; }[]'.
lib/analytics/revenue-attribution.ts(600,56): error TS2353: Object literal may only specify known properties, and 'error' does not exist in type 'Error'.
lib/analytics/revenue-attribution.ts(629,53): error TS2353: Object literal may only specify known properties, and 'error' does not exist in type 'Error'.
lib/analytics/revenue-attribution.ts(658,54): error TS2353: Object literal may only specify known properties, and 'error' does not exist in type 'Error'.
lib/analytics/revenue-predictor.ts(208,60): error TS2353: Object literal may only specify known properties, and 'error' does not exist in type 'Error'.
lib/analytics/revenue-predictor.ts(257,54): error TS2353: Object literal may only specify known properties, and 'error' does not exist in type 'Error'.
lib/analytics/revenue-predictor.ts(288,59): error TS2353: Object literal may only specify known properties, and 'error' does not exist in type 'Error'.
lib/analytics/revenue-predictor.ts(325,55): error TS2353: Object literal may only specify known properties, and 'error' does not exist in type 'Error'.
lib/analytics/revenue-predictor.ts(540,47): error TS2353: Object literal may only specify known properties, and 'error' does not exist in type 'Error'.
lib/analytics/revenue-predictor.ts(584,49): error TS2353: Object literal may only specify known properties, and 'error' does not exist in type 'Error'.
lib/analytics/revenue-predictor.ts(620,58): error TS2353: Object literal may only specify known properties, and 'error' does not exist in type 'Error'.
lib/analytics/revenue-predictor.ts(691,52): error TS2353: Object literal may only specify known properties, and 'error' does not exist in type 'Error'.
lib/analytics/service.ts(101,49): error TS7006: Parameter 'sum' implicitly has an 'any' type.
lib/analytics/service.ts(101,54): error TS7006: Parameter 'a' implicitly has an 'any' type.
lib/analytics/service.ts(105,60): error TS7006: Parameter 'a' implicitly has an 'any' type.
lib/analytics/service.ts(118,25): error TS7006: Parameter 'a' implicitly has an 'any' type.
lib/analytics/service.ts(120,22): error TS7006: Parameter 'a' implicitly has an 'any' type.
lib/analytics/service.ts(131,30): error TS7006: Parameter 'a' implicitly has an 'any' type.
lib/analytics/user-behavior.ts(79,50): error TS2345: Argument of type 'unknown' is not assignable to parameter of type 'Error | undefined'.
lib/analytics/user-behavior.ts(108,51): error TS2345: Argument of type 'unknown' is not assignable to parameter of type 'Error | undefined'.
lib/analytics/user-behavior.ts(159,50): error TS2345: Argument of type 'unknown' is not assignable to parameter of type 'Error | undefined'.
lib/analytics/user-behavior.ts(195,55): error TS2345: Argument of type 'unknown' is not assignable to parameter of type 'Error | undefined'.
lib/analytics/user-behavior.ts(257,53): error TS2345: Argument of type 'unknown' is not assignable to parameter of type 'Error | undefined'.
lib/analytics/user-behavior.ts(299,58): error TS2345: Argument of type 'unknown' is not assignable to parameter of type 'Error | undefined'.
lib/analytics/user-behavior.ts(349,55): error TS2345: Argument of type 'unknown' is not assignable to parameter of type 'Error | undefined'.
lib/api.ts(966,41): error TS7006: Parameter 'i' implicitly has an 'any' type.
lib/api.ts(1036,42): error TS7006: Parameter 'acc' implicitly has an 'any' type.
lib/api.ts(1036,47): error TS7006: Parameter 'curr' implicitly has an 'any' type.
lib/api/middleware/with-auth.ts(22,56): error TS2339: Property 'auth' does not exist on type 'Promise<any>'.
lib/api/middleware/with-auth.ts(52,8): error TS2339: Property 'from' does not exist on type 'Promise<any>'.
lib/api/middleware/with-auth.ts(75,49): error TS2339: Property 'auth' does not exist on type 'Promise<any>'.
lib/api/middleware/with-validation.ts(31,30): error TS2339: Property 'errors' does not exist on type 'ZodError<unknown>'.
lib/api/middleware/with-validation.ts(31,41): error TS7006: Parameter 'err' implicitly has an 'any' type.
lib/api/middleware/with-validation.ts(66,30): error TS2339: Property 'errors' does not exist on type 'ZodError<unknown>'.
lib/api/middleware/with-validation.ts(66,41): error TS7006: Parameter 'err' implicitly has an 'any' type.
lib/api/openapi-generator.ts(87,27): error TS2339: Property 'kind' does not exist on type '$ZodCheck<string>'.
lib/api/openapi-generator.ts(88,53): error TS2339: Property 'value' does not exist on type '$ZodCheck<string>'.
lib/api/openapi-generator.ts(89,34): error TS2339: Property 'kind' does not exist on type '$ZodCheck<string>'.
lib/api/openapi-generator.ts(90,53): error TS2339: Property 'value' does not exist on type '$ZodCheck<string>'.
lib/api/openapi-generator.ts(91,34): error TS2339: Property 'kind' does not exist on type '$ZodCheck<string>'.
lib/api/openapi-generator.ts(93,34): error TS2339: Property 'kind' does not exist on type '$ZodCheck<string>'.
lib/api/openapi-generator.ts(95,34): error TS2339: Property 'kind' does not exist on type '$ZodCheck<string>'.
lib/api/openapi-generator.ts(97,34): error TS2339: Property 'kind' does not exist on type '$ZodCheck<string>'.
lib/api/openapi-generator.ts(98,51): error TS2339: Property 'regex' does not exist on type '$ZodCheck<string>'.
lib/api/openapi-generator.ts(113,27): error TS2339: Property 'kind' does not exist on type '$ZodCheck<never>'.
lib/api/openapi-generator.ts(114,51): error TS2339: Property 'value' does not exist on type '$ZodCheck<never>'.
lib/api/openapi-generator.ts(115,34): error TS2339: Property 'kind' does not exist on type '$ZodCheck<never>'.
lib/api/openapi-generator.ts(116,51): error TS2339: Property 'value' does not exist on type '$ZodCheck<never>'.
lib/api/openapi-generator.ts(117,34): error TS2339: Property 'kind' does not exist on type '$ZodCheck<never>'.
lib/api/openapi-generator.ts(137,31): error TS2339: Property 'values' does not exist on type '$ZodEnumDef<Readonly<Record<string, EnumValue>>>'.
lib/api/openapi-generator.ts(144,33): error TS2345: Argument of type 'string' is not assignable to parameter of type 'ZodType<unknown, unknown, $ZodTypeInternals<unknown, unknown>>'.
lib/api/openapi-generator.ts(156,17): error TS2367: This comparison appears to be unintentional because the types 'boolean' and 'string' have no overlap.
lib/api/openapi-generator.ts(156,47): error TS2339: Property 'typeName' does not exist on type '$ZodTypeDef'.
lib/api/openapi-generator.ts(169,29): error TS2345: Argument of type '$ZodType<unknown, unknown, $ZodTypeInternals<unknown, unknown>>' is not assignable to parameter of type 'ZodType<unknown, unknown, $ZodTypeInternals<unknown, unknown>>'.
  Type '$ZodType<unknown, unknown, $ZodTypeInternals<unknown, unknown>>' is missing the following properties from type 'ZodType<unknown, unknown, $ZodTypeInternals<unknown, unknown>>': def, type, _def, _output, and 42 more.
lib/api/openapi-generator.ts(173,29): error TS2345: Argument of type '$ZodType<unknown, unknown, $ZodTypeInternals<unknown, unknown>>' is not assignable to parameter of type 'ZodType<unknown, unknown, $ZodTypeInternals<unknown, unknown>>'.
  Type '$ZodType<unknown, unknown, $ZodTypeInternals<unknown, unknown>>' is missing the following properties from type 'ZodType<unknown, unknown, $ZodTypeInternals<unknown, unknown>>': def, type, _def, _output, and 42 more.
lib/api/openapi-generator.ts(177,29): error TS2345: Argument of type '$ZodType<unknown, unknown, $ZodTypeInternals<unknown, unknown>>' is not assignable to parameter of type 'ZodType<unknown, unknown, $ZodTypeInternals<unknown, unknown>>'.
  Type '$ZodType<unknown, unknown, $ZodTypeInternals<unknown, unknown>>' is missing the following properties from type 'ZodType<unknown, unknown, $ZodTypeInternals<unknown, unknown>>': def, type, _def, _output, and 42 more.
lib/auth/admin-auth.ts(22,8): error TS2339: Property 'from' does not exist on type 'Promise<any>'.
lib/auth/admin-auth.ts(49,8): error TS2339: Property 'from' does not exist on type 'Promise<any>'.
lib/auth/admin-auth.ts(69,52): error TS2339: Property 'auth' does not exist on type 'Promise<any>'.
lib/auth/admin-auth.ts(90,52): error TS2339: Property 'auth' does not exist on type 'Promise<any>'.
lib/auth/admin-auth.ts(112,54): error TS2339: Property 'auth' does not exist on type 'Promise<any>'.
lib/auth/admin-auth.ts(119,8): error TS2339: Property 'from' does not exist on type 'Promise<any>'.
lib/automation/anomaly-detector.ts(380,12): error TS7006: Parameter 'sum' implicitly has an 'any' type.
lib/automation/anomaly-detector.ts(380,17): error TS7006: Parameter 'a' implicitly has an 'any' type.
lib/automation/anomaly-detector.ts(770,9): error TS2367: This comparison appears to be unintentional because the types '"" | ArticleCategory' and '"crypto"' have no overlap.
lib/automation/article-generator.ts(10,27): error TS2305: Module '"@/lib/quality/plagiarism-checker"' has no exported member 'generatePlagiarismReport'.
lib/automation/article-generator.ts(79,30): error TS2551: Property 'keywords' does not exist on type 'ResearchBrief'. Did you mean 'keyword'?
lib/automation/article-generator.ts(123,30): error TS2551: Property 'keywords' does not exist on type 'ResearchBrief'. Did you mean 'keyword'?
lib/automation/article-generator.ts(241,5): error TS2322: Type 'string' is not assignable to type '{ systemPrompt: string; userPrompt: string; }'.
lib/automation/article-generator.ts(436,15): error TS2304: Cannot find name 'eventPublisher'.
lib/automation/article-generator.ts(437,19): error TS2304: Cannot find name 'EventType'.
lib/automation/article-generator.ts(682,39): error TS2554: Expected 2-4 arguments, but got 1.
lib/automation/article-generator.ts(683,52): error TS2339: Property 'unique_content_percentage' does not exist on type 'PlagiarismResult'.
lib/automation/article-generator.ts(687,54): error TS2551: Property 'is_plagiarized' does not exist on type 'PlagiarismResult'. Did you mean 'isPlagiarized'?
lib/automation/article-generator.ts(687,88): error TS2339: Property 'similarity_percentage' does not exist on type 'PlagiarismResult'.
lib/automation/article-generator.ts(693,83): error TS2339: Property 'similarity_percentage' does not exist on type 'PlagiarismResult'.
lib/automation/article-generator.ts(748,55): error TS2339: Property 'similarity_percentage' does not exist on type 'PlagiarismResult'.
lib/automation/article-generator.ts(798,47): error TS2339: Property 'unique_content_percentage' does not exist on type 'PlagiarismResult'.
lib/automation/article-generator.ts(802,85): error TS2551: Property 'is_plagiarized' does not exist on type 'PlagiarismResult'. Did you mean 'isPlagiarized'?
lib/automation/article-generator.ts(838,21): error TS2769: No overload matches this call.
  Overload 1 of 2, '(values: never, options?: { count?: "exact" | "planned" | "estimated" | undefined; } | undefined): PostgrestFilterBuilder<{ PostgrestVersion: string; }, never, never, null, "articles", never, "POST">', gave the following error.
    Argument of type '{ title: string; slug: string; body_html: string; body_markdown: string; content: string; excerpt: string; meta_title: string; meta_description: string; seo_title: string; seo_description: string; ... 20 more ...; author_name: string; }' is not assignable to parameter of type 'never'.
  Overload 2 of 2, '(values: never[], options?: { count?: "exact" | "planned" | "estimated" | undefined; defaultToNull?: boolean | undefined; } | undefined): PostgrestFilterBuilder<{ PostgrestVersion: string; }, never, never, null, "articles", never, "POST">', gave the following error.
    Argument of type '{ title: string; slug: string; body_html: string; body_markdown: string; content: string; excerpt: string; meta_title: string; meta_description: string; seo_title: string; seo_description: string; ... 20 more ...; author_name: string; }' is not assignable to parameter of type 'never[]'.
      Type '{ title: string; slug: string; body_html: string; body_markdown: string; content: string; excerpt: string; meta_title: string; meta_description: string; seo_title: string; seo_description: string; ... 20 more ...; author_name: string; }' is missing the following properties from type 'never[]': length, pop, push, concat, and 35 more.
lib/automation/article-generator.ts(848,23): error TS2304: Cannot find name 'triggerArticlePublishingWorkflow'.
lib/automation/article-generator.ts(848,64): error TS2339: Property 'id' does not exist on type 'never'.
lib/automation/article-generator.ts(849,108): error TS2339: Property 'id' does not exist on type 'never'.
lib/automation/article-generator.ts(858,23): error TS2304: Cannot find name 'eventPublisher'.
lib/automation/article-generator.ts(859,27): error TS2304: Cannot find name 'EventType'.
lib/automation/article-generator.ts(862,44): error TS2339: Property 'id' does not exist on type 'never'.
lib/automation/article-generator.ts(863,40): error TS2339: Property 'title' does not exist on type 'never'.
lib/automation/article-generator.ts(864,39): error TS2339: Property 'slug' does not exist on type 'never'.
lib/automation/article-generator.ts(865,43): error TS2339: Property 'author_id' does not exist on type 'never'.
lib/automation/article-generator.ts(871,27): error TS2304: Cannot find name 'eventPublisher'.
lib/automation/article-generator.ts(872,31): error TS2304: Cannot find name 'EventType'.
lib/automation/article-generator.ts(875,48): error TS2339: Property 'id' does not exist on type 'never'.
lib/automation/article-generator.ts(876,43): error TS2339: Property 'slug' does not exist on type 'never'.
lib/automation/article-generator.ts(877,50): error TS2339: Property 'published_at' does not exist on type 'never'.
lib/automation/article-generator.ts(883,23): error TS2304: Cannot find name 'eventPublisher'.
lib/automation/article-generator.ts(884,27): error TS2304: Cannot find name 'EventType'.
lib/automation/article-generator.ts(887,44): error TS2339: Property 'id' does not exist on type 'never'.
lib/automation/article-generator.ts(918,27): error TS2304: Cannot find name 'eventPublisher'.
lib/automation/article-generator.ts(919,31): error TS2304: Cannot find name 'EventType'.
lib/automation/article-generator.ts(948,15): error TS2304: Cannot find name 'eventPublisher'.
lib/automation/article-generator.ts(949,19): error TS2304: Cannot find name 'EventType'.
lib/automation/auto-interlinking.ts(86,36): error TS7006: Parameter 'candidate' implicitly has an 'any' type.
lib/automation/auto-interlinking.ts(97,47): error TS7006: Parameter 'tag' implicitly has an 'any' type.
lib/automation/auto-interlinking.ts(122,54): error TS7006: Parameter 'word' implicitly has an 'any' type.
lib/automation/auto-interlinking.ts(139,17): error TS7006: Parameter 'r' implicitly has an 'any' type.
lib/automation/auto-interlinking.ts(140,16): error TS7006: Parameter 'a' implicitly has an 'any' type.
lib/automation/auto-interlinking.ts(140,19): error TS7006: Parameter 'b' implicitly has an 'any' type.
lib/automation/auto-publisher.ts(403,19): error TS2339: Property 'NOTIFICATION' does not exist on type 'typeof SystemEvent'.
lib/automation/auto-publisher.ts(423,19): error TS2339: Property 'NOTIFICATION' does not exist on type 'typeof SystemEvent'.
lib/automation/auto-publisher.ts(548,36): error TS7006: Parameter 'd' implicitly has an 'any' type.
lib/automation/auto-publisher.ts(549,38): error TS7006: Parameter 'd' implicitly has an 'any' type.
lib/automation/auto-publisher.ts(550,31): error TS7006: Parameter 'd' implicitly has an 'any' type.
lib/automation/auto-publisher.ts(551,30): error TS7006: Parameter 'd' implicitly has an 'any' type.
lib/automation/auto-publisher.ts(558,14): error TS7006: Parameter 'd' implicitly has an 'any' type.
lib/automation/auto-publisher.ts(559,17): error TS7006: Parameter 's' implicitly has an 'any' type.
lib/automation/auto-publisher.ts(563,36): error TS7006: Parameter 'sum' implicitly has an 'any' type.
lib/automation/auto-publisher.ts(563,41): error TS7006: Parameter 's' implicitly has an 'any' type.
lib/automation/confidence-scorer.ts(484,51): error TS7006: Parameter 'sum' implicitly has an 'any' type.
lib/automation/confidence-scorer.ts(484,56): error TS7006: Parameter 'a' implicitly has an 'any' type.
lib/automation/confidence-scorer.ts(530,12): error TS7006: Parameter 'sum' implicitly has an 'any' type.
lib/automation/confidence-scorer.ts(530,17): error TS7006: Parameter 'p' implicitly has an 'any' type.
lib/automation/content-distribution.ts(148,17): error TS2322: Type 'MessagingResult' is not assignable to type '{ telegram: { sent: boolean; successCount: number; failedCount: number; errors: string[]; }; whatsapp: { sent: boolean; successCount: number; failedCount: number; errors: string[]; }; }'.
  The types of 'telegram.errors' are incompatible between these types.
    Type 'string[] | undefined' is not assignable to type 'string[]'.
      Type 'undefined' is not assignable to type 'string[]'.
lib/automation/content-distribution.ts(167,76): error TS2345: Argument of type 'unknown' is not assignable to parameter of type 'Record<string, any> | undefined'.
lib/automation/content-orchestrator.ts(252,48): error TS2339: Property 'scanTrendingTopics' does not exist on type 'GhostScraper'.
lib/automation/content-repurpose.ts(51,13): error TS2353: Object literal may only specify known properties, and 'emailNewsletter' does not exist in type 'RepurposedContent'.
lib/automation/content-repurpose.ts(56,51): error TS2345: Argument of type 'unknown' is not assignable to parameter of type 'Error | undefined'.
lib/automation/control-center.ts(100,38): error TS7006: Parameter 'wf' implicitly has an 'any' type.
lib/automation/control-center.ts(210,45): error TS7006: Parameter 'w' implicitly has an 'any' type.
lib/automation/control-center.ts(211,42): error TS7006: Parameter 'w' implicitly has an 'any' type.
lib/automation/control-center.ts(215,54): error TS7006: Parameter 'w' implicitly has an 'any' type.
lib/automation/control-center.ts(217,42): error TS7006: Parameter 'sum' implicitly has an 'any' type.
lib/automation/control-center.ts(217,47): error TS7006: Parameter 'w' implicitly has an 'any' type.
lib/automation/email-sender.ts(89,25): error TS2561: Object literal may only specify known properties, but 'reply_to' does not exist in type '(Required<Pick<EmailRenderOptions$1, "text">> & Partial<Pick<EmailRenderOptions$1, "html" | "react">> & CreateEmailBaseOptions & { ...; }) | (Required<...> & ... 2 more ... & { ...; }) | (Required<...> & ... 2 more ... & { ...; })'. Did you mean to write 'replyTo'?
lib/automation/image-pipeline.ts(144,50): error TS2339: Property 'cost' does not exist on type 'AIImageResult'.
lib/automation/keyword-content-generator.ts(14,74): error TS2724: '"@/lib/seo/keyword-discovery"' has no exported member named 'DiscoveredKeyword'. Did you mean 'saveDiscoveredKeywords'?
lib/automation/refresh-triggers.ts(66,21): error TS2322: Type 'number | null' is not assignable to type 'number | undefined'.
  Type 'null' is not assignable to type 'number | undefined'.
lib/automation/refresh-triggers.ts(109,57): error TS7006: Parameter 'article' implicitly has an 'any' type.
lib/automation/scheduler.ts(184,33): error TS7006: Parameter 'article' implicitly has an 'any' type.
lib/automation/scheduler.ts(234,38): error TS2554: Expected 3 arguments, but got 2.
lib/automation/seo-optimizer.ts(125,53): error TS2345: Argument of type 'unknown' is not assignable to parameter of type 'Error | undefined'.
lib/automation/workflow-actions.ts(156,36): error TS2339: Property 'NOTIFICATION' does not exist on type 'typeof SystemEvent'.
lib/automation/workflow-actions.ts(530,10): error TS2341: Property 'log' is private and only accessible within class 'Logger'.
lib/automation/workflow-engine.ts(317,44): error TS2353: Object literal may only specify known properties, and 'workflowId' does not exist in type 'Error'.
lib/cache/cache-service.ts(129,52): error TS2556: A spread argument must either have a tuple type or be passed to a rest parameter.
lib/cms/article-service.ts(302,155): error TS2554: Expected 1-2 arguments, but got 3.
lib/cms/article-service.ts(373,141): error TS2554: Expected 1-2 arguments, but got 3.
lib/cms/article-service.ts(455,152): error TS2554: Expected 1-2 arguments, but got 3.
lib/cms/article-service.ts(462,85): error TS2554: Expected 1-2 arguments, but got 3.
lib/cms/article-service.ts(466,145): error TS2554: Expected 1-2 arguments, but got 3.
lib/cms/media-service.ts(68,25): error TS7006: Parameter 'file' implicitly has an 'any' type.
lib/cms/related-articles.ts(86,61): error TS7006: Parameter 'candidate' implicitly has an 'any' type.
lib/cms/related-articles.ts(192,29): error TS7006: Parameter 'article' implicitly has an 'any' type.
lib/cms/related-articles.ts(221,29): error TS7006: Parameter 'article' implicitly has an 'any' type.
lib/cms/related-articles.ts(252,29): error TS7006: Parameter 'article' implicitly has an 'any' type.
lib/content/faq-data.ts(1,10): error TS2614: Module '"@/components/common/FAQAccordion"' has no exported member 'FAQItem'. Did you mean to use 'import FAQItem from "@/components/common/FAQAccordion"' instead?
lib/content/intelligent-renderer.tsx(17,10): error TS2614: Module '"@/components/content/ComparisonTable"' has no exported member 'ComparisonTable'. Did you mean to use 'import ComparisonTable from "@/components/content/ComparisonTable"' instead?
lib/content/normalize.ts(95,13): error TS2353: Object literal may only specify known properties, and 'headerIds' does not exist in type 'MarkedOptions<string, string>'.
lib/content/normalize.ts(158,63): error TS1501: This regular expression flag is only available when targeting 'es2018' or later.
lib/content/normalize.ts(168,63): error TS1501: This regular expression flag is only available when targeting 'es2018' or later.
lib/decision-engines/credit-card-engine.ts(84,52): error TS2367: This comparison appears to be unintentional because the types '"lifetime_free" | "premium" | "rewards" | "Premium" | "Rewards"' and '"fuel"' have no overlap.
lib/decision-engines/credit-card-engine.ts(171,49): error TS2367: This comparison appears to be unintentional because the types '"travel" | "shopping" | "cashback" | "lifetime_free" | "premium" | "rewards" | "Cashback" | "Premium" | "Rewards" | "Travel" | "Shopping"' and '"fuel"' have no overlap.
lib/decision-engines/mutual-fund-engine.ts(95,21): error TS18048: 'fund.rating' is possibly 'undefined'.
lib/decision-engines/mutual-fund-engine.ts(98,28): error TS18048: 'fund.rating' is possibly 'undefined'.
lib/decision-engines/mutual-fund-engine.ts(179,21): error TS18048: 'fund.rating' is possibly 'undefined'.
lib/decision-engines/smart-comparison-engine.ts(276,14): error TS2339: Property 'loungeAccess' does not exist on type 'CreditCard'.
lib/decision-engines/smart-comparison-engine.ts(277,31): error TS2339: Property 'loungeAccess' does not exist on type 'CreditCard'.
lib/decision-engines/smart-comparison-engine.ts(290,14): error TS2339: Property 'welcomeBonus' does not exist on type 'CreditCard'.
lib/decision-engines/smart-comparison-engine.ts(291,31): error TS2339: Property 'welcomeBonus' does not exist on type 'CreditCard'.
lib/decision-engines/smart-comparison-engine.ts(320,33): error TS2339: Property 'minCreditScore' does not exist on type 'CreditCard'.
lib/decision-engines/smart-comparison-engine.ts(969,27): error TS2339: Property 'features' does not exist on type 'CreditCard'.
lib/decision-engines/smart-comparison-engine.ts(977,18): error TS2339: Property 'loungeAccess' does not exist on type 'CreditCard'.
lib/decision-engines/smart-comparison-engine.ts(977,40): error TS2339: Property 'loungeAccess' does not exist on type 'CreditCard'.
lib/decision-engines/smart-comparison-engine.ts(1007,18): error TS2339: Property 'loungeAccess' does not exist on type 'CreditCard'.
lib/decision-engines/smart-comparison-engine.ts(1019,19): error TS2339: Property 'minCreditScore' does not exist on type 'CreditCard'.
lib/decision-engines/smart-comparison-engine.ts(1019,42): error TS2339: Property 'minCreditScore' does not exist on type 'CreditCard'.
lib/downloads/download-service.ts(73,59): error TS2345: Argument of type 'unknown' is not assignable to parameter of type 'Error | undefined'.
lib/downloads/download-service.ts(111,54): error TS2345: Argument of type 'unknown' is not assignable to parameter of type 'Error | undefined'.
lib/downloads/download-service.ts(142,16): error TS2551: Property 'catch' does not exist on type 'PostgrestFilterBuilder<any, any, any, null, "newsletter_subscribers", unknown, "POST">'. Did you mean 'match'?
lib/downloads/download-service.ts(158,12): error TS2551: Property 'catch' does not exist on type 'PostgrestFilterBuilder<any, any, any, any, "increment_download_count", null, "RPC">'. Did you mean 'match'?
lib/downloads/download-service.ts(187,49): error TS2345: Argument of type 'unknown' is not assignable to parameter of type 'Error | undefined'.
lib/downloads/file-generators.ts(193,12): error TS2339: Property 'description' does not exist on type 'ColumnDefinition'.
lib/editor/markdown.ts(19,29): error TS7016: Could not find a declaration file for module 'turndown'. 'C:/Users/shivp/Desktop/InvestingPro_App/node_modules/turndown/lib/turndown.cjs.js' implicitly has an 'any' type.
  Try `npm i --save-dev @types/turndown` if it exists or add a new declaration (.d.ts) file containing `declare module 'turndown';`
lib/email/analytics.ts(57,51): error TS2345: Argument of type 'unknown' is not assignable to parameter of type 'Error | undefined'.
lib/email/analytics.ts(82,52): error TS2345: Argument of type 'unknown' is not assignable to parameter of type 'Error | undefined'.
lib/email/analytics.ts(122,53): error TS2345: Argument of type 'unknown' is not assignable to parameter of type 'Error | undefined'.
lib/email/analytics.ts(184,55): error TS2345: Argument of type 'unknown' is not assignable to parameter of type 'Error | undefined'.
lib/email/analytics.ts(242,59): error TS2345: Argument of type 'unknown' is not assignable to parameter of type 'Error | undefined'.
lib/email/resend-service.ts(41,54): error TS2345: Argument of type '{ from: string; to: string | string[]; subject: string; html: string | undefined; text: string | undefined; replyTo: string | undefined; }' is not assignable to parameter of type 'CreateEmailOptions'.
  Type '{ from: string; to: string | string[]; subject: string; html: string | undefined; text: string | undefined; replyTo: string | undefined; }' is not assignable to type 'EmailTemplateOptions & CreateEmailBaseOptionsWithTemplate & { react?: undefined; html?: undefined; text?: undefined; }'.
    Property 'template' is missing in type '{ from: string; to: string | string[]; subject: string; html: string | undefined; text: string | undefined; replyTo: string | undefined; }' but required in type 'EmailTemplateOptions'.
lib/email/sequences.ts(92,56): error TS2345: Argument of type 'unknown' is not assignable to parameter of type 'Error | undefined'.
lib/email/sequences.ts(151,56): error TS2345: Argument of type 'unknown' is not assignable to parameter of type 'Error | undefined'.
lib/email/sequences.ts(198,62): error TS2345: Argument of type 'unknown' is not assignable to parameter of type 'Error | undefined'.
lib/email/sequences.ts(240,54): error TS2345: Argument of type 'unknown' is not assignable to parameter of type 'Error | undefined'.
lib/engagement/bookmark-service.ts(246,52): error TS7006: Parameter 'p' implicitly has an 'any' type.
lib/engagement/bookmark-service.ts(247,49): error TS7006: Parameter 'sum' implicitly has an 'any' type.
lib/engagement/bookmark-service.ts(247,54): error TS7006: Parameter 'p' implicitly has an 'any' type.
lib/errors/recovery.ts(125,17): error TS2353: Object literal may only specify known properties, and 'failures' does not exist in type 'Error'.
lib/events/integration/article-service-events.ts(77,13): error TS2353: Object literal may only specify known properties, and 'payload' does not exist in type 'Omit<BaseEvent, "timestamp" | "id">'.
lib/events/subscriber.ts(5,10): error TS2724: '"./publisher"' has no exported member named 'EventPublisherImpl'. Did you mean 'EventPublisher'?
lib/events/test-utils.ts(21,13): error TS2353: Object literal may only specify known properties, and 'payload' does not exist in type 'Omit<BaseEvent, "timestamp" | "id">'.
lib/glossary/auto-generate.ts(138,52): error TS2339: Property 'create' does not exist on type '{ list: () => Promise<any>; search: (term: string) => Promise<any>; }'.
lib/health/health-checker.ts(316,17): error TS2322: Type 'Record<string, { state: string; }> | undefined' is not assignable to type 'Record<string, { state: "closed" | "open" | "half-open"; }> | undefined'.
  Type 'Record<string, { state: string; }>' is not assignable to type 'Record<string, { state: "closed" | "open" | "half-open"; }>'.
    'string' index signatures are incompatible.
      Type '{ state: string; }' is not assignable to type '{ state: "closed" | "open" | "half-open"; }'.
        Types of property 'state' are incompatible.
          Type 'string' is not assignable to type '"closed" | "open" | "half-open"'.
lib/images/ai-image-generator.ts(112,26): error TS2339: Property 'result' does not exist on type 'never'.
lib/images/ai-image-generator.ts(123,47): error TS2769: No overload matches this call.
  Overload 1 of 2, '(values: never, options?: { onConflict?: string | undefined; ignoreDuplicates?: boolean | undefined; count?: "exact" | "planned" | "estimated" | undefined; } | undefined): PostgrestFilterBuilder<{ ...; }, ... 5 more ..., "POST">', gave the following error.
    Argument of type '{ prompt: string; result: AIImageResult; cached_at: string; }' is not assignable to parameter of type 'never'.
  Overload 2 of 2, '(values: never[], options?: { onConflict?: string | undefined; ignoreDuplicates?: boolean | undefined; count?: "exact" | "planned" | "estimated" | undefined; defaultToNull?: boolean | undefined; } | undefined): PostgrestFilterBuilder<...>', gave the following error.
    Object literal may only specify known properties, and 'prompt' does not exist in type 'never[]'.
lib/images/ai-image-generator.ts(166,153): error TS2339: Property 'info' does not exist on type 'ThemePalette'.
lib/images/ai-image-generator.ts(212,23): error TS18048: 'response.data' is possibly 'undefined'.
lib/images/stock-image-service-enhanced.ts(117,21): error TS2339: Property 'results' does not exist on type 'never'.
lib/images/stock-image-service-enhanced.ts(128,51): error TS2769: No overload matches this call.
  Overload 1 of 2, '(values: never, options?: { onConflict?: string | undefined; ignoreDuplicates?: boolean | undefined; count?: "exact" | "planned" | "estimated" | undefined; } | undefined): PostgrestFilterBuilder<{ ...; }, ... 5 more ..., "POST">', gave the following error.
    Argument of type '{ query: string; results: ImageResult[]; cached_at: string; }' is not assignable to parameter of type 'never'.
  Overload 2 of 2, '(values: never[], options?: { onConflict?: string | undefined; ignoreDuplicates?: boolean | undefined; count?: "exact" | "planned" | "estimated" | undefined; defaultToNull?: boolean | undefined; } | undefined): PostgrestFilterBuilder<...>', gave the following error.
    Object literal may only specify known properties, and 'query' does not exist in type 'never[]'.
lib/images/theme-image-editor.ts(101,17): error TS2322: Type 'CategoryAccent' is not assignable to type 'string'.
lib/intelligence/analyzers/engagement-tracker.ts(220,48): error TS7006: Parameter 'sum' implicitly has an 'any' type.
lib/intelligence/analyzers/engagement-tracker.ts(220,53): error TS7006: Parameter 'm' implicitly has an 'any' type.
lib/intelligence/analyzers/engagement-tracker.ts(221,49): error TS7006: Parameter 'sum' implicitly has an 'any' type.
lib/intelligence/analyzers/engagement-tracker.ts(221,54): error TS7006: Parameter 'm' implicitly has an 'any' type.
lib/intelligence/analyzers/engagement-tracker.ts(222,53): error TS7006: Parameter 'sum' implicitly has an 'any' type.
lib/intelligence/analyzers/engagement-tracker.ts(222,58): error TS7006: Parameter 'm' implicitly has an 'any' type.
lib/intelligence/analyzers/engagement-tracker.ts(224,44): error TS7006: Parameter 'm' implicitly has an 'any' type.
lib/intelligence/analyzers/engagement-tracker.ts(225,48): error TS7006: Parameter 'm' implicitly has an 'any' type.
lib/intelligence/analyzers/engagement-tracker.ts(226,48): error TS7006: Parameter 'm' implicitly has an 'any' type.
lib/intelligence/analyzers/engagement-tracker.ts(228,45): error TS7006: Parameter 'm' implicitly has an 'any' type.
lib/intelligence/analyzers/engagement-tracker.ts(233,46): error TS7006: Parameter 'sum' implicitly has an 'any' type.
lib/intelligence/analyzers/engagement-tracker.ts(233,51): error TS7006: Parameter 'm' implicitly has an 'any' type.
lib/intelligence/analyzers/engagement-tracker.ts(234,49): error TS7006: Parameter 'sum' implicitly has an 'any' type.
lib/intelligence/analyzers/engagement-tracker.ts(234,54): error TS7006: Parameter 'm' implicitly has an 'any' type.
lib/intelligence/analyzers/engagement-tracker.ts(358,23): error TS7006: Parameter 'd' implicitly has an 'any' type.
lib/intelligence/analyzers/engagement-tracker.ts(393,23): error TS7006: Parameter 'd' implicitly has an 'any' type.
lib/intelligence/approval-queue.ts(124,23): error TS7006: Parameter 'd' implicitly has an 'any' type.
lib/intelligence/approval-queue.ts(345,30): error TS7006: Parameter 'd' implicitly has an 'any' type.
lib/intelligence/approval-queue.ts(346,31): error TS7006: Parameter 'd' implicitly has an 'any' type.
lib/intelligence/approval-queue.ts(347,31): error TS7006: Parameter 'd' implicitly has an 'any' type.
lib/intelligence/approval-queue.ts(352,20): error TS7006: Parameter 'd' implicitly has an 'any' type.
lib/intelligence/content-gap-analyzer.ts(283,23): error TS7006: Parameter 'a' implicitly has an 'any' type.
lib/intelligence/learners/ab-testing-framework.ts(221,44): error TS7006: Parameter 'sum' implicitly has an 'any' type.
lib/intelligence/learners/ab-testing-framework.ts(221,49): error TS7006: Parameter 'm' implicitly has an 'any' type.
lib/intelligence/learners/ab-testing-framework.ts(226,42): error TS7006: Parameter 'm' implicitly has an 'any' type.
lib/intelligence/learners/ab-testing-framework.ts(330,23): error TS7006: Parameter 'd' implicitly has an 'any' type.
lib/intelligence/learners/performance-learner.ts(75,27): error TS7006: Parameter 'a' implicitly has an 'any' type.
lib/intelligence/learners/performance-learner.ts(638,22): error TS7006: Parameter 'sum' implicitly has an 'any' type.
lib/intelligence/learners/performance-learner.ts(638,27): error TS7006: Parameter 'a' implicitly has an 'any' type.
lib/intelligence/learners/performance-learner.ts(641,22): error TS7006: Parameter 'sum' implicitly has an 'any' type.
lib/intelligence/learners/performance-learner.ts(641,27): error TS7006: Parameter 'a' implicitly has an 'any' type.
lib/intelligence/learners/quality-learning-engine.ts(121,45): error TS7006: Parameter 'sum' implicitly has an 'any' type.
lib/intelligence/learners/quality-learning-engine.ts(121,50): error TS7006: Parameter 'a' implicitly has an 'any' type.
lib/intelligence/learners/quality-learning-engine.ts(127,44): error TS7006: Parameter 'a' implicitly has an 'any' type.
lib/intelligence/learners/quality-learning-engine.ts(131,49): error TS7006: Parameter 'a' implicitly has an 'any' type.
lib/intelligence/learners/quality-learning-engine.ts(138,37): error TS7006: Parameter 'a' implicitly has an 'any' type.
lib/intelligence/learners/quality-learning-engine.ts(138,79): error TS7006: Parameter 'a' implicitly has an 'any' type.
lib/intelligence/learners/quality-learning-engine.ts(143,49): error TS7006: Parameter 'a' implicitly has an 'any' type.
lib/intelligence/learners/quality-learning-engine.ts(182,45): error TS7006: Parameter 'sum' implicitly has an 'any' type.
lib/intelligence/learners/quality-learning-engine.ts(182,50): error TS7006: Parameter 'a' implicitly has an 'any' type.
lib/intelligence/learners/quality-learning-engine.ts(195,50): error TS7006: Parameter 'a' implicitly has an 'any' type.
lib/intelligence/learners/revenue-predictor.ts(279,45): error TS7006: Parameter 'c' implicitly has an 'any' type.
lib/intelligence/learners/revenue-predictor.ts(280,47): error TS7006: Parameter 'sum' implicitly has an 'any' type.
lib/intelligence/learners/revenue-predictor.ts(280,52): error TS7006: Parameter 'c' implicitly has an 'any' type.
lib/intelligence/learners/revenue-predictor.ts(393,22): error TS7006: Parameter 'sum' implicitly has an 'any' type.
lib/intelligence/learners/revenue-predictor.ts(393,27): error TS7006: Parameter 'a' implicitly has an 'any' type.
lib/intelligence/learners/revenue-predictor.ts(448,15): error TS2339: Property 'search_intent' does not exist on type 'ArticleDraft'.
lib/intelligence/learners/revenue-predictor.ts(450,22): error TS2339: Property 'search_intent' does not exist on type 'ArticleDraft'.
lib/intelligence/orchestrators/content-orchestrator.ts(236,27): error TS7006: Parameter 's' implicitly has an 'any' type.
lib/jobs/content-cleanup.ts(10,25): error TS2307: Cannot find module '@/lib/inngest/client' or its corresponding type declarations.
lib/jobs/content-cleanup.ts(21,12): error TS7031: Binding element 'step' implicitly has an 'any' type.
lib/jobs/content-publishing.ts(10,25): error TS2307: Cannot find module '@/lib/inngest/client' or its corresponding type declarations.
lib/jobs/content-publishing.ts(138,14): error TS7031: Binding element 'step' implicitly has an 'any' type.
lib/jobs/content-refresh.ts(12,25): error TS2307: Cannot find module '@/lib/inngest/client' or its corresponding type declarations.
lib/jobs/content-refresh.ts(14,10): error TS2305: Module '"@/lib/automation/content-refresh"' has no exported member 'refreshBothCategories'.
lib/jobs/content-refresh.ts(27,14): error TS7031: Binding element 'step' implicitly has an 'any' type.
lib/jobs/content-refresh.ts(40,87): error TS7006: Parameter 'r' implicitly has an 'any' type.
lib/jobs/content-refresh.ts(41,84): error TS7006: Parameter 'r' implicitly has an 'any' type.
lib/jobs/content-refresh.ts(43,56): error TS7006: Parameter 'result' implicitly has an 'any' type.
lib/jobs/content-refresh.ts(63,87): error TS7006: Parameter 'r' implicitly has an 'any' type.
lib/jobs/content-refresh.ts(64,84): error TS7006: Parameter 'r' implicitly has an 'any' type.
lib/jobs/content-refresh.ts(66,56): error TS7006: Parameter 'result' implicitly has an 'any' type.
lib/jobs/content-scoring.ts(8,25): error TS2307: Cannot find module '@/lib/inngest/client' or its corresponding type declarations.
lib/jobs/content-scoring.ts(18,12): error TS7031: Binding element 'step' implicitly has an 'any' type.
lib/jobs/index.ts(8,43): error TS2307: Cannot find module './article-generation-workflow' or its corresponding type declarations.
lib/jobs/keyword-discovery.ts(12,25): error TS2307: Cannot find module '@/lib/inngest/client' or its corresponding type declarations.
lib/jobs/keyword-discovery.ts(27,14): error TS7031: Binding element 'step' implicitly has an 'any' type.
lib/jobs/product-data-scraping.ts(12,25): error TS2307: Cannot find module '@/lib/inngest/client' or its corresponding type declarations.
lib/jobs/product-data-scraping.ts(28,14): error TS7031: Binding element 'step' implicitly has an 'any' type.
lib/jobs/product-data-scraping.ts(72,67): error TS2353: Object literal may only specify known properties, and 'error' does not exist in type 'Error'.
lib/jobs/product-data-scraping.ts(81,62): error TS2353: Object literal may only specify known properties, and 'error' does not exist in type 'Error'.
lib/jobs/product-data-scraping.ts(100,64): error TS2353: Object literal may only specify known properties, and 'error' does not exist in type 'Error'.
lib/jobs/product-data-scraping.ts(113,59): error TS2304: Cannot find name 'supabase'.
lib/jobs/product-data-scraping.ts(126,41): error TS2304: Cannot find name 'supabase'.
lib/jobs/product-data-scraping.ts(129,53): error TS7006: Parameter 'i' implicitly has an 'any' type.
lib/jobs/product-data-scraping.ts(132,64): error TS2353: Object literal may only specify known properties, and 'error' does not exist in type 'Error'.
lib/jobs/product-data-scraping.ts(141,60): error TS2353: Object literal may only specify known properties, and 'error' does not exist in type 'Error'.
lib/jobs/product-data-scraping.ts(154,55): error TS2304: Cannot find name 'supabase'.
lib/jobs/product-data-scraping.ts(167,41): error TS2304: Cannot find name 'supabase'.
lib/jobs/product-data-scraping.ts(170,49): error TS7006: Parameter 'l' implicitly has an 'any' type.
lib/jobs/product-data-scraping.ts(173,60): error TS2353: Object literal may only specify known properties, and 'error' does not exist in type 'Error'.
lib/jobs/product-data-scraping.ts(182,55): error TS2353: Object literal may only specify known properties, and 'error' does not exist in type 'Error'.
lib/keyword-research/opportunity-ranker.ts(140,5): error TS2322: Type '{ keyword: string; search_volume: number; keyword_difficulty: number; trend: "stable" | "declining" | "rising"; commercial_intent: number; ai_citation_potential: number; opportunity_score: number; priority: "low" | ... 2 more ... | "immediate"; estimated_traffic: number; competition_level: string; our_ranking_probab...' is not assignable to type 'KeywordOpportunity[]'.
  Type '{ keyword: string; search_volume: number; keyword_difficulty: number; trend: "stable" | "declining" | "rising"; commercial_intent: number; ai_citation_potential: number; opportunity_score: number; priority: "low" | ... 2 more ... | "immediate"; estimated_traffic: number; competition_level: string; our_ranking_probab...' is not assignable to type 'KeywordOpportunity'.
    Types of property 'competition_level' are incompatible.
      Type 'string' is not assignable to type '"medium" | "easy" | "hard" | "very_easy" | "very_hard"'.
lib/linkable-assets/auto-infographic.ts(217,11): error TS2353: Object literal may only specify known properties, and 'articleId' does not exist in type 'Error'.
lib/linkable-assets/auto-infographic.ts(264,51): error TS2353: Object literal may only specify known properties, and 'articleId' does not exist in type 'Error'.
lib/linkable-assets/auto-infographic.ts(294,50): error TS2353: Object literal may only specify known properties, and 'articleId' does not exist in type 'Error'.
lib/linkable-assets/auto-infographic.ts(364,61): error TS2353: Object literal may only specify known properties, and 'articleId' does not exist in type 'Error'.
lib/linkable-assets/data-studies-service.ts(139,53): error TS2353: Object literal may only specify known properties, and 'error' does not exist in type 'Error'.
lib/linkable-assets/data-studies-service.ts(195,58): error TS2353: Object literal may only specify known properties, and 'error' does not exist in type 'Error'.
lib/linkable-assets/data-studies-service.ts(217,52): error TS2353: Object literal may only specify known properties, and 'error' does not exist in type 'Error'.
lib/linkable-assets/data-studies-service.ts(267,55): error TS2353: Object literal may only specify known properties, and 'error' does not exist in type 'Error'.
lib/linkable-assets/data-studies-service.ts(288,53): error TS2353: Object literal may only specify known properties, and 'error' does not exist in type 'Error'.
lib/linkable-assets/data-studies-service.ts(334,58): error TS2353: Object literal may only specify known properties, and 'error' does not exist in type 'Error'.
lib/linking/engine.ts(246,60): error TS2554: Expected 0 arguments, but got 2.
lib/linking/engine.ts(261,70): error TS2339: Property 'getBySlug' does not exist on type '{ list: () => Promise<any>; search: (term: string) => Promise<any>; }'.
lib/linking/engine.ts(280,59): error TS2339: Property 'getByCategory' does not exist on type '{ list: () => Promise<any>; search: (term: string) => Promise<any>; }'.
lib/logger.ts(47,25): error TS2367: This comparison appears to be unintentional because the types '"test" | "development" | "production"' and '"staging"' have no overlap.
lib/media/auto-featured-image.ts(178,52): error TS2339: Property 'search' does not exist on type 'MediaService'.
lib/media/auto-featured-image.ts(186,57): error TS7006: Parameter 'r' implicitly has an 'any' type.
lib/media/auto-featured-image.ts(265,39): error TS2345: Argument of type 'string | undefined' is not assignable to parameter of type 'string'.
  Type 'undefined' is not assignable to type 'string'.
lib/media/content-aware-recommender.ts(59,67): error TS2353: Object literal may only specify known properties, and 'error' does not exist in type 'Error'.
lib/media/content-aware-recommender.ts(82,70): error TS2339: Property 'content' does not exist on type 'RecommendationParams'.
lib/middleware/api-auth.ts(50,68): error TS2339: Property 'auth' does not exist on type 'Promise<any>'.
lib/middleware/validation.ts(23,70): error TS2339: Property 'errors' does not exist on type 'ZodError<unknown>'.
lib/middleware/validation.ts(30,40): error TS2339: Property 'errors' does not exist on type 'ZodError<unknown>'.
lib/middleware/validation.ts(57,68): error TS2339: Property 'errors' does not exist on type 'ZodError<unknown>'.
lib/middleware/validation.ts(64,40): error TS2339: Property 'errors' does not exist on type 'ZodError<unknown>'.
lib/middleware/zod-validation.ts(63,35): error TS2339: Property 'errors' does not exist on type 'ZodError<T>'.
lib/middleware/zod-validation.ts(73,56): error TS2339: Property 'errors' does not exist on type 'ZodError<T>'.
lib/middleware/zod-validation.ts(74,35): error TS2339: Property 'errors' does not exist on type 'ZodError<T>'.
lib/middleware/zod-validation.ts(110,35): error TS2339: Property 'errors' does not exist on type 'ZodError<unknown>'.
lib/middleware/zod-validation.ts(120,56): error TS2339: Property 'errors' does not exist on type 'ZodError<unknown>'.
lib/middleware/zod-validation.ts(121,35): error TS2339: Property 'errors' does not exist on type 'ZodError<unknown>'.
lib/middleware/zod-validation.ts(156,35): error TS2339: Property 'errors' does not exist on type 'ZodError<unknown>'.
lib/middleware/zod-validation.ts(165,56): error TS2339: Property 'errors' does not exist on type 'ZodError<unknown>'.
lib/middleware/zod-validation.ts(166,35): error TS2339: Property 'errors' does not exist on type 'ZodError<unknown>'.
lib/middleware/zod-validation.ts(179,28): error TS2339: Property 'errors' does not exist on type 'ZodError<unknown>'.
lib/middleware/zod-validation.ts(179,39): error TS7006: Parameter 'err' implicitly has an 'any' type.
lib/monetization/affiliate-service.ts(199,47): error TS7006: Parameter 'sum' implicitly has an 'any' type.
lib/monetization/affiliate-service.ts(199,52): error TS7006: Parameter 'l' implicitly has an 'any' type.
lib/monetization/affiliate-service.ts(200,52): error TS7006: Parameter 'sum' implicitly has an 'any' type.
lib/monetization/affiliate-service.ts(200,57): error TS7006: Parameter 'l' implicitly has an 'any' type.
lib/monetization/affiliate-service.ts(201,48): error TS7006: Parameter 'sum' implicitly has an 'any' type.
lib/monetization/affiliate-service.ts(201,53): error TS7006: Parameter 'l' implicitly has an 'any' type.
lib/monetization/affiliate-service.ts(205,27): error TS7006: Parameter 'link' implicitly has an 'any' type.
lib/monetization/affiliate-service.ts(220,24): error TS7006: Parameter 'a' implicitly has an 'any' type.
lib/monetization/affiliate-service.ts(220,27): error TS7006: Parameter 'b' implicitly has an 'any' type.
lib/monetization/affiliate-service.ts(222,22): error TS7006: Parameter 'l' implicitly has an 'any' type.
lib/monetization/tracking.ts(34,64): error TS2554: Expected 0 arguments, but got 1.
lib/monetization/tracking.ts(43,23): error TS2339: Property 'id' does not exist on type 'never'.
lib/monetization/tracking.ts(55,50): error TS2554: Expected 0 arguments, but got 2.
lib/monetization/tracking.ts(81,58): error TS2339: Property 'filter' does not exist on type '{ create: () => Promise<null>; update: () => Promise<null>; }'.
lib/monitoring/database-monitor.ts(108,40): error TS2341: Property 'triggerAlert' is private and only accessible within class 'AlertManager'.
lib/monitoring/database-monitor.ts(108,67): error TS2554: Expected 1 arguments, but got 2.
lib/monitoring/database-monitor.ts(176,36): error TS2341: Property 'triggerAlert' is private and only accessible within class 'AlertManager'.
lib/monitoring/database-monitor.ts(176,73): error TS2554: Expected 1 arguments, but got 2.
lib/monitoring/database-monitor.ts(257,40): error TS2341: Property 'triggerAlert' is private and only accessible within class 'AlertManager'.
lib/monitoring/database-monitor.ts(257,74): error TS2554: Expected 1 arguments, but got 2.
lib/monitoring/metrics-collector.ts(101,7): error TS2741: Property 'operations' is missing in type 'Record<string, any>' but required in type '{ operations: Record<string, { count: number; average: number; p95: number; p99: number; }>; }'.
lib/monitoring/sentry.ts(50,28): error TS2339: Property 'BrowserTracing' does not exist on type 'typeof import("C:/Users/shivp/Desktop/InvestingPro_App/node_modules/@sentry/nextjs/build/types/index.types")'.
lib/monitoring/sentry.ts(54,28): error TS2339: Property 'Replay' does not exist on type 'typeof import("C:/Users/shivp/Desktop/InvestingPro_App/node_modules/@sentry/nextjs/build/types/index.types")'.
lib/monitoring/sentry.ts(138,41): error TS2554: Expected 1-2 arguments, but got 3.
lib/monitoring/sentry.ts(214,19): error TS2339: Property 'startTransaction' does not exist on type 'typeof import("C:/Users/shivp/Desktop/InvestingPro_App/node_modules/@sentry/nextjs/build/types/index.types")'.
lib/notifications/cost-alerts.ts(29,28): error TS2341: Property 'triggerAlert' is private and only accessible within class 'AlertManager'.
lib/notifications/cost-alerts.ts(30,13): error TS2353: Object literal may only specify known properties, and 'ruleId' does not exist in type 'AlertRule'.
lib/notifications/cost-alerts.ts(113,28): error TS2341: Property 'triggerAlert' is private and only accessible within class 'AlertManager'.
lib/notifications/cost-alerts.ts(114,13): error TS2353: Object literal may only specify known properties, and 'ruleId' does not exist in type 'AlertRule'.
lib/performance/bundle-analyzer.ts(61,48): error TS2345: Argument of type 'unknown' is not assignable to parameter of type 'Error | undefined'.
lib/performance/lazy-loading.ts(34,18): error TS2307: Cannot find module '@/components/admin/Dashboard' or its corresponding type declarations.
lib/performance/lazy-loading.ts(49,18): error TS2307: Cannot find module '@/components/admin/WorkflowManager' or its corresponding type declarations.
lib/performance/lazy-loading.ts(57,11): error TS2322: Type 'Promise<typeof import("C:/Users/shivp/Desktop/InvestingPro_App/components/calculators/SIPCalculator")>' is not assignable to type 'Promise<{ default: ComponentType<any>; }>'.
  Property 'default' is missing in type 'typeof import("C:/Users/shivp/Desktop/InvestingPro_App/components/calculators/SIPCalculator")' but required in type '{ default: ComponentType<any>; }'.
lib/performance/lazy-loading.ts(62,18): error TS2307: Cannot find module '@/components/calculators/EMICalculator' or its corresponding type declarations.
lib/performance/lazy-loading.ts(67,11): error TS2322: Type 'Promise<typeof import("C:/Users/shivp/Desktop/InvestingPro_App/components/calculators/FDCalculator")>' is not assignable to type 'Promise<{ default: ComponentType<any>; }>'.
  Property 'default' is missing in type 'typeof import("C:/Users/shivp/Desktop/InvestingPro_App/components/calculators/FDCalculator")' but required in type '{ default: ComponentType<any>; }'.
lib/performance/lazy-loading.ts(72,11): error TS2322: Type 'Promise<typeof import("C:/Users/shivp/Desktop/InvestingPro_App/components/calculators/TaxCalculator")>' is not assignable to type 'Promise<{ default: ComponentType<any>; }>'.
  Property 'default' is missing in type 'typeof import("C:/Users/shivp/Desktop/InvestingPro_App/components/calculators/TaxCalculator")' but required in type '{ default: ComponentType<any>; }'.
lib/performance/lazy-loading.ts(77,11): error TS2322: Type 'Promise<typeof import("C:/Users/shivp/Desktop/InvestingPro_App/components/calculators/RetirementCalculator")>' is not assignable to type 'Promise<{ default: ComponentType<any>; }>'.
  Property 'default' is missing in type 'typeof import("C:/Users/shivp/Desktop/InvestingPro_App/components/calculators/RetirementCalculator")' but required in type '{ default: ComponentType<any>; }'.
lib/performance/lazy-loading.ts(85,18): error TS2307: Cannot find module '@/components/charts/Chart' or its corresponding type declarations.
lib/performance/lazy-loading.ts(90,18): error TS2307: Cannot find module '@/components/common/DataTable' or its corresponding type declarations.
lib/performance/lazy-loading.ts(98,18): error TS2307: Cannot find module '@/components/common/MarkdownRenderer' or its corresponding type declarations.
lib/performance/web-vitals.ts(121,58): error TS2345: Argument of type 'unknown' is not assignable to parameter of type 'Error | undefined'.
lib/pillar/data-fetcher.ts(280,51): error TS2339: Property 'getByCategory' does not exist on type '{ list: () => Promise<any>; search: (term: string) => Promise<any>; }'.
lib/pillar/data-fetcher.ts(300,51): error TS2339: Property 'getByCategory' does not exist on type '{ list: () => Promise<any>; search: (term: string) => Promise<any>; }'.
lib/pillar/subcategory-data-fetcher.ts(95,46): error TS2304: Cannot find name 'supabase'.
lib/pillar/subcategory-data-fetcher.ts(121,51): error TS7006: Parameter 'p' implicitly has an 'any' type.
lib/pillar/subcategory-data-fetcher.ts(155,20): error TS2304: Cannot find name 'guideData'.
lib/pillar/subcategory-data-fetcher.ts(156,24): error TS2304: Cannot find name 'guideData'.
lib/pillar/subcategory-data-fetcher.ts(157,23): error TS2304: Cannot find name 'guideData'.
lib/pillar/subcategory-data-fetcher.ts(158,26): error TS2304: Cannot find name 'guideData'.
lib/pillar/subcategory-data-fetcher.ts(159,26): error TS2304: Cannot find name 'guideData'.
lib/pillar/subcategory-data-fetcher.ts(161,27): error TS2304: Cannot find name 'guideData'.
lib/pillar/subcategory-data-fetcher.ts(162,33): error TS2304: Cannot find name 'guideData'.
lib/pillar/subcategory-data-fetcher.ts(165,36): error TS7006: Parameter 'p' implicitly has an 'any' type.
lib/pillar/subcategory-data-fetcher.ts(170,23): error TS2304: Cannot find name 'articlesData'.
lib/pillar/subcategory-data-fetcher.ts(170,41): error TS7006: Parameter 'article' implicitly has an 'any' type.
lib/pillar/subcategory-data-fetcher.ts(176,19): error TS2304: Cannot find name 'faqsData'.
lib/pipeline-logger.ts(36,13): error TS2322: Type 'string | null' is not assignable to type 'string'.
  Type 'null' is not assignable to type 'string'.
lib/prompts/image-prompts.ts(58,57): error TS2339: Property 'palette' does not exist on type 'CategoryAccent'.
lib/prompts/image-prompts.ts(72,57): error TS2339: Property 'palette' does not exist on type 'CategoryAccent'.
lib/prompts/image-prompts.ts(86,50): error TS2339: Property 'palette' does not exist on type 'CategoryAccent'.
lib/prompts/image-prompts.ts(100,54): error TS2339: Property 'palette' does not exist on type 'CategoryAccent'.
lib/prompts/image-prompts.ts(114,57): error TS2339: Property 'palette' does not exist on type 'CategoryAccent'.
lib/prompts/image-prompts.ts(128,55): error TS2339: Property 'palette' does not exist on type 'CategoryAccent'.
lib/prompts/image-prompts.ts(142,61): error TS2339: Property 'palette' does not exist on type 'CategoryAccent'.
lib/prompts/image-prompts.ts(156,51): error TS2339: Property 'palette' does not exist on type 'CategoryAccent'.
lib/prompts/newsletter-prompts.ts(172,38): error TS2537: Type '{ weekly: { name: string; description: string; sections: string[]; tone: string; }; monthly: { name: string; description: string; sections: string[]; tone: string; }; promotional: { name: string; description: string; sections: string[]; tone: string; }; digest: { ...; }; }' has no matching index signature for type 'string'.
lib/prompts/social-media-prompts.ts(334,41): error TS2537: Type '{ twitter: { name: string; characterLimit: number; threadLimit: number; hashtagLimit: number; optimalLength: number; engagementTips: string[]; hashtagStrategy: string; }; linkedin: { name: string; ... 5 more ...; hashtagStrategy: string; }; facebook: { ...; }; instagram: { ...; }; }' has no matching index signature for type 'string'.
lib/prompts/social-media-prompts.ts(370,41): error TS7006: Parameter 'tip' implicitly has an 'any' type.
lib/prompts/video-script-prompts.ts(212,41): error TS2537: Type '{ youtube: { name: string; minDuration: number; maxDuration: number; optimalDuration: number; hookLength: number; structure: string[]; engagementTips: string[]; }; 'instagram-reels': { name: string; minDuration: number; ... 4 more ...; engagementTips: string[]; }; tiktok: { ...; }; shorts: { ...; }; }' has no matching index signature for type 'string'.
lib/prompts/video-script-prompts.ts(249,37): error TS7006: Parameter 'section' implicitly has an 'any' type.
lib/prompts/video-script-prompts.ts(249,46): error TS7006: Parameter 'i' implicitly has an 'any' type.
lib/prompts/video-script-prompts.ts(266,41): error TS7006: Parameter 'tip' implicitly has an 'any' type.
lib/quality/content-scorer.ts(60,7): error TS2322: Type 'string' is not assignable to type 'number'.
lib/quality/content-scorer.ts(139,7): error TS2322: Type 'string' is not assignable to type 'boolean'.
lib/quality/content-scorer.ts(209,7): error TS2353: Object literal may only specify known properties, and 'headingCount' does not exist in type '{ score: number; wordCount: number; paragraphCount: number; hasIntro: boolean; hasConclusion: boolean; listCount: number; }'.
lib/queue/job-status.ts(35,14): error TS2339: Property 'from' does not exist on type 'Promise<any>'.
lib/queue/job-status.ts(90,14): error TS2339: Property 'from' does not exist on type 'Promise<any>'.
lib/queue/jobs/article-generation-comprehensive.ts(90,9): error TS2345: Argument of type 'null' is not assignable to parameter of type 'Record<string, any> | undefined'.
lib/queue/jobs/article-generation-comprehensive.ts(106,9): error TS2345: Argument of type 'null' is not assignable to parameter of type 'Record<string, any> | undefined'.
lib/queue/jobs/bulk-generation.ts(56,15): error TS2353: Object literal may only specify known properties, and 'topic' does not exist in type 'Error'.
lib/queue/jobs/bulk-generation.ts(89,9): error TS2345: Argument of type 'null' is not assignable to parameter of type 'Record<string, any> | undefined'.
lib/queue/jobs/bulk-generation.ts(105,9): error TS2345: Argument of type 'null' is not assignable to parameter of type 'Record<string, any> | undefined'.
lib/queue/jobs/workflow-step.ts(73,9): error TS2345: Argument of type 'null' is not assignable to parameter of type 'Record<string, any> | undefined'.
lib/queue/jobs/workflow-step.ts(92,9): error TS2345: Argument of type 'null' is not assignable to parameter of type 'Record<string, any> | undefined'.
lib/research/keyword-researcher.ts(109,21): error TS2339: Property 'data' does not exist on type 'never'.
lib/research/keyword-researcher.ts(120,55): error TS2769: No overload matches this call.
  Overload 1 of 2, '(values: never, options?: { onConflict?: string | undefined; ignoreDuplicates?: boolean | undefined; count?: "exact" | "planned" | "estimated" | undefined; } | undefined): PostgrestFilterBuilder<{ ...; }, ... 5 more ..., "POST">', gave the following error.
    Argument of type '{ keyword: string; data: KeywordData; cached_at: string; }' is not assignable to parameter of type 'never'.
  Overload 2 of 2, '(values: never[], options?: { onConflict?: string | undefined; ignoreDuplicates?: boolean | undefined; count?: "exact" | "planned" | "estimated" | undefined; defaultToNull?: boolean | undefined; } | undefined): PostgrestFilterBuilder<...>', gave the following error.
    Object literal may only specify known properties, and 'keyword' does not exist in type 'never[]'.
lib/research/serp-analyzer.ts(106,21): error TS2339: Property 'data' does not exist on type 'never'.
lib/research/serp-analyzer.ts(118,43): error TS2769: No overload matches this call.
  Overload 1 of 2, '(values: never, options?: { onConflict?: string | undefined; ignoreDuplicates?: boolean | undefined; count?: "exact" | "planned" | "estimated" | undefined; } | undefined): PostgrestFilterBuilder<{ ...; }, ... 5 more ..., "POST">', gave the following error.
    Argument of type '{ keyword: string; data: ResearchBrief; cached_at: string; }' is not assignable to parameter of type 'never'.
  Overload 2 of 2, '(values: never[], options?: { onConflict?: string | undefined; ignoreDuplicates?: boolean | undefined; count?: "exact" | "planned" | "estimated" | undefined; defaultToNull?: boolean | undefined; } | undefined): PostgrestFilterBuilder<...>', gave the following error.
    Object literal may only specify known properties, and 'keyword' does not exist in type 'never[]'.
lib/reviews/review-service.ts(82,55): error TS2345: Argument of type 'unknown' is not assignable to parameter of type 'Error | undefined'.
lib/reviews/review-service.ts(125,52): error TS2345: Argument of type 'unknown' is not assignable to parameter of type 'Error | undefined'.
lib/reviews/review-service.ts(177,49): error TS2345: Argument of type 'unknown' is not assignable to parameter of type 'Error | undefined'.
lib/reviews/review-service.ts(210,57): error TS2345: Argument of type 'unknown' is not assignable to parameter of type 'Error | undefined'.
lib/reviews/review-service.ts(259,61): error TS2345: Argument of type 'unknown' is not assignable to parameter of type 'Error | undefined'.
lib/rss-import/RSSArticleGenerator.ts(174,42): error TS2339: Property 'structuredToMarkdown' does not exist on type 'RSSArticleGenerator'.
lib/rss-import/RSSArticleGenerator.ts(174,63): error TS2304: Cannot find name 'structructuredContent'.
lib/rss-import/RSSImportService.ts(288,40): error TS2339: Property 'fetch_count' does not exist on type 'RSSFeed'.
lib/rss-import/RSSImportService.ts(289,65): error TS2339: Property 'error_count' does not exist on type 'RSSFeed'.
lib/rss-import/RSSImportService.ts(289,94): error TS2339: Property 'error_count' does not exist on type 'RSSFeed'.
lib/scraper/credit-card-scraper.ts(558,35): error TS7006: Parameter 'card' implicitly has an 'any' type.
lib/scraper/credit-card-scraper.ts(573,26): error TS2339: Property 'annual_fee' does not exist on type '{}'.
lib/scraper/credit-card-scraper.ts(574,26): error TS2339: Property 'interest_rate' does not exist on type '{}'.
lib/scraper/product-data-scraper.ts(226,74): error TS2353: Object literal may only specify known properties, and 'url' does not exist in type 'Error'.
lib/scraper/product-data-scraper.ts(274,60): error TS2353: Object literal may only specify known properties, and 'error' does not exist in type 'Error'.
lib/scraper/product-data-scraper.ts(332,60): error TS2353: Object literal may only specify known properties, and 'error' does not exist in type 'Error'.
lib/scraper/product-data-scraper.ts(339,60): error TS2353: Object literal may only specify known properties, and 'error' does not exist in type 'Error'.
lib/scraper/product-data-scraper.ts(378,60): error TS2353: Object literal may only specify known properties, and 'error' does not exist in type 'Error'.
lib/scraper/product-data-scraper.ts(385,60): error TS2353: Object literal may only specify known properties, and 'error' does not exist in type 'Error'.
lib/scraper/product-data-scraper.ts(468,66): error TS2353: Object literal may only specify known properties, and 'url' does not exist in type 'Error'.
lib/scraper/product-data-scraper.ts(528,58): error TS2353: Object literal may only specify known properties, and 'schemeCode' does not exist in type 'Error'.
lib/scraper/product-data-scraper.ts(612,74): error TS2353: Object literal may only specify known properties, and 'url' does not exist in type 'Error'.
lib/scraper/product-data-scraper.ts(686,67): error TS2353: Object literal may only specify known properties, and 'url' does not exist in type 'Error'.
lib/scraper/product-data-scraper.ts(745,58): error TS2353: Object literal may only specify known properties, and 'error' does not exist in type 'Error'.
lib/scraper/product-data-scraper.ts(752,58): error TS2353: Object literal may only specify known properties, and 'error' does not exist in type 'Error'.
lib/scraper/product-data-scraper.ts(805,65): error TS2353: Object literal may only specify known properties, and 'error' does not exist in type 'Error'.
lib/scraper/product-data-scraper.ts(823,61): error TS2353: Object literal may only specify known properties, and 'error' does not exist in type 'Error'.
lib/scraper/product-data-scraper.ts(830,53): error TS2353: Object literal may only specify known properties, and 'error' does not exist in type 'Error'.
lib/scraper/product-data-scraper.ts(956,64): error TS2353: Object literal may only specify known properties, and 'url' does not exist in type 'Error'.
lib/scraper/product-data-scraper.ts(988,59): error TS2353: Object literal may only specify known properties, and 'url' does not exist in type 'Error'.
lib/scraper/ts/product-scraper.ts(3,26): error TS2307: Cannot find module '@/lib/database.types' or its corresponding type declarations.
lib/scrapers/BaseScraper.ts(36,45): error TS2715: Abstract property 'name' in class 'BaseScraper' cannot be accessed in the constructor.
lib/scrapers/BaseScraper.ts(103,22): error TS2554: Expected 2 arguments, but got 1.
lib/scrapers/BaseScraper.ts(108,14): error TS2339: Property 'parseRobots' does not exist on type 'Robot'.
lib/scrapers/BaseScraper.ts(110,30): error TS2339: Property 'canCrawl' does not exist on type 'Robot'.
lib/scrapers/types.ts(26,45): error TS2554: Expected 2-3 arguments, but got 1.
lib/seo/advanced-seo-optimizer.ts(377,40): error TS2339: Property 'title' does not exist on type 'never'.
lib/seo/advanced-seo-optimizer.ts(378,43): error TS2339: Property 'excerpt' does not exist on type 'never'.
lib/seo/advanced-seo-optimizer.ts(381,63): error TS7006: Parameter 'w' implicitly has an 'any' type.
lib/seo/advanced-seo-optimizer.ts(384,32): error TS7006: Parameter 'word' implicitly has an 'any' type.
lib/seo/advanced-seo-optimizer.ts(392,42): error TS2339: Property 'title' does not exist on type 'never'.
lib/seo/advanced-seo-optimizer.ts(393,54): error TS2339: Property 'slug' does not exist on type 'never'.
lib/seo/advanced-seo-optimizer.ts(394,38): error TS2339: Property 'excerpt' does not exist on type 'never'.
lib/seo/advanced-seo-optimizer.ts(394,57): error TS2339: Property 'title' does not exist on type 'never'.
lib/seo/cannibalization-detector.ts(102,50): error TS7006: Parameter 'a' implicitly has an 'any' type.
lib/seo/cannibalization-detector.ts(103,52): error TS7006: Parameter 't' implicitly has an 'any' type.
lib/seo/cannibalization-detector.ts(103,55): error TS7006: Parameter 'i' implicitly has an 'any' type.
lib/seo/cannibalization-detector.ts(126,26): error TS7006: Parameter 'a' implicitly has an 'any' type.
lib/seo/cannibalization-detector.ts(127,22): error TS7006: Parameter 'k' implicitly has an 'any' type.
lib/seo/cannibalization-detector.ts(129,74): error TS7006: Parameter 'k' implicitly has an 'any' type.
lib/seo/cannibalization-detector.ts(129,77): error TS7006: Parameter 'i' implicitly has an 'any' type.
lib/seo/cannibalization-detector.ts(140,58): error TS7006: Parameter 'a' implicitly has an 'any' type.
lib/seo/cannibalization-detector.ts(229,54): error TS7006: Parameter 'a' implicitly has an 'any' type.
lib/seo/headline-analyzer.ts(316,28): error TS7006: Parameter 'a' implicitly has an 'any' type.
lib/seo/headline-analyzer.ts(316,31): error TS7006: Parameter 'b' implicitly has an 'any' type.
lib/seo/keyword-difficulty-scorer.ts(60,56): error TS2339: Property 'getTopResults' does not exist on type '(keyword: string) => Promise<ResearchBrief>'.
lib/seo/keyword-research.ts(130,71): error TS2345: Argument of type 'unknown' is not assignable to parameter of type 'Error | undefined'.
lib/seo/providers/free-keyword-providers.ts(16,47): error TS7016: Could not find a declaration file for module 'google-trends-api'. 'C:/Users/shivp/Desktop/InvestingPro_App/node_modules/google-trends-api/lib/google-trends-api.min.js' implicitly has an 'any' type.
  Try `npm i --save-dev @types/google-trends-api` if it exists or add a new declaration (.d.ts) file containing `declare module 'google-trends-api';`
lib/seo/providers/free-keyword-providers.ts(281,37): error TS2551: Property 'estimateSearchVolume' does not exist on type 'GoogleTrendsProvider'. Did you mean 'getSearchVolume'?
lib/seo/providers/free-keyword-providers.ts(289,34): error TS2339: Property 'estimateDifficulty' does not exist on type 'GoogleTrendsProvider'.
lib/seo/providers/free-keyword-providers.ts(291,30): error TS2339: Property 'estimateIntent' does not exist on type 'GoogleTrendsProvider'.
lib/seo/providers/free-keyword-providers.ts(327,41): error TS2551: Property 'estimateSearchVolume' does not exist on type 'GoogleTrendsProvider'. Did you mean 'getSearchVolume'?
lib/seo/providers/free-keyword-providers.ts(328,41): error TS2339: Property 'estimateDifficulty' does not exist on type 'GoogleTrendsProvider'.
lib/seo/providers/free-keyword-providers.ts(335,34): error TS2339: Property 'estimateIntent' does not exist on type 'GoogleTrendsProvider'.
lib/seo/serp-tracker.ts(109,56): error TS2345: Argument of type 'unknown' is not assignable to parameter of type 'Error | undefined'.
lib/seo/serp-tracker.ts(131,67): error TS2345: Argument of type 'unknown' is not assignable to parameter of type 'Record<string, any> | undefined'.
lib/seo/serp-tracker.ts(140,57): error TS2345: Argument of type 'unknown' is not assignable to parameter of type 'Record<string, any> | undefined'.
lib/seo/serp-tracker.ts(171,39): error TS2345: Argument of type 'unknown' is not assignable to parameter of type 'Error | undefined'.
lib/seo/serp-tracker.ts(218,53): error TS2345: Argument of type 'unknown' is not assignable to parameter of type 'Error | undefined'.
lib/seo/serp-tracker.ts(273,55): error TS2345: Argument of type 'unknown' is not assignable to parameter of type 'Error | undefined'.
lib/seo/serp-tracker.ts(349,60): error TS2345: Argument of type 'unknown' is not assignable to parameter of type 'Error | undefined'.
lib/seo/versus-generator.ts(112,13): error TS7053: Element implicitly has an 'any' type because expression of type 'string' can't be used to index type '{}'.
  No index signature with a parameter of type 'string' was found on type '{}'.
lib/services/ai/mistral.service.ts(84,9): error TS2322: Type 'string | ContentChunk[]' is not assignable to type 'string'.
  Type 'ContentChunk[]' is not assignable to type 'string'.
lib/services/auto-linker.ts(51,19): error TS7006: Parameter 'term' implicitly has an 'any' type.
lib/services/entities/base-entity.service.ts(112,49): error TS2345: Argument of type 'string' is not assignable to parameter of type 'Record<string, any>'.
lib/services/entities/base-entity.service.ts(135,49): error TS2345: Argument of type 'string' is not assignable to parameter of type 'Record<string, any>'.
lib/services/link-injector.ts(28,47): error TS7006: Parameter 'a' implicitly has an 'any' type.
lib/services/link-injector.ts(28,50): error TS7006: Parameter 'b' implicitly has an 'any' type.
lib/services/search/search.service.ts(46,35): error TS2304: Cannot find name 'searchService'.
lib/services/search/search.service.ts(71,21): error TS2353: Object literal may only specify known properties, and 'type' does not exist in type 'SearchOptions'.
lib/social-media/analytics.ts(64,52): error TS2345: Argument of type 'unknown' is not assignable to parameter of type 'Error | undefined'.
lib/social-media/analytics.ts(91,58): error TS2345: Argument of type 'unknown' is not assignable to parameter of type 'Error | undefined'.
lib/social-media/analytics.ts(168,60): error TS2345: Argument of type 'unknown' is not assignable to parameter of type 'Error | undefined'.
lib/social-media/analytics.ts(205,62): error TS2345: Argument of type 'unknown' is not assignable to parameter of type 'Error | undefined'.
lib/tenant/tenant-config.ts(348,42): error TS2353: Object literal may only specify known properties, and 'tenantId' does not exist in type 'Error'.
lib/tenant/tenant-config.ts(406,51): error TS2353: Object literal may only specify known properties, and 'error' does not exist in type 'Error'.
lib/tenant/tenant-config.ts(456,48): error TS2353: Object literal may only specify known properties, and 'error' does not exist in type 'Error'.
lib/tenant/tenant-config.ts(463,52): error TS2353: Object literal may only specify known properties, and 'error' does not exist in type 'Error'.
lib/tenant/tenant-config.ts(509,53): error TS2353: Object literal may only specify known properties, and 'error' does not exist in type 'Error'.
lib/tenant/tenant-config.ts(516,50): error TS2353: Object literal may only specify known properties, and 'error' does not exist in type 'Error'.
lib/tenant/tenant-config.ts(565,10): error TS2339: Property 'onConflict' does not exist on type 'PostgrestFilterBuilder<any, any, any, null, "tenant_settings", unknown, "POST">'.
lib/tenant/tenant-config.ts(570,58): error TS2353: Object literal may only specify known properties, and 'error' does not exist in type 'Error'.
lib/tenant/tenant-config.ts(595,10): error TS2339: Property 'onConflict' does not exist on type 'PostgrestFilterBuilder<any, any, any, null, "tenant_feature_flags", unknown, "POST">'.
lib/tenant/tenant-config.ts(600,58): error TS2353: Object literal may only specify known properties, and 'error' does not exist in type 'Error'.
lib/tenant/tenant-config.ts(630,51): error TS2353: Object literal may only specify known properties, and 'error' does not exist in type 'Error'.
lib/tenant/tenant-context.ts(157,46): error TS2353: Object literal may only specify known properties, and 'error' does not exist in type 'Error'.
lib/tenant/tenant-context.ts(174,56): error TS2353: Object literal may only specify known properties, and 'error' does not exist in type 'Error'.
lib/tenant/tenant-context.ts(185,50): error TS2353: Object literal may only specify known properties, and 'error' does not exist in type 'Error'.
lib/tenant/tenant-context.ts(201,54): error TS2353: Object literal may only specify known properties, and 'error' does not exist in type 'Error'.
lib/tenant/tenant-context.ts(219,54): error TS2353: Object literal may only specify known properties, and 'error' does not exist in type 'Error'.
lib/tenant/tenant-context.ts(299,52): error TS2353: Object literal may only specify known properties, and 'error' does not exist in type 'Error'.
lib/tenant/tenant-context.ts(365,60): error TS2353: Object literal may only specify known properties, and 'error' does not exist in type 'Error'.
lib/tenant/tenant-context.ts(385,53): error TS2353: Object literal may only specify known properties, and 'error' does not exist in type 'Error'.
lib/tenant/tenant-context.ts(405,47): error TS2353: Object literal may only specify known properties, and 'error' does not exist in type 'Error'.
lib/tools/wallet-math.ts(74,42): error TS2339: Property 'grocery' does not exist on type 'SpendProfile'.
lib/tracing/opentelemetry.ts(71,13): error TS2322: Type 'OTLPTraceExporter' is not assignable to type 'SpanExporter'.
  Types of property 'export' are incompatible.
    Type '(items: ReadableSpan[], resultCallback: (result: ExportResult) => void) => void' is not assignable to type '(spans: ReadableSpan[], resultCallback: (result: ExportResult) => void) => void'.
      Types of parameters 'items' and 'spans' are incompatible.
        Type 'import("C:/Users/shivp/Desktop/InvestingPro_App/node_modules/@opentelemetry/sdk-trace-node/node_modules/@opentelemetry/sdk-trace-base/build/src/export/ReadableSpan").ReadableSpan[]' is not assignable to type 'import("C:/Users/shivp/Desktop/InvestingPro_App/node_modules/@opentelemetry/exporter-otlp-http/node_modules/@opentelemetry/sdk-trace-base/build/src/export/ReadableSpan").ReadableSpan[]'.
          Property 'instrumentationLibrary' is missing in type 'import("C:/Users/shivp/Desktop/InvestingPro_App/node_modules/@opentelemetry/sdk-trace-node/node_modules/@opentelemetry/sdk-trace-base/build/src/export/ReadableSpan").ReadableSpan' but required in type 'import("C:/Users/shivp/Desktop/InvestingPro_App/node_modules/@opentelemetry/exporter-otlp-http/node_modules/@opentelemetry/sdk-trace-base/build/src/export/ReadableSpan").ReadableSpan'.
lib/tracking/affiliate-tracker.ts(215,49): error TS7006: Parameter 'd' implicitly has an 'any' type.
lib/tracking/affiliate-tracker.ts(219,22): error TS7006: Parameter 'd' implicitly has an 'any' type.
lib/tracking/affiliate-tracker.ts(229,22): error TS7006: Parameter 'd' implicitly has an 'any' type.
lib/utils/chart-colors.ts(39,19): error TS7053: Element implicitly has an 'any' type because expression of type '400' can't be used to index type '{ readonly 50: "#FFFBEB"; readonly 100: "#FEF3C7"; readonly 500: "#F59E0B"; readonly 600: "#D97706"; readonly 700: "#B45309"; }'.
  Property '400' does not exist on type '{ readonly 50: "#FFFBEB"; readonly 100: "#FEF3C7"; readonly 500: "#F59E0B"; readonly 600: "#D97706"; readonly 700: "#B45309"; }'.
lib/utils/chart-colors.ts(43,16): error TS7053: Element implicitly has an 'any' type because expression of type '400' can't be used to index type '{ readonly 50: "#F0F9FF"; readonly 100: "#E0F2FE"; readonly 500: "#0EA5E9"; readonly 600: "#0284C7"; readonly 700: "#0369A1"; }'.
  Property '400' does not exist on type '{ readonly 50: "#F0F9FF"; readonly 100: "#E0F2FE"; readonly 500: "#0EA5E9"; readonly 600: "#0284C7"; readonly 700: "#0369A1"; }'.
lib/utils/theme-colors.ts(26,16): error TS7053: Element implicitly has an 'any' type because expression of type 'ColorShade' can't be used to index type '{ readonly 50: "#ECFDF5"; readonly 100: "#D1FAE5"; readonly 200: "#A7F3D0"; readonly 300: "#6EE7B7"; readonly 400: "#34D399"; readonly 500: "#10B981"; readonly 600: "#059669"; readonly 700: "#047857"; }'.
  Property '800' does not exist on type '{ readonly 50: "#ECFDF5"; readonly 100: "#D1FAE5"; readonly 200: "#A7F3D0"; readonly 300: "#6EE7B7"; readonly 400: "#34D399"; readonly 500: "#10B981"; readonly 600: "#059669"; readonly 700: "#047857"; }'.
lib/utils/theme-colors.ts(29,16): error TS7053: Element implicitly has an 'any' type because expression of type 'ColorShade' can't be used to index type '{ readonly 50: "#FEF2F2"; readonly 100: "#FEE2E2"; readonly 200: "#FECACA"; readonly 400: "#F87171"; readonly 500: "#EF4444"; readonly 600: "#DC2626"; readonly 700: "#B91C1C"; }'.
  Property '300' does not exist on type '{ readonly 50: "#FEF2F2"; readonly 100: "#FEE2E2"; readonly 200: "#FECACA"; readonly 400: "#F87171"; readonly 500: "#EF4444"; readonly 600: "#DC2626"; readonly 700: "#B91C1C"; }'.
lib/utils/theme-colors.ts(32,16): error TS7053: Element implicitly has an 'any' type because expression of type 'ColorShade' can't be used to index type '{ readonly 50: "#FFFBEB"; readonly 100: "#FEF3C7"; readonly 500: "#F59E0B"; readonly 600: "#D97706"; readonly 700: "#B45309"; }'.
  Property '200' does not exist on type '{ readonly 50: "#FFFBEB"; readonly 100: "#FEF3C7"; readonly 500: "#F59E0B"; readonly 600: "#D97706"; readonly 700: "#B45309"; }'.
lib/utils/theme-colors.ts(35,16): error TS7053: Element implicitly has an 'any' type because expression of type 'ColorShade' can't be used to index type '{ readonly 50: "#F0F9FF"; readonly 100: "#E0F2FE"; readonly 500: "#0EA5E9"; readonly 600: "#0284C7"; readonly 700: "#0369A1"; }'.
  Property '200' does not exist on type '{ readonly 50: "#F0F9FF"; readonly 100: "#E0F2FE"; readonly 500: "#0EA5E9"; readonly 600: "#0284C7"; readonly 700: "#0369A1"; }'.
lib/utils/theme-colors.ts(126,12): error TS7053: Element implicitly has an 'any' type because expression of type 'ColorShade' can't be used to index type '{ readonly 50: "#F8FAFC"; readonly 100: "#F1F5F9"; readonly 200: "#E2E8F0"; readonly 300: "#CBD5E1"; readonly 400: "#94A3B8"; readonly 500: "#64748B"; readonly 600: "#475569"; readonly 700: "#334155"; readonly 800: "#1E293B"; readonly 900: "#0F172A"; readonly 950: "#020617"; } | { ...; }'.
  Property '950' does not exist on type '{ readonly 50: "#F8FAFC"; readonly 100: "#F1F5F9"; readonly 200: "#E2E8F0"; readonly 300: "#CBD5E1"; readonly 400: "#94A3B8"; readonly 500: "#64748B"; readonly 600: "#475569"; readonly 700: "#334155"; readonly 800: "#1E293B"; readonly 900: "#0F172A"; readonly 950: "#020617"; } | { ...; }'.
lib/validation/api-schemas.ts(106,16): error TS2554: Expected 2-3 arguments, but got 1.
lib/validation/api-schemas.ts(209,16): error TS2554: Expected 2-3 arguments, but got 1.
lib/validation/api-schemas.ts(215,16): error TS2554: Expected 2-3 arguments, but got 1.
lib/validation/api-schemas.ts(267,19): error TS2554: Expected 2-3 arguments, but got 1.
lib/validation/api-schemas.ts(325,20): error TS2554: Expected 2-3 arguments, but got 1.
lib/validation/schemas.ts(67,20): error TS2554: Expected 2-3 arguments, but got 1.
lib/validation/schemas.ts(86,19): error TS2554: Expected 2-3 arguments, but got 1.
lib/visuals/featured-image-generator.ts(138,55): error TS2353: Object literal may only specify known properties, and 'error' does not exist in type 'Error'.
lib/workers/articleGenerator.ts(408,53): error TS2345: Argument of type '{ title: any; content: string; excerpt: any; keywords: string[]; meta_title: any; meta_description: any; featured_image: string | null; category: string; }' is not assignable to parameter of type 'ArticleContent'.
  Types of property 'featured_image' are incompatible.
    Type 'string | null' is not assignable to type 'string | undefined'.
      Type 'null' is not assignable to type 'string | undefined'.
lib/workflows/workflow-monitor.ts(71,18): error TS7006: Parameter 'instance' implicitly has an 'any' type.
lib/workflows/workflow-repository.ts(180,21): error TS7006: Parameter 'item' implicitly has an 'any' type.
lib/workflows/workflow-scheduler.ts(66,11): error TS2322: Type 'Date' is not assignable to type 'number'.
lib/workflows/workflow-scheduler.ts(81,9): error TS2322: Type 'Date' is not assignable to type 'number'.
lib/workflows/workflow-service.ts(37,43): error TS2345: Argument of type 'WorkflowInstance | null' is not assignable to parameter of type 'WorkflowInstance'.
  Type 'null' is not assignable to type 'WorkflowInstance'.
lib/workflows/workflow-service.ts(42,7): error TS2353: Object literal may only specify known properties, and 'payload' does not exist in type 'Omit<BaseEvent, "timestamp" | "id">'.
lib/workflows/workflow-service.ts(44,21): error TS18047: 'instance' is possibly 'null'.
lib/workflows/workflow-service.ts(52,5): error TS2322: Type 'WorkflowInstance | null' is not assignable to type 'WorkflowInstance'.
  Type 'null' is not assignable to type 'WorkflowInstance'.
lib/workflows/workflow-service.ts(105,7): error TS2353: Object literal may only specify known properties, and 'payload' does not exist in type 'Omit<BaseEvent, "timestamp" | "id">'.
scripts/archive-old-data.ts(327,50): error TS2339: Property 'id' does not exist on type 'never'.
scripts/archive-old-data.ts(413,57): error TS2345: Argument of type 'SupabaseClient<any, "public", "public", any, any>' is not assignable to parameter of type 'SupabaseClient<unknown, { PostgrestVersion: string; }, never, never, { PostgrestVersion: string; }>'.
  Type '"public"' is not assignable to type 'never'.
scripts/archive-old-data.ts(417,58): error TS2345: Argument of type 'SupabaseClient<any, "public", "public", any, any>' is not assignable to parameter of type 'SupabaseClient<unknown, { PostgrestVersion: string; }, never, never, { PostgrestVersion: string; }>'.
  Type '"public"' is not assignable to type 'never'.
scripts/archive-old-data.ts(421,59): error TS2345: Argument of type 'SupabaseClient<any, "public", "public", any, any>' is not assignable to parameter of type 'SupabaseClient<unknown, { PostgrestVersion: string; }, never, never, { PostgrestVersion: string; }>'.
  Type '"public"' is not assignable to type 'never'.
scripts/archive-old-data.ts(425,58): error TS2345: Argument of type 'SupabaseClient<any, "public", "public", any, any>' is not assignable to parameter of type 'SupabaseClient<unknown, { PostgrestVersion: string; }, never, never, { PostgrestVersion: string; }>'.
  Type '"public"' is not assignable to type 'never'.
