
> investing_pro_temp@0.1.0 build
> next build

Γû▓ Next.js 16.1.1 (Turbopack)
- Environments: .env.local

node.exe : ΓÜá The 
"middleware" file convention 
is deprecated. Please use 
"proxy" instead. Learn more: h
ttps://nextjs.org/docs/message
s/middleware-to-proxy
At line:1 char:1
+ & "C:\Program 
Files\nodejs/node.exe" 
"C:\Program 
Files\nodejs/node_mo ...
+ ~~~~~~~~~~~~~~~~~~~~~~~~~~~~
~~~~~~~~~~~~~~~~~~~~~~~~~~~~~~
~~~~~~~~~~~
    + CategoryInfo          : 
    NotSpecified: (ΓÜá The "  
  middle...leware-to-proxy:   
 String) [], RemoteExcepti    
on
    + FullyQualifiedErrorId : 
    NativeCommandError
 
  Creating an optimized production build ...

> Build error occurred
Error: Turbopack build failed 
with 11 errors:
./app/admin/articles/[id]/edit
-refactored/page.tsx:23:10
Ecmascript file had an error
[0m [90m 21 |[39m 
[36mimport[39m { 
[33mSave[39m[33m,[39m 
[33mLoader2[39m } 
[36mfrom[39m [32m'lucide-re
act'[39m[33m;[39m
 [90m 22 |[39m 
[36mimport[39m { toast } 
[36mfrom[39m 
[32m'sonner'[39m[33m;[39m
[31m[1m>[22m[39m[90m 23 
|[39m [36mimport[39m { 
revalidatePath } 
[36mfrom[39m [32m'next/cach
e'[39m[33m;[39m
 [90m    |[39m          [31
m[1m^[22m[39m[31m[1m^[22
m[39m[31m[1m^[22m[39m[31
m[1m^[22m[39m[31m[1m^[22
m[39m[31m[1m^[22m[39m[31
m[1m^[22m[39m[31m[1m^[22
m[39m[31m[1m^[22m[39m[31
m[1m^[22m[39m[31m[1m^[22
m[39m[31m[1m^[22m[39m[31
m[1m^[22m[39m[31m[1m^[22
m[39m
 [90m 24 |[39m
 [90m 25 |[39m 
[36mexport[39m 
[36mdefault[39m 
[36mfunction[39m 
[33mEditArticlePage[39m() {
 [90m 26 |[39m     
[36mconst[39m router 
[33m=[39m 
useRouter()[33m;[39m[0m

You're importing a component 
that needs "revalidatePath". 
That only works in a Server 
Component but one of its 
parents is marked with "use 
client", so it's a Client 
Component.
Learn more: https://nextjs.org
/docs/app/building-your-applic
ation/rendering



Import traces:
  Client Component Browser:
    ./app/admin/articles/[id]/
edit-refactored/page.tsx 
[Client Component Browser]
    ./app/admin/articles/[id]/
edit-refactored/page.tsx 
[Server Component]

  Client Component SSR:
    ./app/admin/articles/[id]/
edit-refactored/page.tsx 
[Client Component SSR]
    ./app/admin/articles/[id]/
edit-refactored/page.tsx 
[Server Component]


./app/admin/pillar-pages/[id]/
edit/page.tsx:7:1
Module not found: Can't 
resolve '@/components/admin/Ti
pTapEditorWithMedia'
[0m [90m  5 |[39m 
[36mimport[39m 
[33mAdminLayout[39m 
[36mfrom[39m [32m'@/compone
nts/admin/AdminLayout'[39m[3
3m;[39m
 [90m  6 |[39m 
[36mimport[39m 
[33mArticleInspector[39m 
[36mfrom[39m [32m'@/compone
nts/admin/ArticleInspector'[3
9m[33m;[39m
[31m[1m>[22m[39m[90m  7 
|[39m [36mimport[39m [33mT
ipTapEditorWithMedia[39m 
[36mfrom[39m [32m'@/compone
nts/admin/TipTapEditorWithMedi
a'[39m[33m;[39m
 [90m    |[39m [31m[1m^[2
2m[39m[31m[1m^[22m[39m[3
1m[1m^[22m[39m[31m[1m^[2
2m[39m[31m[1m^[22m[39m[3
1m[1m^[22m[39m[31m[1m^[2
2m[39m[31m[1m^[22m[39m[3
1m[1m^[22m[39m[31m[1m^[2
2m[39m[31m[1m^[22m[39m[3
1m[1m^[22m[39m[31m[1m^[2
2m[39m[31m[1m^[22m[39m[3
1m[1m^[22m[39m[31m[1m^[2
2m[39m[31m[1m^[22m[39m[3
1m[1m^[22m[39m[31m[1m^[2
2m[39m[31m[1m^[22m[39m[3
1m[1m^[22m[39m[31m[1m^[2
2m[39m[31m[1m^[22m[39m[3
1m[1m^[22m[39m[31m[1m^[2
2m[39m[31m[1m^[22m[39m[3
1m[1m^[22m[39m[31m[1m^[2
2m[39m[31m[1m^[22m[39m[3
1m[1m^[22m[39m[31m[1m^[2
2m[39m[31m[1m^[22m[39m[3
1m[1m^[22m[39m[31m[1m^[2
2m[39m[31m[1m^[22m[39m[3
1m[1m^[22m[39m[31m[1m^[2
2m[39m[31m[1m^[22m[39m[3
1m[1m^[22m[39m[31m[1m^[2
2m[39m[31m[1m^[22m[39m[3
1m[1m^[22m[39m[31m[1m^[2
2m[39m[31m[1m^[22m[39m[3
1m[1m^[22m[39m[31m[1m^[2
2m[39m[31m[1m^[22m[39m[3
1m[1m^[22m[39m[31m[1m^[2
2m[39m[31m[1m^[22m[39m[3
1m[1m^[22m[39m[31m[1m^[2
2m[39m[31m[1m^[22m[39m[3
1m[1m^[22m[39m[31m[1m^[2
2m[39m[31m[1m^[22m[39m[3
1m[1m^[22m[39m[31m[1m^[2
2m[39m[31m[1m^[22m[39m[3
1m[1m^[22m[39m[31m[1m^[2
2m[39m[31m[1m^[22m[39m[3
1m[1m^[22m[39m[31m[1m^[2
2m[39m[31m[1m^[22m[39m[3
1m[1m^[22m[39m[31m[1m^[2
2m[39m[31m[1m^[22m[39m[3
1m[1m^[22m[39m[31m[1m^[2
2m[39m[31m[1m^[22m[39m[3
1m[1m^[22m[39m[31m[1m^[2
2m[39m[31m[1m^[22m[39m[3
1m[1m^[22m[39m[31m[1m^[2
2m[39m[31m[1m^[22m[39m
 [90m  8 |[39m 
[36mimport[39m { 
[33mInput[39m } 
[36mfrom[39m [32m'@/compone
nts/ui/input'[39m[33m;[39m
 [90m  9 |[39m 
[36mimport[39m { api } 
[36mfrom[39m [32m'@/lib/api
'[39m[33m;[39m
 [90m 10 |[39m 
[36mimport[39m { 
useQuery[33m,[39m 
useMutation[33m,[39m 
useQueryClient } 
[36mfrom[39m [32m'@tanstack
/react-query'[39m[33m;[39m
[0m

Import map: aliased to 
relative './components/admin/T
ipTapEditorWithMedia' inside 
of [project]/


Import traces:
  Client Component Browser:
    ./app/admin/pillar-pages/[
id]/edit/page.tsx [Client 
Component Browser]
    ./app/admin/pillar-pages/[
id]/edit/page.tsx [Server 
Component]

  Client Component SSR:
    ./app/admin/pillar-pages/[
id]/edit/page.tsx [Client 
Component SSR]
    ./app/admin/pillar-pages/[
id]/edit/page.tsx [Server 
Component]

https://nextjs.org/docs/messag
es/module-not-found


./app/admin/pillar-pages/new/p
age.tsx:7:1
Module not found: Can't 
resolve '@/components/admin/Ti
pTapEditorWithMedia'
[0m [90m  5 |[39m 
[36mimport[39m 
[33mAdminLayout[39m 
[36mfrom[39m [32m'@/compone
nts/admin/AdminLayout'[39m[3
3m;[39m
 [90m  6 |[39m 
[36mimport[39m 
[33mArticleInspector[39m 
[36mfrom[39m [32m'@/compone
nts/admin/ArticleInspector'[3
9m[33m;[39m
[31m[1m>[22m[39m[90m  7 
|[39m [36mimport[39m [33mT
ipTapEditorWithMedia[39m 
[36mfrom[39m [32m'@/compone
nts/admin/TipTapEditorWithMedi
a'[39m[33m;[39m
 [90m    |[39m [31m[1m^[2
2m[39m[31m[1m^[22m[39m[3
1m[1m^[22m[39m[31m[1m^[2
2m[39m[31m[1m^[22m[39m[3
1m[1m^[22m[39m[31m[1m^[2
2m[39m[31m[1m^[22m[39m[3
1m[1m^[22m[39m[31m[1m^[2
2m[39m[31m[1m^[22m[39m[3
1m[1m^[22m[39m[31m[1m^[2
2m[39m[31m[1m^[22m[39m[3
1m[1m^[22m[39m[31m[1m^[2
2m[39m[31m[1m^[22m[39m[3
1m[1m^[22m[39m[31m[1m^[2
2m[39m[31m[1m^[22m[39m[3
1m[1m^[22m[39m[31m[1m^[2
2m[39m[31m[1m^[22m[39m[3
1m[1m^[22m[39m[31m[1m^[2
2m[39m[31m[1m^[22m[39m[3
1m[1m^[22m[39m[31m[1m^[2
2m[39m[31m[1m^[22m[39m[3
1m[1m^[22m[39m[31m[1m^[2
2m[39m[31m[1m^[22m[39m[3
1m[1m^[22m[39m[31m[1m^[2
2m[39m[31m[1m^[22m[39m[3
1m[1m^[22m[39m[31m[1m^[2
2m[39m[31m[1m^[22m[39m[3
1m[1m^[22m[39m[31m[1m^[2
2m[39m[31m[1m^[22m[39m[3
1m[1m^[22m[39m[31m[1m^[2
2m[39m[31m[1m^[22m[39m[3
1m[1m^[22m[39m[31m[1m^[2
2m[39m[31m[1m^[22m[39m[3
1m[1m^[22m[39m[31m[1m^[2
2m[39m[31m[1m^[22m[39m[3
1m[1m^[22m[39m[31m[1m^[2
2m[39m[31m[1m^[22m[39m[3
1m[1m^[22m[39m[31m[1m^[2
2m[39m[31m[1m^[22m[39m[3
1m[1m^[22m[39m[31m[1m^[2
2m[39m[31m[1m^[22m[39m[3
1m[1m^[22m[39m[31m[1m^[2
2m[39m[31m[1m^[22m[39m[3
1m[1m^[22m[39m[31m[1m^[2
2m[39m[31m[1m^[22m[39m[3
1m[1m^[22m[39m[31m[1m^[2
2m[39m[31m[1m^[22m[39m[3
1m[1m^[22m[39m[31m[1m^[2
2m[39m[31m[1m^[22m[39m[3
1m[1m^[22m[39m[31m[1m^[2
2m[39m[31m[1m^[22m[39m[3
1m[1m^[22m[39m[31m[1m^[2
2m[39m[31m[1m^[22m[39m
 [90m  8 |[39m 
[36mimport[39m { 
[33mInput[39m } 
[36mfrom[39m [32m'@/compone
nts/ui/input'[39m[33m;[39m
 [90m  9 |[39m 
[36mimport[39m { api } 
[36mfrom[39m [32m'@/lib/api
'[39m[33m;[39m
 [90m 10 |[39m 
[36mimport[39m { 
useMutation } [36mfrom[39m 
[32m'@tanstack/react-query'[3
9m[33m;[39m[0m

Import map: aliased to 
relative './components/admin/T
ipTapEditorWithMedia' inside 
of [project]/


Import traces:
  Client Component Browser:
    ./app/admin/pillar-pages/n
ew/page.tsx [Client Component 
Browser]
    ./app/admin/pillar-pages/n
ew/page.tsx [Server Component]

  Client Component SSR:
    ./app/admin/pillar-pages/n
ew/page.tsx [Client Component 
SSR]
    ./app/admin/pillar-pages/n
ew/page.tsx [Server Component]

https://nextjs.org/docs/messag
es/module-not-found


./app/calculators/emi/page.tsx
:8:1
Export SEOArticle doesn't 
exist in target module
[0m [90m  6 |[39m 
[36mimport[39m { 
[33mCard[39m[33m,[39m [33
mCardContent[39m[33m,[39m 
[33mCardHeader[39m[33m,[39m
 [33mCardTitle[39m } 
[36mfrom[39m [32m"@/compone
nts/ui/card"[39m[33m;[39m
 [90m  7 |[39m 
[36mimport[39m { 
[33mInfo[39m } 
[36mfrom[39m [32m"lucide-re
act"[39m[33m;[39m
[31m[1m>[22m[39m[90m  8 
|[39m [36mimport[39m { 
[33mSEOArticle[39m } 
[36mfrom[39m [32m"@/compone
nts/calculators/SEOArticle"[3
9m[33m;[39m
 [90m    |[39m [31m[1m^[2
2m[39m[31m[1m^[22m[39m[3
1m[1m^[22m[39m[31m[1m^[2
2m[39m[31m[1m^[22m[39m[3
1m[1m^[22m[39m[31m[1m^[2
2m[39m[31m[1m^[22m[39m[3
1m[1m^[22m[39m[31m[1m^[2
2m[39m[31m[1m^[22m[39m[3
1m[1m^[22m[39m[31m[1m^[2
2m[39m[31m[1m^[22m[39m[3
1m[1m^[22m[39m[31m[1m^[2
2m[39m[31m[1m^[22m[39m[3
1m[1m^[22m[39m[31m[1m^[2
2m[39m[31m[1m^[22m[39m[3
1m[1m^[22m[39m[31m[1m^[2
2m[39m[31m[1m^[22m[39m[3
1m[1m^[22m[39m[31m[1m^[2
2m[39m[31m[1m^[22m[39m[3
1m[1m^[22m[39m[31m[1m^[2
2m[39m[31m[1m^[22m[39m[3
1m[1m^[22m[39m[31m[1m^[2
2m[39m[31m[1m^[22m[39m[3
1m[1m^[22m[39m[31m[1m^[2
2m[39m[31m[1m^[22m[39m[3
1m[1m^[22m[39m[31m[1m^[2
2m[39m[31m[1m^[22m[39m[3
1m[1m^[22m[39m[31m[1m^[2
2m[39m[31m[1m^[22m[39m[3
1m[1m^[22m[39m[31m[1m^[2
2m[39m[31m[1m^[22m[39m[3
1m[1m^[22m[39m[31m[1m^[2
2m[39m[31m[1m^[22m[39m[3
1m[1m^[22m[39m[31m[1m^[2
2m[39m[31m[1m^[22m[39m[3
1m[1m^[22m[39m[31m[1m^[2
2m[39m[31m[1m^[22m[39m[3
1m[1m^[22m[39m[31m[1m^[2
2m[39m[31m[1m^[22m[39m[3
1m[1m^[22m[39m[31m[1m^[2
2m[39m[31m[1m^[22m[39m[3
1m[1m^[22m[39m[31m[1m^[2
2m[39m[31m[1m^[22m[39m[3
1m[1m^[22m[39m[31m[1m^[2
2m[39m[31m[1m^[22m[39m
 [90m  9 |[39m 
[36mimport[39m 
[33mLink[39m [36mfrom[39m 
[32m"next/link"[39m[33m;[3
9m
 [90m 10 |[39m
 [90m 11 |[39m 
[36mexport[39m 
[36mdefault[39m 
[36mfunction[39m 
[33mEMICalculatorPage[39m() 
{[0m

The export SEOArticle was not 
found in module [project]/comp
onents/calculators/SEOArticle.
tsx [app-client] (ecmascript).
The module has no exports at 
all.
All exports of the module are 
statically known (It doesn't 
have dynamic exports). So 
it's known statically that 
the requested export doesn't 
exist.

Import traces:
  Client Component Browser:
    ./app/calculators/emi/page
.tsx [Client Component 
Browser]
    ./app/calculators/emi/page
.tsx [Server Component]

  Client Component SSR:
    ./app/calculators/emi/page
.tsx [Client Component SSR]
    ./app/calculators/emi/page
.tsx [Server Component]


./app/calculators/emi/page.tsx
:8:1
Export SEOArticle doesn't 
exist in target module
[0m [90m  6 |[39m 
[36mimport[39m { 
[33mCard[39m[33m,[39m [33
mCardContent[39m[33m,[39m 
[33mCardHeader[39m[33m,[39m
 [33mCardTitle[39m } 
[36mfrom[39m [32m"@/compone
nts/ui/card"[39m[33m;[39m
 [90m  7 |[39m 
[36mimport[39m { 
[33mInfo[39m } 
[36mfrom[39m [32m"lucide-re
act"[39m[33m;[39m
[31m[1m>[22m[39m[90m  8 
|[39m [36mimport[39m { 
[33mSEOArticle[39m } 
[36mfrom[39m [32m"@/compone
nts/calculators/SEOArticle"[3
9m[33m;[39m
 [90m    |[39m [31m[1m^[2
2m[39m[31m[1m^[22m[39m[3
1m[1m^[22m[39m[31m[1m^[2
2m[39m[31m[1m^[22m[39m[3
1m[1m^[22m[39m[31m[1m^[2
2m[39m[31m[1m^[22m[39m[3
1m[1m^[22m[39m[31m[1m^[2
2m[39m[31m[1m^[22m[39m[3
1m[1m^[22m[39m[31m[1m^[2
2m[39m[31m[1m^[22m[39m[3
1m[1m^[22m[39m[31m[1m^[2
2m[39m[31m[1m^[22m[39m[3
1m[1m^[22m[39m[31m[1m^[2
2m[39m[31m[1m^[22m[39m[3
1m[1m^[22m[39m[31m[1m^[2
2m[39m[31m[1m^[22m[39m[3
1m[1m^[22m[39m[31m[1m^[2
2m[39m[31m[1m^[22m[39m[3
1m[1m^[22m[39m[31m[1m^[2
2m[39m[31m[1m^[22m[39m[3
1m[1m^[22m[39m[31m[1m^[2
2m[39m[31m[1m^[22m[39m[3
1m[1m^[22m[39m[31m[1m^[2
2m[39m[31m[1m^[22m[39m[3
1m[1m^[22m[39m[31m[1m^[2
2m[39m[31m[1m^[22m[39m[3
1m[1m^[22m[39m[31m[1m^[2
2m[39m[31m[1m^[22m[39m[3
1m[1m^[22m[39m[31m[1m^[2
2m[39m[31m[1m^[22m[39m[3
1m[1m^[22m[39m[31m[1m^[2
2m[39m[31m[1m^[22m[39m[3
1m[1m^[22m[39m[31m[1m^[2
2m[39m[31m[1m^[22m[39m[3
1m[1m^[22m[39m[31m[1m^[2
2m[39m[31m[1m^[22m[39m[3
1m[1m^[22m[39m[31m[1m^[2
2m[39m[31m[1m^[22m[39m[3
1m[1m^[22m[39m[31m[1m^[2
2m[39m[31m[1m^[22m[39m[3
1m[1m^[22m[39m[31m[1m^[2
2m[39m[31m[1m^[22m[39m[3
1m[1m^[22m[39m[31m[1m^[2
2m[39m[31m[1m^[22m[39m
 [90m  9 |[39m 
[36mimport[39m 
[33mLink[39m [36mfrom[39m 
[32m"next/link"[39m[33m;[3
9m
 [90m 10 |[39m
 [90m 11 |[39m 
[36mexport[39m 
[36mdefault[39m 
[36mfunction[39m 
[33mEMICalculatorPage[39m() 
{[0m

The export SEOArticle was not 
found in module [project]/comp
onents/calculators/SEOArticle.
tsx [app-ssr] (ecmascript).
The module has no exports at 
all.
All exports of the module are 
statically known (It doesn't 
have dynamic exports). So 
it's known statically that 
the requested export doesn't 
exist.

Import traces:
  Client Component Browser:
    ./app/calculators/emi/page
.tsx [Client Component 
Browser]
    ./app/calculators/emi/page
.tsx [Server Component]

  Client Component SSR:
    ./app/calculators/emi/page
.tsx [Client Component SSR]
    ./app/calculators/emi/page
.tsx [Server Component]


./app/calculators/fd/page.tsx:
9:1
Export SEOArticle doesn't 
exist in target module
[0m [90m  7 |[39m 
[36mimport[39m { 
[33mCard[39m[33m,[39m [33
mCardContent[39m[33m,[39m 
[33mCardHeader[39m[33m,[39m
 [33mCardTitle[39m } 
[36mfrom[39m [32m"@/compone
nts/ui/card"[39m[33m;[39m
 [90m  8 |[39m 
[36mimport[39m { 
[33mInfo[39m } 
[36mfrom[39m [32m"lucide-re
act"[39m[33m;[39m
[31m[1m>[22m[39m[90m  9 
|[39m [36mimport[39m { 
[33mSEOArticle[39m } 
[36mfrom[39m [32m"@/compone
nts/calculators/SEOArticle"[3
9m[33m;[39m
 [90m    |[39m [31m[1m^[2
2m[39m[31m[1m^[22m[39m[3
1m[1m^[22m[39m[31m[1m^[2
2m[39m[31m[1m^[22m[39m[3
1m[1m^[22m[39m[31m[1m^[2
2m[39m[31m[1m^[22m[39m[3
1m[1m^[22m[39m[31m[1m^[2
2m[39m[31m[1m^[22m[39m[3
1m[1m^[22m[39m[31m[1m^[2
2m[39m[31m[1m^[22m[39m[3
1m[1m^[22m[39m[31m[1m^[2
2m[39m[31m[1m^[22m[39m[3
1m[1m^[22m[39m[31m[1m^[2
2m[39m[31m[1m^[22m[39m[3
1m[1m^[22m[39m[31m[1m^[2
2m[39m[31m[1m^[22m[39m[3
1m[1m^[22m[39m[31m[1m^[2
2m[39m[31m[1m^[22m[39m[3
1m[1m^[22m[39m[31m[1m^[2
2m[39m[31m[1m^[22m[39m[3
1m[1m^[22m[39m[31m[1m^[2
2m[39m[31m[1m^[22m[39m[3
1m[1m^[22m[39m[31m[1m^[2
2m[39m[31m[1m^[22m[39m[3
1m[1m^[22m[39m[31m[1m^[2
2m[39m[31m[1m^[22m[39m[3
1m[1m^[22m[39m[31m[1m^[2
2m[39m[31m[1m^[22m[39m[3
1m[1m^[22m[39m[31m[1m^[2
2m[39m[31m[1m^[22m[39m[3
1m[1m^[22m[39m[31m[1m^[2
2m[39m[31m[1m^[22m[39m[3
1m[1m^[22m[39m[31m[1m^[2
2m[39m[31m[1m^[22m[39m[3
1m[1m^[22m[39m[31m[1m^[2
2m[39m[31m[1m^[22m[39m[3
1m[1m^[22m[39m[31m[1m^[2
2m[39m[31m[1m^[22m[39m[3
1m[1m^[22m[39m[31m[1m^[2
2m[39m[31m[1m^[22m[39m[3
1m[1m^[22m[39m[31m[1m^[2
2m[39m[31m[1m^[22m[39m[3
1m[1m^[22m[39m[31m[1m^[2
2m[39m[31m[1m^[22m[39m
 [90m 10 |[39m
 [90m 11 |[39m 
[36mexport[39m 
[36mdefault[39m 
[36mfunction[39m 
[33mFDCalculatorPage[39m() {
 [90m 12 |[39m     
[36mconst[39m 
structuredData [33m=[39m 
{[0m

The export SEOArticle was not 
found in module [project]/comp
onents/calculators/SEOArticle.
tsx [app-client] (ecmascript).
The module has no exports at 
all.
All exports of the module are 
statically known (It doesn't 
have dynamic exports). So 
it's known statically that 
the requested export doesn't 
exist.

Import traces:
  Client Component Browser:
    
./app/calculators/fd/page.tsx 
[Client Component Browser]
    
./app/calculators/fd/page.tsx 
[Server Component]

  Client Component SSR:
    
./app/calculators/fd/page.tsx 
[Client Component SSR]
    
./app/calculators/fd/page.tsx 
[Server Component]


./app/calculators/fd/page.tsx:
9:1
Export SEOArticle doesn't 
exist in target module
[0m [90m  7 |[39m 
[36mimport[39m { 
[33mCard[39m[33m,[39m [33
mCardContent[39m[33m,[39m 
[33mCardHeader[39m[33m,[39m
 [33mCardTitle[39m } 
[36mfrom[39m [32m"@/compone
nts/ui/card"[39m[33m;[39m
 [90m  8 |[39m 
[36mimport[39m { 
[33mInfo[39m } 
[36mfrom[39m [32m"lucide-re
act"[39m[33m;[39m
[31m[1m>[22m[39m[90m  9 
|[39m [36mimport[39m { 
[33mSEOArticle[39m } 
[36mfrom[39m [32m"@/compone
nts/calculators/SEOArticle"[3
9m[33m;[39m
 [90m    |[39m [31m[1m^[2
2m[39m[31m[1m^[22m[39m[3
1m[1m^[22m[39m[31m[1m^[2
2m[39m[31m[1m^[22m[39m[3
1m[1m^[22m[39m[31m[1m^[2
2m[39m[31m[1m^[22m[39m[3
1m[1m^[22m[39m[31m[1m^[2
2m[39m[31m[1m^[22m[39m[3
1m[1m^[22m[39m[31m[1m^[2
2m[39m[31m[1m^[22m[39m[3
1m[1m^[22m[39m[31m[1m^[2
2m[39m[31m[1m^[22m[39m[3
1m[1m^[22m[39m[31m[1m^[2
2m[39m[31m[1m^[22m[39m[3
1m[1m^[22m[39m[31m[1m^[2
2m[39m[31m[1m^[22m[39m[3
1m[1m^[22m[39m[31m[1m^[2
2m[39m[31m[1m^[22m[39m[3
1m[1m^[22m[39m[31m[1m^[2
2m[39m[31m[1m^[22m[39m[3
1m[1m^[22m[39m[31m[1m^[2
2m[39m[31m[1m^[22m[39m[3
1m[1m^[22m[39m[31m[1m^[2
2m[39m[31m[1m^[22m[39m[3
1m[1m^[22m[39m[31m[1m^[2
2m[39m[31m[1m^[22m[39m[3
1m[1m^[22m[39m[31m[1m^[2
2m[39m[31m[1m^[22m[39m[3
1m[1m^[22m[39m[31m[1m^[2
2m[39m[31m[1m^[22m[39m[3
1m[1m^[22m[39m[31m[1m^[2
2m[39m[31m[1m^[22m[39m[3
1m[1m^[22m[39m[31m[1m^[2
2m[39m[31m[1m^[22m[39m[3
1m[1m^[22m[39m[31m[1m^[2
2m[39m[31m[1m^[22m[39m[3
1m[1m^[22m[39m[31m[1m^[2
2m[39m[31m[1m^[22m[39m[3
1m[1m^[22m[39m[31m[1m^[2
2m[39m[31m[1m^[22m[39m[3
1m[1m^[22m[39m[31m[1m^[2
2m[39m[31m[1m^[22m[39m[3
1m[1m^[22m[39m[31m[1m^[2
2m[39m[31m[1m^[22m[39m
 [90m 10 |[39m
 [90m 11 |[39m 
[36mexport[39m 
[36mdefault[39m 
[36mfunction[39m 
[33mFDCalculatorPage[39m() {
 [90m 12 |[39m     
[36mconst[39m 
structuredData [33m=[39m 
{[0m

The export SEOArticle was not 
found in module [project]/comp
onents/calculators/SEOArticle.
tsx [app-ssr] (ecmascript).
The module has no exports at 
all.
All exports of the module are 
statically known (It doesn't 
have dynamic exports). So 
it's known statically that 
the requested export doesn't 
exist.

Import traces:
  Client Component Browser:
    
./app/calculators/fd/page.tsx 
[Client Component Browser]
    
./app/calculators/fd/page.tsx 
[Server Component]

  Client Component SSR:
    
./app/calculators/fd/page.tsx 
[Client Component SSR]
    
./app/calculators/fd/page.tsx 
[Server Component]


./app/calculators/sip/page.tsx
:9:1
Export SEOArticle doesn't 
exist in target module
[0m [90m  7 |[39m 
[36mimport[39m { 
[33mInfo[39m[33m,[39m 
[33mCalendar[39m[33m,[39m 
[33mExternalLink[39m } 
[36mfrom[39m [32m"lucide-re
act"[39m[33m;[39m
 [90m  8 |[39m 
[36mimport[39m 
[33mLink[39m [36mfrom[39m 
[32m"next/link"[39m[33m;[3
9m
[31m[1m>[22m[39m[90m  9 
|[39m [36mimport[39m { 
[33mSEOArticle[39m } 
[36mfrom[39m [32m"@/compone
nts/calculators/SEOArticle"[3
9m[33m;[39m
 [90m    |[39m [31m[1m^[2
2m[39m[31m[1m^[22m[39m[3
1m[1m^[22m[39m[31m[1m^[2
2m[39m[31m[1m^[22m[39m[3
1m[1m^[22m[39m[31m[1m^[2
2m[39m[31m[1m^[22m[39m[3
1m[1m^[22m[39m[31m[1m^[2
2m[39m[31m[1m^[22m[39m[3
1m[1m^[22m[39m[31m[1m^[2
2m[39m[31m[1m^[22m[39m[3
1m[1m^[22m[39m[31m[1m^[2
2m[39m[31m[1m^[22m[39m[3
1m[1m^[22m[39m[31m[1m^[2
2m[39m[31m[1m^[22m[39m[3
1m[1m^[22m[39m[31m[1m^[2
2m[39m[31m[1m^[22m[39m[3
1m[1m^[22m[39m[31m[1m^[2
2m[39m[31m[1m^[22m[39m[3
1m[1m^[22m[39m[31m[1m^[2
2m[39m[31m[1m^[22m[39m[3
1m[1m^[22m[39m[31m[1m^[2
2m[39m[31m[1m^[22m[39m[3
1m[1m^[22m[39m[31m[1m^[2
2m[39m[31m[1m^[22m[39m[3
1m[1m^[22m[39m[31m[1m^[2
2m[39m[31m[1m^[22m[39m[3
1m[1m^[22m[39m[31m[1m^[2
2m[39m[31m[1m^[22m[39m[3
1m[1m^[22m[39m[31m[1m^[2
2m[39m[31m[1m^[22m[39m[3
1m[1m^[22m[39m[31m[1m^[2
2m[39m[31m[1m^[22m[39m[3
1m[1m^[22m[39m[31m[1m^[2
2m[39m[31m[1m^[22m[39m[3
1m[1m^[22m[39m[31m[1m^[2
2m[39m[31m[1m^[22m[39m[3
1m[1m^[22m[39m[31m[1m^[2
2m[39m[31m[1m^[22m[39m[3
1m[1m^[22m[39m[31m[1m^[2
2m[39m[31m[1m^[22m[39m[3
1m[1m^[22m[39m[31m[1m^[2
2m[39m[31m[1m^[22m[39m[3
1m[1m^[22m[39m[31m[1m^[2
2m[39m[31m[1m^[22m[39m
 [90m 10 |[39m 
[36mimport[39m 
[33mSocialShareButtons[39m 
[36mfrom[39m [32m"@/compone
nts/common/SocialShareButtons"
[39m[33m;[39m
 [90m 11 |[39m 
[36mimport[39m 
[33mAutoBreadcrumbs[39m 
[36mfrom[39m [32m'@/compone
nts/common/AutoBreadcrumbs'[3
9m[33m;[39m
 [90m 12 |[39m 
[36mimport[39m 
[33mAutoInternalLinks[39m 
[36mfrom[39m [32m'@/compone
nts/common/AutoInternalLinks'
[39m[33m;[39m[0m

The export SEOArticle was not 
found in module [project]/comp
onents/calculators/SEOArticle.
tsx [app-client] (ecmascript).
The module has no exports at 
all.
All exports of the module are 
statically known (It doesn't 
have dynamic exports). So 
it's known statically that 
the requested export doesn't 
exist.

Import traces:
  Client Component Browser:
    ./app/calculators/sip/page
.tsx [Client Component 
Browser]
    ./app/calculators/sip/page
.tsx [Server Component]

  Client Component SSR:
    ./app/calculators/sip/page
.tsx [Client Component SSR]
    ./app/calculators/sip/page
.tsx [Server Component]


./app/calculators/sip/page.tsx
:9:1
Export SEOArticle doesn't 
exist in target module
[0m [90m  7 |[39m 
[36mimport[39m { 
[33mInfo[39m[33m,[39m 
[33mCalendar[39m[33m,[39m 
[33mExternalLink[39m } 
[36mfrom[39m [32m"lucide-re
act"[39m[33m;[39m
 [90m  8 |[39m 
[36mimport[39m 
[33mLink[39m [36mfrom[39m 
[32m"next/link"[39m[33m;[3
9m
[31m[1m>[22m[39m[90m  9 
|[39m [36mimport[39m { 
[33mSEOArticle[39m } 
[36mfrom[39m [32m"@/compone
nts/calculators/SEOArticle"[3
9m[33m;[39m
 [90m    |[39m [31m[1m^[2
2m[39m[31m[1m^[22m[39m[3
1m[1m^[22m[39m[31m[1m^[2
2m[39m[31m[1m^[22m[39m[3
1m[1m^[22m[39m[31m[1m^[2
2m[39m[31m[1m^[22m[39m[3
1m[1m^[22m[39m[31m[1m^[2
2m[39m[31m[1m^[22m[39m[3
1m[1m^[22m[39m[31m[1m^[2
2m[39m[31m[1m^[22m[39m[3
1m[1m^[22m[39m[31m[1m^[2
2m[39m[31m[1m^[22m[39m[3
1m[1m^[22m[39m[31m[1m^[2
2m[39m[31m[1m^[22m[39m[3
1m[1m^[22m[39m[31m[1m^[2
2m[39m[31m[1m^[22m[39m[3
1m[1m^[22m[39m[31m[1m^[2
2m[39m[31m[1m^[22m[39m[3
1m[1m^[22m[39m[31m[1m^[2
2m[39m[31m[1m^[22m[39m[3
1m[1m^[22m[39m[31m[1m^[2
2m[39m[31m[1m^[22m[39m[3
1m[1m^[22m[39m[31m[1m^[2
2m[39m[31m[1m^[22m[39m[3
1m[1m^[22m[39m[31m[1m^[2
2m[39m[31m[1m^[22m[39m[3
1m[1m^[22m[39m[31m[1m^[2
2m[39m[31m[1m^[22m[39m[3
1m[1m^[22m[39m[31m[1m^[2
2m[39m[31m[1m^[22m[39m[3
1m[1m^[22m[39m[31m[1m^[2
2m[39m[31m[1m^[22m[39m[3
1m[1m^[22m[39m[31m[1m^[2
2m[39m[31m[1m^[22m[39m[3
1m[1m^[22m[39m[31m[1m^[2
2m[39m[31m[1m^[22m[39m[3
1m[1m^[22m[39m[31m[1m^[2
2m[39m[31m[1m^[22m[39m[3
1m[1m^[22m[39m[31m[1m^[2
2m[39m[31m[1m^[22m[39m[3
1m[1m^[22m[39m[31m[1m^[2
2m[39m[31m[1m^[22m[39m[3
1m[1m^[22m[39m[31m[1m^[2
2m[39m[31m[1m^[22m[39m
 [90m 10 |[39m 
[36mimport[39m 
[33mSocialShareButtons[39m 
[36mfrom[39m [32m"@/compone
nts/common/SocialShareButtons"
[39m[33m;[39m
 [90m 11 |[39m 
[36mimport[39m 
[33mAutoBreadcrumbs[39m 
[36mfrom[39m [32m'@/compone
nts/common/AutoBreadcrumbs'[3
9m[33m;[39m
 [90m 12 |[39m 
[36mimport[39m 
[33mAutoInternalLinks[39m 
[36mfrom[39m [32m'@/compone
nts/common/AutoInternalLinks'
[39m[33m;[39m[0m

The export SEOArticle was not 
found in module [project]/comp
onents/calculators/SEOArticle.
tsx [app-ssr] (ecmascript).
The module has no exports at 
all.
All exports of the module are 
statically known (It doesn't 
have dynamic exports). So 
it's known statically that 
the requested export doesn't 
exist.

Import traces:
  Client Component Browser:
    ./app/calculators/sip/page
.tsx [Client Component 
Browser]
    ./app/calculators/sip/page
.tsx [Server Component]

  Client Component SSR:
    ./app/calculators/sip/page
.tsx [Client Component SSR]
    ./app/calculators/sip/page
.tsx [Server Component]


./app/calculators/swp/page.tsx
:9:1
Export SEOArticle doesn't 
exist in target module
[0m [90m  7 |[39m 
[36mimport[39m { 
[33mCard[39m[33m,[39m [33
mCardContent[39m[33m,[39m 
[33mCardHeader[39m[33m,[39m
 [33mCardTitle[39m } 
[36mfrom[39m [32m"@/compone
nts/ui/card"[39m[33m;[39m
 [90m  8 |[39m 
[36mimport[39m { 
[33mInfo[39m } 
[36mfrom[39m [32m"lucide-re
act"[39m[33m;[39m
[31m[1m>[22m[39m[90m  9 
|[39m [36mimport[39m { 
[33mSEOArticle[39m } 
[36mfrom[39m [32m"@/compone
nts/calculators/SEOArticle"[3
9m[33m;[39m
 [90m    |[39m [31m[1m^[2
2m[39m[31m[1m^[22m[39m[3
1m[1m^[22m[39m[31m[1m^[2
2m[39m[31m[1m^[22m[39m[3
1m[1m^[22m[39m[31m[1m^[2
2m[39m[31m[1m^[22m[39m[3
1m[1m^[22m[39m[31m[1m^[2
2m[39m[31m[1m^[22m[39m[3
1m[1m^[22m[39m[31m[1m^[2
2m[39m[31m[1m^[22m[39m[3
1m[1m^[22m[39m[31m[1m^[2
2m[39m[31m[1m^[22m[39m[3
1m[1m^[22m[39m[31m[1m^[2
2m[39m[31m[1m^[22m[39m[3
1m[1m^[22m[39m[31m[1m^[2
2m[39m[31m[1m^[22m[39m[3
1m[1m^[22m[39m[31m[1m^[2
2m[39m[31m[1m^[22m[39m[3
1m[1m^[22m[39m[31m[1m^[2
2m[39m[31m[1m^[22m[39m[3
1m[1m^[22m[39m[31m[1m^[2
2m[39m[31m[1m^[22m[39m[3
1m[1m^[22m[39m[31m[1m^[2
2m[39m[31m[1m^[22m[39m[3
1m[1m^[22m[39m[31m[1m^[2
2m[39m[31m[1m^[22m[39m[3
1m[1m^[22m[39m[31m[1m^[2
2m[39m[31m[1m^[22m[39m[3
1m[1m^[22m[39m[31m[1m^[2
2m[39m[31m[1m^[22m[39m[3
1m[1m^[22m[39m[31m[1m^[2
2m[39m[31m[1m^[22m[39m[3
1m[1m^[22m[39m[31m[1m^[2
2m[39m[31m[1m^[22m[39m[3
1m[1m^[22m[39m[31m[1m^[2
2m[39m[31m[1m^[22m[39m[3
1m[1m^[22m[39m[31m[1m^[2
2m[39m[31m[1m^[22m[39m[3
1m[1m^[22m[39m[31m[1m^[2
2m[39m[31m[1m^[22m[39m[3
1m[1m^[22m[39m[31m[1m^[2
2m[39m[31m[1m^[22m[39m[3
1m[1m^[22m[39m[31m[1m^[2
2m[39m[31m[1m^[22m[39m
 [90m 10 |[39m
 [90m 11 |[39m 
[36mexport[39m 
[36mdefault[39m 
[36mfunction[39m 
[33mSWPCalculatorPage[39m() 
{
 [90m 12 |[39m     
[36mconst[39m 
structuredData [33m=[39m 
{[0m

The export SEOArticle was not 
found in module [project]/comp
onents/calculators/SEOArticle.
tsx [app-client] (ecmascript).
The module has no exports at 
all.
All exports of the module are 
statically known (It doesn't 
have dynamic exports). So 
it's known statically that 
the requested export doesn't 
exist.

Import traces:
  Client Component Browser:
    ./app/calculators/swp/page
.tsx [Client Component 
Browser]
    ./app/calculators/swp/page
.tsx [Server Component]

  Client Component SSR:
    ./app/calculators/swp/page
.tsx [Client Component SSR]
    ./app/calculators/swp/page
.tsx [Server Component]


./app/calculators/swp/page.tsx
:9:1
Export SEOArticle doesn't 
exist in target module
[0m [90m  7 |[39m 
[36mimport[39m { 
[33mCard[39m[33m,[39m [33
mCardContent[39m[33m,[39m 
[33mCardHeader[39m[33m,[39m
 [33mCardTitle[39m } 
[36mfrom[39m [32m"@/compone
nts/ui/card"[39m[33m;[39m
 [90m  8 |[39m 
[36mimport[39m { 
[33mInfo[39m } 
[36mfrom[39m [32m"lucide-re
act"[39m[33m;[39m
[31m[1m>[22m[39m[90m  9 
|[39m [36mimport[39m { 
[33mSEOArticle[39m } 
[36mfrom[39m [32m"@/compone
nts/calculators/SEOArticle"[3
9m[33m;[39m
 [90m    |[39m [31m[1m^[2
2m[39m[31m[1m^[22m[39m[3
1m[1m^[22m[39m[31m[1m^[2
2m[39m[31m[1m^[22m[39m[3
1m[1m^[22m[39m[31m[1m^[2
2m[39m[31m[1m^[22m[39m[3
1m[1m^[22m[39m[31m[1m^[2
2m[39m[31m[1m^[22m[39m[3
1m[1m^[22m[39m[31m[1m^[2
2m[39m[31m[1m^[22m[39m[3
1m[1m^[22m[39m[31m[1m^[2
2m[39m[31m[1m^[22m[39m[3
1m[1m^[22m[39m[31m[1m^[2
2m[39m[31m[1m^[22m[39m[3
1m[1m^[22m[39m[31m[1m^[2
2m[39m[31m[1m^[22m[39m[3
1m[1m^[22m[39m[31m[1m^[2
2m[39m[31m[1m^[22m[39m[3
1m[1m^[22m[39m[31m[1m^[2
2m[39m[31m[1m^[22m[39m[3
1m[1m^[22m[39m[31m[1m^[2
2m[39m[31m[1m^[22m[39m[3
1m[1m^[22m[39m[31m[1m^[2
2m[39m[31m[1m^[22m[39m[3
1m[1m^[22m[39m[31m[1m^[2
2m[39m[31m[1m^[22m[39m[3
1m[1m^[22m[39m[31m[1m^[2
2m[39m[31m[1m^[22m[39m[3
1m[1m^[22m[39m[31m[1m^[2
2m[39m[31m[1m^[22m[39m[3
1m[1m^[22m[39m[31m[1m^[2
2m[39m[31m[1m^[22m[39m[3
1m[1m^[22m[39m[31m[1m^[2
2m[39m[31m[1m^[22m[39m[3
1m[1m^[22m[39m[31m[1m^[2
2m[39m[31m[1m^[22m[39m[3
1m[1m^[22m[39m[31m[1m^[2
2m[39m[31m[1m^[22m[39m[3
1m[1m^[22m[39m[31m[1m^[2
2m[39m[31m[1m^[22m[39m[3
1m[1m^[22m[39m[31m[1m^[2
2m[39m[31m[1m^[22m[39m[3
1m[1m^[22m[39m[31m[1m^[2
2m[39m[31m[1m^[22m[39m
 [90m 10 |[39m
 [90m 11 |[39m 
[36mexport[39m 
[36mdefault[39m 
[36mfunction[39m 
[33mSWPCalculatorPage[39m() 
{
 [90m 12 |[39m     
[36mconst[39m 
structuredData [33m=[39m 
{[0m

The export SEOArticle was not 
found in module [project]/comp
onents/calculators/SEOArticle.
tsx [app-ssr] (ecmascript).
The module has no exports at 
all.
All exports of the module are 
statically known (It doesn't 
have dynamic exports). So 
it's known statically that 
the requested export doesn't 
exist.

Import traces:
  Client Component Browser:
    ./app/calculators/swp/page
.tsx [Client Component 
Browser]
    ./app/calculators/swp/page
.tsx [Server Component]

  Client Component SSR:
    ./app/calculators/swp/page
.tsx [Client Component SSR]
    ./app/calculators/swp/page
.tsx [Server Component]


    at <unknown> (./app/admin/
articles/[id]/edit-refactored/
page.tsx:23:10)
    at <unknown> (./app/admin/
pillar-pages/[id]/edit/page.ts
x:7:1)
    at <unknown> (https://next
js.org/docs/messages/module-no
t-found)
    at <unknown> (./app/admin/
pillar-pages/new/page.tsx:7:1)
    at <unknown> (https://next
js.org/docs/messages/module-no
t-found)
    at <unknown> (./app/calcul
ators/emi/page.tsx:8:1)
    at <unknown> (./app/calcul
ators/emi/page.tsx:8:1)
    at <unknown> (./app/calcul
ators/fd/page.tsx:9:1)
    at <unknown> (./app/calcul
ators/fd/page.tsx:9:1)
    at <unknown> (./app/calcul
ators/sip/page.tsx:9:1)
    at <unknown> (./app/calcul
ators/sip/page.tsx:9:1)
    at <unknown> (./app/calcul
ators/swp/page.tsx:9:1)
    at <unknown> (./app/calcul
ators/swp/page.tsx:9:1)
