
> investing_pro_temp@0.1.0 test
> jest __tests__/integration/api.test.ts

  console.error
    Error: Cross origin http://localhost forbidden
        at ignore-listed frames {
      type: 'XMLHttpRequest'
    }

      at VirtualConsole.<anonymous> (node_modules/@jest/environment-jsdom-abstract/build/index.js:87:23)

  console.error
    Error: Cross origin http://localhost forbidden
        at ignore-listed frames {
      type: 'XMLHttpRequest'
    }

      at VirtualConsole.<anonymous> (node_modules/@jest/environment-jsdom-abstract/build/index.js:87:23)

  console.error
    Error: Cross origin http://localhost forbidden
        at ignore-listed frames {
      type: 'XMLHttpRequest'
    }

      at VirtualConsole.<anonymous> (node_modules/@jest/environment-jsdom-abstract/build/index.js:87:23)

  console.log
    MockSupabase: insert called with Object

      at SupabaseQueryBuilder.log [as insert] (__mocks__/@supabase/supabase-js.js:20:13)

  console.log
    MockSupabase: select called

      at Object.log [as select] (__mocks__/@supabase/supabase-js.js:32:19)

  console.log
    MockSupabase: single called

      at Object.log [as single] (__mocks__/@supabase/supabase-js.js:35:25)

  console.error
    Error: Cross origin http://localhost forbidden
        at ignore-listed frames {
      type: 'XMLHttpRequest'
    }

      at VirtualConsole.<anonymous> (node_modules/@jest/environment-jsdom-abstract/build/index.js:87:23)

  console.log
    MockSupabase: insert called with Object

      at SupabaseQueryBuilder.log [as insert] (__mocks__/@supabase/supabase-js.js:20:13)

  console.log
    MockSupabase: select called

      at Object.log [as select] (__mocks__/@supabase/supabase-js.js:32:19)

  console.log
    MockSupabase: single called

      at Object.log [as single] (__mocks__/@supabase/supabase-js.js:35:25)

  console.log
    MockSupabase: _execute on table articles, initial count: 2

      at SupabaseQueryBuilder.log [as _execute] (__mocks__/@supabase/supabase-js.js:98:13)

  console.log
    MockSupabase: after filters, count: 1

      at SupabaseQueryBuilder.log [as _execute] (__mocks__/@supabase/supabase-js.js:104:13)

  console.log
    MockSupabase: applying updates { title: 'Updated Title' }

      at SupabaseQueryBuilder.log [as _execute] (__mocks__/@supabase/supabase-js.js:108:17)

  console.log
    MockSupabase: updated row id-1769264335533 draft

      at log (__mocks__/@supabase/supabase-js.js:111:21)
          at Array.forEach (<anonymous>)

  console.error
    Error: Cross origin http://localhost forbidden
        at ignore-listed frames {
      type: 'XMLHttpRequest'
    }

      at VirtualConsole.<anonymous> (node_modules/@jest/environment-jsdom-abstract/build/index.js:87:23)

  console.error
    Error: Cross origin http://localhost forbidden
        at ignore-listed frames {
      type: 'XMLHttpRequest'
    }

      at VirtualConsole.<anonymous> (node_modules/@jest/environment-jsdom-abstract/build/index.js:87:23)

  console.error
    Error: Cross origin http://localhost forbidden
        at ignore-listed frames {
      type: 'XMLHttpRequest'
    }

      at VirtualConsole.<anonymous> (node_modules/@jest/environment-jsdom-abstract/build/index.js:87:23)

  console.error
    Error: Cross origin http://localhost forbidden
        at ignore-listed frames {
      type: 'XMLHttpRequest'
    }

      at VirtualConsole.<anonymous> (node_modules/@jest/environment-jsdom-abstract/build/index.js:87:23)

  console.error
    Error: Cross origin http://localhost forbidden
        at ignore-listed frames {
      type: 'XMLHttpRequest'
    }

      at VirtualConsole.<anonymous> (node_modules/@jest/environment-jsdom-abstract/build/index.js:87:23)

  console.error
    Error: Error: Response for preflight has invalid HTTP status code 400
        at ignore-listed frames {
      type: 'XMLHttpRequest'
    }

      at VirtualConsole.<anonymous> (node_modules/@jest/environment-jsdom-abstract/build/index.js:87:23)

node.exe : FAIL __tests__/integration/api.test.ts 
(6.491 s)
At line:1 char:1
+ & "C:\Program Files\nodejs/node.exe" "C:\Program 
Files\nodejs/node_mo ...
+ ~~~~~~~~~~~~~~~~~~~~~~~~~~~~~~~~~~~~~~~~~~~~~~~~~~
~~~~~~~~~~~~~~~~~~~
    + CategoryInfo          : NotSpecified: (FAIL _ 
   _tests__/...st.ts (6.491 s):String) [], RemoteE  
  xception
    + FullyQualifiedErrorId : NativeCommandError
 
  API Endpoints Integration
    Health Endpoints
      ├ù GET /api/health should return healthy 
status (1217 ms)
      ├ù GET /api/health/liveness should return ok 
(149 ms)
      ├ù GET /api/health/readiness should return 
ready (215 ms)
    Article Endpoints
      ├ù GET /api/v1/articles/[id]/versions should 
return version history (319 ms)
      ├ù POST 
/api/v1/articles/[id]/rollback/[version] should 
rollback article (249 ms)
    Admin Endpoints
      ├ù GET /api/v1/admin/audit-log should require 
authentication (178 ms)
      ├ù GET /api/v1/admin/audit-log should return 
audit logs with auth (142 ms)
      ├ù GET /api/v1/admin/cost-dashboard should 
return cost data (148 ms)
    Error Handling
      ├ù should return standardized error format 
(1281 ms)
      ├ù should return validation errors for 
invalid input (197 ms)

  ΓùÅ API Endpoints Integration ΓÇ║ Health 
Endpoints ΓÇ║ GET /api/health should return healthy 
status

    TypeError: Network request failed

      at 
node_modules/whatwg-fetch/dist/fetch.umd.js:567:18

  ΓùÅ API Endpoints Integration ΓÇ║ Health 
Endpoints ΓÇ║ GET /api/health/liveness should 
return ok

    TypeError: Network request failed

      at 
node_modules/whatwg-fetch/dist/fetch.umd.js:567:18

  ΓùÅ API Endpoints Integration ΓÇ║ Health 
Endpoints ΓÇ║ GET /api/health/readiness should 
return ready

    TypeError: Network request failed

      at 
node_modules/whatwg-fetch/dist/fetch.umd.js:567:18

  ΓùÅ API Endpoints Integration ΓÇ║ Article 
Endpoints ΓÇ║ GET /api/v1/articles/[id]/versions 
should return version history

    TypeError: Network request failed

      at 
node_modules/whatwg-fetch/dist/fetch.umd.js:567:18

  ΓùÅ API Endpoints Integration ΓÇ║ Article 
Endpoints ΓÇ║ POST 
/api/v1/articles/[id]/rollback/[version] should 
rollback article

    TypeError: Network request failed

      at 
node_modules/whatwg-fetch/dist/fetch.umd.js:567:18

  ΓùÅ API Endpoints Integration ΓÇ║ Admin Endpoints 
ΓÇ║ GET /api/v1/admin/audit-log should require 
authentication

    TypeError: Network request failed

      at 
node_modules/whatwg-fetch/dist/fetch.umd.js:567:18

  ΓùÅ API Endpoints Integration ΓÇ║ Admin Endpoints 
ΓÇ║ GET /api/v1/admin/audit-log should return audit 
logs with auth

    TypeError: Network request failed

      at 
node_modules/whatwg-fetch/dist/fetch.umd.js:567:18

  ΓùÅ API Endpoints Integration ΓÇ║ Admin Endpoints 
ΓÇ║ GET /api/v1/admin/cost-dashboard should return 
cost data

    TypeError: Network request failed

      at 
node_modules/whatwg-fetch/dist/fetch.umd.js:567:18

  ΓùÅ API Endpoints Integration ΓÇ║ Error Handling 
ΓÇ║ should return standardized error format

    TypeError: Network request failed

      at 
node_modules/whatwg-fetch/dist/fetch.umd.js:567:18

  ΓùÅ API Endpoints Integration ΓÇ║ Error Handling 
ΓÇ║ should return validation errors for invalid 
input

    TypeError: Network request failed

      at 
node_modules/whatwg-fetch/dist/fetch.umd.js:567:18

Test Suites: 1 failed, 1 total
Tests:       10 failed, 10 total
Snapshots:   0 total
Time:        10.656 s
Ran all test suites matching 
__tests__/integration/api.test.ts.
