
> investing_pro_temp@0.1.0 test:coverage
> jest --coverage

node.exe : FAIL __tests__/e2e/admin-operations.test.ts
At line:1 char:1
+ & "C:\Program Files\nodejs/node.exe" "C:\Program Files\nodejs/node_mo ...
+ ~~~~~~~~~~~~~~~~~~~~~~~~~~~~~~~~~~~~~~~~~~~~~~~~~~~~~~~~~~~~~~~~~~~~~
    + CategoryInfo          : NotSpecified: (FAIL __tests__/...rations.test. 
   ts:String) [], RemoteException
    + FullyQualifiedErrorId : NativeCommandError
 
  ΓùÅ Console

    console.log
      MockSupabase: insert called with Object

      at SupabaseQueryBuilder.log [as insert] 
(__mocks__/@supabase/supabase-js.js:20:13)

    console.log
      MockSupabase: select called

      at Object.log [as select] (__mocks__/@supabase/supabase-js.js:32:19)

    console.log
      MockSupabase: single called

      at Object.log [as single] (__mocks__/@supabase/supabase-js.js:35:25)

    console.log
      MockSupabase: insert called with Object

      at SupabaseQueryBuilder.log [as insert] 
(__mocks__/@supabase/supabase-js.js:20:13)

    console.log
      MockSupabase: select called

      at Object.log [as select] (__mocks__/@supabase/supabase-js.js:32:19)

    console.log
      MockSupabase: single called

      at Object.log [as single] (__mocks__/@supabase/supabase-js.js:35:25)

    console.log
      MockSupabase: _execute on table articles, initial count: 2

      at SupabaseQueryBuilder.log [as _execute] 
(__mocks__/@supabase/supabase-js.js:98:13)

    console.log
      MockSupabase: after filters, count: 1

      at SupabaseQueryBuilder.log [as _execute] 
(__mocks__/@supabase/supabase-js.js:104:13)

    console.log
      MockSupabase: applying updates { title: 'Updated Title' }

      at SupabaseQueryBuilder.log [as _execute] 
(__mocks__/@supabase/supabase-js.js:108:17)

    console.log
      MockSupabase: updated row id-1769182099718 draft

      at log (__mocks__/@supabase/supabase-js.js:111:21)
          at Array.forEach (<anonymous>)

    console.log
      MockSupabase: insert called with Object

      at SupabaseQueryBuilder.log [as insert] 
(__mocks__/@supabase/supabase-js.js:20:13)

    console.log
      MockSupabase: select called

      at Object.log [as select] (__mocks__/@supabase/supabase-js.js:32:19)

    console.log
      MockSupabase: single called

      at Object.log [as single] (__mocks__/@supabase/supabase-js.js:35:25)

    console.log
      MockSupabase: _execute on table articles, initial count: 3

      at SupabaseQueryBuilder.log [as _execute] 
(__mocks__/@supabase/supabase-js.js:98:13)

    console.log
      MockSupabase: after filters, count: 1

      at SupabaseQueryBuilder.log [as _execute] 
(__mocks__/@supabase/supabase-js.js:104:13)

    console.log
      MockSupabase: _execute on table articles, initial count: 3

      at SupabaseQueryBuilder.log [as _execute] 
(__mocks__/@supabase/supabase-js.js:98:13)

    console.log
      MockSupabase: after filters, count: 1

      at SupabaseQueryBuilder.log [as _execute] 
(__mocks__/@supabase/supabase-js.js:104:13)

    console.log
      MockSupabase: insert called with Object

      at SupabaseQueryBuilder.log [as insert] 
(__mocks__/@supabase/supabase-js.js:20:13)

    console.log
      MockSupabase: select called

      at Object.log [as select] (__mocks__/@supabase/supabase-js.js:32:19)

    console.log
      MockSupabase: single called

      at Object.log [as single] (__mocks__/@supabase/supabase-js.js:35:25)

    console.log
      MockSupabase: _execute on table articles, initial count: 4

      at SupabaseQueryBuilder.log [as _execute] 
(__mocks__/@supabase/supabase-js.js:98:13)

    console.log
      MockSupabase: after filters, count: 3

      at SupabaseQueryBuilder.log [as _execute] 
(__mocks__/@supabase/supabase-js.js:104:13)

  ΓùÅ Admin Operations (E2E) ΓÇ║ Article Management ΓÇ║ should delete 
article as admin

    expect(received).toBeNull()

    Received: {"body_html": "<h1>Delete</h1>", "body_markdown": "# Delete", 
"category": "test", "created_at": "2026-01-23T15:28:19.735Z", "id": 
"id-1769182099735", "slug": "delete-test-1769182099733", "status": "draft", 
"title": "To Delete"}

    [0m [90m 111 |[39m
     [90m 112 |[39m       
expect(getError)[33m.[39mtoBeDefined()[33m;[39m
    [31m[1m>[22m[39m[90m 113 |[39m       
expect(deleted)[33m.[39mtoBeNull()[33m;[39m
     [90m     |[39m                       [31m[1m^[22m[39m
     [90m 114 |[39m     })[33m;[39m
     [90m 115 |[39m   })[33m;[39m
     [90m 116 |[39m[0m

      at Object.toBeNull (__tests__/e2e/admin-operations.test.ts:113:23)

PASS __tests__/integration/revenue-api.logic.test.ts
FAIL __tests__/integration/rls-policies.test.ts
  ΓùÅ Console

    console.log
      MockSupabase: insert called with Object

      at SupabaseQueryBuilder.log [as insert] 
(__mocks__/@supabase/supabase-js.js:20:13)

    console.log
      MockSupabase: select called

      at Object.log [as select] (__mocks__/@supabase/supabase-js.js:32:19)

    console.log
      MockSupabase: single called

      at Object.log [as single] (__mocks__/@supabase/supabase-js.js:35:25)

    console.log
      MockSupabase: _execute on table articles, initial count: 1

      at SupabaseQueryBuilder.log [as _execute] 
(__mocks__/@supabase/supabase-js.js:98:13)

    console.log
      MockSupabase: after filters, count: 1

      at SupabaseQueryBuilder.log [as _execute] 
(__mocks__/@supabase/supabase-js.js:104:13)

    console.log
      MockSupabase: insert called with Object

      at SupabaseQueryBuilder.log [as insert] 
(__mocks__/@supabase/supabase-js.js:20:13)

    console.log
      MockSupabase: select called

      at Object.log [as select] (__mocks__/@supabase/supabase-js.js:32:19)

    console.log
      MockSupabase: single called

      at Object.log [as single] (__mocks__/@supabase/supabase-js.js:35:25)

    console.log
      MockSupabase: _execute on table articles, initial count: 2

      at SupabaseQueryBuilder.log [as _execute] 
(__mocks__/@supabase/supabase-js.js:98:13)

    console.log
      MockSupabase: after filters, count: 1

      at SupabaseQueryBuilder.log [as _execute] 
(__mocks__/@supabase/supabase-js.js:104:13)

    console.log
      MockSupabase: _execute on table articles, initial count: 2

      at SupabaseQueryBuilder.log [as _execute] 
(__mocks__/@supabase/supabase-js.js:98:13)

    console.log
      MockSupabase: after filters, count: 2

      at SupabaseQueryBuilder.log [as _execute] 
(__mocks__/@supabase/supabase-js.js:104:13)

    console.log
      MockSupabase: _execute on table articles, initial count: 2

      at SupabaseQueryBuilder.log [as _execute] 
(__mocks__/@supabase/supabase-js.js:98:13)

    console.log
      MockSupabase: after filters, count: 2

      at SupabaseQueryBuilder.log [as _execute] 
(__mocks__/@supabase/supabase-js.js:104:13)

  ΓùÅ RLS Policies Integration ΓÇ║ Article Access ΓÇ║ should prevent public 
from viewing draft articles

    expect(received).toBeNull()

    Received: {"body_html": "<h1>Draft Content</h1>", "body_markdown": "# 
Draft Content", "category": "test", "created_at": 
"2026-01-23T15:28:19.851Z", "id": "id-1769182099851", "slug": 
"draft-article-1769182099840", "status": "draft", "title": "Draft Article"}

    [0m [90m 87 |[39m       [90m// Should not be able to read draft 
articles[39m
     [90m 88 |[39m       
expect(draftError)[33m.[39mtoBeDefined()[33m;[39m
    [31m[1m>[22m[39m[90m 89 |[39m       
expect(draftArticle)[33m.[39mtoBeNull()[33m;[39m
     [90m    |[39m                            [31m[1m^[22m[39m
     [90m 90 |[39m     })[33m;[39m
     [90m 91 |[39m   })[33m;[39m
     [90m 92 |[39m[0m

      at Object.toBeNull (__tests__/integration/rls-policies.test.ts:89:28)

PASS __tests__/integration/simple.test.ts
PASS __tests__/unit/services.test.ts
FAIL __tests__/unit/validation.test.ts
  ΓùÅ Validation Unit Tests ΓÇ║ Validation Middleware ΓÇ║ should validate 
request data

    TypeError: response.json is not a function

    [0m [90m 79 |[39m
     [90m 80 |[39m       [36mconst[39m response [33m=[39m 
[36mawait[39m handler(request[33m,[39m {})[33m;[39m
    [31m[1m>[22m[39m[90m 81 |[39m       [36mconst[39m data 
[33m=[39m [36mawait[39m response[33m.[39mjson()[33m;[39m
     [90m    |[39m                                   [31m[1m^[22m[39m
     [90m 82 |[39m
     [90m 83 |[39m       
expect(response[33m.[39mstatus)[33m.[39mtoBe([35m200[39m)[33m;[39m
     [90m 84 |[39m       
expect(data[33m.[39msuccess)[33m.[39mtoBe([36mtrue[39m)[33m;[39m[0m

      at Object.json (__tests__/unit/validation.test.ts:81:35)

  ΓùÅ Validation Unit Tests ΓÇ║ Validation Middleware ΓÇ║ should reject 
invalid request data

    expect(received).toBe(expected) // Object.is equality

    Expected: 400
    Received: undefined

    [0m [90m 102 |[39m       [36mconst[39m response [33m=[39m 
[36mawait[39m handler(request[33m,[39m {})[33m;[39m
     [90m 103 |[39m       
    [31m[1m>[22m[39m[90m 104 |[39m       
expect(response[33m.[39mstatus)[33m.[39mtoBe([35m400[39m)[33m;[39m
     [90m     |[39m                               [31m[1m^[22m[39m
     [90m 105 |[39m       [36mconst[39m error [33m=[39m 
[36mawait[39m response[33m.[39mjson()[33m;[39m
     [90m 106 |[39m       expect(error[33m.[39mcode)[33m.[39mtoBe([32m
'VALIDATION_ERROR'[39m)[33m;[39m
     [90m 107 |[39m     })[33m;[39m[0m

      at Object.toBe (__tests__/unit/validation.test.ts:104:31)

PASS __tests__/ranking.test.ts
FAIL __tests__/integration/cache.test.ts
  ΓùÅ Console

    console.warn
      [2026-01-23T15:28:19.593Z] [WARN] Cache service disabled - Redis not 
configured

    [0m [90m 206 |[39m                 [36mbreak[39m[33m;[39m
     [90m 207 |[39m             [36mcase[39m [32m'warn'[39m[33m:[39m
    [31m[1m>[22m[39m[90m 208 |[39m                 
console[33m.[39mwarn(consoleMessage[33m,[39m entry[33m.[39mcontext 
[33m||[39m [32m''[39m)[33m;[39m
     [90m     |[39m                         [31m[1m^[22m[39m
     [90m 209 |[39m                 [36mbreak[39m[33m;[39m
     [90m 210 |[39m             [36mcase[39m [32m'info'[39m[33m:[39m
     [90m 211 |[39m                 [36mif[39m 
([36mthis[39m[33m.[39misDevelopment [33m||[39m 
[36mthis[39m[33m.[39misStaging) {[0m

      at Logger.warn [as log] (lib/logger.ts:208:25)
      at Logger.log [as warn] (lib/logger.ts:237:14)
      at new warn (lib/cache/cache-service.ts:45:14)
      at Function.getInstance (lib/cache/cache-service.ts:51:31)
      at Object.getInstance (lib/cache/cache-service.ts:271:42)
      at Object.<anonymous> (__tests__/integration/cache.test.ts:7:23)

  ΓùÅ Cache Integration ΓÇ║ Cache Operations ΓÇ║ should set and get cache 
value

    expect(received).toEqual(expected) // deep equality

    Expected: {"test": "data"}
    Received: null

    [0m [90m 20 |[39m       [36mconst[39m cached [33m=[39m 
[36mawait[39m cacheService[33m.[39m[36mget[39m(key)[33m;[39m
     [90m 21 |[39m
    [31m[1m>[22m[39m[90m 22 |[39m       
expect(cached)[33m.[39mtoEqual(value)[33m;[39m
     [90m    |[39m                      [31m[1m^[22m[39m
     [90m 23 |[39m     })[33m;[39m
     [90m 24 |[39m
     [90m 25 |[39m     it([32m'should return null for non-existent 
key'[39m[33m,[39m [36masync[39m () [33m=>[39m {[0m

      at Object.toEqual (__tests__/integration/cache.test.ts:22:22)

  ΓùÅ Cache Integration ΓÇ║ Cache Key Generation ΓÇ║ should generate article 
cache key

    TypeError: _cachestrategies.cacheKeyGenerators.article is not a function

    [0m [90m 55 |[39m   describe([32m'Cache Key 
Generation'[39m[33m,[39m () [33m=>[39m {
     [90m 56 |[39m     it([32m'should generate article cache 
key'[39m[33m,[39m () [33m=>[39m {
    [31m[1m>[22m[39m[90m 57 |[39m       [36mconst[39m key 
[33m=[39m 
cacheKeyGenerators[33m.[39marticle([32m'test-slug'[39m)[33m;[39m
     [90m    |[39m                                      
[31m[1m^[22m[39m
     [90m 58 |[39m       
expect(key)[33m.[39mtoBe([32m'article:test-slug'[39m)[33m;[39m
     [90m 59 |[39m     })[33m;[39m
     [90m 60 |[39m[0m

      at Object.article (__tests__/integration/cache.test.ts:57:38)

  ΓùÅ Cache Integration ΓÇ║ Cache Key Generation ΓÇ║ should generate 
category cache key

    TypeError: _cachestrategies.cacheKeyGenerators.category is not a function

    [0m [90m 60 |[39m
     [90m 61 |[39m     it([32m'should generate category cache 
key'[39m[33m,[39m () [33m=>[39m {
    [31m[1m>[22m[39m[90m 62 |[39m       [36mconst[39m key 
[33m=[39m 
cacheKeyGenerators[33m.[39mcategory([32m'test-category'[39m)[33m;[39m
     [90m    |[39m                                      
[31m[1m^[22m[39m
     [90m 63 |[39m       
expect(key)[33m.[39mtoBe([32m'category:test-category'[39m)[33m;[39m
     [90m 64 |[39m     })[33m;[39m
     [90m 65 |[39m   })[33m;[39m[0m

      at Object.category (__tests__/integration/cache.test.ts:62:38)

  ΓùÅ Cache Integration ΓÇ║ Cache Invalidation ΓÇ║ should invalidate by tags

    TypeError: _cacheservice.cacheService.invalidateByTags is not a function

    [0m [90m 73 |[39m       [36mawait[39m 
cacheService[33m.[39m[36mset[39m(key2[33m,[39m { data[33m:[39m 
[35m2[39m }[33m,[39m [35m60[39m[33m,[39m 
[[32m'tag2'[39m])[33m;[39m
     [90m 74 |[39m
    [31m[1m>[22m[39m[90m 75 |[39m       [36mawait[39m 
cacheService[33m.[39minvalidateByTags([[32m'tag1'[39m])[33m;[39m
     [90m    |[39m                          [31m[1m^[22m[39m
     [90m 76 |[39m
     [90m 77 |[39m       [36mconst[39m cached1 [33m=[39m 
[36mawait[39m cacheService[33m.[39m[36mget[39m(key1)[33m;[39m
     [90m 78 |[39m       [36mconst[39m cached2 [33m=[39m 
[36mawait[39m cacheService[33m.[39m[36mget[39m(key2)[33m;[39m[0m

      at Object.invalidateByTags (__tests__/integration/cache.test.ts:75:26)

FAIL __tests__/integration/error-handling.test.ts
  ΓùÅ Console

    console.error
      [2026-01-23T15:28:20.957Z] [ERROR] API Error {
        code: 'VALIDATION_ERROR',
        statusCode: 400,
        path: 'unknown',
        method: 'unknown',
        correlationId: undefined,
        requestId: undefined,
        details: undefined,
        isRetryable: false
      } {
        name: 'ValidationError',
        message: 'Test error',
        stack: undefined,
        code: 'VALIDATION_ERROR'
      }

    [0m [90m 203 |[39m         [36mswitch[39m (level) {
     [90m 204 |[39m             [36mcase[39m [32m'error'[39m[33m:[39m
    [31m[1m>[22m[39m[90m 205 |[39m                 
console[33m.[39merror(consoleMessage[33m,[39m entry[33m.[39mcontext 
[33m||[39m [32m''[39m[33m,[39m entry[33m.[39merror [33m||[39m 
[32m''[39m)[33m;[39m
     [90m     |[39m                         [31m[1m^[22m[39m
     [90m 206 |[39m                 [36mbreak[39m[33m;[39m
     [90m 207 |[39m             [36mcase[39m [32m'warn'[39m[33m:[39m
     [90m 208 |[39m                 
console[33m.[39mwarn(consoleMessage[33m,[39m entry[33m.[39mcontext 
[33m||[39m [32m''[39m)[33m;[39m[0m

      at Logger.error [as log] (lib/logger.ts:205:25)
      at Logger.log [as error] (lib/logger.ts:244:14)
      at error (lib/errors/handler.ts:47:16)
      at Object.<anonymous> 
(__tests__/integration/error-handling.test.ts:58:35)

    console.error
      [2026-01-23T15:28:21.391Z] [ERROR] Unknown Error {
        path: 'unknown',
        method: 'unknown',
        correlationId: undefined,
        requestId: undefined,
        stack: 'Error: Generic error\n' +
          '    at Object.<anonymous> (C:\\Users\\shivp\\Desktop\\InvestingPro
_App\\__tests__\\integration\\error-handling.test.ts:66:21)\n' +
          '    at Promise.finally.completed (C:\\Users\\shivp\\Desktop\\Inves
tingPro_App\\node_modules\\jest-circus\\build\\jestAdapterInit.js:1557:28)\n'
 +
          '    at new Promise (<anonymous>)\n' +
          '    at callAsyncCircusFn (C:\\Users\\shivp\\Desktop\\InvestingPro_
App\\node_modules\\jest-circus\\build\\jestAdapterInit.js:1497:10)\n' +
          '    at _callCircusTest (C:\\Users\\shivp\\Desktop\\InvestingPro_Ap
p\\node_modules\\jest-circus\\build\\jestAdapterInit.js:1007:40)\n' +
          '    at processTicksAndRejections 
(node:internal/process/task_queues:105:5)\n' +
          '    at _runTest (C:\\Users\\shivp\\Desktop\\InvestingPro_App\\node
_modules\\jest-circus\\build\\jestAdapterInit.js:947:3)\n' +
          '    at C:\\Users\\shivp\\Desktop\\InvestingPro_App\\node_modules\\
jest-circus\\build\\jestAdapterInit.js:849:7\n' +
          '    at _runTestsForDescribeBlock (C:\\Users\\shivp\\Desktop\\Inves
tingPro_App\\node_modules\\jest-circus\\build\\jestAdapterInit.js:862:11)\n' 
+
          '    at _runTestsForDescribeBlock (C:\\Users\\shivp\\Desktop\\Inves
tingPro_App\\node_modules\\jest-circus\\build\\jestAdapterInit.js:857:11)\n' 
+
          '    at _runTestsForDescribeBlock (C:\\Users\\shivp\\Desktop\\Inves
tingPro_App\\node_modules\\jest-circus\\build\\jestAdapterInit.js:857:11)\n' 
+
          '    at run (C:\\Users\\shivp\\Desktop\\InvestingPro_App\\node_modu
les\\jest-circus\\build\\jestAdapterInit.js:761:3)\n' +
          '    at runAndTransformResultsToJestFormat (C:\\Users\\shivp\\Deskt
op\\InvestingPro_App\\node_modules\\jest-circus\\build\\jestAdapterInit.js:19
18:21)\n' +
          '    at jestAdapter (C:\\Users\\shivp\\Desktop\\InvestingPro_App\\n
ode_modules\\jest-circus\\build\\runner.js:101:19)\n' +
          '    at runTestInternal (C:\\Users\\shivp\\Desktop\\InvestingPro_Ap
p\\node_modules\\jest-runner\\build\\testWorker.js:275:16)\n' +
          '    at runTest (C:\\Users\\shivp\\Desktop\\InvestingPro_App\\node_
modules\\jest-runner\\build\\testWorker.js:343:7)\n' +
          '    at Object.worker (C:\\Users\\shivp\\Desktop\\InvestingPro_App\
\node_modules\\jest-runner\\build\\testWorker.js:497:12)'
      } {
        name: 'Error',
        message: 'Generic error',
        stack: undefined,
        code: undefined
      }

    [0m [90m 203 |[39m         [36mswitch[39m (level) {
     [90m 204 |[39m             [36mcase[39m [32m'error'[39m[33m:[39m
    [31m[1m>[22m[39m[90m 205 |[39m                 
console[33m.[39merror(consoleMessage[33m,[39m entry[33m.[39mcontext 
[33m||[39m [32m''[39m[33m,[39m entry[33m.[39merror [33m||[39m 
[32m''[39m)[33m;[39m
     [90m     |[39m                         [31m[1m^[22m[39m
     [90m 206 |[39m                 [36mbreak[39m[33m;[39m
     [90m 207 |[39m             [36mcase[39m [32m'warn'[39m[33m:[39m
     [90m 208 |[39m                 
console[33m.[39mwarn(consoleMessage[33m,[39m entry[33m.[39mcontext 
[33m||[39m [32m''[39m)[33m;[39m[0m

      at Logger.error [as log] (lib/logger.ts:205:25)
      at Logger.log [as error] (lib/logger.ts:244:14)
      at error (lib/errors/handler.ts:102:12)
      at Object.<anonymous> 
(__tests__/integration/error-handling.test.ts:67:35)

    console.error
      [2026-01-23T15:28:21.417Z] [ERROR] API Error {
        code: 'INTERNAL_ERROR',
        statusCode: 500,
        path: 'unknown',
        method: 'unknown',
        correlationId: undefined,
        requestId: undefined,
        details: undefined,
        isRetryable: false
      } {
        name: 'ApiError',
        message: 'Test error',
        stack: undefined,
        code: 'INTERNAL_ERROR'
      }

    [0m [90m 203 |[39m         [36mswitch[39m (level) {
     [90m 204 |[39m             [36mcase[39m [32m'error'[39m[33m:[39m
    [31m[1m>[22m[39m[90m 205 |[39m                 
console[33m.[39merror(consoleMessage[33m,[39m entry[33m.[39mcontext 
[33m||[39m [32m''[39m[33m,[39m entry[33m.[39merror [33m||[39m 
[32m''[39m)[33m;[39m
     [90m     |[39m                         [31m[1m^[22m[39m
     [90m 206 |[39m                 [36mbreak[39m[33m;[39m
     [90m 207 |[39m             [36mcase[39m [32m'warn'[39m[33m:[39m
     [90m 208 |[39m                 
console[33m.[39mwarn(consoleMessage[33m,[39m entry[33m.[39mcontext 
[33m||[39m [32m''[39m)[33m;[39m[0m

      at Logger.error [as log] (lib/logger.ts:205:25)
      at Logger.log [as error] (lib/logger.ts:244:14)
      at error (lib/errors/handler.ts:47:16)
      at Object.<anonymous> 
(__tests__/integration/error-handling.test.ts:81:35)

  ΓùÅ Error Handling Integration ΓÇ║ Error Handling ΓÇ║ should handle 
ApiError correctly

    TypeError: Response.json is not a function

    [0m [90m 66 |[39m
     [90m 67 |[39m         [90m// Return formatted error response[39m
    [31m[1m>[22m[39m[90m 68 |[39m         [36mreturn[39m 
[33mNextResponse[39m[33m.[39mjson(
     [90m    |[39m                             [31m[1m^[22m[39m
     [90m 69 |[39m             {
     [90m 70 |[39m                 error[33m:[39m {
     [90m 71 |[39m                     code[33m:[39m 
error[33m.[39mcode[33m,[39m[0m

      at Function.json 
(node_modules/next/src/server/web/spec-extension/response.ts:113:41)
      at json (lib/errors/handler.ts:68:29)
      at Object.<anonymous> 
(__tests__/integration/error-handling.test.ts:58:35)

  ΓùÅ Error Handling Integration ΓÇ║ Error Handling ΓÇ║ should handle 
generic Error correctly

    TypeError: Response.json is not a function

    [0m [90m 120 |[39m     [36mconst[39m isDevelopment [33m=[39m 
process[33m.[39menv[33m.[39m[33mNODE_ENV[39m [33m===[39m 
[32m'development'[39m[33m;[39m
     [90m 121 |[39m     
    [31m[1m>[22m[39m[90m 122 |[39m     [36mreturn[39m 
[33mNextResponse[39m[33m.[39mjson(
     [90m     |[39m                         [31m[1m^[22m[39m
     [90m 123 |[39m         {
     [90m 124 |[39m             error[33m:[39m {
     [90m 125 |[39m                 code[33m:[39m 
[33mErrorCode[39m[33m.[39m[33mINTERNAL_ERROR[39m[33m,[39m[0m

      at Function.json 
(node_modules/next/src/server/web/spec-extension/response.ts:113:41)
      at json (lib/errors/handler.ts:122:25)
      at Object.<anonymous> 
(__tests__/integration/error-handling.test.ts:67:35)

  ΓùÅ Error Handling Integration ΓÇ║ Error Handling ΓÇ║ should include 
correlation ID in error response

    TypeError: Response.json is not a function

    [0m [90m 66 |[39m
     [90m 67 |[39m         [90m// Return formatted error response[39m
    [31m[1m>[22m[39m[90m 68 |[39m         [36mreturn[39m 
[33mNextResponse[39m[33m.[39mjson(
     [90m    |[39m                             [31m[1m^[22m[39m
     [90m 69 |[39m             {
     [90m 70 |[39m                 error[33m:[39m {
     [90m 71 |[39m                     code[33m:[39m 
error[33m.[39mcode[33m,[39m[0m

      at Function.json 
(node_modules/next/src/server/web/spec-extension/response.ts:113:41)
      at json (lib/errors/handler.ts:68:29)
      at Object.<anonymous> 
(__tests__/integration/error-handling.test.ts:81:35)

FAIL __tests__/integration/workflows.test.ts (5.178 s)
  ΓùÅ Console

    console.warn
      [2026-01-23T15:28:21.297Z] [WARN] Redis not available, cannot acquire 
lock { key: 'workflow:test-workflow' }

    [0m [90m 206 |[39m                 [36mbreak[39m[33m;[39m
     [90m 207 |[39m             [36mcase[39m [32m'warn'[39m[33m:[39m
    [31m[1m>[22m[39m[90m 208 |[39m                 
console[33m.[39mwarn(consoleMessage[33m,[39m entry[33m.[39mcontext 
[33m||[39m [32m''[39m)[33m;[39m
     [90m     |[39m                         [31m[1m^[22m[39m
     [90m 209 |[39m                 [36mbreak[39m[33m;[39m
     [90m 210 |[39m             [36mcase[39m [32m'info'[39m[33m:[39m
     [90m 211 |[39m                 [36mif[39m 
([36mthis[39m[33m.[39misDevelopment [33m||[39m 
[36mthis[39m[33m.[39misStaging) {[0m

      at Logger.warn [as log] (lib/logger.ts:208:25)
      at Logger.log [as warn] (lib/logger.ts:237:14)
      at DistributedLock.warn [as acquire] 
(lib/locks/distributed-lock.ts:51:20)
      at DistributedLock.acquire [as withLock] 
(lib/locks/distributed-lock.ts:291:33)
      at WorkflowExecutor.withLock [as execute] 
(lib/workflows/workflow-engine.ts:35:30)
      at Object.execute (__tests__/integration/workflows.test.ts:48:39)

    console.warn
      [2026-01-23T15:28:21.558Z] [WARN] Could not acquire lock, skipping 
execution { key: 'workflow:test-workflow' }

    [0m [90m 206 |[39m                 [36mbreak[39m[33m;[39m
     [90m 207 |[39m             [36mcase[39m [32m'warn'[39m[33m:[39m
    [31m[1m>[22m[39m[90m 208 |[39m                 
console[33m.[39mwarn(consoleMessage[33m,[39m entry[33m.[39mcontext 
[33m||[39m [32m''[39m)[33m;[39m
     [90m     |[39m                         [31m[1m^[22m[39m
     [90m 209 |[39m                 [36mbreak[39m[33m;[39m
     [90m 210 |[39m             [36mcase[39m [32m'info'[39m[33m:[39m
     [90m 211 |[39m                 [36mif[39m 
([36mthis[39m[33m.[39misDevelopment [33m||[39m 
[36mthis[39m[33m.[39misStaging) {[0m

      at Logger.warn [as log] (lib/logger.ts:208:25)
      at Logger.log [as warn] (lib/logger.ts:237:14)
      at DistributedLock.warn [as withLock] 
(lib/locks/distributed-lock.ts:294:20)
      at WorkflowExecutor.execute (lib/workflows/workflow-engine.ts:35:12)
      at Object.<anonymous> (__tests__/integration/workflows.test.ts:48:24)

    console.warn
      [2026-01-23T15:28:21.622Z] [WARN] Redis not available, cannot acquire 
lock { key: 'workflow:test-workflow-deps' }

    [0m [90m 206 |[39m                 [36mbreak[39m[33m;[39m
     [90m 207 |[39m             [36mcase[39m [32m'warn'[39m[33m:[39m
    [31m[1m>[22m[39m[90m 208 |[39m                 
console[33m.[39mwarn(consoleMessage[33m,[39m entry[33m.[39mcontext 
[33m||[39m [32m''[39m)[33m;[39m
     [90m     |[39m                         [31m[1m^[22m[39m
     [90m 209 |[39m                 [36mbreak[39m[33m;[39m
     [90m 210 |[39m             [36mcase[39m [32m'info'[39m[33m:[39m
     [90m 211 |[39m                 [36mif[39m 
([36mthis[39m[33m.[39misDevelopment [33m||[39m 
[36mthis[39m[33m.[39misStaging) {[0m

      at Logger.warn [as log] (lib/logger.ts:208:25)
      at Logger.log [as warn] (lib/logger.ts:237:14)
      at DistributedLock.warn [as acquire] 
(lib/locks/distributed-lock.ts:51:20)
      at DistributedLock.acquire [as withLock] 
(lib/locks/distributed-lock.ts:291:33)
      at WorkflowExecutor.withLock [as execute] 
(lib/workflows/workflow-engine.ts:35:30)
      at Object.execute (__tests__/integration/workflows.test.ts:79:39)

    console.warn
      [2026-01-23T15:28:21.635Z] [WARN] Could not acquire lock, skipping 
execution { key: 'workflow:test-workflow-deps' }

    [0m [90m 206 |[39m                 [36mbreak[39m[33m;[39m
     [90m 207 |[39m             [36mcase[39m [32m'warn'[39m[33m:[39m
    [31m[1m>[22m[39m[90m 208 |[39m                 
console[33m.[39mwarn(consoleMessage[33m,[39m entry[33m.[39mcontext 
[33m||[39m [32m''[39m)[33m;[39m
     [90m     |[39m                         [31m[1m^[22m[39m
     [90m 209 |[39m                 [36mbreak[39m[33m;[39m
     [90m 210 |[39m             [36mcase[39m [32m'info'[39m[33m:[39m
     [90m 211 |[39m                 [36mif[39m 
([36mthis[39m[33m.[39misDevelopment [33m||[39m 
[36mthis[39m[33m.[39misStaging) {[0m

      at Logger.warn [as log] (lib/logger.ts:208:25)
      at Logger.log [as warn] (lib/logger.ts:237:14)
      at DistributedLock.warn [as withLock] 
(lib/locks/distributed-lock.ts:294:20)
      at WorkflowExecutor.execute (lib/workflows/workflow-engine.ts:35:12)
      at Object.<anonymous> (__tests__/integration/workflows.test.ts:79:24)

    console.warn
      [2026-01-23T15:28:21.649Z] [WARN] Redis not available, cannot acquire 
lock { key: 'workflow:test-workflow-fail' }

    [0m [90m 206 |[39m                 [36mbreak[39m[33m;[39m
     [90m 207 |[39m             [36mcase[39m [32m'warn'[39m[33m:[39m
    [31m[1m>[22m[39m[90m 208 |[39m                 
console[33m.[39mwarn(consoleMessage[33m,[39m entry[33m.[39mcontext 
[33m||[39m [32m''[39m)[33m;[39m
     [90m     |[39m                         [31m[1m^[22m[39m
     [90m 209 |[39m                 [36mbreak[39m[33m;[39m
     [90m 210 |[39m             [36mcase[39m [32m'info'[39m[33m:[39m
     [90m 211 |[39m                 [36mif[39m 
([36mthis[39m[33m.[39misDevelopment [33m||[39m 
[36mthis[39m[33m.[39misStaging) {[0m

      at Logger.warn [as log] (lib/logger.ts:208:25)
      at Logger.log [as warn] (lib/logger.ts:237:14)
      at DistributedLock.warn [as acquire] 
(lib/locks/distributed-lock.ts:51:20)
      at DistributedLock.acquire [as withLock] 
(lib/locks/distributed-lock.ts:291:33)
      at WorkflowExecutor.withLock [as execute] 
(lib/workflows/workflow-engine.ts:35:30)
      at Object.execute (__tests__/integration/workflows.test.ts:103:39)

    console.warn
      [2026-01-23T15:28:21.654Z] [WARN] Could not acquire lock, skipping 
execution { key: 'workflow:test-workflow-fail' }

    [0m [90m 206 |[39m                 [36mbreak[39m[33m;[39m
     [90m 207 |[39m             [36mcase[39m [32m'warn'[39m[33m:[39m
    [31m[1m>[22m[39m[90m 208 |[39m                 
console[33m.[39mwarn(consoleMessage[33m,[39m entry[33m.[39mcontext 
[33m||[39m [32m''[39m)[33m;[39m
     [90m     |[39m                         [31m[1m^[22m[39m
     [90m 209 |[39m                 [36mbreak[39m[33m;[39m
     [90m 210 |[39m             [36mcase[39m [32m'info'[39m[33m:[39m
     [90m 211 |[39m                 [36mif[39m 
([36mthis[39m[33m.[39misDevelopment [33m||[39m 
[36mthis[39m[33m.[39misStaging) {[0m

      at Logger.warn [as log] (lib/logger.ts:208:25)
      at Logger.log [as warn] (lib/logger.ts:237:14)
      at DistributedLock.warn [as withLock] 
(lib/locks/distributed-lock.ts:294:20)
      at WorkflowExecutor.execute (lib/workflows/workflow-engine.ts:35:12)
      at Object.<anonymous> (__tests__/integration/workflows.test.ts:103:24)

    console.warn
      [2026-01-23T15:28:21.671Z] [WARN] Redis not available, cannot acquire 
lock { key: 'workflow:test-workflow-lock' }

    [0m [90m 206 |[39m                 [36mbreak[39m[33m;[39m
     [90m 207 |[39m             [36mcase[39m [32m'warn'[39m[33m:[39m
    [31m[1m>[22m[39m[90m 208 |[39m                 
console[33m.[39mwarn(consoleMessage[33m,[39m entry[33m.[39mcontext 
[33m||[39m [32m''[39m)[33m;[39m
     [90m     |[39m                         [31m[1m^[22m[39m
     [90m 209 |[39m                 [36mbreak[39m[33m;[39m
     [90m 210 |[39m             [36mcase[39m [32m'info'[39m[33m:[39m
     [90m 211 |[39m                 [36mif[39m 
([36mthis[39m[33m.[39misDevelopment [33m||[39m 
[36mthis[39m[33m.[39misStaging) {[0m

      at Logger.warn [as log] (lib/logger.ts:208:25)
      at Logger.log [as warn] (lib/logger.ts:237:14)
      at DistributedLock.warn [as acquire] 
(lib/locks/distributed-lock.ts:51:20)
      at DistributedLock.acquire [as withLock] 
(lib/locks/distributed-lock.ts:291:33)
      at WorkflowExecutor.withLock [as execute] 
(lib/workflows/workflow-engine.ts:35:30)
      at Object.execute (__tests__/integration/workflows.test.ts:130:18)

    console.warn
      [2026-01-23T15:28:21.675Z] [WARN] Redis not available, cannot acquire 
lock { key: 'workflow:test-workflow-lock' }

    [0m [90m 206 |[39m                 [36mbreak[39m[33m;[39m
     [90m 207 |[39m             [36mcase[39m [32m'warn'[39m[33m:[39m
    [31m[1m>[22m[39m[90m 208 |[39m                 
console[33m.[39mwarn(consoleMessage[33m,[39m entry[33m.[39mcontext 
[33m||[39m [32m''[39m)[33m;[39m
     [90m     |[39m                         [31m[1m^[22m[39m
     [90m 209 |[39m                 [36mbreak[39m[33m;[39m
     [90m 210 |[39m             [36mcase[39m [32m'info'[39m[33m:[39m
     [90m 211 |[39m                 [36mif[39m 
([36mthis[39m[33m.[39misDevelopment [33m||[39m 
[36mthis[39m[33m.[39misStaging) {[0m

      at Logger.warn [as log] (lib/logger.ts:208:25)
      at Logger.log [as warn] (lib/logger.ts:237:14)
      at DistributedLock.warn [as acquire] 
(lib/locks/distributed-lock.ts:51:20)
      at DistributedLock.acquire [as withLock] 
(lib/locks/distributed-lock.ts:291:33)
      at WorkflowExecutor.withLock [as execute] 
(lib/workflows/workflow-engine.ts:35:30)
      at Object.execute (__tests__/integration/workflows.test.ts:131:18)

    console.warn
      [2026-01-23T15:28:21.680Z] [WARN] Could not acquire lock, skipping 
execution { key: 'workflow:test-workflow-lock' }

    [0m [90m 206 |[39m                 [36mbreak[39m[33m;[39m
     [90m 207 |[39m             [36mcase[39m [32m'warn'[39m[33m:[39m
    [31m[1m>[22m[39m[90m 208 |[39m                 
console[33m.[39mwarn(consoleMessage[33m,[39m entry[33m.[39mcontext 
[33m||[39m [32m''[39m)[33m;[39m
     [90m     |[39m                         [31m[1m^[22m[39m
     [90m 209 |[39m                 [36mbreak[39m[33m;[39m
     [90m 210 |[39m             [36mcase[39m [32m'info'[39m[33m:[39m
     [90m 211 |[39m                 [36mif[39m 
([36mthis[39m[33m.[39misDevelopment [33m||[39m 
[36mthis[39m[33m.[39misStaging) {[0m

      at Logger.warn [as log] (lib/logger.ts:208:25)
      at Logger.log [as warn] (lib/logger.ts:237:14)
      at DistributedLock.warn [as withLock] 
(lib/locks/distributed-lock.ts:294:20)
      at WorkflowExecutor.execute (lib/workflows/workflow-engine.ts:35:12)
          at async Promise.all (index 0)
      at Object.<anonymous> (__tests__/integration/workflows.test.ts:129:38)

    console.warn
      [2026-01-23T15:28:21.685Z] [WARN] Could not acquire lock, skipping 
execution { key: 'workflow:test-workflow-lock' }

    [0m [90m 206 |[39m                 [36mbreak[39m[33m;[39m
     [90m 207 |[39m             [36mcase[39m [32m'warn'[39m[33m:[39m
    [31m[1m>[22m[39m[90m 208 |[39m                 
console[33m.[39mwarn(consoleMessage[33m,[39m entry[33m.[39mcontext 
[33m||[39m [32m''[39m)[33m;[39m
     [90m     |[39m                         [31m[1m^[22m[39m
     [90m 209 |[39m                 [36mbreak[39m[33m;[39m
     [90m 210 |[39m             [36mcase[39m [32m'info'[39m[33m:[39m
     [90m 211 |[39m                 [36mif[39m 
([36mthis[39m[33m.[39misDevelopment [33m||[39m 
[36mthis[39m[33m.[39misStaging) {[0m

      at Logger.warn [as log] (lib/logger.ts:208:25)
      at Logger.log [as warn] (lib/logger.ts:237:14)
      at DistributedLock.warn [as withLock] 
(lib/locks/distributed-lock.ts:294:20)
      at WorkflowExecutor.execute (lib/workflows/workflow-engine.ts:35:12)
          at async Promise.all (index 1)
      at Object.<anonymous> (__tests__/integration/workflows.test.ts:129:38)

    console.warn
      [2026-01-23T15:28:21.711Z] [WARN] Redis not available, cannot acquire 
lock { key: 'workflow:test-workflow-state' }

    [0m [90m 206 |[39m                 [36mbreak[39m[33m;[39m
     [90m 207 |[39m             [36mcase[39m [32m'warn'[39m[33m:[39m
    [31m[1m>[22m[39m[90m 208 |[39m                 
console[33m.[39mwarn(consoleMessage[33m,[39m entry[33m.[39mcontext 
[33m||[39m [32m''[39m)[33m;[39m
     [90m     |[39m                         [31m[1m^[22m[39m
     [90m 209 |[39m                 [36mbreak[39m[33m;[39m
     [90m 210 |[39m             [36mcase[39m [32m'info'[39m[33m:[39m
     [90m 211 |[39m                 [36mif[39m 
([36mthis[39m[33m.[39misDevelopment [33m||[39m 
[36mthis[39m[33m.[39misStaging) {[0m

      at Logger.warn [as log] (lib/logger.ts:208:25)
      at Logger.log [as warn] (lib/logger.ts:237:14)
      at DistributedLock.warn [as acquire] 
(lib/locks/distributed-lock.ts:51:20)
      at DistributedLock.acquire [as withLock] 
(lib/locks/distributed-lock.ts:291:33)
      at WorkflowExecutor.withLock [as execute] 
(lib/workflows/workflow-engine.ts:35:30)
      at Object.execute (__tests__/integration/workflows.test.ts:158:39)

    console.warn
      [2026-01-23T15:28:21.714Z] [WARN] Could not acquire lock, skipping 
execution { key: 'workflow:test-workflow-state' }

    [0m [90m 206 |[39m                 [36mbreak[39m[33m;[39m
     [90m 207 |[39m             [36mcase[39m [32m'warn'[39m[33m:[39m
    [31m[1m>[22m[39m[90m 208 |[39m                 
console[33m.[39mwarn(consoleMessage[33m,[39m entry[33m.[39mcontext 
[33m||[39m [32m''[39m)[33m;[39m
     [90m     |[39m                         [31m[1m^[22m[39m
     [90m 209 |[39m                 [36mbreak[39m[33m;[39m
     [90m 210 |[39m             [36mcase[39m [32m'info'[39m[33m:[39m
     [90m 211 |[39m                 [36mif[39m 
([36mthis[39m[33m.[39misDevelopment [33m||[39m 
[36mthis[39m[33m.[39misStaging) {[0m

      at Logger.warn [as log] (lib/logger.ts:208:25)
      at Logger.log [as warn] (lib/logger.ts:237:14)
      at DistributedLock.warn [as withLock] 
(lib/locks/distributed-lock.ts:294:20)
      at WorkflowExecutor.execute (lib/workflows/workflow-engine.ts:35:12)
      at Object.<anonymous> (__tests__/integration/workflows.test.ts:158:24)

  ΓùÅ Workflow Engine Integration ΓÇ║ Workflow Execution ΓÇ║ should execute 
a simple workflow

    expect(received).toBe(expected) // Object.is equality

    Expected: "completed"
    Received: undefined

    [0m [90m 49 |[39m
     [90m 50 |[39m       
expect(instance)[33m.[39mtoBeDefined()[33m;[39m
    [31m[1m>[22m[39m[90m 51 |[39m       expect(instance[33m?[39m[33m
.[39mstate)[33m.[39mtoBe([32m'completed'[39m)[33m;[39m
     [90m    |[39m                               [31m[1m^[22m[39m
     [90m 52 |[39m       expect(instance[33m?[39m[33m.[39mcompletedStep
s)[33m.[39mtoContain([32m'step1'[39m)[33m;[39m
     [90m 53 |[39m       
     [90m 54 |[39m       [36mif[39m (instance) {[0m

      at Object.toBe (__tests__/integration/workflows.test.ts:51:31)

  ΓùÅ Workflow Engine Integration ΓÇ║ Workflow Execution ΓÇ║ should respect 
step dependencies

    expect(received).toEqual(expected) // deep equality

    Expected: ["step1", "step2"]
    Received: undefined

    [0m [90m 80 |[39m
     [90m 81 |[39m       
expect(instance)[33m.[39mtoBeDefined()[33m;[39m
    [31m[1m>[22m[39m[90m 82 |[39m       expect(instance[33m?[39m[33m
.[39mcompletedSteps)[33m.[39mtoEqual([[32m'step1'[39m[33m,[39m 
[32m'step2'[39m])[33m;[39m
     [90m    |[39m                                        
[31m[1m^[22m[39m
     [90m 83 |[39m       
     [90m 84 |[39m       [36mif[39m (instance) {
     [90m 85 |[39m         
workflowInstanceIds[33m.[39mpush(instance[33m.[39mid)[33m;[39m[0m

      at Object.toEqual (__tests__/integration/workflows.test.ts:82:40)

  ΓùÅ Workflow Engine Integration ΓÇ║ Workflow Execution ΓÇ║ should handle 
workflow failures gracefully

    expect(received).toBe(expected) // Object.is equality

    Expected: "failed"
    Received: undefined

    [0m [90m 104 |[39m
     [90m 105 |[39m       
expect(instance)[33m.[39mtoBeDefined()[33m;[39m
    [31m[1m>[22m[39m[90m 106 |[39m       expect(instance[33m?[39m[33
m.[39mstate)[33m.[39mtoBe([32m'failed'[39m)[33m;[39m
     [90m     |[39m                               [31m[1m^[22m[39m
     [90m 107 |[39m       expect(instance[33m?[39m[33m.[39mfailedSteps)
[33m.[39mtoContain([32m'step1'[39m)[33m;[39m
     [90m 108 |[39m       
     [90m 109 |[39m       [36mif[39m (instance) {[0m

      at Object.toBe (__tests__/integration/workflows.test.ts:106:31)

  ΓùÅ Workflow Engine Integration ΓÇ║ Workflow Execution ΓÇ║ should prevent 
duplicate execution with distributed lock

    expect(received).toBeGreaterThanOrEqual(expected)

    Expected: >= 1
    Received:    0

    [0m [90m 134 |[39m       [90m// One should succeed, one should be 
skipped (locked)[39m
     [90m 135 |[39m       [36mconst[39m succeeded [33m=[39m 
[instance1[33m,[39m instance2][33m.[39mfilter(i [33m=>[39m 
i[33m?[39m[33m.[39mstate [33m===[39m [32m'completed'[39m)[33m;[39m
    [31m[1m>[22m[39m[90m 136 |[39m       expect(succeeded[33m.[39mlen
gth)[33m.[39mtoBeGreaterThanOrEqual([35m1[39m)[33m;[39m
     [90m     |[39m                                [31m[1m^[22m[39m
     [90m 137 |[39m       
     [90m 138 |[39m       [36mif[39m (instance1) 
workflowInstanceIds[33m.[39mpush(instance1[33m.[39mid)[33m;[39m
     [90m 139 |[39m       [36mif[39m (instance2) 
workflowInstanceIds[33m.[39mpush(instance2[33m.[39mid)[33m;[39m[0m

      at Object.toBeGreaterThanOrEqual 
(__tests__/integration/workflows.test.ts:136:32)

  ΓùÅ Workflow Engine Integration ΓÇ║ Workflow State Management ΓÇ║ should 
track workflow state transitions

    expect(received).toBe(expected) // Object.is equality

    Expected: "completed"
    Received: undefined

    [0m [90m 158 |[39m       [36mconst[39m instance [33m=[39m 
[36mawait[39m executor[33m.[39mexecute(definition)[33m;[39m
     [90m 159 |[39m
    [31m[1m>[22m[39m[90m 160 |[39m       expect(instance[33m?[39m[33
m.[39mstate)[33m.[39mtoBe([32m'completed'[39m)[33m;[39m
     [90m     |[39m                               [31m[1m^[22m[39m
     [90m 161 |[39m       
     [90m 162 |[39m       [90m// Verify state in database[39m
     [90m 163 |[39m       [36mconst[39m { data } [33m=[39m 
[36mawait[39m supabase[0m

      at Object.toBe (__tests__/integration/workflows.test.ts:160:31)

PASS __tests__/integration/state-machine.test.ts (5.679 s)
  ΓùÅ Console

    console.warn
      [2026-01-23T15:28:19.933Z] [WARN] Cache service disabled - Redis not 
configured

    [0m [90m 206 |[39m                 [36mbreak[39m[33m;[39m
     [90m 207 |[39m             [36mcase[39m [32m'warn'[39m[33m:[39m
    [31m[1m>[22m[39m[90m 208 |[39m                 
console[33m.[39mwarn(consoleMessage[33m,[39m entry[33m.[39mcontext 
[33m||[39m [32m''[39m)[33m;[39m
     [90m     |[39m                         [31m[1m^[22m[39m
     [90m 209 |[39m                 [36mbreak[39m[33m;[39m
     [90m 210 |[39m             [36mcase[39m [32m'info'[39m[33m:[39m
     [90m 211 |[39m                 [36mif[39m 
([36mthis[39m[33m.[39misDevelopment [33m||[39m 
[36mthis[39m[33m.[39misStaging) {[0m

      at Logger.warn [as log] (lib/logger.ts:208:25)
      at Logger.log [as warn] (lib/logger.ts:237:14)
      at new warn (lib/cache/cache-service.ts:45:14)
      at Function.getInstance (lib/cache/cache-service.ts:51:31)
      at Object.getInstance (lib/cache/cache-service.ts:271:42)
      at Object.<anonymous> (lib/cache/cache-invalidation.ts:621:27)
      at Object.<anonymous> (lib/cms/article-service.ts:8398:27)
      at Object.<anonymous> 
(__tests__/integration/state-machine.test.ts:7:25)

    console.log
      MockSupabase: insert called with Array

      at SupabaseQueryBuilder.log [as insert] 
(__mocks__/@supabase/supabase-js.js:20:13)

    console.log
      MockSupabase: select called

      at Object.log [as select] (__mocks__/@supabase/supabase-js.js:32:19)

    console.log
      MockSupabase: single called

      at Object.log [as single] (__mocks__/@supabase/supabase-js.js:35:25)

    console.log
      MockSupabase: _execute on table articles, initial count: 1

      at SupabaseQueryBuilder.log [as _execute] 
(__mocks__/@supabase/supabase-js.js:98:13)

    console.log
      MockSupabase: after filters, count: 1

      at SupabaseQueryBuilder.log [as _execute] 
(__mocks__/@supabase/supabase-js.js:104:13)

    console.log
      MockSupabase: _execute on table articles, initial count: 1

      at SupabaseQueryBuilder.log [as _execute] 
(__mocks__/@supabase/supabase-js.js:98:13)

    console.log
      MockSupabase: after filters, count: 1

      at SupabaseQueryBuilder.log [as _execute] 
(__mocks__/@supabase/supabase-js.js:104:13)

    console.log
      MockSupabase: applying updates {
        status: 'published',
        slug: 'test-draft-published-1769182100367',
        body_html: '<h2>Test</h2>',
        body_markdown: '## Test',
        content: '## Test',
        published_at: '2026-01-23T15:28:20.473Z',
        published_date: '2026-01-23',
        updated_at: '2026-01-23T15:28:20.473Z'
      }

      at SupabaseQueryBuilder.log [as _execute] 
(__mocks__/@supabase/supabase-js.js:108:17)

    console.log
      MockSupabase: updated row id-1769182100450-0.3363772711307609 published

      at log (__mocks__/@supabase/supabase-js.js:111:21)
          at Array.forEach (<anonymous>)

    console.error
      [2026-01-23T15:28:20.729Z] [ERROR] Error creating article version { 
articleId: 'id-1769182100450-0.3363772711307609' } {
        name: 'Error',
        message: '`cookies` was called outside a request scope. Read more: 
https://nextjs.org/docs/messages/next-dynamic-api-wrong-context',
        stack: undefined,
        code: undefined
      }

    [0m [90m 203 |[39m         [36mswitch[39m (level) {
     [90m 204 |[39m             [36mcase[39m [32m'error'[39m[33m:[39m
    [31m[1m>[22m[39m[90m 205 |[39m                 
console[33m.[39merror(consoleMessage[33m,[39m entry[33m.[39mcontext 
[33m||[39m [32m''[39m[33m,[39m entry[33m.[39merror [33m||[39m 
[32m''[39m)[33m;[39m
     [90m     |[39m                         [31m[1m^[22m[39m
     [90m 206 |[39m                 [36mbreak[39m[33m;[39m
     [90m 207 |[39m             [36mcase[39m [32m'warn'[39m[33m:[39m
     [90m 208 |[39m                 
console[33m.[39mwarn(consoleMessage[33m,[39m entry[33m.[39mcontext 
[33m||[39m [32m''[39m)[33m;[39m[0m

      at Logger.error [as log] (lib/logger.ts:205:25)
      at Logger.log [as error] (lib/logger.ts:244:14)
      at error (lib/cms/version-service.ts:53:16)
      at ArticleService.publishArticle (lib/cms/article-service.ts:452:13)
      at Object.<anonymous> 
(__tests__/integration/state-machine.test.ts:64:23)

    console.warn
      [2026-01-23T15:28:20.790Z] [WARN] Auto-interlinking failed after 
publish Error: `cookies` was called outside a request scope. Read more: 
https://nextjs.org/docs/messages/next-dynamic-api-wrong-context
          at throwForMissingRequestStore (C:\Users\shivp\Desktop\InvestingPro
_App\node_modules\next\src\server\app-render\work-unit-async-storage.external
.ts:343:9)
          at cookies (C:\Users\shivp\Desktop\InvestingPro_App\node_modules\ne
xt\src\server\request\cookies.ts:141:30)
          at createClient 
(C:\Users\shivp\Desktop\InvestingPro_App\lib\supabase\server.ts:11:38)
          at autoInterlinkArticle (C:\Users\shivp\Desktop\InvestingPro_App\li
b\automation\auto-interlinking.ts:290:40)
          at ArticleService.autoInterlinkArticle [as publishArticle] 
(C:\Users\shivp\Desktop\InvestingPro_App\lib\cms\article-service.ts:461:13)
          at processTicksAndRejections 
(node:internal/process/task_queues:105:5)
          at Object.<anonymous> (C:\Users\shivp\Desktop\InvestingPro_App\__te
sts__\integration\state-machine.test.ts:64:23)

    [0m [90m 206 |[39m                 [36mbreak[39m[33m;[39m
     [90m 207 |[39m             [36mcase[39m [32m'warn'[39m[33m:[39m
    [31m[1m>[22m[39m[90m 208 |[39m                 
console[33m.[39mwarn(consoleMessage[33m,[39m entry[33m.[39mcontext 
[33m||[39m [32m''[39m)[33m;[39m
     [90m     |[39m                         [31m[1m^[22m[39m
     [90m 209 |[39m                 [36mbreak[39m[33m;[39m
     [90m 210 |[39m             [36mcase[39m [32m'info'[39m[33m:[39m
     [90m 211 |[39m                 [36mif[39m 
([36mthis[39m[33m.[39misDevelopment [33m||[39m 
[36mthis[39m[33m.[39misStaging) {[0m

      at Logger.warn [as log] (lib/logger.ts:208:25)
      at Logger.log [as warn] (lib/logger.ts:237:14)
      at warn (lib/cms/article-service.ts:462:24)

    console.log
      MockSupabase: insert called with Array

      at SupabaseQueryBuilder.log [as insert] 
(__mocks__/@supabase/supabase-js.js:20:13)

    console.log
      MockSupabase: select called

      at Object.log [as select] (__mocks__/@supabase/supabase-js.js:32:19)

    console.log
      MockSupabase: single called

      at Object.log [as single] (__mocks__/@supabase/supabase-js.js:35:25)

    console.log
      MockSupabase: _execute on table articles, initial count: 2

      at SupabaseQueryBuilder.log [as _execute] 
(__mocks__/@supabase/supabase-js.js:98:13)

    console.log
      MockSupabase: after filters, count: 1

      at SupabaseQueryBuilder.log [as _execute] 
(__mocks__/@supabase/supabase-js.js:104:13)

    console.log
      MockSupabase: _execute on table articles, initial count: 2

      at SupabaseQueryBuilder.log [as _execute] 
(__mocks__/@supabase/supabase-js.js:98:13)

    console.log
      MockSupabase: after filters, count: 1

      at SupabaseQueryBuilder.log [as _execute] 
(__mocks__/@supabase/supabase-js.js:104:13)

    console.log
      MockSupabase: applying updates {
        status: 'draft',
        body_html: '<h2>Test</h2>',
        body_markdown: '## Test',
        content: '## Test',
        updated_at: '2026-01-23T15:28:21.219Z'
      }

      at SupabaseQueryBuilder.log [as _execute] 
(__mocks__/@supabase/supabase-js.js:108:17)

    console.log
      MockSupabase: updated row id-1769182101187-0.8126817632855663 draft

      at log (__mocks__/@supabase/supabase-js.js:111:21)
          at Array.forEach (<anonymous>)

    console.error
      [2026-01-23T15:28:22.266Z] [ERROR] Failed to transition article state {
        articleId: 'id-1769182101187-0.8126817632855663',
        from: 'draft',
        to: 'review',
        action: 'update'
      } {
        name: 'Error',
        message: 'Invalid state transition: Cannot update from draft to 
review',
        stack: undefined,
        code: undefined
      }

    [0m [90m 203 |[39m         [36mswitch[39m (level) {
     [90m 204 |[39m             [36mcase[39m [32m'error'[39m[33m:[39m
    [31m[1m>[22m[39m[90m 205 |[39m                 
console[33m.[39merror(consoleMessage[33m,[39m entry[33m.[39mcontext 
[33m||[39m [32m''[39m[33m,[39m entry[33m.[39merror [33m||[39m 
[32m''[39m)[33m;[39m
     [90m     |[39m                         [31m[1m^[22m[39m
     [90m 206 |[39m                 [36mbreak[39m[33m;[39m
     [90m 207 |[39m             [36mcase[39m [32m'warn'[39m[33m:[39m
     [90m 208 |[39m                 
console[33m.[39mwarn(consoleMessage[33m,[39m entry[33m.[39mcontext 
[33m||[39m [32m''[39m)[33m;[39m[0m

      at Logger.error [as log] (lib/logger.ts:205:25)
      at Logger.log [as error] (lib/logger.ts:244:14)
      at error (lib/workflows/hooks/article-workflow-hooks.ts:67:12)
      at ArticleService.saveArticle (lib/cms/article-service.ts:343:17)
      at Object.<anonymous> 
(__tests__/integration/state-machine.test.ts:81:7)

    console.error
      [2026-01-23T15:28:22.273Z] [ERROR] Error creating article version { 
articleId: 'id-1769182101187-0.8126817632855663' } {
        name: 'Error',
        message: '`cookies` was called outside a request scope. Read more: 
https://nextjs.org/docs/messages/next-dynamic-api-wrong-context',
        stack: undefined,
        code: undefined
      }

    [0m [90m 203 |[39m         [36mswitch[39m (level) {
     [90m 204 |[39m             [36mcase[39m [32m'error'[39m[33m:[39m
    [31m[1m>[22m[39m[90m 205 |[39m                 
console[33m.[39merror(consoleMessage[33m,[39m entry[33m.[39mcontext 
[33m||[39m [32m''[39m[33m,[39m entry[33m.[39merror [33m||[39m 
[32m''[39m)[33m;[39m
     [90m     |[39m                         [31m[1m^[22m[39m
     [90m 206 |[39m                 [36mbreak[39m[33m;[39m
     [90m 207 |[39m             [36mcase[39m [32m'warn'[39m[33m:[39m
     [90m 208 |[39m                 
console[33m.[39mwarn(consoleMessage[33m,[39m entry[33m.[39mcontext 
[33m||[39m [32m''[39m)[33m;[39m[0m

      at Logger.error [as log] (lib/logger.ts:205:25)
      at Logger.log [as error] (lib/logger.ts:244:14)
      at error (lib/cms/version-service.ts:53:16)
      at ArticleService.saveArticle (lib/cms/article-service.ts:370:13)
      at Object.<anonymous> 
(__tests__/integration/state-machine.test.ts:81:7)

    console.log
      MockSupabase: _execute on table articles, initial count: 2

      at SupabaseQueryBuilder.log [as _execute] 
(__mocks__/@supabase/supabase-js.js:98:13)

    console.log
      MockSupabase: after filters, count: 1

      at SupabaseQueryBuilder.log [as _execute] 
(__mocks__/@supabase/supabase-js.js:104:13)

    console.log
      MockSupabase: _execute on table articles, initial count: 2

      at SupabaseQueryBuilder.log [as _execute] 
(__mocks__/@supabase/supabase-js.js:98:13)

    console.log
      MockSupabase: after filters, count: 1

      at SupabaseQueryBuilder.log [as _execute] 
(__mocks__/@supabase/supabase-js.js:104:13)

    console.log
      MockSupabase: applying updates {
        status: 'published',
        slug: 'test-review-published-1769182101175',
        body_html: '<h2>Test</h2>',
        body_markdown: '## Test',
        content: '## Test',
        published_at: '2026-01-23T15:28:22.283Z',
        published_date: '2026-01-23',
        updated_at: '2026-01-23T15:28:22.283Z'
      }

      at SupabaseQueryBuilder.log [as _execute] 
(__mocks__/@supabase/supabase-js.js:108:17)

    console.log
      MockSupabase: updated row id-1769182101187-0.8126817632855663 published

      at log (__mocks__/@supabase/supabase-js.js:111:21)
          at Array.forEach (<anonymous>)

    console.error
      [2026-01-23T15:28:22.286Z] [ERROR] Error creating article version { 
articleId: 'id-1769182101187-0.8126817632855663' } {
        name: 'Error',
        message: '`cookies` was called outside a request scope. Read more: 
https://nextjs.org/docs/messages/next-dynamic-api-wrong-context',
        stack: undefined,
        code: undefined
      }

    [0m [90m 203 |[39m         [36mswitch[39m (level) {
     [90m 204 |[39m             [36mcase[39m [32m'error'[39m[33m:[39m
    [31m[1m>[22m[39m[90m 205 |[39m                 
console[33m.[39merror(consoleMessage[33m,[39m entry[33m.[39mcontext 
[33m||[39m [32m''[39m[33m,[39m entry[33m.[39merror [33m||[39m 
[32m''[39m)[33m;[39m
     [90m     |[39m                         [31m[1m^[22m[39m
     [90m 206 |[39m                 [36mbreak[39m[33m;[39m
     [90m 207 |[39m             [36mcase[39m [32m'warn'[39m[33m:[39m
     [90m 208 |[39m                 
console[33m.[39mwarn(consoleMessage[33m,[39m entry[33m.[39mcontext 
[33m||[39m [32m''[39m)[33m;[39m[0m

      at Logger.error [as log] (lib/logger.ts:205:25)
      at Logger.log [as error] (lib/logger.ts:244:14)
      at error (lib/cms/version-service.ts:53:16)
      at ArticleService.publishArticle (lib/cms/article-service.ts:452:13)
      at Object.<anonymous> 
(__tests__/integration/state-machine.test.ts:84:23)

    console.warn
      [2026-01-23T15:28:22.289Z] [WARN] Auto-interlinking failed after 
publish Error: `cookies` was called outside a request scope. Read more: 
https://nextjs.org/docs/messages/next-dynamic-api-wrong-context
          at throwForMissingRequestStore (C:\Users\shivp\Desktop\InvestingPro
_App\node_modules\next\src\server\app-render\work-unit-async-storage.external
.ts:343:9)
          at cookies (C:\Users\shivp\Desktop\InvestingPro_App\node_modules\ne
xt\src\server\request\cookies.ts:141:30)
          at createClient 
(C:\Users\shivp\Desktop\InvestingPro_App\lib\supabase\server.ts:11:38)
          at autoInterlinkArticle (C:\Users\shivp\Desktop\InvestingPro_App\li
b\automation\auto-interlinking.ts:290:40)
          at ArticleService.autoInterlinkArticle [as publishArticle] 
(C:\Users\shivp\Desktop\InvestingPro_App\lib\cms\article-service.ts:461:13)
          at processTicksAndRejections 
(node:internal/process/task_queues:105:5)
          at Object.<anonymous> (C:\Users\shivp\Desktop\InvestingPro_App\__te
sts__\integration\state-machine.test.ts:84:23)

    [0m [90m 206 |[39m                 [36mbreak[39m[33m;[39m
     [90m 207 |[39m             [36mcase[39m [32m'warn'[39m[33m:[39m
    [31m[1m>[22m[39m[90m 208 |[39m                 
console[33m.[39mwarn(consoleMessage[33m,[39m entry[33m.[39mcontext 
[33m||[39m [32m''[39m)[33m;[39m
     [90m     |[39m                         [31m[1m^[22m[39m
     [90m 209 |[39m                 [36mbreak[39m[33m;[39m
     [90m 210 |[39m             [36mcase[39m [32m'info'[39m[33m:[39m
     [90m 211 |[39m                 [36mif[39m 
([36mthis[39m[33m.[39misDevelopment [33m||[39m 
[36mthis[39m[33m.[39misStaging) {[0m

      at Logger.warn [as log] (lib/logger.ts:208:25)
      at Logger.log [as warn] (lib/logger.ts:237:14)
      at warn (lib/cms/article-service.ts:462:24)

    console.log
      MockSupabase: insert called with Array

      at SupabaseQueryBuilder.log [as insert] 
(__mocks__/@supabase/supabase-js.js:20:13)

    console.log
      MockSupabase: select called

      at Object.log [as select] (__mocks__/@supabase/supabase-js.js:32:19)

    console.log
      MockSupabase: single called

      at Object.log [as single] (__mocks__/@supabase/supabase-js.js:35:25)

    console.log
      MockSupabase: _execute on table articles, initial count: 3

      at SupabaseQueryBuilder.log [as _execute] 
(__mocks__/@supabase/supabase-js.js:98:13)

    console.log
      MockSupabase: after filters, count: 1

      at SupabaseQueryBuilder.log [as _execute] 
(__mocks__/@supabase/supabase-js.js:104:13)

    console.log
      MockSupabase: _execute on table articles, initial count: 3

      at SupabaseQueryBuilder.log [as _execute] 
(__mocks__/@supabase/supabase-js.js:98:13)

    console.log
      MockSupabase: after filters, count: 1

      at SupabaseQueryBuilder.log [as _execute] 
(__mocks__/@supabase/supabase-js.js:104:13)

    console.log
      MockSupabase: applying updates {
        status: 'draft',
        body_html: '<h2>Test</h2>',
        body_markdown: '## Test',
        content: '## Test',
        updated_at: '2026-01-23T15:28:22.321Z'
      }

      at SupabaseQueryBuilder.log [as _execute] 
(__mocks__/@supabase/supabase-js.js:108:17)

    console.log
      MockSupabase: updated row id-1769182102303-0.019777932549456034 draft

      at log (__mocks__/@supabase/supabase-js.js:111:21)
          at Array.forEach (<anonymous>)

    console.error
      [2026-01-23T15:28:22.326Z] [ERROR] Failed to transition article state {
        articleId: 'id-1769182102303-0.019777932549456034',
        from: 'draft',
        to: 'archived',
        action: 'update'
      } {
        name: 'Error',
        message: 'Invalid state transition: Cannot update from draft to 
archived',
        stack: undefined,
        code: undefined
      }

    [0m [90m 203 |[39m         [36mswitch[39m (level) {
     [90m 204 |[39m             [36mcase[39m [32m'error'[39m[33m:[39m
    [31m[1m>[22m[39m[90m 205 |[39m                 
console[33m.[39merror(consoleMessage[33m,[39m entry[33m.[39mcontext 
[33m||[39m [32m''[39m[33m,[39m entry[33m.[39merror [33m||[39m 
[32m''[39m)[33m;[39m
     [90m     |[39m                         [31m[1m^[22m[39m
     [90m 206 |[39m                 [36mbreak[39m[33m;[39m
     [90m 207 |[39m             [36mcase[39m [32m'warn'[39m[33m:[39m
     [90m 208 |[39m                 
console[33m.[39mwarn(consoleMessage[33m,[39m entry[33m.[39mcontext 
[33m||[39m [32m''[39m)[33m;[39m[0m

      at Logger.error [as log] (lib/logger.ts:205:25)
      at Logger.log [as error] (lib/logger.ts:244:14)
      at error (lib/workflows/hooks/article-workflow-hooks.ts:67:12)
      at ArticleService.saveArticle (lib/cms/article-service.ts:343:17)
      at Object.<anonymous> 
(__tests__/integration/state-machine.test.ts:128:7)

    console.error
      [2026-01-23T15:28:22.328Z] [ERROR] Error creating article version { 
articleId: 'id-1769182102303-0.019777932549456034' } {
        name: 'Error',
        message: '`cookies` was called outside a request scope. Read more: 
https://nextjs.org/docs/messages/next-dynamic-api-wrong-context',
        stack: undefined,
        code: undefined
      }

    [0m [90m 203 |[39m         [36mswitch[39m (level) {
     [90m 204 |[39m             [36mcase[39m [32m'error'[39m[33m:[39m
    [31m[1m>[22m[39m[90m 205 |[39m                 
console[33m.[39merror(consoleMessage[33m,[39m entry[33m.[39mcontext 
[33m||[39m [32m''[39m[33m,[39m entry[33m.[39merror [33m||[39m 
[32m''[39m)[33m;[39m
     [90m     |[39m                         [31m[1m^[22m[39m
     [90m 206 |[39m                 [36mbreak[39m[33m;[39m
     [90m 207 |[39m             [36mcase[39m [32m'warn'[39m[33m:[39m
     [90m 208 |[39m                 
console[33m.[39mwarn(consoleMessage[33m,[39m entry[33m.[39mcontext 
[33m||[39m [32m''[39m)[33m;[39m[0m

      at Logger.error [as log] (lib/logger.ts:205:25)
      at Logger.log [as error] (lib/logger.ts:244:14)
      at error (lib/cms/version-service.ts:53:16)
      at ArticleService.saveArticle (lib/cms/article-service.ts:370:13)
      at Object.<anonymous> 
(__tests__/integration/state-machine.test.ts:128:7)

    console.log
      MockSupabase: _execute on table articles, initial count: 3

      at SupabaseQueryBuilder.log [as _execute] 
(__mocks__/@supabase/supabase-js.js:98:13)

    console.log
      MockSupabase: after filters, count: 1

      at SupabaseQueryBuilder.log [as _execute] 
(__mocks__/@supabase/supabase-js.js:104:13)

    console.log
      MockSupabase: _execute on table articles, initial count: 3

      at SupabaseQueryBuilder.log [as _execute] 
(__mocks__/@supabase/supabase-js.js:98:13)

    console.log
      MockSupabase: after filters, count: 1

      at SupabaseQueryBuilder.log [as _execute] 
(__mocks__/@supabase/supabase-js.js:104:13)

    console.log
      MockSupabase: applying updates {
        status: 'published',
        slug: 'test-invalid-transition-1769182102296',
        body_html: '<h2>Test</h2>',
        body_markdown: '## Test',
        content: '## Test',
        published_at: '2026-01-23T15:28:22.339Z',
        published_date: '2026-01-23',
        updated_at: '2026-01-23T15:28:22.339Z'
      }

      at SupabaseQueryBuilder.log [as _execute] 
(__mocks__/@supabase/supabase-js.js:108:17)

    console.log
      MockSupabase: updated row id-1769182102303-0.019777932549456034 
published

      at log (__mocks__/@supabase/supabase-js.js:111:21)
          at Array.forEach (<anonymous>)

    console.error
      [2026-01-23T15:28:22.345Z] [ERROR] Error creating article version { 
articleId: 'id-1769182102303-0.019777932549456034' } {
        name: 'Error',
        message: '`cookies` was called outside a request scope. Read more: 
https://nextjs.org/docs/messages/next-dynamic-api-wrong-context',
        stack: undefined,
        code: undefined
      }

    [0m [90m 203 |[39m         [36mswitch[39m (level) {
     [90m 204 |[39m             [36mcase[39m [32m'error'[39m[33m:[39m
    [31m[1m>[22m[39m[90m 205 |[39m                 
console[33m.[39merror(consoleMessage[33m,[39m entry[33m.[39mcontext 
[33m||[39m [32m''[39m[33m,[39m entry[33m.[39merror [33m||[39m 
[32m''[39m)[33m;[39m
     [90m     |[39m                         [31m[1m^[22m[39m
     [90m 206 |[39m                 [36mbreak[39m[33m;[39m
     [90m 207 |[39m             [36mcase[39m [32m'warn'[39m[33m:[39m
     [90m 208 |[39m                 
console[33m.[39mwarn(consoleMessage[33m,[39m entry[33m.[39mcontext 
[33m||[39m [32m''[39m)[33m;[39m[0m

      at Logger.error [as log] (lib/logger.ts:205:25)
      at Logger.log [as error] (lib/logger.ts:244:14)
      at error (lib/cms/version-service.ts:53:16)
      at ArticleService.publishArticle (lib/cms/article-service.ts:452:13)
      at Object.<anonymous> 
(__tests__/integration/state-machine.test.ts:137:11)

    console.warn
      [2026-01-23T15:28:22.366Z] [WARN] Auto-interlinking failed after 
publish Error: `cookies` was called outside a request scope. Read more: 
https://nextjs.org/docs/messages/next-dynamic-api-wrong-context
          at throwForMissingRequestStore (C:\Users\shivp\Desktop\InvestingPro
_App\node_modules\next\src\server\app-render\work-unit-async-storage.external
.ts:343:9)
          at cookies (C:\Users\shivp\Desktop\InvestingPro_App\node_modules\ne
xt\src\server\request\cookies.ts:141:30)
          at createClient 
(C:\Users\shivp\Desktop\InvestingPro_App\lib\supabase\server.ts:11:38)
          at autoInterlinkArticle (C:\Users\shivp\Desktop\InvestingPro_App\li
b\automation\auto-interlinking.ts:290:40)
          at ArticleService.autoInterlinkArticle [as publishArticle] 
(C:\Users\shivp\Desktop\InvestingPro_App\lib\cms\article-service.ts:461:13)
          at processTicksAndRejections 
(node:internal/process/task_queues:105:5)
          at Object.<anonymous> (C:\Users\shivp\Desktop\InvestingPro_App\__te
sts__\integration\state-machine.test.ts:137:11)

    [0m [90m 206 |[39m                 [36mbreak[39m[33m;[39m
     [90m 207 |[39m             [36mcase[39m [32m'warn'[39m[33m:[39m
    [31m[1m>[22m[39m[90m 208 |[39m                 
console[33m.[39mwarn(consoleMessage[33m,[39m entry[33m.[39mcontext 
[33m||[39m [32m''[39m)[33m;[39m
     [90m     |[39m                         [31m[1m^[22m[39m
     [90m 209 |[39m                 [36mbreak[39m[33m;[39m
     [90m 210 |[39m             [36mcase[39m [32m'info'[39m[33m:[39m
     [90m 211 |[39m                 [36mif[39m 
([36mthis[39m[33m.[39misDevelopment [33m||[39m 
[36mthis[39m[33m.[39misStaging) {[0m

      at Logger.warn [as log] (lib/logger.ts:208:25)
      at Logger.log [as warn] (lib/logger.ts:237:14)
      at warn (lib/cms/article-service.ts:462:24)

    console.log
      MockSupabase: insert called with Array

      at SupabaseQueryBuilder.log [as insert] 
(__mocks__/@supabase/supabase-js.js:20:13)

    console.log
      MockSupabase: select called

      at Object.log [as select] (__mocks__/@supabase/supabase-js.js:32:19)

    console.log
      MockSupabase: single called

      at Object.log [as single] (__mocks__/@supabase/supabase-js.js:35:25)

    console.log
      MockSupabase: _execute on table articles, initial count: 4

      at SupabaseQueryBuilder.log [as _execute] 
(__mocks__/@supabase/supabase-js.js:98:13)

    console.log
      MockSupabase: after filters, count: 1

      at SupabaseQueryBuilder.log [as _execute] 
(__mocks__/@supabase/supabase-js.js:104:13)

    console.log
      MockSupabase: applying updates { status: 'published' }

      at SupabaseQueryBuilder.log [as _execute] 
(__mocks__/@supabase/supabase-js.js:108:17)

    console.log
      MockSupabase: updated row id-1769182102379-0.6793934670114625 published

      at log (__mocks__/@supabase/supabase-js.js:111:21)
          at Array.forEach (<anonymous>)

    console.log
      MockSupabase: _execute on table articles, initial count: 4

      at SupabaseQueryBuilder.log [as _execute] 
(__mocks__/@supabase/supabase-js.js:98:13)

    console.log
      MockSupabase: after filters, count: 4

      at SupabaseQueryBuilder.log [as _execute] 
(__mocks__/@supabase/supabase-js.js:104:13)

FAIL __tests__/load/api-load.test.ts (14.955 s)
  ΓùÅ Console

    console.error
      Error: Cross origin http://localhost forbidden
          at ignore-listed frames {
        type: 'XMLHttpRequest'
      }

      at VirtualConsole.<anonymous> 
(node_modules/@jest/environment-jsdom-abstract/build/index.js:87:23)

    console.error
      Error: Cross origin http://localhost forbidden
          at ignore-listed frames {
        type: 'XMLHttpRequest'
      }

      at VirtualConsole.<anonymous> 
(node_modules/@jest/environment-jsdom-abstract/build/index.js:87:23)

    console.error
      Error: Cross origin http://localhost forbidden
          at ignore-listed frames {
        type: 'XMLHttpRequest'
      }

      at VirtualConsole.<anonymous> 
(node_modules/@jest/environment-jsdom-abstract/build/index.js:87:23)

    console.error
      Error: Cross origin http://localhost forbidden
          at ignore-listed frames {
        type: 'XMLHttpRequest'
      }

      at VirtualConsole.<anonymous> 
(node_modules/@jest/environment-jsdom-abstract/build/index.js:87:23)

    console.error
      Error: Cross origin http://localhost forbidden
          at ignore-listed frames {
        type: 'XMLHttpRequest'
      }

      at VirtualConsole.<anonymous> 
(node_modules/@jest/environment-jsdom-abstract/build/index.js:87:23)

    console.error
      Error: Cross origin http://localhost forbidden
          at ignore-listed frames {
        type: 'XMLHttpRequest'
      }

      at VirtualConsole.<anonymous> 
(node_modules/@jest/environment-jsdom-abstract/build/index.js:87:23)

    console.error
      Error: Cross origin http://localhost forbidden
          at ignore-listed frames {
        type: 'XMLHttpRequest'
      }

      at VirtualConsole.<anonymous> 
(node_modules/@jest/environment-jsdom-abstract/build/index.js:87:23)

    console.error
      Error: Cross origin http://localhost forbidden
          at ignore-listed frames {
        type: 'XMLHttpRequest'
      }

      at VirtualConsole.<anonymous> 
(node_modules/@jest/environment-jsdom-abstract/build/index.js:87:23)

    console.error
      Error: Cross origin http://localhost forbidden
          at ignore-listed frames {
        type: 'XMLHttpRequest'
      }

      at VirtualConsole.<anonymous> 
(node_modules/@jest/environment-jsdom-abstract/build/index.js:87:23)

    console.error
      Error: Cross origin http://localhost forbidden
          at ignore-listed frames {
        type: 'XMLHttpRequest'
      }

      at VirtualConsole.<anonymous> 
(node_modules/@jest/environment-jsdom-abstract/build/index.js:87:23)

    console.error
      Error: Cross origin http://localhost forbidden
          at ignore-listed frames {
        type: 'XMLHttpRequest'
      }

      at VirtualConsole.<anonymous> 
(node_modules/@jest/environment-jsdom-abstract/build/index.js:87:23)

    console.error
      Error: Cross origin http://localhost forbidden
          at ignore-listed frames {
        type: 'XMLHttpRequest'
      }

      at VirtualConsole.<anonymous> 
(node_modules/@jest/environment-jsdom-abstract/build/index.js:87:23)

    console.error
      Error: Cross origin http://localhost forbidden
          at ignore-listed frames {
        type: 'XMLHttpRequest'
      }

      at VirtualConsole.<anonymous> 
(node_modules/@jest/environment-jsdom-abstract/build/index.js:87:23)

    console.error
      Error: Cross origin http://localhost forbidden
          at ignore-listed frames {
        type: 'XMLHttpRequest'
      }

      at VirtualConsole.<anonymous> 
(node_modules/@jest/environment-jsdom-abstract/build/index.js:87:23)

    console.error
      Error: Cross origin http://localhost forbidden
          at ignore-listed frames {
        type: 'XMLHttpRequest'
      }

      at VirtualConsole.<anonymous> 
(node_modules/@jest/environment-jsdom-abstract/build/index.js:87:23)

    console.error
      Error: Cross origin http://localhost forbidden
          at ignore-listed frames {
        type: 'XMLHttpRequest'
      }

      at VirtualConsole.<anonymous> 
(node_modules/@jest/environment-jsdom-abstract/build/index.js:87:23)

    console.error
      Error: Cross origin http://localhost forbidden
          at ignore-listed frames {
        type: 'XMLHttpRequest'
      }

      at VirtualConsole.<anonymous> 
(node_modules/@jest/environment-jsdom-abstract/build/index.js:87:23)

    console.error
      Error: Cross origin http://localhost forbidden
          at ignore-listed frames {
        type: 'XMLHttpRequest'
      }

      at VirtualConsole.<anonymous> 
(node_modules/@jest/environment-jsdom-abstract/build/index.js:87:23)

    console.error
      Error: Cross origin http://localhost forbidden
          at ignore-listed frames {
        type: 'XMLHttpRequest'
      }

      at VirtualConsole.<anonymous> 
(node_modules/@jest/environment-jsdom-abstract/build/index.js:87:23)

    console.error
      Error: Cross origin http://localhost forbidden
          at ignore-listed frames {
        type: 'XMLHttpRequest'
      }

      at VirtualConsole.<anonymous> 
(node_modules/@jest/environment-jsdom-abstract/build/index.js:87:23)

    console.error
      Error: Cross origin http://localhost forbidden
          at ignore-listed frames {
        type: 'XMLHttpRequest'
      }

      at VirtualConsole.<anonymous> 
(node_modules/@jest/environment-jsdom-abstract/build/index.js:87:23)

    console.error
      Error: Cross origin http://localhost forbidden
          at ignore-listed frames {
        type: 'XMLHttpRequest'
      }

      at VirtualConsole.<anonymous> 
(node_modules/@jest/environment-jsdom-abstract/build/index.js:87:23)

    console.error
      Error: Cross origin http://localhost forbidden
          at ignore-listed frames {
        type: 'XMLHttpRequest'
      }

      at VirtualConsole.<anonymous> 
(node_modules/@jest/environment-jsdom-abstract/build/index.js:87:23)

    console.error
      Error: Cross origin http://localhost forbidden
          at ignore-listed frames {
        type: 'XMLHttpRequest'
      }

      at VirtualConsole.<anonymous> 
(node_modules/@jest/environment-jsdom-abstract/build/index.js:87:23)

    console.error
      Error: Cross origin http://localhost forbidden
          at ignore-listed frames {
        type: 'XMLHttpRequest'
      }

      at VirtualConsole.<anonymous> 
(node_modules/@jest/environment-jsdom-abstract/build/index.js:87:23)

    console.error
      Error: Cross origin http://localhost forbidden
          at ignore-listed frames {
        type: 'XMLHttpRequest'
      }

      at VirtualConsole.<anonymous> 
(node_modules/@jest/environment-jsdom-abstract/build/index.js:87:23)

    console.error
      Error: Cross origin http://localhost forbidden
          at ignore-listed frames {
        type: 'XMLHttpRequest'
      }

      at VirtualConsole.<anonymous> 
(node_modules/@jest/environment-jsdom-abstract/build/index.js:87:23)

    console.error
      Error: Cross origin http://localhost forbidden
          at ignore-listed frames {
        type: 'XMLHttpRequest'
      }

      at VirtualConsole.<anonymous> 
(node_modules/@jest/environment-jsdom-abstract/build/index.js:87:23)

    console.error
      Error: Cross origin http://localhost forbidden
          at ignore-listed frames {
        type: 'XMLHttpRequest'
      }

      at VirtualConsole.<anonymous> 
(node_modules/@jest/environment-jsdom-abstract/build/index.js:87:23)

    console.error
      Error: Cross origin http://localhost forbidden
          at ignore-listed frames {
        type: 'XMLHttpRequest'
      }

      at VirtualConsole.<anonymous> 
(node_modules/@jest/environment-jsdom-abstract/build/index.js:87:23)

    console.error
      Error: Cross origin http://localhost forbidden
          at ignore-listed frames {
        type: 'XMLHttpRequest'
      }

      at VirtualConsole.<anonymous> 
(node_modules/@jest/environment-jsdom-abstract/build/index.js:87:23)

    console.error
      Error: Cross origin http://localhost forbidden
          at ignore-listed frames {
        type: 'XMLHttpRequest'
      }

      at VirtualConsole.<anonymous> 
(node_modules/@jest/environment-jsdom-abstract/build/index.js:87:23)

    console.error
      Error: Cross origin http://localhost forbidden
          at ignore-listed frames {
        type: 'XMLHttpRequest'
      }

      at VirtualConsole.<anonymous> 
(node_modules/@jest/environment-jsdom-abstract/build/index.js:87:23)

    console.error
      Error: Cross origin http://localhost forbidden
          at ignore-listed frames {
        type: 'XMLHttpRequest'
      }

      at VirtualConsole.<anonymous> 
(node_modules/@jest/environment-jsdom-abstract/build/index.js:87:23)

    console.error
      Error: Cross origin http://localhost forbidden
          at ignore-listed frames {
        type: 'XMLHttpRequest'
      }

      at VirtualConsole.<anonymous> 
(node_modules/@jest/environment-jsdom-abstract/build/index.js:87:23)

    console.error
      Error: Cross origin http://localhost forbidden
          at ignore-listed frames {
        type: 'XMLHttpRequest'
      }

      at VirtualConsole.<anonymous> 
(node_modules/@jest/environment-jsdom-abstract/build/index.js:87:23)

    console.error
      Error: Cross origin http://localhost forbidden
          at ignore-listed frames {
        type: 'XMLHttpRequest'
      }

      at VirtualConsole.<anonymous> 
(node_modules/@jest/environment-jsdom-abstract/build/index.js:87:23)

    console.error
      Error: Cross origin http://localhost forbidden
          at ignore-listed frames {
        type: 'XMLHttpRequest'
      }

      at VirtualConsole.<anonymous> 
(node_modules/@jest/environment-jsdom-abstract/build/index.js:87:23)

    console.error
      Error: Cross origin http://localhost forbidden
          at ignore-listed frames {
        type: 'XMLHttpRequest'
      }

      at VirtualConsole.<anonymous> 
(node_modules/@jest/environment-jsdom-abstract/build/index.js:87:23)

    console.error
      Error: Cross origin http://localhost forbidden
          at ignore-listed frames {
        type: 'XMLHttpRequest'
      }

      at VirtualConsole.<anonymous> 
(node_modules/@jest/environment-jsdom-abstract/build/index.js:87:23)

    console.error
      Error: Cross origin http://localhost forbidden
          at ignore-listed frames {
        type: 'XMLHttpRequest'
      }

      at VirtualConsole.<anonymous> 
(node_modules/@jest/environment-jsdom-abstract/build/index.js:87:23)

    console.error
      Error: Cross origin http://localhost forbidden
          at ignore-listed frames {
        type: 'XMLHttpRequest'
      }

      at VirtualConsole.<anonymous> 
(node_modules/@jest/environment-jsdom-abstract/build/index.js:87:23)

    console.error
      Error: Cross origin http://localhost forbidden
          at ignore-listed frames {
        type: 'XMLHttpRequest'
      }

      at VirtualConsole.<anonymous> 
(node_modules/@jest/environment-jsdom-abstract/build/index.js:87:23)

    console.error
      Error: Cross origin http://localhost forbidden
          at ignore-listed frames {
        type: 'XMLHttpRequest'
      }

      at VirtualConsole.<anonymous> 
(node_modules/@jest/environment-jsdom-abstract/build/index.js:87:23)

    console.error
      Error: Cross origin http://localhost forbidden
          at ignore-listed frames {
        type: 'XMLHttpRequest'
      }

      at VirtualConsole.<anonymous> 
(node_modules/@jest/environment-jsdom-abstract/build/index.js:87:23)

    console.error
      Error: Cross origin http://localhost forbidden
          at ignore-listed frames {
        type: 'XMLHttpRequest'
      }

      at VirtualConsole.<anonymous> 
(node_modules/@jest/environment-jsdom-abstract/build/index.js:87:23)

    console.error
      Error: Cross origin http://localhost forbidden
          at ignore-listed frames {
        type: 'XMLHttpRequest'
      }

      at VirtualConsole.<anonymous> 
(node_modules/@jest/environment-jsdom-abstract/build/index.js:87:23)

    console.error
      Error: Cross origin http://localhost forbidden
          at ignore-listed frames {
        type: 'XMLHttpRequest'
      }

      at VirtualConsole.<anonymous> 
(node_modules/@jest/environment-jsdom-abstract/build/index.js:87:23)

    console.error
      Error: Cross origin http://localhost forbidden
          at ignore-listed frames {
        type: 'XMLHttpRequest'
      }

      at VirtualConsole.<anonymous> 
(node_modules/@jest/environment-jsdom-abstract/build/index.js:87:23)

    console.error
      Error: Cross origin http://localhost forbidden
          at ignore-listed frames {
        type: 'XMLHttpRequest'
      }

      at VirtualConsole.<anonymous> 
(node_modules/@jest/environment-jsdom-abstract/build/index.js:87:23)

    console.error
      Error: Cross origin http://localhost forbidden
          at ignore-listed frames {
        type: 'XMLHttpRequest'
      }

      at VirtualConsole.<anonymous> 
(node_modules/@jest/environment-jsdom-abstract/build/index.js:87:23)

    console.error
      Error: Cross origin http://localhost forbidden
          at ignore-listed frames {
        type: 'XMLHttpRequest'
      }

      at VirtualConsole.<anonymous> 
(node_modules/@jest/environment-jsdom-abstract/build/index.js:87:23)

    console.error
      Error: Cross origin http://localhost forbidden
          at ignore-listed frames {
        type: 'XMLHttpRequest'
      }

      at VirtualConsole.<anonymous> 
(node_modules/@jest/environment-jsdom-abstract/build/index.js:87:23)

    console.error
      Error: Cross origin http://localhost forbidden
          at ignore-listed frames {
        type: 'XMLHttpRequest'
      }

      at VirtualConsole.<anonymous> 
(node_modules/@jest/environment-jsdom-abstract/build/index.js:87:23)

    console.error
      Error: Cross origin http://localhost forbidden
          at ignore-listed frames {
        type: 'XMLHttpRequest'
      }

      at VirtualConsole.<anonymous> 
(node_modules/@jest/environment-jsdom-abstract/build/index.js:87:23)

    console.error
      Error: Cross origin http://localhost forbidden
          at ignore-listed frames {
        type: 'XMLHttpRequest'
      }

      at VirtualConsole.<anonymous> 
(node_modules/@jest/environment-jsdom-abstract/build/index.js:87:23)

    console.error
      Error: Cross origin http://localhost forbidden
          at ignore-listed frames {
        type: 'XMLHttpRequest'
      }

      at VirtualConsole.<anonymous> 
(node_modules/@jest/environment-jsdom-abstract/build/index.js:87:23)

    console.error
      Error: Cross origin http://localhost forbidden
          at ignore-listed frames {
        type: 'XMLHttpRequest'
      }

      at VirtualConsole.<anonymous> 
(node_modules/@jest/environment-jsdom-abstract/build/index.js:87:23)

    console.error
      Error: Cross origin http://localhost forbidden
          at ignore-listed frames {
        type: 'XMLHttpRequest'
      }

      at VirtualConsole.<anonymous> 
(node_modules/@jest/environment-jsdom-abstract/build/index.js:87:23)

    console.error
      Error: Cross origin http://localhost forbidden
          at ignore-listed frames {
        type: 'XMLHttpRequest'
      }

      at VirtualConsole.<anonymous> 
(node_modules/@jest/environment-jsdom-abstract/build/index.js:87:23)

    console.error
      Error: Cross origin http://localhost forbidden
          at ignore-listed frames {
        type: 'XMLHttpRequest'
      }

      at VirtualConsole.<anonymous> 
(node_modules/@jest/environment-jsdom-abstract/build/index.js:87:23)

    console.error
      Error: Cross origin http://localhost forbidden
          at ignore-listed frames {
        type: 'XMLHttpRequest'
      }

      at VirtualConsole.<anonymous> 
(node_modules/@jest/environment-jsdom-abstract/build/index.js:87:23)

    console.error
      Error: Cross origin http://localhost forbidden
          at ignore-listed frames {
        type: 'XMLHttpRequest'
      }

      at VirtualConsole.<anonymous> 
(node_modules/@jest/environment-jsdom-abstract/build/index.js:87:23)

    console.error
      Error: Cross origin http://localhost forbidden
          at ignore-listed frames {
        type: 'XMLHttpRequest'
      }

      at VirtualConsole.<anonymous> 
(node_modules/@jest/environment-jsdom-abstract/build/index.js:87:23)

    console.error
      Error: Cross origin http://localhost forbidden
          at ignore-listed frames {
        type: 'XMLHttpRequest'
      }

      at VirtualConsole.<anonymous> 
(node_modules/@jest/environment-jsdom-abstract/build/index.js:87:23)

    console.error
      Error: Cross origin http://localhost forbidden
          at ignore-listed frames {
        type: 'XMLHttpRequest'
      }

      at VirtualConsole.<anonymous> 
(node_modules/@jest/environment-jsdom-abstract/build/index.js:87:23)

    console.error
      Error: Cross origin http://localhost forbidden
          at ignore-listed frames {
        type: 'XMLHttpRequest'
      }

      at VirtualConsole.<anonymous> 
(node_modules/@jest/environment-jsdom-abstract/build/index.js:87:23)

    console.error
      Error: Cross origin http://localhost forbidden
          at ignore-listed frames {
        type: 'XMLHttpRequest'
      }

      at VirtualConsole.<anonymous> 
(node_modules/@jest/environment-jsdom-abstract/build/index.js:87:23)

    console.error
      Error: Cross origin http://localhost forbidden
          at ignore-listed frames {
        type: 'XMLHttpRequest'
      }

      at VirtualConsole.<anonymous> 
(node_modules/@jest/environment-jsdom-abstract/build/index.js:87:23)

    console.error
      Error: Cross origin http://localhost forbidden
          at ignore-listed frames {
        type: 'XMLHttpRequest'
      }

      at VirtualConsole.<anonymous> 
(node_modules/@jest/environment-jsdom-abstract/build/index.js:87:23)

    console.error
      Error: Cross origin http://localhost forbidden
          at ignore-listed frames {
        type: 'XMLHttpRequest'
      }

      at VirtualConsole.<anonymous> 
(node_modules/@jest/environment-jsdom-abstract/build/index.js:87:23)

    console.error
      Error: Cross origin http://localhost forbidden
          at ignore-listed frames {
        type: 'XMLHttpRequest'
      }

      at VirtualConsole.<anonymous> 
(node_modules/@jest/environment-jsdom-abstract/build/index.js:87:23)

    console.error
      Error: Cross origin http://localhost forbidden
          at ignore-listed frames {
        type: 'XMLHttpRequest'
      }

      at VirtualConsole.<anonymous> 
(node_modules/@jest/environment-jsdom-abstract/build/index.js:87:23)

    console.error
      Error: Cross origin http://localhost forbidden
          at ignore-listed frames {
        type: 'XMLHttpRequest'
      }

      at VirtualConsole.<anonymous> 
(node_modules/@jest/environment-jsdom-abstract/build/index.js:87:23)

    console.error
      Error: Cross origin http://localhost forbidden
          at ignore-listed frames {
        type: 'XMLHttpRequest'
      }

      at VirtualConsole.<anonymous> 
(node_modules/@jest/environment-jsdom-abstract/build/index.js:87:23)

    console.error
      Error: Cross origin http://localhost forbidden
          at ignore-listed frames {
        type: 'XMLHttpRequest'
      }

      at VirtualConsole.<anonymous> 
(node_modules/@jest/environment-jsdom-abstract/build/index.js:87:23)

    console.error
      Error: Cross origin http://localhost forbidden
          at ignore-listed frames {
        type: 'XMLHttpRequest'
      }

      at VirtualConsole.<anonymous> 
(node_modules/@jest/environment-jsdom-abstract/build/index.js:87:23)

    console.error
      Error: Cross origin http://localhost forbidden
          at ignore-listed frames {
        type: 'XMLHttpRequest'
      }

      at VirtualConsole.<anonymous> 
(node_modules/@jest/environment-jsdom-abstract/build/index.js:87:23)

    console.error
      Error: Cross origin http://localhost forbidden
          at ignore-listed frames {
        type: 'XMLHttpRequest'
      }

      at VirtualConsole.<anonymous> 
(node_modules/@jest/environment-jsdom-abstract/build/index.js:87:23)

    console.error
      Error: Cross origin http://localhost forbidden
          at ignore-listed frames {
        type: 'XMLHttpRequest'
      }

      at VirtualConsole.<anonymous> 
(node_modules/@jest/environment-jsdom-abstract/build/index.js:87:23)

    console.error
      Error: Cross origin http://localhost forbidden
          at ignore-listed frames {
        type: 'XMLHttpRequest'
      }

      at VirtualConsole.<anonymous> 
(node_modules/@jest/environment-jsdom-abstract/build/index.js:87:23)

    console.error
      Error: Cross origin http://localhost forbidden
          at ignore-listed frames {
        type: 'XMLHttpRequest'
      }

      at VirtualConsole.<anonymous> 
(node_modules/@jest/environment-jsdom-abstract/build/index.js:87:23)

    console.error
      Error: Cross origin http://localhost forbidden
          at ignore-listed frames {
        type: 'XMLHttpRequest'
      }

      at VirtualConsole.<anonymous> 
(node_modules/@jest/environment-jsdom-abstract/build/index.js:87:23)

    console.error
      Error: Cross origin http://localhost forbidden
          at ignore-listed frames {
        type: 'XMLHttpRequest'
      }

      at VirtualConsole.<anonymous> 
(node_modules/@jest/environment-jsdom-abstract/build/index.js:87:23)

    console.error
      Error: Cross origin http://localhost forbidden
          at ignore-listed frames {
        type: 'XMLHttpRequest'
      }

      at VirtualConsole.<anonymous> 
(node_modules/@jest/environment-jsdom-abstract/build/index.js:87:23)

    console.error
      Error: Cross origin http://localhost forbidden
          at ignore-listed frames {
        type: 'XMLHttpRequest'
      }

      at VirtualConsole.<anonymous> 
(node_modules/@jest/environment-jsdom-abstract/build/index.js:87:23)

    console.error
      Error: Cross origin http://localhost forbidden
          at ignore-listed frames {
        type: 'XMLHttpRequest'
      }

      at VirtualConsole.<anonymous> 
(node_modules/@jest/environment-jsdom-abstract/build/index.js:87:23)

    console.error
      Error: Cross origin http://localhost forbidden
          at ignore-listed frames {
        type: 'XMLHttpRequest'
      }

      at VirtualConsole.<anonymous> 
(node_modules/@jest/environment-jsdom-abstract/build/index.js:87:23)

    console.error
      Error: Cross origin http://localhost forbidden
          at ignore-listed frames {
        type: 'XMLHttpRequest'
      }

      at VirtualConsole.<anonymous> 
(node_modules/@jest/environment-jsdom-abstract/build/index.js:87:23)

    console.error
      Error: Cross origin http://localhost forbidden
          at ignore-listed frames {
        type: 'XMLHttpRequest'
      }

      at VirtualConsole.<anonymous> 
(node_modules/@jest/environment-jsdom-abstract/build/index.js:87:23)

    console.error
      Error: Cross origin http://localhost forbidden
          at ignore-listed frames {
        type: 'XMLHttpRequest'
      }

      at VirtualConsole.<anonymous> 
(node_modules/@jest/environment-jsdom-abstract/build/index.js:87:23)

    console.error
      Error: Cross origin http://localhost forbidden
          at ignore-listed frames {
        type: 'XMLHttpRequest'
      }

      at VirtualConsole.<anonymous> 
(node_modules/@jest/environment-jsdom-abstract/build/index.js:87:23)

    console.error
      Error: Cross origin http://localhost forbidden
          at ignore-listed frames {
        type: 'XMLHttpRequest'
      }

      at VirtualConsole.<anonymous> 
(node_modules/@jest/environment-jsdom-abstract/build/index.js:87:23)

    console.error
      Error: Cross origin http://localhost forbidden
          at ignore-listed frames {
        type: 'XMLHttpRequest'
      }

      at VirtualConsole.<anonymous> 
(node_modules/@jest/environment-jsdom-abstract/build/index.js:87:23)

    console.error
      Error: Cross origin http://localhost forbidden
          at ignore-listed frames {
        type: 'XMLHttpRequest'
      }

      at VirtualConsole.<anonymous> 
(node_modules/@jest/environment-jsdom-abstract/build/index.js:87:23)

    console.error
      Error: Cross origin http://localhost forbidden
          at ignore-listed frames {
        type: 'XMLHttpRequest'
      }

      at VirtualConsole.<anonymous> 
(node_modules/@jest/environment-jsdom-abstract/build/index.js:87:23)

    console.error
      Error: Cross origin http://localhost forbidden
          at ignore-listed frames {
        type: 'XMLHttpRequest'
      }

      at VirtualConsole.<anonymous> 
(node_modules/@jest/environment-jsdom-abstract/build/index.js:87:23)

    console.error
      Error: Cross origin http://localhost forbidden
          at ignore-listed frames {
        type: 'XMLHttpRequest'
      }

      at VirtualConsole.<anonymous> 
(node_modules/@jest/environment-jsdom-abstract/build/index.js:87:23)

    console.error
      Error: Cross origin http://localhost forbidden
          at ignore-listed frames {
        type: 'XMLHttpRequest'
      }

      at VirtualConsole.<anonymous> 
(node_modules/@jest/environment-jsdom-abstract/build/index.js:87:23)

    console.error
      Error: Cross origin http://localhost forbidden
          at ignore-listed frames {
        type: 'XMLHttpRequest'
      }

      at VirtualConsole.<anonymous> 
(node_modules/@jest/environment-jsdom-abstract/build/index.js:87:23)

    console.error
      Error: Cross origin http://localhost forbidden
          at ignore-listed frames {
        type: 'XMLHttpRequest'
      }

      at VirtualConsole.<anonymous> 
(node_modules/@jest/environment-jsdom-abstract/build/index.js:87:23)

    console.error
      Error: Cross origin http://localhost forbidden
          at ignore-listed frames {
        type: 'XMLHttpRequest'
      }

      at VirtualConsole.<anonymous> 
(node_modules/@jest/environment-jsdom-abstract/build/index.js:87:23)

    console.error
      Error: Cross origin http://localhost forbidden
          at ignore-listed frames {
        type: 'XMLHttpRequest'
      }

      at VirtualConsole.<anonymous> 
(node_modules/@jest/environment-jsdom-abstract/build/index.js:87:23)

    console.error
      Error: Cross origin http://localhost forbidden
          at ignore-listed frames {
        type: 'XMLHttpRequest'
      }

      at VirtualConsole.<anonymous> 
(node_modules/@jest/environment-jsdom-abstract/build/index.js:87:23)

    console.error
      Error: Cross origin http://localhost forbidden
          at ignore-listed frames {
        type: 'XMLHttpRequest'
      }

      at VirtualConsole.<anonymous> 
(node_modules/@jest/environment-jsdom-abstract/build/index.js:87:23)

    console.error
      Error: Cross origin http://localhost forbidden
          at ignore-listed frames {
        type: 'XMLHttpRequest'
      }

      at VirtualConsole.<anonymous> 
(node_modules/@jest/environment-jsdom-abstract/build/index.js:87:23)

    console.error
      Error: Cross origin http://localhost forbidden
          at ignore-listed frames {
        type: 'XMLHttpRequest'
      }

      at VirtualConsole.<anonymous> 
(node_modules/@jest/environment-jsdom-abstract/build/index.js:87:23)

    console.error
      Error: Cross origin http://localhost forbidden
          at ignore-listed frames {
        type: 'XMLHttpRequest'
      }

      at VirtualConsole.<anonymous> 
(node_modules/@jest/environment-jsdom-abstract/build/index.js:87:23)

    console.error
      Error: Cross origin http://localhost forbidden
          at ignore-listed frames {
        type: 'XMLHttpRequest'
      }

      at VirtualConsole.<anonymous> 
(node_modules/@jest/environment-jsdom-abstract/build/index.js:87:23)

    console.error
      Error: Cross origin http://localhost forbidden
          at ignore-listed frames {
        type: 'XMLHttpRequest'
      }

      at VirtualConsole.<anonymous> 
(node_modules/@jest/environment-jsdom-abstract/build/index.js:87:23)

    console.error
      Error: Cross origin http://localhost forbidden
          at ignore-listed frames {
        type: 'XMLHttpRequest'
      }

      at VirtualConsole.<anonymous> 
(node_modules/@jest/environment-jsdom-abstract/build/index.js:87:23)

    console.error
      Error: Cross origin http://localhost forbidden
          at ignore-listed frames {
        type: 'XMLHttpRequest'
      }

      at VirtualConsole.<anonymous> 
(node_modules/@jest/environment-jsdom-abstract/build/index.js:87:23)

    console.error
      Error: Cross origin http://localhost forbidden
          at ignore-listed frames {
        type: 'XMLHttpRequest'
      }

      at VirtualConsole.<anonymous> 
(node_modules/@jest/environment-jsdom-abstract/build/index.js:87:23)

    console.error
      Error: Cross origin http://localhost forbidden
          at ignore-listed frames {
        type: 'XMLHttpRequest'
      }

      at VirtualConsole.<anonymous> 
(node_modules/@jest/environment-jsdom-abstract/build/index.js:87:23)

    console.error
      Error: Cross origin http://localhost forbidden
          at ignore-listed frames {
        type: 'XMLHttpRequest'
      }

      at VirtualConsole.<anonymous> 
(node_modules/@jest/environment-jsdom-abstract/build/index.js:87:23)

    console.error
      Error: Cross origin http://localhost forbidden
          at ignore-listed frames {
        type: 'XMLHttpRequest'
      }

      at VirtualConsole.<anonymous> 
(node_modules/@jest/environment-jsdom-abstract/build/index.js:87:23)

    console.error
      Error: Cross origin http://localhost forbidden
          at ignore-listed frames {
        type: 'XMLHttpRequest'
      }

      at VirtualConsole.<anonymous> 
(node_modules/@jest/environment-jsdom-abstract/build/index.js:87:23)

    console.error
      Error: Cross origin http://localhost forbidden
          at ignore-listed frames {
        type: 'XMLHttpRequest'
      }

      at VirtualConsole.<anonymous> 
(node_modules/@jest/environment-jsdom-abstract/build/index.js:87:23)

    console.error
      Error: Cross origin http://localhost forbidden
          at ignore-listed frames {
        type: 'XMLHttpRequest'
      }

      at VirtualConsole.<anonymous> 
(node_modules/@jest/environment-jsdom-abstract/build/index.js:87:23)

    console.error
      Error: Cross origin http://localhost forbidden
          at ignore-listed frames {
        type: 'XMLHttpRequest'
      }

      at VirtualConsole.<anonymous> 
(node_modules/@jest/environment-jsdom-abstract/build/index.js:87:23)

    console.error
      Error: Cross origin http://localhost forbidden
          at ignore-listed frames {
        type: 'XMLHttpRequest'
      }

      at VirtualConsole.<anonymous> 
(node_modules/@jest/environment-jsdom-abstract/build/index.js:87:23)

    console.error
      Error: Cross origin http://localhost forbidden
          at ignore-listed frames {
        type: 'XMLHttpRequest'
      }

      at VirtualConsole.<anonymous> 
(node_modules/@jest/environment-jsdom-abstract/build/index.js:87:23)

    console.error
      Error: Cross origin http://localhost forbidden
          at ignore-listed frames {
        type: 'XMLHttpRequest'
      }

      at VirtualConsole.<anonymous> 
(node_modules/@jest/environment-jsdom-abstract/build/index.js:87:23)

    console.error
      Error: Cross origin http://localhost forbidden
          at ignore-listed frames {
        type: 'XMLHttpRequest'
      }

      at VirtualConsole.<anonymous> 
(node_modules/@jest/environment-jsdom-abstract/build/index.js:87:23)

    console.error
      Error: Cross origin http://localhost forbidden
          at ignore-listed frames {
        type: 'XMLHttpRequest'
      }

      at VirtualConsole.<anonymous> 
(node_modules/@jest/environment-jsdom-abstract/build/index.js:87:23)

    console.error
      Error: Cross origin http://localhost forbidden
          at ignore-listed frames {
        type: 'XMLHttpRequest'
      }

      at VirtualConsole.<anonymous> 
(node_modules/@jest/environment-jsdom-abstract/build/index.js:87:23)

    console.error
      Error: Cross origin http://localhost forbidden
          at ignore-listed frames {
        type: 'XMLHttpRequest'
      }

      at VirtualConsole.<anonymous> 
(node_modules/@jest/environment-jsdom-abstract/build/index.js:87:23)

    console.error
      Error: Cross origin http://localhost forbidden
          at ignore-listed frames {
        type: 'XMLHttpRequest'
      }

      at VirtualConsole.<anonymous> 
(node_modules/@jest/environment-jsdom-abstract/build/index.js:87:23)

    console.error
      Error: Cross origin http://localhost forbidden
          at ignore-listed frames {
        type: 'XMLHttpRequest'
      }

      at VirtualConsole.<anonymous> 
(node_modules/@jest/environment-jsdom-abstract/build/index.js:87:23)

    console.error
      Error: Cross origin http://localhost forbidden
          at ignore-listed frames {
        type: 'XMLHttpRequest'
      }

      at VirtualConsole.<anonymous> 
(node_modules/@jest/environment-jsdom-abstract/build/index.js:87:23)

    console.error
      Error: Cross origin http://localhost forbidden
          at ignore-listed frames {
        type: 'XMLHttpRequest'
      }

      at VirtualConsole.<anonymous> 
(node_modules/@jest/environment-jsdom-abstract/build/index.js:87:23)

    console.error
      Error: Cross origin http://localhost forbidden
          at ignore-listed frames {
        type: 'XMLHttpRequest'
      }

      at VirtualConsole.<anonymous> 
(node_modules/@jest/environment-jsdom-abstract/build/index.js:87:23)

    console.error
      Error: Cross origin http://localhost forbidden
          at ignore-listed frames {
        type: 'XMLHttpRequest'
      }

      at VirtualConsole.<anonymous> 
(node_modules/@jest/environment-jsdom-abstract/build/index.js:87:23)

    console.error
      Error: Cross origin http://localhost forbidden
          at ignore-listed frames {
        type: 'XMLHttpRequest'
      }

      at VirtualConsole.<anonymous> 
(node_modules/@jest/environment-jsdom-abstract/build/index.js:87:23)

    console.error
      Error: Cross origin http://localhost forbidden
          at ignore-listed frames {
        type: 'XMLHttpRequest'
      }

      at VirtualConsole.<anonymous> 
(node_modules/@jest/environment-jsdom-abstract/build/index.js:87:23)

    console.error
      Error: Cross origin http://localhost forbidden
          at ignore-listed frames {
        type: 'XMLHttpRequest'
      }

      at VirtualConsole.<anonymous> 
(node_modules/@jest/environment-jsdom-abstract/build/index.js:87:23)

    console.error
      Error: Cross origin http://localhost forbidden
          at ignore-listed frames {
        type: 'XMLHttpRequest'
      }

      at VirtualConsole.<anonymous> 
(node_modules/@jest/environment-jsdom-abstract/build/index.js:87:23)

    console.error
      Error: Cross origin http://localhost forbidden
          at ignore-listed frames {
        type: 'XMLHttpRequest'
      }

      at VirtualConsole.<anonymous> 
(node_modules/@jest/environment-jsdom-abstract/build/index.js:87:23)

    console.error
      Error: Cross origin http://localhost forbidden
          at ignore-listed frames {
        type: 'XMLHttpRequest'
      }

      at VirtualConsole.<anonymous> 
(node_modules/@jest/environment-jsdom-abstract/build/index.js:87:23)

    console.error
      Error: Cross origin http://localhost forbidden
          at ignore-listed frames {
        type: 'XMLHttpRequest'
      }

      at VirtualConsole.<anonymous> 
(node_modules/@jest/environment-jsdom-abstract/build/index.js:87:23)

    console.error
      Error: Cross origin http://localhost forbidden
          at ignore-listed frames {
        type: 'XMLHttpRequest'
      }

      at VirtualConsole.<anonymous> 
(node_modules/@jest/environment-jsdom-abstract/build/index.js:87:23)

    console.error
      Error: Cross origin http://localhost forbidden
          at ignore-listed frames {
        type: 'XMLHttpRequest'
      }

      at VirtualConsole.<anonymous> 
(node_modules/@jest/environment-jsdom-abstract/build/index.js:87:23)

    console.error
      Error: Cross origin http://localhost forbidden
          at ignore-listed frames {
        type: 'XMLHttpRequest'
      }

      at VirtualConsole.<anonymous> 
(node_modules/@jest/environment-jsdom-abstract/build/index.js:87:23)

    console.error
      Error: Cross origin http://localhost forbidden
          at ignore-listed frames {
        type: 'XMLHttpRequest'
      }

      at VirtualConsole.<anonymous> 
(node_modules/@jest/environment-jsdom-abstract/build/index.js:87:23)

    console.error
      Error: Cross origin http://localhost forbidden
          at ignore-listed frames {
        type: 'XMLHttpRequest'
      }

      at VirtualConsole.<anonymous> 
(node_modules/@jest/environment-jsdom-abstract/build/index.js:87:23)

    console.error
      Error: Cross origin http://localhost forbidden
          at ignore-listed frames {
        type: 'XMLHttpRequest'
      }

      at VirtualConsole.<anonymous> 
(node_modules/@jest/environment-jsdom-abstract/build/index.js:87:23)

    console.error
      Error: Cross origin http://localhost forbidden
          at ignore-listed frames {
        type: 'XMLHttpRequest'
      }

      at VirtualConsole.<anonymous> 
(node_modules/@jest/environment-jsdom-abstract/build/index.js:87:23)

    console.error
      Error: Cross origin http://localhost forbidden
          at ignore-listed frames {
        type: 'XMLHttpRequest'
      }

      at VirtualConsole.<anonymous> 
(node_modules/@jest/environment-jsdom-abstract/build/index.js:87:23)

    console.error
      Error: Cross origin http://localhost forbidden
          at ignore-listed frames {
        type: 'XMLHttpRequest'
      }

      at VirtualConsole.<anonymous> 
(node_modules/@jest/environment-jsdom-abstract/build/index.js:87:23)

    console.error
      Error: Cross origin http://localhost forbidden
          at ignore-listed frames {
        type: 'XMLHttpRequest'
      }

      at VirtualConsole.<anonymous> 
(node_modules/@jest/environment-jsdom-abstract/build/index.js:87:23)

    console.error
      Error: Cross origin http://localhost forbidden
          at ignore-listed frames {
        type: 'XMLHttpRequest'
      }

      at VirtualConsole.<anonymous> 
(node_modules/@jest/environment-jsdom-abstract/build/index.js:87:23)

    console.error
      Error: Cross origin http://localhost forbidden
          at ignore-listed frames {
        type: 'XMLHttpRequest'
      }

      at VirtualConsole.<anonymous> 
(node_modules/@jest/environment-jsdom-abstract/build/index.js:87:23)

    console.error
      Error: Cross origin http://localhost forbidden
          at ignore-listed frames {
        type: 'XMLHttpRequest'
      }

      at VirtualConsole.<anonymous> 
(node_modules/@jest/environment-jsdom-abstract/build/index.js:87:23)

    console.error
      Error: Cross origin http://localhost forbidden
          at ignore-listed frames {
        type: 'XMLHttpRequest'
      }

      at VirtualConsole.<anonymous> 
(node_modules/@jest/environment-jsdom-abstract/build/index.js:87:23)

    console.error
      Error: Cross origin http://localhost forbidden
          at ignore-listed frames {
        type: 'XMLHttpRequest'
      }

      at VirtualConsole.<anonymous> 
(node_modules/@jest/environment-jsdom-abstract/build/index.js:87:23)

    console.error
      Error: Cross origin http://localhost forbidden
          at ignore-listed frames {
        type: 'XMLHttpRequest'
      }

      at VirtualConsole.<anonymous> 
(node_modules/@jest/environment-jsdom-abstract/build/index.js:87:23)

    console.error
      Error: Cross origin http://localhost forbidden
          at ignore-listed frames {
        type: 'XMLHttpRequest'
      }

      at VirtualConsole.<anonymous> 
(node_modules/@jest/environment-jsdom-abstract/build/index.js:87:23)

    console.error
      Error: Cross origin http://localhost forbidden
          at ignore-listed frames {
        type: 'XMLHttpRequest'
      }

      at VirtualConsole.<anonymous> 
(node_modules/@jest/environment-jsdom-abstract/build/index.js:87:23)

    console.error
      Error: Cross origin http://localhost forbidden
          at ignore-listed frames {
        type: 'XMLHttpRequest'
      }

      at VirtualConsole.<anonymous> 
(node_modules/@jest/environment-jsdom-abstract/build/index.js:87:23)

    console.error
      Error: Cross origin http://localhost forbidden
          at ignore-listed frames {
        type: 'XMLHttpRequest'
      }

      at VirtualConsole.<anonymous> 
(node_modules/@jest/environment-jsdom-abstract/build/index.js:87:23)

    console.error
      Error: Cross origin http://localhost forbidden
          at ignore-listed frames {
        type: 'XMLHttpRequest'
      }

      at VirtualConsole.<anonymous> 
(node_modules/@jest/environment-jsdom-abstract/build/index.js:87:23)

    console.error
      Error: Cross origin http://localhost forbidden
          at ignore-listed frames {
        type: 'XMLHttpRequest'
      }

      at VirtualConsole.<anonymous> 
(node_modules/@jest/environment-jsdom-abstract/build/index.js:87:23)

    console.error
      Error: Cross origin http://localhost forbidden
          at ignore-listed frames {
        type: 'XMLHttpRequest'
      }

      at VirtualConsole.<anonymous> 
(node_modules/@jest/environment-jsdom-abstract/build/index.js:87:23)

    console.error
      Error: Cross origin http://localhost forbidden
          at ignore-listed frames {
        type: 'XMLHttpRequest'
      }

      at VirtualConsole.<anonymous> 
(node_modules/@jest/environment-jsdom-abstract/build/index.js:87:23)

    console.error
      Error: Cross origin http://localhost forbidden
          at ignore-listed frames {
        type: 'XMLHttpRequest'
      }

      at VirtualConsole.<anonymous> 
(node_modules/@jest/environment-jsdom-abstract/build/index.js:87:23)

    console.error
      Error: Cross origin http://localhost forbidden
          at ignore-listed frames {
        type: 'XMLHttpRequest'
      }

      at VirtualConsole.<anonymous> 
(node_modules/@jest/environment-jsdom-abstract/build/index.js:87:23)

    console.error
      Error: Cross origin http://localhost forbidden
          at ignore-listed frames {
        type: 'XMLHttpRequest'
      }

      at VirtualConsole.<anonymous> 
(node_modules/@jest/environment-jsdom-abstract/build/index.js:87:23)

    console.error
      Error: Cross origin http://localhost forbidden
          at ignore-listed frames {
        type: 'XMLHttpRequest'
      }

      at VirtualConsole.<anonymous> 
(node_modules/@jest/environment-jsdom-abstract/build/index.js:87:23)

    console.error
      Error: Cross origin http://localhost forbidden
          at ignore-listed frames {
        type: 'XMLHttpRequest'
      }

      at VirtualConsole.<anonymous> 
(node_modules/@jest/environment-jsdom-abstract/build/index.js:87:23)

    console.error
      Error: Cross origin http://localhost forbidden
          at ignore-listed frames {
        type: 'XMLHttpRequest'
      }

      at VirtualConsole.<anonymous> 
(node_modules/@jest/environment-jsdom-abstract/build/index.js:87:23)

    console.error
      Error: Cross origin http://localhost forbidden
          at ignore-listed frames {
        type: 'XMLHttpRequest'
      }

      at VirtualConsole.<anonymous> 
(node_modules/@jest/environment-jsdom-abstract/build/index.js:87:23)

    console.error
      Error: Cross origin http://localhost forbidden
          at ignore-listed frames {
        type: 'XMLHttpRequest'
      }

      at VirtualConsole.<anonymous> 
(node_modules/@jest/environment-jsdom-abstract/build/index.js:87:23)

    console.error
      Error: Cross origin http://localhost forbidden
          at ignore-listed frames {
        type: 'XMLHttpRequest'
      }

      at VirtualConsole.<anonymous> 
(node_modules/@jest/environment-jsdom-abstract/build/index.js:87:23)

    console.error
      Error: Cross origin http://localhost forbidden
          at ignore-listed frames {
        type: 'XMLHttpRequest'
      }

      at VirtualConsole.<anonymous> 
(node_modules/@jest/environment-jsdom-abstract/build/index.js:87:23)

    console.error
      Error: Cross origin http://localhost forbidden
          at ignore-listed frames {
        type: 'XMLHttpRequest'
      }

      at VirtualConsole.<anonymous> 
(node_modules/@jest/environment-jsdom-abstract/build/index.js:87:23)

    console.error
      Error: Cross origin http://localhost forbidden
          at ignore-listed frames {
        type: 'XMLHttpRequest'
      }

      at VirtualConsole.<anonymous> 
(node_modules/@jest/environment-jsdom-abstract/build/index.js:87:23)

    console.error
      Error: Cross origin http://localhost forbidden
          at ignore-listed frames {
        type: 'XMLHttpRequest'
      }

      at VirtualConsole.<anonymous> 
(node_modules/@jest/environment-jsdom-abstract/build/index.js:87:23)

    console.error
      Error: Cross origin http://localhost forbidden
          at ignore-listed frames {
        type: 'XMLHttpRequest'
      }

      at VirtualConsole.<anonymous> 
(node_modules/@jest/environment-jsdom-abstract/build/index.js:87:23)

    console.error
      Error: Cross origin http://localhost forbidden
          at ignore-listed frames {
        type: 'XMLHttpRequest'
      }

      at VirtualConsole.<anonymous> 
(node_modules/@jest/environment-jsdom-abstract/build/index.js:87:23)

    console.error
      Error: Cross origin http://localhost forbidden
          at ignore-listed frames {
        type: 'XMLHttpRequest'
      }

      at VirtualConsole.<anonymous> 
(node_modules/@jest/environment-jsdom-abstract/build/index.js:87:23)

    console.error
      Error: Cross origin http://localhost forbidden
          at ignore-listed frames {
        type: 'XMLHttpRequest'
      }

      at VirtualConsole.<anonymous> 
(node_modules/@jest/environment-jsdom-abstract/build/index.js:87:23)

    console.error
      Error: Cross origin http://localhost forbidden
          at ignore-listed frames {
        type: 'XMLHttpRequest'
      }

      at VirtualConsole.<anonymous> 
(node_modules/@jest/environment-jsdom-abstract/build/index.js:87:23)

    console.error
      Error: Cross origin http://localhost forbidden
          at ignore-listed frames {
        type: 'XMLHttpRequest'
      }

      at VirtualConsole.<anonymous> 
(node_modules/@jest/environment-jsdom-abstract/build/index.js:87:23)

    console.error
      Error: Cross origin http://localhost forbidden
          at ignore-listed frames {
        type: 'XMLHttpRequest'
      }

      at VirtualConsole.<anonymous> 
(node_modules/@jest/environment-jsdom-abstract/build/index.js:87:23)

    console.error
      Error: Cross origin http://localhost forbidden
          at ignore-listed frames {
        type: 'XMLHttpRequest'
      }

      at VirtualConsole.<anonymous> 
(node_modules/@jest/environment-jsdom-abstract/build/index.js:87:23)

    console.error
      Error: Cross origin http://localhost forbidden
          at ignore-listed frames {
        type: 'XMLHttpRequest'
      }

      at VirtualConsole.<anonymous> 
(node_modules/@jest/environment-jsdom-abstract/build/index.js:87:23)

    console.error
      Error: Cross origin http://localhost forbidden
          at ignore-listed frames {
        type: 'XMLHttpRequest'
      }

      at VirtualConsole.<anonymous> 
(node_modules/@jest/environment-jsdom-abstract/build/index.js:87:23)

    console.error
      Error: Cross origin http://localhost forbidden
          at ignore-listed frames {
        type: 'XMLHttpRequest'
      }

      at VirtualConsole.<anonymous> 
(node_modules/@jest/environment-jsdom-abstract/build/index.js:87:23)

    console.error
      Error: Cross origin http://localhost forbidden
          at ignore-listed frames {
        type: 'XMLHttpRequest'
      }

      at VirtualConsole.<anonymous> 
(node_modules/@jest/environment-jsdom-abstract/build/index.js:87:23)

    console.error
      Error: Cross origin http://localhost forbidden
          at ignore-listed frames {
        type: 'XMLHttpRequest'
      }

      at VirtualConsole.<anonymous> 
(node_modules/@jest/environment-jsdom-abstract/build/index.js:87:23)

    console.error
      Error: Cross origin http://localhost forbidden
          at ignore-listed frames {
        type: 'XMLHttpRequest'
      }

      at VirtualConsole.<anonymous> 
(node_modules/@jest/environment-jsdom-abstract/build/index.js:87:23)

    console.error
      Error: Cross origin http://localhost forbidden
          at ignore-listed frames {
        type: 'XMLHttpRequest'
      }

      at VirtualConsole.<anonymous> 
(node_modules/@jest/environment-jsdom-abstract/build/index.js:87:23)

    console.error
      Error: Cross origin http://localhost forbidden
          at ignore-listed frames {
        type: 'XMLHttpRequest'
      }

      at VirtualConsole.<anonymous> 
(node_modules/@jest/environment-jsdom-abstract/build/index.js:87:23)

    console.error
      Error: Cross origin http://localhost forbidden
          at ignore-listed frames {
        type: 'XMLHttpRequest'
      }

      at VirtualConsole.<anonymous> 
(node_modules/@jest/environment-jsdom-abstract/build/index.js:87:23)

    console.error
      Error: Cross origin http://localhost forbidden
          at ignore-listed frames {
        type: 'XMLHttpRequest'
      }

      at VirtualConsole.<anonymous> 
(node_modules/@jest/environment-jsdom-abstract/build/index.js:87:23)

    console.error
      Error: Cross origin http://localhost forbidden
          at ignore-listed frames {
        type: 'XMLHttpRequest'
      }

      at VirtualConsole.<anonymous> 
(node_modules/@jest/environment-jsdom-abstract/build/index.js:87:23)

    console.error
      Error: Cross origin http://localhost forbidden
          at ignore-listed frames {
        type: 'XMLHttpRequest'
      }

      at VirtualConsole.<anonymous> 
(node_modules/@jest/environment-jsdom-abstract/build/index.js:87:23)

    console.error
      Error: Cross origin http://localhost forbidden
          at ignore-listed frames {
        type: 'XMLHttpRequest'
      }

      at VirtualConsole.<anonymous> 
(node_modules/@jest/environment-jsdom-abstract/build/index.js:87:23)

    console.error
      Error: Cross origin http://localhost forbidden
          at ignore-listed frames {
        type: 'XMLHttpRequest'
      }

      at VirtualConsole.<anonymous> 
(node_modules/@jest/environment-jsdom-abstract/build/index.js:87:23)

    console.error
      Error: Cross origin http://localhost forbidden
          at ignore-listed frames {
        type: 'XMLHttpRequest'
      }

      at VirtualConsole.<anonymous> 
(node_modules/@jest/environment-jsdom-abstract/build/index.js:87:23)

    console.error
      Error: Cross origin http://localhost forbidden
          at ignore-listed frames {
        type: 'XMLHttpRequest'
      }

      at VirtualConsole.<anonymous> 
(node_modules/@jest/environment-jsdom-abstract/build/index.js:87:23)

    console.error
      Error: Cross origin http://localhost forbidden
          at ignore-listed frames {
        type: 'XMLHttpRequest'
      }

      at VirtualConsole.<anonymous> 
(node_modules/@jest/environment-jsdom-abstract/build/index.js:87:23)

    console.error
      Error: Cross origin http://localhost forbidden
          at ignore-listed frames {
        type: 'XMLHttpRequest'
      }

      at VirtualConsole.<anonymous> 
(node_modules/@jest/environment-jsdom-abstract/build/index.js:87:23)

    console.error
      Error: Cross origin http://localhost forbidden
          at ignore-listed frames {
        type: 'XMLHttpRequest'
      }

      at VirtualConsole.<anonymous> 
(node_modules/@jest/environment-jsdom-abstract/build/index.js:87:23)

    console.error
      Error: Cross origin http://localhost forbidden
          at ignore-listed frames {
        type: 'XMLHttpRequest'
      }

      at VirtualConsole.<anonymous> 
(node_modules/@jest/environment-jsdom-abstract/build/index.js:87:23)

    console.error
      Error: Cross origin http://localhost forbidden
          at ignore-listed frames {
        type: 'XMLHttpRequest'
      }

      at VirtualConsole.<anonymous> 
(node_modules/@jest/environment-jsdom-abstract/build/index.js:87:23)

    console.error
      Error: Cross origin http://localhost forbidden
          at ignore-listed frames {
        type: 'XMLHttpRequest'
      }

      at VirtualConsole.<anonymous> 
(node_modules/@jest/environment-jsdom-abstract/build/index.js:87:23)

    console.error
      Error: Cross origin http://localhost forbidden
          at ignore-listed frames {
        type: 'XMLHttpRequest'
      }

      at VirtualConsole.<anonymous> 
(node_modules/@jest/environment-jsdom-abstract/build/index.js:87:23)

    console.error
      Error: Cross origin http://localhost forbidden
          at ignore-listed frames {
        type: 'XMLHttpRequest'
      }

      at VirtualConsole.<anonymous> 
(node_modules/@jest/environment-jsdom-abstract/build/index.js:87:23)

    console.error
      Error: Cross origin http://localhost forbidden
          at ignore-listed frames {
        type: 'XMLHttpRequest'
      }

      at VirtualConsole.<anonymous> 
(node_modules/@jest/environment-jsdom-abstract/build/index.js:87:23)

    console.error
      Error: Cross origin http://localhost forbidden
          at ignore-listed frames {
        type: 'XMLHttpRequest'
      }

      at VirtualConsole.<anonymous> 
(node_modules/@jest/environment-jsdom-abstract/build/index.js:87:23)

    console.error
      Error: Cross origin http://localhost forbidden
          at ignore-listed frames {
        type: 'XMLHttpRequest'
      }

      at VirtualConsole.<anonymous> 
(node_modules/@jest/environment-jsdom-abstract/build/index.js:87:23)

    console.error
      Error: Cross origin http://localhost forbidden
          at ignore-listed frames {
        type: 'XMLHttpRequest'
      }

      at VirtualConsole.<anonymous> 
(node_modules/@jest/environment-jsdom-abstract/build/index.js:87:23)

    console.error
      Error: Cross origin http://localhost forbidden
          at ignore-listed frames {
        type: 'XMLHttpRequest'
      }

      at VirtualConsole.<anonymous> 
(node_modules/@jest/environment-jsdom-abstract/build/index.js:87:23)

    console.error
      Error: Cross origin http://localhost forbidden
          at ignore-listed frames {
        type: 'XMLHttpRequest'
      }

      at VirtualConsole.<anonymous> 
(node_modules/@jest/environment-jsdom-abstract/build/index.js:87:23)

    console.error
      Error: Cross origin http://localhost forbidden
          at ignore-listed frames {
        type: 'XMLHttpRequest'
      }

      at VirtualConsole.<anonymous> 
(node_modules/@jest/environment-jsdom-abstract/build/index.js:87:23)

    console.error
      Error: Cross origin http://localhost forbidden
          at ignore-listed frames {
        type: 'XMLHttpRequest'
      }

      at VirtualConsole.<anonymous> 
(node_modules/@jest/environment-jsdom-abstract/build/index.js:87:23)

    console.error
      Error: Cross origin http://localhost forbidden
          at ignore-listed frames {
        type: 'XMLHttpRequest'
      }

      at VirtualConsole.<anonymous> 
(node_modules/@jest/environment-jsdom-abstract/build/index.js:87:23)

    console.error
      Error: Cross origin http://localhost forbidden
          at ignore-listed frames {
        type: 'XMLHttpRequest'
      }

      at VirtualConsole.<anonymous> 
(node_modules/@jest/environment-jsdom-abstract/build/index.js:87:23)

    console.error
      Error: Cross origin http://localhost forbidden
          at ignore-listed frames {
        type: 'XMLHttpRequest'
      }

      at VirtualConsole.<anonymous> 
(node_modules/@jest/environment-jsdom-abstract/build/index.js:87:23)

    console.error
      Error: Cross origin http://localhost forbidden
          at ignore-listed frames {
        type: 'XMLHttpRequest'
      }

      at VirtualConsole.<anonymous> 
(node_modules/@jest/environment-jsdom-abstract/build/index.js:87:23)

    console.error
      Error: Cross origin http://localhost forbidden
          at ignore-listed frames {
        type: 'XMLHttpRequest'
      }

      at VirtualConsole.<anonymous> 
(node_modules/@jest/environment-jsdom-abstract/build/index.js:87:23)

    console.error
      Error: Cross origin http://localhost forbidden
          at ignore-listed frames {
        type: 'XMLHttpRequest'
      }

      at VirtualConsole.<anonymous> 
(node_modules/@jest/environment-jsdom-abstract/build/index.js:87:23)

    console.error
      Error: Cross origin http://localhost forbidden
          at ignore-listed frames {
        type: 'XMLHttpRequest'
      }

      at VirtualConsole.<anonymous> 
(node_modules/@jest/environment-jsdom-abstract/build/index.js:87:23)

    console.error
      Error: Cross origin http://localhost forbidden
          at ignore-listed frames {
        type: 'XMLHttpRequest'
      }

      at VirtualConsole.<anonymous> 
(node_modules/@jest/environment-jsdom-abstract/build/index.js:87:23)

    console.error
      Error: Cross origin http://localhost forbidden
          at ignore-listed frames {
        type: 'XMLHttpRequest'
      }

      at VirtualConsole.<anonymous> 
(node_modules/@jest/environment-jsdom-abstract/build/index.js:87:23)

    console.error
      Error: Cross origin http://localhost forbidden
          at ignore-listed frames {
        type: 'XMLHttpRequest'
      }

      at VirtualConsole.<anonymous> 
(node_modules/@jest/environment-jsdom-abstract/build/index.js:87:23)

    console.error
      Error: Cross origin http://localhost forbidden
          at ignore-listed frames {
        type: 'XMLHttpRequest'
      }

      at VirtualConsole.<anonymous> 
(node_modules/@jest/environment-jsdom-abstract/build/index.js:87:23)

    console.error
      Error: Cross origin http://localhost forbidden
          at ignore-listed frames {
        type: 'XMLHttpRequest'
      }

      at VirtualConsole.<anonymous> 
(node_modules/@jest/environment-jsdom-abstract/build/index.js:87:23)

    console.error
      Error: Cross origin http://localhost forbidden
          at ignore-listed frames {
        type: 'XMLHttpRequest'
      }

      at VirtualConsole.<anonymous> 
(node_modules/@jest/environment-jsdom-abstract/build/index.js:87:23)

    console.error
      Error: Cross origin http://localhost forbidden
          at ignore-listed frames {
        type: 'XMLHttpRequest'
      }

      at VirtualConsole.<anonymous> 
(node_modules/@jest/environment-jsdom-abstract/build/index.js:87:23)

    console.error
      Error: Cross origin http://localhost forbidden
          at ignore-listed frames {
        type: 'XMLHttpRequest'
      }

      at VirtualConsole.<anonymous> 
(node_modules/@jest/environment-jsdom-abstract/build/index.js:87:23)

    console.error
      Error: Cross origin http://localhost forbidden
          at ignore-listed frames {
        type: 'XMLHttpRequest'
      }

      at VirtualConsole.<anonymous> 
(node_modules/@jest/environment-jsdom-abstract/build/index.js:87:23)

    console.error
      Error: Cross origin http://localhost forbidden
          at ignore-listed frames {
        type: 'XMLHttpRequest'
      }

      at VirtualConsole.<anonymous> 
(node_modules/@jest/environment-jsdom-abstract/build/index.js:87:23)

    console.error
      Error: Cross origin http://localhost forbidden
          at ignore-listed frames {
        type: 'XMLHttpRequest'
      }

      at VirtualConsole.<anonymous> 
(node_modules/@jest/environment-jsdom-abstract/build/index.js:87:23)

    console.error
      Error: Cross origin http://localhost forbidden
          at ignore-listed frames {
        type: 'XMLHttpRequest'
      }

      at VirtualConsole.<anonymous> 
(node_modules/@jest/environment-jsdom-abstract/build/index.js:87:23)

    console.error
      Error: Cross origin http://localhost forbidden
          at ignore-listed frames {
        type: 'XMLHttpRequest'
      }

      at VirtualConsole.<anonymous> 
(node_modules/@jest/environment-jsdom-abstract/build/index.js:87:23)

    console.error
      Error: Cross origin http://localhost forbidden
          at ignore-listed frames {
        type: 'XMLHttpRequest'
      }

      at VirtualConsole.<anonymous> 
(node_modules/@jest/environment-jsdom-abstract/build/index.js:87:23)

    console.error
      Error: Cross origin http://localhost forbidden
          at ignore-listed frames {
        type: 'XMLHttpRequest'
      }

      at VirtualConsole.<anonymous> 
(node_modules/@jest/environment-jsdom-abstract/build/index.js:87:23)

    console.error
      Error: Cross origin http://localhost forbidden
          at ignore-listed frames {
        type: 'XMLHttpRequest'
      }

      at VirtualConsole.<anonymous> 
(node_modules/@jest/environment-jsdom-abstract/build/index.js:87:23)

    console.error
      Error: Cross origin http://localhost forbidden
          at ignore-listed frames {
        type: 'XMLHttpRequest'
      }

      at VirtualConsole.<anonymous> 
(node_modules/@jest/environment-jsdom-abstract/build/index.js:87:23)

    console.error
      Error: Cross origin http://localhost forbidden
          at ignore-listed frames {
        type: 'XMLHttpRequest'
      }

      at VirtualConsole.<anonymous> 
(node_modules/@jest/environment-jsdom-abstract/build/index.js:87:23)

    console.error
      Error: Cross origin http://localhost forbidden
          at ignore-listed frames {
        type: 'XMLHttpRequest'
      }

      at VirtualConsole.<anonymous> 
(node_modules/@jest/environment-jsdom-abstract/build/index.js:87:23)

    console.error
      Error: Cross origin http://localhost forbidden
          at ignore-listed frames {
        type: 'XMLHttpRequest'
      }

      at VirtualConsole.<anonymous> 
(node_modules/@jest/environment-jsdom-abstract/build/index.js:87:23)

    console.error
      Error: Cross origin http://localhost forbidden
          at ignore-listed frames {
        type: 'XMLHttpRequest'
      }

      at VirtualConsole.<anonymous> 
(node_modules/@jest/environment-jsdom-abstract/build/index.js:87:23)

    console.error
      Error: Cross origin http://localhost forbidden
          at ignore-listed frames {
        type: 'XMLHttpRequest'
      }

      at VirtualConsole.<anonymous> 
(node_modules/@jest/environment-jsdom-abstract/build/index.js:87:23)

    console.error
      Error: Cross origin http://localhost forbidden
          at ignore-listed frames {
        type: 'XMLHttpRequest'
      }

      at VirtualConsole.<anonymous> 
(node_modules/@jest/environment-jsdom-abstract/build/index.js:87:23)

    console.error
      Error: Cross origin http://localhost forbidden
          at ignore-listed frames {
        type: 'XMLHttpRequest'
      }

      at VirtualConsole.<anonymous> 
(node_modules/@jest/environment-jsdom-abstract/build/index.js:87:23)

    console.error
      Error: Cross origin http://localhost forbidden
          at ignore-listed frames {
        type: 'XMLHttpRequest'
      }

      at VirtualConsole.<anonymous> 
(node_modules/@jest/environment-jsdom-abstract/build/index.js:87:23)

    console.error
      Error: Cross origin http://localhost forbidden
          at ignore-listed frames {
        type: 'XMLHttpRequest'
      }

      at VirtualConsole.<anonymous> 
(node_modules/@jest/environment-jsdom-abstract/build/index.js:87:23)

    console.error
      Error: Cross origin http://localhost forbidden
          at ignore-listed frames {
        type: 'XMLHttpRequest'
      }

      at VirtualConsole.<anonymous> 
(node_modules/@jest/environment-jsdom-abstract/build/index.js:87:23)

    console.error
      Error: Cross origin http://localhost forbidden
          at ignore-listed frames {
        type: 'XMLHttpRequest'
      }

      at VirtualConsole.<anonymous> 
(node_modules/@jest/environment-jsdom-abstract/build/index.js:87:23)

    console.error
      Error: Cross origin http://localhost forbidden
          at ignore-listed frames {
        type: 'XMLHttpRequest'
      }

      at VirtualConsole.<anonymous> 
(node_modules/@jest/environment-jsdom-abstract/build/index.js:87:23)

    console.error
      Error: Cross origin http://localhost forbidden
          at ignore-listed frames {
        type: 'XMLHttpRequest'
      }

      at VirtualConsole.<anonymous> 
(node_modules/@jest/environment-jsdom-abstract/build/index.js:87:23)

    console.error
      Error: Cross origin http://localhost forbidden
          at ignore-listed frames {
        type: 'XMLHttpRequest'
      }

      at VirtualConsole.<anonymous> 
(node_modules/@jest/environment-jsdom-abstract/build/index.js:87:23)

    console.error
      Error: Cross origin http://localhost forbidden
          at ignore-listed frames {
        type: 'XMLHttpRequest'
      }

      at VirtualConsole.<anonymous> 
(node_modules/@jest/environment-jsdom-abstract/build/index.js:87:23)

    console.error
      Error: Cross origin http://localhost forbidden
          at ignore-listed frames {
        type: 'XMLHttpRequest'
      }

      at VirtualConsole.<anonymous> 
(node_modules/@jest/environment-jsdom-abstract/build/index.js:87:23)

    console.error
      Error: Cross origin http://localhost forbidden
          at ignore-listed frames {
        type: 'XMLHttpRequest'
      }

      at VirtualConsole.<anonymous> 
(node_modules/@jest/environment-jsdom-abstract/build/index.js:87:23)

    console.error
      Error: Cross origin http://localhost forbidden
          at ignore-listed frames {
        type: 'XMLHttpRequest'
      }

      at VirtualConsole.<anonymous> 
(node_modules/@jest/environment-jsdom-abstract/build/index.js:87:23)

    console.error
      Error: Cross origin http://localhost forbidden
          at ignore-listed frames {
        type: 'XMLHttpRequest'
      }

      at VirtualConsole.<anonymous> 
(node_modules/@jest/environment-jsdom-abstract/build/index.js:87:23)

    console.error
      Error: Cross origin http://localhost forbidden
          at ignore-listed frames {
        type: 'XMLHttpRequest'
      }

      at VirtualConsole.<anonymous> 
(node_modules/@jest/environment-jsdom-abstract/build/index.js:87:23)

    console.error
      Error: Cross origin http://localhost forbidden
          at ignore-listed frames {
        type: 'XMLHttpRequest'
      }

      at VirtualConsole.<anonymous> 
(node_modules/@jest/environment-jsdom-abstract/build/index.js:87:23)

    console.error
      Error: Cross origin http://localhost forbidden
          at ignore-listed frames {
        type: 'XMLHttpRequest'
      }

      at VirtualConsole.<anonymous> 
(node_modules/@jest/environment-jsdom-abstract/build/index.js:87:23)

    console.error
      Error: Cross origin http://localhost forbidden
          at ignore-listed frames {
        type: 'XMLHttpRequest'
      }

      at VirtualConsole.<anonymous> 
(node_modules/@jest/environment-jsdom-abstract/build/index.js:87:23)

    console.error
      Error: Cross origin http://localhost forbidden
          at ignore-listed frames {
        type: 'XMLHttpRequest'
      }

      at VirtualConsole.<anonymous> 
(node_modules/@jest/environment-jsdom-abstract/build/index.js:87:23)

    console.error
      Error: Cross origin http://localhost forbidden
          at ignore-listed frames {
        type: 'XMLHttpRequest'
      }

      at VirtualConsole.<anonymous> 
(node_modules/@jest/environment-jsdom-abstract/build/index.js:87:23)

    console.error
      Error: Cross origin http://localhost forbidden
          at ignore-listed frames {
        type: 'XMLHttpRequest'
      }

      at VirtualConsole.<anonymous> 
(node_modules/@jest/environment-jsdom-abstract/build/index.js:87:23)

    console.error
      Error: Cross origin http://localhost forbidden
          at ignore-listed frames {
        type: 'XMLHttpRequest'
      }

      at VirtualConsole.<anonymous> 
(node_modules/@jest/environment-jsdom-abstract/build/index.js:87:23)

    console.error
      Error: Cross origin http://localhost forbidden
          at ignore-listed frames {
        type: 'XMLHttpRequest'
      }

      at VirtualConsole.<anonymous> 
(node_modules/@jest/environment-jsdom-abstract/build/index.js:87:23)

    console.error
      Error: Cross origin http://localhost forbidden
          at ignore-listed frames {
        type: 'XMLHttpRequest'
      }

      at VirtualConsole.<anonymous> 
(node_modules/@jest/environment-jsdom-abstract/build/index.js:87:23)

    console.error
      Error: Cross origin http://localhost forbidden
          at ignore-listed frames {
        type: 'XMLHttpRequest'
      }

      at VirtualConsole.<anonymous> 
(node_modules/@jest/environment-jsdom-abstract/build/index.js:87:23)

    console.error
      Error: Cross origin http://localhost forbidden
          at ignore-listed frames {
        type: 'XMLHttpRequest'
      }

      at VirtualConsole.<anonymous> 
(node_modules/@jest/environment-jsdom-abstract/build/index.js:87:23)

    console.error
      Error: Cross origin http://localhost forbidden
          at ignore-listed frames {
        type: 'XMLHttpRequest'
      }

      at VirtualConsole.<anonymous> 
(node_modules/@jest/environment-jsdom-abstract/build/index.js:87:23)

    console.error
      Error: Cross origin http://localhost forbidden
          at ignore-listed frames {
        type: 'XMLHttpRequest'
      }

      at VirtualConsole.<anonymous> 
(node_modules/@jest/environment-jsdom-abstract/build/index.js:87:23)

    console.error
      Error: Cross origin http://localhost forbidden
          at ignore-listed frames {
        type: 'XMLHttpRequest'
      }

      at VirtualConsole.<anonymous> 
(node_modules/@jest/environment-jsdom-abstract/build/index.js:87:23)

    console.error
      Error: Cross origin http://localhost forbidden
          at ignore-listed frames {
        type: 'XMLHttpRequest'
      }

      at VirtualConsole.<anonymous> 
(node_modules/@jest/environment-jsdom-abstract/build/index.js:87:23)

    console.error
      Error: Cross origin http://localhost forbidden
          at ignore-listed frames {
        type: 'XMLHttpRequest'
      }

      at VirtualConsole.<anonymous> 
(node_modules/@jest/environment-jsdom-abstract/build/index.js:87:23)

    console.error
      Error: Cross origin http://localhost forbidden
          at ignore-listed frames {
        type: 'XMLHttpRequest'
      }

      at VirtualConsole.<anonymous> 
(node_modules/@jest/environment-jsdom-abstract/build/index.js:87:23)

    console.error
      Error: Cross origin http://localhost forbidden
          at ignore-listed frames {
        type: 'XMLHttpRequest'
      }

      at VirtualConsole.<anonymous> 
(node_modules/@jest/environment-jsdom-abstract/build/index.js:87:23)

    console.error
      Error: Cross origin http://localhost forbidden
          at ignore-listed frames {
        type: 'XMLHttpRequest'
      }

      at VirtualConsole.<anonymous> 
(node_modules/@jest/environment-jsdom-abstract/build/index.js:87:23)

    console.error
      Error: Cross origin http://localhost forbidden
          at ignore-listed frames {
        type: 'XMLHttpRequest'
      }

      at VirtualConsole.<anonymous> 
(node_modules/@jest/environment-jsdom-abstract/build/index.js:87:23)

    console.error
      Error: Cross origin http://localhost forbidden
          at ignore-listed frames {
        type: 'XMLHttpRequest'
      }

      at VirtualConsole.<anonymous> 
(node_modules/@jest/environment-jsdom-abstract/build/index.js:87:23)

    console.error
      Error: Cross origin http://localhost forbidden
          at ignore-listed frames {
        type: 'XMLHttpRequest'
      }

      at VirtualConsole.<anonymous> 
(node_modules/@jest/environment-jsdom-abstract/build/index.js:87:23)

    console.error
      Error: Cross origin http://localhost forbidden
          at ignore-listed frames {
        type: 'XMLHttpRequest'
      }

      at VirtualConsole.<anonymous> 
(node_modules/@jest/environment-jsdom-abstract/build/index.js:87:23)

    console.error
      Error: Cross origin http://localhost forbidden
          at ignore-listed frames {
        type: 'XMLHttpRequest'
      }

      at VirtualConsole.<anonymous> 
(node_modules/@jest/environment-jsdom-abstract/build/index.js:87:23)

    console.error
      Error: Cross origin http://localhost forbidden
          at ignore-listed frames {
        type: 'XMLHttpRequest'
      }

      at VirtualConsole.<anonymous> 
(node_modules/@jest/environment-jsdom-abstract/build/index.js:87:23)

    console.error
      Error: Cross origin http://localhost forbidden
          at ignore-listed frames {
        type: 'XMLHttpRequest'
      }

      at VirtualConsole.<anonymous> 
(node_modules/@jest/environment-jsdom-abstract/build/index.js:87:23)

    console.error
      Error: Cross origin http://localhost forbidden
          at ignore-listed frames {
        type: 'XMLHttpRequest'
      }

      at VirtualConsole.<anonymous> 
(node_modules/@jest/environment-jsdom-abstract/build/index.js:87:23)

    console.error
      Error: Cross origin http://localhost forbidden
          at ignore-listed frames {
        type: 'XMLHttpRequest'
      }

      at VirtualConsole.<anonymous> 
(node_modules/@jest/environment-jsdom-abstract/build/index.js:87:23)

    console.error
      Error: Cross origin http://localhost forbidden
          at ignore-listed frames {
        type: 'XMLHttpRequest'
      }

      at VirtualConsole.<anonymous> 
(node_modules/@jest/environment-jsdom-abstract/build/index.js:87:23)

    console.error
      Error: Cross origin http://localhost forbidden
          at ignore-listed frames {
        type: 'XMLHttpRequest'
      }

      at VirtualConsole.<anonymous> 
(node_modules/@jest/environment-jsdom-abstract/build/index.js:87:23)

    console.error
      Error: Cross origin http://localhost forbidden
          at ignore-listed frames {
        type: 'XMLHttpRequest'
      }

      at VirtualConsole.<anonymous> 
(node_modules/@jest/environment-jsdom-abstract/build/index.js:87:23)

    console.error
      Error: Cross origin http://localhost forbidden
          at ignore-listed frames {
        type: 'XMLHttpRequest'
      }

      at VirtualConsole.<anonymous> 
(node_modules/@jest/environment-jsdom-abstract/build/index.js:87:23)

    console.error
      Error: Cross origin http://localhost forbidden
          at ignore-listed frames {
        type: 'XMLHttpRequest'
      }

      at VirtualConsole.<anonymous> 
(node_modules/@jest/environment-jsdom-abstract/build/index.js:87:23)

    console.error
      Error: Cross origin http://localhost forbidden
          at ignore-listed frames {
        type: 'XMLHttpRequest'
      }

      at VirtualConsole.<anonymous> 
(node_modules/@jest/environment-jsdom-abstract/build/index.js:87:23)

    console.error
      Error: Cross origin http://localhost forbidden
          at ignore-listed frames {
        type: 'XMLHttpRequest'
      }

      at VirtualConsole.<anonymous> 
(node_modules/@jest/environment-jsdom-abstract/build/index.js:87:23)

    console.error
      Error: Cross origin http://localhost forbidden
          at ignore-listed frames {
        type: 'XMLHttpRequest'
      }

      at VirtualConsole.<anonymous> 
(node_modules/@jest/environment-jsdom-abstract/build/index.js:87:23)

    console.error
      Error: Cross origin http://localhost forbidden
          at ignore-listed frames {
        type: 'XMLHttpRequest'
      }

      at VirtualConsole.<anonymous> 
(node_modules/@jest/environment-jsdom-abstract/build/index.js:87:23)

    console.error
      Error: Cross origin http://localhost forbidden
          at ignore-listed frames {
        type: 'XMLHttpRequest'
      }

      at VirtualConsole.<anonymous> 
(node_modules/@jest/environment-jsdom-abstract/build/index.js:87:23)

    console.error
      Error: Cross origin http://localhost forbidden
          at ignore-listed frames {
        type: 'XMLHttpRequest'
      }

      at VirtualConsole.<anonymous> 
(node_modules/@jest/environment-jsdom-abstract/build/index.js:87:23)

    console.error
      Error: Cross origin http://localhost forbidden
          at ignore-listed frames {
        type: 'XMLHttpRequest'
      }

      at VirtualConsole.<anonymous> 
(node_modules/@jest/environment-jsdom-abstract/build/index.js:87:23)

  ΓùÅ API Load Tests ΓÇ║ Health Endpoint Load ΓÇ║ should handle concurrent 
health checks

    thrown: "Exceeded timeout of 5000 ms for a test.
    Add a timeout value to this test to increase the timeout, if this is a 
long-running test. See https://jestjs.io/docs/api#testname-fn-timeout."

    [0m [90m 14 |[39m
     [90m 15 |[39m   describe([32m'Health Endpoint Load'[39m[33m,[39m 
() [33m=>[39m {
    [31m[1m>[22m[39m[90m 16 |[39m     it([32m'should handle 
concurrent health checks'[39m[33m,[39m [36masync[39m () [33m=>[39m {
     [90m    |[39m     [31m[1m^[22m[39m
     [90m 17 |[39m       [36mconst[39m requests [33m=[39m 
[33mArray[39m([33mREQUESTS_PER_ENDPOINT[39m)
     [90m 18 |[39m         [33m.[39mfill([36mnull[39m)
     [90m 19 |[39m         [33m.[39mmap(() [33m=>[39m 
fetch([32m`${BASE_URL}/api/health`[39m))[33m;[39m[0m

      at it (__tests__/load/api-load.test.ts:16:5)
      at describe (__tests__/load/api-load.test.ts:15:3)
      at Object.describe (__tests__/load/api-load.test.ts:11:1)

  ΓùÅ API Load Tests ΓÇ║ Concurrent Request Handling ΓÇ║ should handle 
concurrent requests without errors

    TypeError: Network request failed

      at node_modules/whatwg-fetch/dist/fetch.umd.js:567:18

  ΓùÅ API Load Tests ΓÇ║ Response Time ΓÇ║ should respond within acceptable 
time limits

    TypeError: Network request failed

      at node_modules/whatwg-fetch/dist/fetch.umd.js:567:18

FAIL __tests__/e2e/article-flow.test.ts (15.697 s)
  ΓùÅ Console

    console.warn
      [2026-01-23T15:28:20.016Z] [WARN] Cache service disabled - Redis not 
configured

    [0m [90m 206 |[39m                 [36mbreak[39m[33m;[39m
     [90m 207 |[39m             [36mcase[39m [32m'warn'[39m[33m:[39m
    [31m[1m>[22m[39m[90m 208 |[39m                 
console[33m.[39mwarn(consoleMessage[33m,[39m entry[33m.[39mcontext 
[33m||[39m [32m''[39m)[33m;[39m
     [90m     |[39m                         [31m[1m^[22m[39m
     [90m 209 |[39m                 [36mbreak[39m[33m;[39m
     [90m 210 |[39m             [36mcase[39m [32m'info'[39m[33m:[39m
     [90m 211 |[39m                 [36mif[39m 
([36mthis[39m[33m.[39misDevelopment [33m||[39m 
[36mthis[39m[33m.[39misStaging) {[0m

      at Logger.warn [as log] (lib/logger.ts:208:25)
      at Logger.log [as warn] (lib/logger.ts:237:14)
      at new warn (lib/cache/cache-service.ts:45:14)
      at Function.getInstance (lib/cache/cache-service.ts:51:31)
      at Object.getInstance (lib/cache/cache-service.ts:271:42)
      at Object.<anonymous> (lib/cache/cache-invalidation.ts:621:27)
      at Object.<anonymous> (lib/cms/article-service.ts:8398:27)
      at Object.<anonymous> (__tests__/e2e/article-flow.test.ts:7:25)

    console.log
      MockSupabase: insert called with Array

      at SupabaseQueryBuilder.log [as insert] 
(__mocks__/@supabase/supabase-js.js:20:13)

    console.log
      MockSupabase: select called

      at Object.log [as select] (__mocks__/@supabase/supabase-js.js:32:19)

    console.log
      MockSupabase: single called

      at Object.log [as single] (__mocks__/@supabase/supabase-js.js:35:25)

    console.log
      MockSupabase: _execute on table articles, initial count: 1

      at SupabaseQueryBuilder.log [as _execute] 
(__mocks__/@supabase/supabase-js.js:98:13)

    console.log
      MockSupabase: after filters, count: 1

      at SupabaseQueryBuilder.log [as _execute] 
(__mocks__/@supabase/supabase-js.js:104:13)

    console.log
      MockSupabase: _execute on table articles, initial count: 1

      at SupabaseQueryBuilder.log [as _execute] 
(__mocks__/@supabase/supabase-js.js:98:13)

    console.log
      MockSupabase: after filters, count: 1

      at SupabaseQueryBuilder.log [as _execute] 
(__mocks__/@supabase/supabase-js.js:104:13)

    console.log
      MockSupabase: applying updates { status: 'review', updated_at: 
'2026-01-23T15:28:20.790Z' }

      at SupabaseQueryBuilder.log [as _execute] 
(__mocks__/@supabase/supabase-js.js:108:17)

    console.log
      MockSupabase: updated row id-1769182100765-0.4270394985373651 review

      at log (__mocks__/@supabase/supabase-js.js:111:21)
          at Array.forEach (<anonymous>)

    console.error
      [2026-01-23T15:28:22.249Z] [ERROR] Failed to transition article state {
        articleId: 'id-1769182100765-0.4270394985373651',
        from: 'draft',
        to: 'review',
        action: 'update'
      } {
        name: 'Error',
        message: 'Invalid state transition: Cannot update from draft to 
review',
        stack: undefined,
        code: undefined
      }

    [0m [90m 203 |[39m         [36mswitch[39m (level) {
     [90m 204 |[39m             [36mcase[39m [32m'error'[39m[33m:[39m
    [31m[1m>[22m[39m[90m 205 |[39m                 
console[33m.[39merror(consoleMessage[33m,[39m entry[33m.[39mcontext 
[33m||[39m [32m''[39m[33m,[39m entry[33m.[39merror [33m||[39m 
[32m''[39m)[33m;[39m
     [90m     |[39m                         [31m[1m^[22m[39m
     [90m 206 |[39m                 [36mbreak[39m[33m;[39m
     [90m 207 |[39m             [36mcase[39m [32m'warn'[39m[33m:[39m
     [90m 208 |[39m                 
console[33m.[39mwarn(consoleMessage[33m,[39m entry[33m.[39mcontext 
[33m||[39m [32m''[39m)[33m;[39m[0m

      at Logger.error [as log] (lib/logger.ts:205:25)
      at Logger.log [as error] (lib/logger.ts:244:14)
      at error (lib/workflows/hooks/article-workflow-hooks.ts:67:12)
      at ArticleService.updateArticle (lib/cms/article-service.ts:860:17)
      at Object.<anonymous> (__tests__/e2e/article-flow.test.ts:44:24)

    console.log
      MockSupabase: insert called with Array

      at SupabaseQueryBuilder.log [as insert] 
(__mocks__/@supabase/supabase-js.js:20:13)

    console.log
      MockSupabase: select called

      at Object.log [as select] (__mocks__/@supabase/supabase-js.js:32:19)

    console.log
      MockSupabase: single called

      at Object.log [as single] (__mocks__/@supabase/supabase-js.js:35:25)

    console.log
      MockSupabase: _execute on table articles, initial count: 2

      at SupabaseQueryBuilder.log [as _execute] 
(__mocks__/@supabase/supabase-js.js:98:13)

    console.log
      MockSupabase: after filters, count: 1

      at SupabaseQueryBuilder.log [as _execute] 
(__mocks__/@supabase/supabase-js.js:104:13)

    console.log
      MockSupabase: _execute on table articles, initial count: 2

      at SupabaseQueryBuilder.log [as _execute] 
(__mocks__/@supabase/supabase-js.js:98:13)

    console.log
      MockSupabase: after filters, count: 1

      at SupabaseQueryBuilder.log [as _execute] 
(__mocks__/@supabase/supabase-js.js:104:13)

    console.log
      MockSupabase: applying updates {
        title: 'Updated Title 1',
        body_markdown: '# Updated Content 1',
        updated_at: '2026-01-23T15:28:22.302Z'
      }

      at SupabaseQueryBuilder.log [as _execute] 
(__mocks__/@supabase/supabase-js.js:108:17)

    console.log
      MockSupabase: updated row id-1769182102299-0.7034881955505523 draft

      at log (__mocks__/@supabase/supabase-js.js:111:21)
          at Array.forEach (<anonymous>)

    console.log
      MockSupabase: _execute on table article_versions, initial count: 0

      at SupabaseQueryBuilder.log [as _execute] 
(__mocks__/@supabase/supabase-js.js:98:13)

    console.log
      MockSupabase: after filters, count: 0

      at SupabaseQueryBuilder.log [as _execute] 
(__mocks__/@supabase/supabase-js.js:104:13)

    console.log
      MockSupabase: _execute on table article_versions, initial count: 0

      at SupabaseQueryBuilder.log [as _execute] 
(__mocks__/@supabase/supabase-js.js:98:13)

    console.log
      MockSupabase: after filters, count: 0

      at SupabaseQueryBuilder.log [as _execute] 
(__mocks__/@supabase/supabase-js.js:104:13)

    console.log
      MockSupabase: _execute on table article_versions, initial count: 0

      at SupabaseQueryBuilder.log [as _execute] 
(__mocks__/@supabase/supabase-js.js:98:13)

    console.log
      MockSupabase: after filters, count: 0

      at SupabaseQueryBuilder.log [as _execute] 
(__mocks__/@supabase/supabase-js.js:104:13)

    console.log
      MockSupabase: _execute on table article_versions, initial count: 0

      at SupabaseQueryBuilder.log [as _execute] 
(__mocks__/@supabase/supabase-js.js:98:13)

    console.log
      MockSupabase: after filters, count: 0

      at SupabaseQueryBuilder.log [as _execute] 
(__mocks__/@supabase/supabase-js.js:104:13)

    console.log
      MockSupabase: _execute on table article_versions, initial count: 0

      at SupabaseQueryBuilder.log [as _execute] 
(__mocks__/@supabase/supabase-js.js:98:13)

    console.log
      MockSupabase: after filters, count: 0

      at SupabaseQueryBuilder.log [as _execute] 
(__mocks__/@supabase/supabase-js.js:104:13)

    console.log
      MockSupabase: _execute on table article_versions, initial count: 0

      at SupabaseQueryBuilder.log [as _execute] 
(__mocks__/@supabase/supabase-js.js:98:13)

    console.log
      MockSupabase: after filters, count: 0

      at SupabaseQueryBuilder.log [as _execute] 
(__mocks__/@supabase/supabase-js.js:104:13)

    console.log
      MockSupabase: _execute on table article_versions, initial count: 0

      at SupabaseQueryBuilder.log [as _execute] 
(__mocks__/@supabase/supabase-js.js:98:13)

    console.log
      MockSupabase: after filters, count: 0

      at SupabaseQueryBuilder.log [as _execute] 
(__mocks__/@supabase/supabase-js.js:104:13)

    console.log
      MockSupabase: _execute on table article_versions, initial count: 0

      at SupabaseQueryBuilder.log [as _execute] 
(__mocks__/@supabase/supabase-js.js:98:13)

    console.log
      MockSupabase: after filters, count: 0

      at SupabaseQueryBuilder.log [as _execute] 
(__mocks__/@supabase/supabase-js.js:104:13)

    console.log
      MockSupabase: _execute on table article_versions, initial count: 0

      at SupabaseQueryBuilder.log [as _execute] 
(__mocks__/@supabase/supabase-js.js:98:13)

    console.log
      MockSupabase: after filters, count: 0

      at SupabaseQueryBuilder.log [as _execute] 
(__mocks__/@supabase/supabase-js.js:104:13)

    console.log
      MockSupabase: _execute on table article_versions, initial count: 0

      at SupabaseQueryBuilder.log [as _execute] 
(__mocks__/@supabase/supabase-js.js:98:13)

    console.log
      MockSupabase: after filters, count: 0

      at SupabaseQueryBuilder.log [as _execute] 
(__mocks__/@supabase/supabase-js.js:104:13)

    console.log
      MockSupabase: _execute on table article_versions, initial count: 0

      at SupabaseQueryBuilder.log [as _execute] 
(__mocks__/@supabase/supabase-js.js:98:13)

    console.log
      MockSupabase: after filters, count: 0

      at SupabaseQueryBuilder.log [as _execute] 
(__mocks__/@supabase/supabase-js.js:104:13)

    console.log
      MockSupabase: _execute on table article_versions, initial count: 0

      at SupabaseQueryBuilder.log [as _execute] 
(__mocks__/@supabase/supabase-js.js:98:13)

    console.log
      MockSupabase: after filters, count: 0

      at SupabaseQueryBuilder.log [as _execute] 
(__mocks__/@supabase/supabase-js.js:104:13)

    console.log
      MockSupabase: _execute on table article_versions, initial count: 0

      at SupabaseQueryBuilder.log [as _execute] 
(__mocks__/@supabase/supabase-js.js:98:13)

    console.log
      MockSupabase: after filters, count: 0

      at SupabaseQueryBuilder.log [as _execute] 
(__mocks__/@supabase/supabase-js.js:104:13)

    console.log
      MockSupabase: _execute on table article_versions, initial count: 0

      at SupabaseQueryBuilder.log [as _execute] 
(__mocks__/@supabase/supabase-js.js:98:13)

    console.log
      MockSupabase: after filters, count: 0

      at SupabaseQueryBuilder.log [as _execute] 
(__mocks__/@supabase/supabase-js.js:104:13)

    console.log
      MockSupabase: _execute on table article_versions, initial count: 0

      at SupabaseQueryBuilder.log [as _execute] 
(__mocks__/@supabase/supabase-js.js:98:13)

    console.log
      MockSupabase: after filters, count: 0

      at SupabaseQueryBuilder.log [as _execute] 
(__mocks__/@supabase/supabase-js.js:104:13)

    console.log
      MockSupabase: _execute on table article_versions, initial count: 0

      at SupabaseQueryBuilder.log [as _execute] 
(__mocks__/@supabase/supabase-js.js:98:13)

    console.log
      MockSupabase: after filters, count: 0

      at SupabaseQueryBuilder.log [as _execute] 
(__mocks__/@supabase/supabase-js.js:104:13)

    console.log
      MockSupabase: _execute on table article_versions, initial count: 0

      at SupabaseQueryBuilder.log [as _execute] 
(__mocks__/@supabase/supabase-js.js:98:13)

    console.log
      MockSupabase: after filters, count: 0

      at SupabaseQueryBuilder.log [as _execute] 
(__mocks__/@supabase/supabase-js.js:104:13)

    console.log
      MockSupabase: _execute on table article_versions, initial count: 0

      at SupabaseQueryBuilder.log [as _execute] 
(__mocks__/@supabase/supabase-js.js:98:13)

    console.log
      MockSupabase: after filters, count: 0

      at SupabaseQueryBuilder.log [as _execute] 
(__mocks__/@supabase/supabase-js.js:104:13)

    console.log
      MockSupabase: _execute on table article_versions, initial count: 0

      at SupabaseQueryBuilder.log [as _execute] 
(__mocks__/@supabase/supabase-js.js:98:13)

    console.log
      MockSupabase: after filters, count: 0

      at SupabaseQueryBuilder.log [as _execute] 
(__mocks__/@supabase/supabase-js.js:104:13)

    console.log
      MockSupabase: _execute on table article_versions, initial count: 0

      at SupabaseQueryBuilder.log [as _execute] 
(__mocks__/@supabase/supabase-js.js:98:13)

    console.log
      MockSupabase: after filters, count: 0

      at SupabaseQueryBuilder.log [as _execute] 
(__mocks__/@supabase/supabase-js.js:104:13)

    console.log
      MockSupabase: _execute on table article_versions, initial count: 0

      at SupabaseQueryBuilder.log [as _execute] 
(__mocks__/@supabase/supabase-js.js:98:13)

    console.log
      MockSupabase: after filters, count: 0

      at SupabaseQueryBuilder.log [as _execute] 
(__mocks__/@supabase/supabase-js.js:104:13)

    console.log
      MockSupabase: _execute on table article_versions, initial count: 0

      at SupabaseQueryBuilder.log [as _execute] 
(__mocks__/@supabase/supabase-js.js:98:13)

    console.log
      MockSupabase: after filters, count: 0

      at SupabaseQueryBuilder.log [as _execute] 
(__mocks__/@supabase/supabase-js.js:104:13)

    console.log
      MockSupabase: _execute on table article_versions, initial count: 0

      at SupabaseQueryBuilder.log [as _execute] 
(__mocks__/@supabase/supabase-js.js:98:13)

    console.log
      MockSupabase: after filters, count: 0

      at SupabaseQueryBuilder.log [as _execute] 
(__mocks__/@supabase/supabase-js.js:104:13)

    console.log
      MockSupabase: _execute on table article_versions, initial count: 0

      at SupabaseQueryBuilder.log [as _execute] 
(__mocks__/@supabase/supabase-js.js:98:13)

    console.log
      MockSupabase: after filters, count: 0

      at SupabaseQueryBuilder.log [as _execute] 
(__mocks__/@supabase/supabase-js.js:104:13)

    console.log
      MockSupabase: _execute on table article_versions, initial count: 0

      at SupabaseQueryBuilder.log [as _execute] 
(__mocks__/@supabase/supabase-js.js:98:13)

    console.log
      MockSupabase: after filters, count: 0

      at SupabaseQueryBuilder.log [as _execute] 
(__mocks__/@supabase/supabase-js.js:104:13)

    console.log
      MockSupabase: _execute on table article_versions, initial count: 0

      at SupabaseQueryBuilder.log [as _execute] 
(__mocks__/@supabase/supabase-js.js:98:13)

    console.log
      MockSupabase: after filters, count: 0

      at SupabaseQueryBuilder.log [as _execute] 
(__mocks__/@supabase/supabase-js.js:104:13)

    console.log
      MockSupabase: _execute on table article_versions, initial count: 0

      at SupabaseQueryBuilder.log [as _execute] 
(__mocks__/@supabase/supabase-js.js:98:13)

    console.log
      MockSupabase: after filters, count: 0

      at SupabaseQueryBuilder.log [as _execute] 
(__mocks__/@supabase/supabase-js.js:104:13)

    console.log
      MockSupabase: _execute on table article_versions, initial count: 0

      at SupabaseQueryBuilder.log [as _execute] 
(__mocks__/@supabase/supabase-js.js:98:13)

    console.log
      MockSupabase: after filters, count: 0

      at SupabaseQueryBuilder.log [as _execute] 
(__mocks__/@supabase/supabase-js.js:104:13)

    console.log
      MockSupabase: _execute on table article_versions, initial count: 0

      at SupabaseQueryBuilder.log [as _execute] 
(__mocks__/@supabase/supabase-js.js:98:13)

    console.log
      MockSupabase: after filters, count: 0

      at SupabaseQueryBuilder.log [as _execute] 
(__mocks__/@supabase/supabase-js.js:104:13)

    console.log
      MockSupabase: _execute on table article_versions, initial count: 0

      at SupabaseQueryBuilder.log [as _execute] 
(__mocks__/@supabase/supabase-js.js:98:13)

    console.log
      MockSupabase: after filters, count: 0

      at SupabaseQueryBuilder.log [as _execute] 
(__mocks__/@supabase/supabase-js.js:104:13)

    console.log
      MockSupabase: _execute on table article_versions, initial count: 0

      at SupabaseQueryBuilder.log [as _execute] 
(__mocks__/@supabase/supabase-js.js:98:13)

    console.log
      MockSupabase: after filters, count: 0

      at SupabaseQueryBuilder.log [as _execute] 
(__mocks__/@supabase/supabase-js.js:104:13)

    console.log
      MockSupabase: _execute on table article_versions, initial count: 0

      at SupabaseQueryBuilder.log [as _execute] 
(__mocks__/@supabase/supabase-js.js:98:13)

    console.log
      MockSupabase: after filters, count: 0

      at SupabaseQueryBuilder.log [as _execute] 
(__mocks__/@supabase/supabase-js.js:104:13)

    console.log
      MockSupabase: _execute on table article_versions, initial count: 0

      at SupabaseQueryBuilder.log [as _execute] 
(__mocks__/@supabase/supabase-js.js:98:13)

    console.log
      MockSupabase: after filters, count: 0

      at SupabaseQueryBuilder.log [as _execute] 
(__mocks__/@supabase/supabase-js.js:104:13)

    console.log
      MockSupabase: _execute on table article_versions, initial count: 0

      at SupabaseQueryBuilder.log [as _execute] 
(__mocks__/@supabase/supabase-js.js:98:13)

    console.log
      MockSupabase: after filters, count: 0

      at SupabaseQueryBuilder.log [as _execute] 
(__mocks__/@supabase/supabase-js.js:104:13)

    console.log
      MockSupabase: _execute on table article_versions, initial count: 0

      at SupabaseQueryBuilder.log [as _execute] 
(__mocks__/@supabase/supabase-js.js:98:13)

    console.log
      MockSupabase: after filters, count: 0

      at SupabaseQueryBuilder.log [as _execute] 
(__mocks__/@supabase/supabase-js.js:104:13)

    console.log
      MockSupabase: _execute on table article_versions, initial count: 0

      at SupabaseQueryBuilder.log [as _execute] 
(__mocks__/@supabase/supabase-js.js:98:13)

    console.log
      MockSupabase: after filters, count: 0

      at SupabaseQueryBuilder.log [as _execute] 
(__mocks__/@supabase/supabase-js.js:104:13)

    console.log
      MockSupabase: _execute on table article_versions, initial count: 0

      at SupabaseQueryBuilder.log [as _execute] 
(__mocks__/@supabase/supabase-js.js:98:13)

    console.log
      MockSupabase: after filters, count: 0

      at SupabaseQueryBuilder.log [as _execute] 
(__mocks__/@supabase/supabase-js.js:104:13)

    console.log
      MockSupabase: _execute on table article_versions, initial count: 0

      at SupabaseQueryBuilder.log [as _execute] 
(__mocks__/@supabase/supabase-js.js:98:13)

    console.log
      MockSupabase: after filters, count: 0

      at SupabaseQueryBuilder.log [as _execute] 
(__mocks__/@supabase/supabase-js.js:104:13)

    console.log
      MockSupabase: _execute on table article_versions, initial count: 0

      at SupabaseQueryBuilder.log [as _execute] 
(__mocks__/@supabase/supabase-js.js:98:13)

    console.log
      MockSupabase: after filters, count: 0

      at SupabaseQueryBuilder.log [as _execute] 
(__mocks__/@supabase/supabase-js.js:104:13)

    console.log
      MockSupabase: _execute on table article_versions, initial count: 0

      at SupabaseQueryBuilder.log [as _execute] 
(__mocks__/@supabase/supabase-js.js:98:13)

    console.log
      MockSupabase: after filters, count: 0

      at SupabaseQueryBuilder.log [as _execute] 
(__mocks__/@supabase/supabase-js.js:104:13)

    console.log
      MockSupabase: _execute on table article_versions, initial count: 0

      at SupabaseQueryBuilder.log [as _execute] 
(__mocks__/@supabase/supabase-js.js:98:13)

    console.log
      MockSupabase: after filters, count: 0

      at SupabaseQueryBuilder.log [as _execute] 
(__mocks__/@supabase/supabase-js.js:104:13)

    console.log
      MockSupabase: _execute on table article_versions, initial count: 0

      at SupabaseQueryBuilder.log [as _execute] 
(__mocks__/@supabase/supabase-js.js:98:13)

    console.log
      MockSupabase: after filters, count: 0

      at SupabaseQueryBuilder.log [as _execute] 
(__mocks__/@supabase/supabase-js.js:104:13)

    console.log
      MockSupabase: _execute on table article_versions, initial count: 0

      at SupabaseQueryBuilder.log [as _execute] 
(__mocks__/@supabase/supabase-js.js:98:13)

    console.log
      MockSupabase: after filters, count: 0

      at SupabaseQueryBuilder.log [as _execute] 
(__mocks__/@supabase/supabase-js.js:104:13)

    console.log
      MockSupabase: _execute on table article_versions, initial count: 0

      at SupabaseQueryBuilder.log [as _execute] 
(__mocks__/@supabase/supabase-js.js:98:13)

    console.log
      MockSupabase: after filters, count: 0

      at SupabaseQueryBuilder.log [as _execute] 
(__mocks__/@supabase/supabase-js.js:104:13)

    console.log
      MockSupabase: _execute on table article_versions, initial count: 0

      at SupabaseQueryBuilder.log [as _execute] 
(__mocks__/@supabase/supabase-js.js:98:13)

    console.log
      MockSupabase: after filters, count: 0

      at SupabaseQueryBuilder.log [as _execute] 
(__mocks__/@supabase/supabase-js.js:104:13)

    console.log
      MockSupabase: _execute on table article_versions, initial count: 0

      at SupabaseQueryBuilder.log [as _execute] 
(__mocks__/@supabase/supabase-js.js:98:13)

    console.log
      MockSupabase: after filters, count: 0

      at SupabaseQueryBuilder.log [as _execute] 
(__mocks__/@supabase/supabase-js.js:104:13)

    console.log
      MockSupabase: insert called with Array

      at SupabaseQueryBuilder.log [as insert] 
(__mocks__/@supabase/supabase-js.js:20:13)

    console.log
      MockSupabase: select called

      at Object.log [as select] (__mocks__/@supabase/supabase-js.js:32:19)

    console.log
      MockSupabase: single called

      at Object.log [as single] (__mocks__/@supabase/supabase-js.js:35:25)

    console.log
      MockSupabase: _execute on table articles, initial count: 3

      at SupabaseQueryBuilder.log [as _execute] 
(__mocks__/@supabase/supabase-js.js:98:13)

    console.log
      MockSupabase: after filters, count: 1

      at SupabaseQueryBuilder.log [as _execute] 
(__mocks__/@supabase/supabase-js.js:104:13)

    console.log
      MockSupabase: _execute on table articles, initial count: 3

      at SupabaseQueryBuilder.log [as _execute] 
(__mocks__/@supabase/supabase-js.js:98:13)

    console.log
      MockSupabase: after filters, count: 1

      at SupabaseQueryBuilder.log [as _execute] 
(__mocks__/@supabase/supabase-js.js:104:13)

    console.log
      MockSupabase: applying updates {
        title: 'Updated Title',
        body_markdown: '# Updated',
        updated_at: '2026-01-23T15:28:27.305Z'
      }

      at SupabaseQueryBuilder.log [as _execute] 
(__mocks__/@supabase/supabase-js.js:108:17)

    console.log
      MockSupabase: updated row id-1769182107304-0.9760147401124208 draft

      at log (__mocks__/@supabase/supabase-js.js:111:21)
          at Array.forEach (<anonymous>)

    console.log
      MockSupabase: _execute on table article_versions, initial count: 0

      at SupabaseQueryBuilder.log [as _execute] 
(__mocks__/@supabase/supabase-js.js:98:13)

    console.log
      MockSupabase: after filters, count: 0

      at SupabaseQueryBuilder.log [as _execute] 
(__mocks__/@supabase/supabase-js.js:104:13)

    console.log
      MockSupabase: _execute on table article_versions, initial count: 0

      at SupabaseQueryBuilder.log [as _execute] 
(__mocks__/@supabase/supabase-js.js:98:13)

    console.log
      MockSupabase: after filters, count: 0

      at SupabaseQueryBuilder.log [as _execute] 
(__mocks__/@supabase/supabase-js.js:104:13)

    console.log
      MockSupabase: _execute on table article_versions, initial count: 0

      at SupabaseQueryBuilder.log [as _execute] 
(__mocks__/@supabase/supabase-js.js:98:13)

    console.log
      MockSupabase: after filters, count: 0

      at SupabaseQueryBuilder.log [as _execute] 
(__mocks__/@supabase/supabase-js.js:104:13)

    console.log
      MockSupabase: _execute on table article_versions, initial count: 0

      at SupabaseQueryBuilder.log [as _execute] 
(__mocks__/@supabase/supabase-js.js:98:13)

    console.log
      MockSupabase: after filters, count: 0

      at SupabaseQueryBuilder.log [as _execute] 
(__mocks__/@supabase/supabase-js.js:104:13)

    console.log
      MockSupabase: _execute on table article_versions, initial count: 0

      at SupabaseQueryBuilder.log [as _execute] 
(__mocks__/@supabase/supabase-js.js:98:13)

    console.log
      MockSupabase: after filters, count: 0

      at SupabaseQueryBuilder.log [as _execute] 
(__mocks__/@supabase/supabase-js.js:104:13)

    console.log
      MockSupabase: _execute on table article_versions, initial count: 0

      at SupabaseQueryBuilder.log [as _execute] 
(__mocks__/@supabase/supabase-js.js:98:13)

    console.log
      MockSupabase: after filters, count: 0

      at SupabaseQueryBuilder.log [as _execute] 
(__mocks__/@supabase/supabase-js.js:104:13)

    console.log
      MockSupabase: _execute on table article_versions, initial count: 0

      at SupabaseQueryBuilder.log [as _execute] 
(__mocks__/@supabase/supabase-js.js:98:13)

    console.log
      MockSupabase: after filters, count: 0

      at SupabaseQueryBuilder.log [as _execute] 
(__mocks__/@supabase/supabase-js.js:104:13)

    console.log
      MockSupabase: _execute on table article_versions, initial count: 0

      at SupabaseQueryBuilder.log [as _execute] 
(__mocks__/@supabase/supabase-js.js:98:13)

    console.log
      MockSupabase: after filters, count: 0

      at SupabaseQueryBuilder.log [as _execute] 
(__mocks__/@supabase/supabase-js.js:104:13)

    console.log
      MockSupabase: _execute on table article_versions, initial count: 0

      at SupabaseQueryBuilder.log [as _execute] 
(__mocks__/@supabase/supabase-js.js:98:13)

    console.log
      MockSupabase: after filters, count: 0

      at SupabaseQueryBuilder.log [as _execute] 
(__mocks__/@supabase/supabase-js.js:104:13)

    console.log
      MockSupabase: _execute on table article_versions, initial count: 0

      at SupabaseQueryBuilder.log [as _execute] 
(__mocks__/@supabase/supabase-js.js:98:13)

    console.log
      MockSupabase: after filters, count: 0

      at SupabaseQueryBuilder.log [as _execute] 
(__mocks__/@supabase/supabase-js.js:104:13)

    console.log
      MockSupabase: _execute on table article_versions, initial count: 0

      at SupabaseQueryBuilder.log [as _execute] 
(__mocks__/@supabase/supabase-js.js:98:13)

    console.log
      MockSupabase: after filters, count: 0

      at SupabaseQueryBuilder.log [as _execute] 
(__mocks__/@supabase/supabase-js.js:104:13)

    console.log
      MockSupabase: _execute on table article_versions, initial count: 0

      at SupabaseQueryBuilder.log [as _execute] 
(__mocks__/@supabase/supabase-js.js:98:13)

    console.log
      MockSupabase: after filters, count: 0

      at SupabaseQueryBuilder.log [as _execute] 
(__mocks__/@supabase/supabase-js.js:104:13)

    console.log
      MockSupabase: _execute on table article_versions, initial count: 0

      at SupabaseQueryBuilder.log [as _execute] 
(__mocks__/@supabase/supabase-js.js:98:13)

    console.log
      MockSupabase: after filters, count: 0

      at SupabaseQueryBuilder.log [as _execute] 
(__mocks__/@supabase/supabase-js.js:104:13)

    console.log
      MockSupabase: _execute on table article_versions, initial count: 0

      at SupabaseQueryBuilder.log [as _execute] 
(__mocks__/@supabase/supabase-js.js:98:13)

    console.log
      MockSupabase: after filters, count: 0

      at SupabaseQueryBuilder.log [as _execute] 
(__mocks__/@supabase/supabase-js.js:104:13)

    console.log
      MockSupabase: _execute on table article_versions, initial count: 0

      at SupabaseQueryBuilder.log [as _execute] 
(__mocks__/@supabase/supabase-js.js:98:13)

    console.log
      MockSupabase: after filters, count: 0

      at SupabaseQueryBuilder.log [as _execute] 
(__mocks__/@supabase/supabase-js.js:104:13)

    console.log
      MockSupabase: _execute on table article_versions, initial count: 0

      at SupabaseQueryBuilder.log [as _execute] 
(__mocks__/@supabase/supabase-js.js:98:13)

    console.log
      MockSupabase: after filters, count: 0

      at SupabaseQueryBuilder.log [as _execute] 
(__mocks__/@supabase/supabase-js.js:104:13)

    console.log
      MockSupabase: _execute on table article_versions, initial count: 0

      at SupabaseQueryBuilder.log [as _execute] 
(__mocks__/@supabase/supabase-js.js:98:13)

    console.log
      MockSupabase: after filters, count: 0

      at SupabaseQueryBuilder.log [as _execute] 
(__mocks__/@supabase/supabase-js.js:104:13)

    console.log
      MockSupabase: _execute on table article_versions, initial count: 0

      at SupabaseQueryBuilder.log [as _execute] 
(__mocks__/@supabase/supabase-js.js:98:13)

    console.log
      MockSupabase: after filters, count: 0

      at SupabaseQueryBuilder.log [as _execute] 
(__mocks__/@supabase/supabase-js.js:104:13)

    console.log
      MockSupabase: _execute on table article_versions, initial count: 0

      at SupabaseQueryBuilder.log [as _execute] 
(__mocks__/@supabase/supabase-js.js:98:13)

    console.log
      MockSupabase: after filters, count: 0

      at SupabaseQueryBuilder.log [as _execute] 
(__mocks__/@supabase/supabase-js.js:104:13)

    console.log
      MockSupabase: _execute on table article_versions, initial count: 0

      at SupabaseQueryBuilder.log [as _execute] 
(__mocks__/@supabase/supabase-js.js:98:13)

    console.log
      MockSupabase: after filters, count: 0

      at SupabaseQueryBuilder.log [as _execute] 
(__mocks__/@supabase/supabase-js.js:104:13)

    console.log
      MockSupabase: _execute on table article_versions, initial count: 0

      at SupabaseQueryBuilder.log [as _execute] 
(__mocks__/@supabase/supabase-js.js:98:13)

    console.log
      MockSupabase: after filters, count: 0

      at SupabaseQueryBuilder.log [as _execute] 
(__mocks__/@supabase/supabase-js.js:104:13)

    console.log
      MockSupabase: _execute on table article_versions, initial count: 0

      at SupabaseQueryBuilder.log [as _execute] 
(__mocks__/@supabase/supabase-js.js:98:13)

    console.log
      MockSupabase: after filters, count: 0

      at SupabaseQueryBuilder.log [as _execute] 
(__mocks__/@supabase/supabase-js.js:104:13)

    console.log
      MockSupabase: _execute on table article_versions, initial count: 0

      at SupabaseQueryBuilder.log [as _execute] 
(__mocks__/@supabase/supabase-js.js:98:13)

    console.log
      MockSupabase: after filters, count: 0

      at SupabaseQueryBuilder.log [as _execute] 
(__mocks__/@supabase/supabase-js.js:104:13)

    console.log
      MockSupabase: _execute on table article_versions, initial count: 0

      at SupabaseQueryBuilder.log [as _execute] 
(__mocks__/@supabase/supabase-js.js:98:13)

    console.log
      MockSupabase: after filters, count: 0

      at SupabaseQueryBuilder.log [as _execute] 
(__mocks__/@supabase/supabase-js.js:104:13)

    console.log
      MockSupabase: _execute on table article_versions, initial count: 0

      at SupabaseQueryBuilder.log [as _execute] 
(__mocks__/@supabase/supabase-js.js:98:13)

    console.log
      MockSupabase: after filters, count: 0

      at SupabaseQueryBuilder.log [as _execute] 
(__mocks__/@supabase/supabase-js.js:104:13)

    console.log
      MockSupabase: _execute on table article_versions, initial count: 0

      at SupabaseQueryBuilder.log [as _execute] 
(__mocks__/@supabase/supabase-js.js:98:13)

    console.log
      MockSupabase: after filters, count: 0

      at SupabaseQueryBuilder.log [as _execute] 
(__mocks__/@supabase/supabase-js.js:104:13)

    console.log
      MockSupabase: _execute on table article_versions, initial count: 0

      at SupabaseQueryBuilder.log [as _execute] 
(__mocks__/@supabase/supabase-js.js:98:13)

    console.log
      MockSupabase: after filters, count: 0

      at SupabaseQueryBuilder.log [as _execute] 
(__mocks__/@supabase/supabase-js.js:104:13)

    console.log
      MockSupabase: _execute on table article_versions, initial count: 0

      at SupabaseQueryBuilder.log [as _execute] 
(__mocks__/@supabase/supabase-js.js:98:13)

    console.log
      MockSupabase: after filters, count: 0

      at SupabaseQueryBuilder.log [as _execute] 
(__mocks__/@supabase/supabase-js.js:104:13)

    console.log
      MockSupabase: _execute on table article_versions, initial count: 0

      at SupabaseQueryBuilder.log [as _execute] 
(__mocks__/@supabase/supabase-js.js:98:13)

    console.log
      MockSupabase: after filters, count: 0

      at SupabaseQueryBuilder.log [as _execute] 
(__mocks__/@supabase/supabase-js.js:104:13)

    console.log
      MockSupabase: _execute on table article_versions, initial count: 0

      at SupabaseQueryBuilder.log [as _execute] 
(__mocks__/@supabase/supabase-js.js:98:13)

    console.log
      MockSupabase: after filters, count: 0

      at SupabaseQueryBuilder.log [as _execute] 
(__mocks__/@supabase/supabase-js.js:104:13)

    console.log
      MockSupabase: _execute on table article_versions, initial count: 0

      at SupabaseQueryBuilder.log [as _execute] 
(__mocks__/@supabase/supabase-js.js:98:13)

    console.log
      MockSupabase: after filters, count: 0

      at SupabaseQueryBuilder.log [as _execute] 
(__mocks__/@supabase/supabase-js.js:104:13)

    console.log
      MockSupabase: _execute on table article_versions, initial count: 0

      at SupabaseQueryBuilder.log [as _execute] 
(__mocks__/@supabase/supabase-js.js:98:13)

    console.log
      MockSupabase: after filters, count: 0

      at SupabaseQueryBuilder.log [as _execute] 
(__mocks__/@supabase/supabase-js.js:104:13)

    console.log
      MockSupabase: _execute on table article_versions, initial count: 0

      at SupabaseQueryBuilder.log [as _execute] 
(__mocks__/@supabase/supabase-js.js:98:13)

    console.log
      MockSupabase: after filters, count: 0

      at SupabaseQueryBuilder.log [as _execute] 
(__mocks__/@supabase/supabase-js.js:104:13)

    console.log
      MockSupabase: _execute on table article_versions, initial count: 0

      at SupabaseQueryBuilder.log [as _execute] 
(__mocks__/@supabase/supabase-js.js:98:13)

    console.log
      MockSupabase: after filters, count: 0

      at SupabaseQueryBuilder.log [as _execute] 
(__mocks__/@supabase/supabase-js.js:104:13)

    console.log
      MockSupabase: _execute on table article_versions, initial count: 0

      at SupabaseQueryBuilder.log [as _execute] 
(__mocks__/@supabase/supabase-js.js:98:13)

    console.log
      MockSupabase: after filters, count: 0

      at SupabaseQueryBuilder.log [as _execute] 
(__mocks__/@supabase/supabase-js.js:104:13)

    console.log
      MockSupabase: _execute on table article_versions, initial count: 0

      at SupabaseQueryBuilder.log [as _execute] 
(__mocks__/@supabase/supabase-js.js:98:13)

    console.log
      MockSupabase: after filters, count: 0

      at SupabaseQueryBuilder.log [as _execute] 
(__mocks__/@supabase/supabase-js.js:104:13)

    console.log
      MockSupabase: _execute on table article_versions, initial count: 0

      at SupabaseQueryBuilder.log [as _execute] 
(__mocks__/@supabase/supabase-js.js:98:13)

    console.log
      MockSupabase: after filters, count: 0

      at SupabaseQueryBuilder.log [as _execute] 
(__mocks__/@supabase/supabase-js.js:104:13)

    console.log
      MockSupabase: _execute on table article_versions, initial count: 0

      at SupabaseQueryBuilder.log [as _execute] 
(__mocks__/@supabase/supabase-js.js:98:13)

    console.log
      MockSupabase: after filters, count: 0

      at SupabaseQueryBuilder.log [as _execute] 
(__mocks__/@supabase/supabase-js.js:104:13)

    console.log
      MockSupabase: _execute on table article_versions, initial count: 0

      at SupabaseQueryBuilder.log [as _execute] 
(__mocks__/@supabase/supabase-js.js:98:13)

    console.log
      MockSupabase: after filters, count: 0

      at SupabaseQueryBuilder.log [as _execute] 
(__mocks__/@supabase/supabase-js.js:104:13)

    console.log
      MockSupabase: _execute on table article_versions, initial count: 0

      at SupabaseQueryBuilder.log [as _execute] 
(__mocks__/@supabase/supabase-js.js:98:13)

    console.log
      MockSupabase: after filters, count: 0

      at SupabaseQueryBuilder.log [as _execute] 
(__mocks__/@supabase/supabase-js.js:104:13)

    console.log
      MockSupabase: _execute on table article_versions, initial count: 0

      at SupabaseQueryBuilder.log [as _execute] 
(__mocks__/@supabase/supabase-js.js:98:13)

    console.log
      MockSupabase: after filters, count: 0

      at SupabaseQueryBuilder.log [as _execute] 
(__mocks__/@supabase/supabase-js.js:104:13)

    console.log
      MockSupabase: _execute on table article_versions, initial count: 0

      at SupabaseQueryBuilder.log [as _execute] 
(__mocks__/@supabase/supabase-js.js:98:13)

    console.log
      MockSupabase: after filters, count: 0

      at SupabaseQueryBuilder.log [as _execute] 
(__mocks__/@supabase/supabase-js.js:104:13)

    console.log
      MockSupabase: _execute on table article_versions, initial count: 0

      at SupabaseQueryBuilder.log [as _execute] 
(__mocks__/@supabase/supabase-js.js:98:13)

    console.log
      MockSupabase: after filters, count: 0

      at SupabaseQueryBuilder.log [as _execute] 
(__mocks__/@supabase/supabase-js.js:104:13)

    console.log
      MockSupabase: _execute on table article_versions, initial count: 0

      at SupabaseQueryBuilder.log [as _execute] 
(__mocks__/@supabase/supabase-js.js:98:13)

    console.log
      MockSupabase: after filters, count: 0

      at SupabaseQueryBuilder.log [as _execute] 
(__mocks__/@supabase/supabase-js.js:104:13)

    console.log
      MockSupabase: _execute on table article_versions, initial count: 0

      at SupabaseQueryBuilder.log [as _execute] 
(__mocks__/@supabase/supabase-js.js:98:13)

    console.log
      MockSupabase: after filters, count: 0

      at SupabaseQueryBuilder.log [as _execute] 
(__mocks__/@supabase/supabase-js.js:104:13)

    console.log
      MockSupabase: _execute on table article_versions, initial count: 0

      at SupabaseQueryBuilder.log [as _execute] 
(__mocks__/@supabase/supabase-js.js:98:13)

    console.log
      MockSupabase: after filters, count: 0

      at SupabaseQueryBuilder.log [as _execute] 
(__mocks__/@supabase/supabase-js.js:104:13)

    console.log
      MockSupabase: insert called with Array

      at SupabaseQueryBuilder.log [as insert] 
(__mocks__/@supabase/supabase-js.js:20:13)

    console.log
      MockSupabase: select called

      at Object.log [as select] (__mocks__/@supabase/supabase-js.js:32:19)

    console.log
      MockSupabase: single called

      at Object.log [as single] (__mocks__/@supabase/supabase-js.js:35:25)

    console.log
      MockSupabase: _execute on table articles, initial count: 4

      at SupabaseQueryBuilder.log [as _execute] 
(__mocks__/@supabase/supabase-js.js:98:13)

    console.log
      MockSupabase: after filters, count: 1

      at SupabaseQueryBuilder.log [as _execute] 
(__mocks__/@supabase/supabase-js.js:104:13)

    console.log
      MockSupabase: _execute on table articles, initial count: 4

      at SupabaseQueryBuilder.log [as _execute] 
(__mocks__/@supabase/supabase-js.js:98:13)

    console.log
      MockSupabase: after filters, count: 1

      at SupabaseQueryBuilder.log [as _execute] 
(__mocks__/@supabase/supabase-js.js:104:13)

    console.log
      MockSupabase: applying updates { status: 'published', updated_at: 
'2026-01-23T15:28:32.318Z' }

      at SupabaseQueryBuilder.log [as _execute] 
(__mocks__/@supabase/supabase-js.js:108:17)

    console.log
      MockSupabase: updated row id-1769182112316-0.6788420528235293 published

      at log (__mocks__/@supabase/supabase-js.js:111:21)
          at Array.forEach (<anonymous>)

    console.error
      [2026-01-23T15:28:32.319Z] [ERROR] Failed to transition article state {
        articleId: 'id-1769182112316-0.6788420528235293',
        from: 'draft',
        to: 'published',
        action: 'update'
      } {
        name: 'Error',
        message: 'Invalid state transition: Cannot update from draft to 
published',
        stack: undefined,
        code: undefined
      }

    [0m [90m 203 |[39m         [36mswitch[39m (level) {
     [90m 204 |[39m             [36mcase[39m [32m'error'[39m[33m:[39m
    [31m[1m>[22m[39m[90m 205 |[39m                 
console[33m.[39merror(consoleMessage[33m,[39m entry[33m.[39mcontext 
[33m||[39m [32m''[39m[33m,[39m entry[33m.[39merror [33m||[39m 
[32m''[39m)[33m;[39m
     [90m     |[39m                         [31m[1m^[22m[39m
     [90m 206 |[39m                 [36mbreak[39m[33m;[39m
     [90m 207 |[39m             [36mcase[39m [32m'warn'[39m[33m:[39m
     [90m 208 |[39m                 
console[33m.[39mwarn(consoleMessage[33m,[39m entry[33m.[39mcontext 
[33m||[39m [32m''[39m)[33m;[39m[0m

      at Logger.error [as log] (lib/logger.ts:205:25)
      at Logger.log [as error] (lib/logger.ts:244:14)
      at error (lib/workflows/hooks/article-workflow-hooks.ts:67:12)
      at ArticleService.updateArticle (lib/cms/article-service.ts:860:17)
      at Object.<anonymous> (__tests__/e2e/article-flow.test.ts:192:25)

    console.log
      MockSupabase: _execute on table articles, initial count: 4

      at SupabaseQueryBuilder.log [as _execute] 
(__mocks__/@supabase/supabase-js.js:98:13)

    console.log
      MockSupabase: after filters, count: 4

      at SupabaseQueryBuilder.log [as _execute] 
(__mocks__/@supabase/supabase-js.js:104:13)

  ΓùÅ Article Creation and Publishing Flow (E2E) ΓÇ║ Complete Article 
Lifecycle ΓÇ║ should create, review, and publish an article

    TypeError: Cannot read properties of undefined (reading 'status')

    [0m [90m 46 |[39m       }[33m,[39m testUserId)[33m;[39m
     [90m 47 |[39m
    [31m[1m>[22m[39m[90m 48 |[39m       expect(inReview[33m.[39mstatu
s)[33m.[39mtoBe([32m'review'[39m)[33m;[39m
     [90m    |[39m                       [31m[1m^[22m[39m
     [90m 49 |[39m
     [90m 50 |[39m       [90m// Step 3: Publish article[39m
     [90m 51 |[39m       [36mconst[39m published [33m=[39m 
[36mawait[39m 
articleService[33m.[39mupdateArticle(draft[33m.[39mid[33m,[39m {[0m

      at Object.status (__tests__/e2e/article-flow.test.ts:48:23)

  ΓùÅ Article Creation and Publishing Flow (E2E) ΓÇ║ Complete Article 
Lifecycle ΓÇ║ should handle article versioning during edits

    thrown: "Exceeded timeout of 5000 ms for a test.
    Add a timeout value to this test to increase the timeout, if this is a 
long-running test. See https://jestjs.io/docs/api#testname-fn-timeout."

    [0m [90m 63 |[39m     })[33m;[39m
     [90m 64 |[39m
    [31m[1m>[22m[39m[90m 65 |[39m     it([32m'should handle article 
versioning during edits'[39m[33m,[39m [36masync[39m () [33m=>[39m {
     [90m    |[39m     [31m[1m^[22m[39m
     [90m 66 |[39m       [90m// Create article[39m
     [90m 67 |[39m       [36mconst[39m article [33m=[39m 
[36mawait[39m articleService[33m.[39mcreateArticle(
     [90m 68 |[39m         {[0m

      at it (__tests__/e2e/article-flow.test.ts:65:5)
      at describe (__tests__/e2e/article-flow.test.ts:23:3)
      at Object.describe (__tests__/e2e/article-flow.test.ts:8:1)

  ΓùÅ Article Creation and Publishing Flow (E2E) ΓÇ║ Complete Article 
Lifecycle ΓÇ║ should rollback article to previous version

    thrown: "Exceeded timeout of 5000 ms for a test.
    Add a timeout value to this test to increase the timeout, if this is a 
long-running test. See https://jestjs.io/docs/api#testname-fn-timeout."

    [0m [90m 113 |[39m     })[33m;[39m
     [90m 114 |[39m
    [31m[1m>[22m[39m[90m 115 |[39m     it([32m'should rollback 
article to previous version'[39m[33m,[39m [36masync[39m () [33m=>[39m 
{
     [90m     |[39m     [31m[1m^[22m[39m
     [90m 116 |[39m       [90m// Create article[39m
     [90m 117 |[39m       [36mconst[39m article [33m=[39m 
[36mawait[39m articleService[33m.[39mcreateArticle(
     [90m 118 |[39m         {[0m

      at it (__tests__/e2e/article-flow.test.ts:115:5)
      at describe (__tests__/e2e/article-flow.test.ts:23:3)
      at Object.describe (__tests__/e2e/article-flow.test.ts:8:1)

  ΓùÅ Article Creation and Publishing Flow (E2E) ΓÇ║ Article Publishing 
Workflow ΓÇ║ should trigger publishing workflow on publish

    TypeError: Cannot read properties of undefined (reading 'status')

    [0m [90m 194 |[39m       }[33m,[39m testUserId)[33m;[39m
     [90m 195 |[39m
    [31m[1m>[22m[39m[90m 196 |[39m       expect(published[33m.[39msta
tus)[33m.[39mtoBe([32m'published'[39m)[33m;[39m
     [90m     |[39m                        [31m[1m^[22m[39m
     [90m 197 |[39m
     [90m 198 |[39m       [90m// Verify workflow was triggered (check 
workflow_instances)[39m
     [90m 199 |[39m       [36mawait[39m waitFor([36masync[39m () 
[33m=>[39m {[0m

      at Object.status (__tests__/e2e/article-flow.test.ts:196:24)

FAIL __tests__/integration/api.test.ts (16.06 s)
  ΓùÅ Console

    console.error
      Error: Cross origin http://localhost forbidden
          at ignore-listed frames {
        type: 'XMLHttpRequest'
      }

      at VirtualConsole.<anonymous> 
(node_modules/@jest/environment-jsdom-abstract/build/index.js:87:23)

    console.error
      Error: Cross origin http://localhost forbidden
          at ignore-listed frames {
        type: 'XMLHttpRequest'
      }

      at VirtualConsole.<anonymous> 
(node_modules/@jest/environment-jsdom-abstract/build/index.js:87:23)

    console.log
      MockSupabase: insert called with Object

      at SupabaseQueryBuilder.log [as insert] 
(__mocks__/@supabase/supabase-js.js:20:13)

    console.log
      MockSupabase: select called

      at Object.log [as select] (__mocks__/@supabase/supabase-js.js:32:19)

    console.log
      MockSupabase: single called

      at Object.log [as single] (__mocks__/@supabase/supabase-js.js:35:25)

    console.error
      Error: Cross origin http://localhost forbidden
          at ignore-listed frames {
        type: 'XMLHttpRequest'
      }

      at VirtualConsole.<anonymous> 
(node_modules/@jest/environment-jsdom-abstract/build/index.js:87:23)

    console.log
      MockSupabase: insert called with Object

      at SupabaseQueryBuilder.log [as insert] 
(__mocks__/@supabase/supabase-js.js:20:13)

    console.log
      MockSupabase: select called

      at Object.log [as select] (__mocks__/@supabase/supabase-js.js:32:19)

    console.log
      MockSupabase: single called

      at Object.log [as single] (__mocks__/@supabase/supabase-js.js:35:25)

    console.log
      MockSupabase: _execute on table articles, initial count: 2

      at SupabaseQueryBuilder.log [as _execute] 
(__mocks__/@supabase/supabase-js.js:98:13)

    console.log
      MockSupabase: after filters, count: 1

      at SupabaseQueryBuilder.log [as _execute] 
(__mocks__/@supabase/supabase-js.js:104:13)

    console.log
      MockSupabase: applying updates { title: 'Updated Title' }

      at SupabaseQueryBuilder.log [as _execute] 
(__mocks__/@supabase/supabase-js.js:108:17)

    console.log
      MockSupabase: updated row id-1769182110646 draft

      at log (__mocks__/@supabase/supabase-js.js:111:21)
          at Array.forEach (<anonymous>)

    console.error
      Error: Cross origin http://localhost forbidden
          at ignore-listed frames {
        type: 'XMLHttpRequest'
      }

      at VirtualConsole.<anonymous> 
(node_modules/@jest/environment-jsdom-abstract/build/index.js:87:23)

    console.error
      Error: Cross origin http://localhost forbidden
          at ignore-listed frames {
        type: 'XMLHttpRequest'
      }

      at VirtualConsole.<anonymous> 
(node_modules/@jest/environment-jsdom-abstract/build/index.js:87:23)

    console.error
      Error: Cross origin http://localhost forbidden
          at ignore-listed frames {
        type: 'XMLHttpRequest'
      }

      at VirtualConsole.<anonymous> 
(node_modules/@jest/environment-jsdom-abstract/build/index.js:87:23)

    console.error
      Error: Cross origin http://localhost forbidden
          at ignore-listed frames {
        type: 'XMLHttpRequest'
      }

      at VirtualConsole.<anonymous> 
(node_modules/@jest/environment-jsdom-abstract/build/index.js:87:23)

    console.error
      Error: Cross origin http://localhost forbidden
          at ignore-listed frames {
        type: 'XMLHttpRequest'
      }

      at VirtualConsole.<anonymous> 
(node_modules/@jest/environment-jsdom-abstract/build/index.js:87:23)

    console.error
      Error: Cross origin http://localhost forbidden
          at ignore-listed frames {
        type: 'XMLHttpRequest'
      }

      at VirtualConsole.<anonymous> 
(node_modules/@jest/environment-jsdom-abstract/build/index.js:87:23)

    console.error
      Error: Error: Response for preflight has invalid HTTP status code 400
          at ignore-listed frames {
        type: 'XMLHttpRequest'
      }

      at VirtualConsole.<anonymous> 
(node_modules/@jest/environment-jsdom-abstract/build/index.js:87:23)

  ΓùÅ API Endpoints Integration ΓÇ║ Health Endpoints ΓÇ║ GET /api/health 
should return healthy status

    TypeError: Network request failed

      at node_modules/whatwg-fetch/dist/fetch.umd.js:567:18

  ΓùÅ API Endpoints Integration ΓÇ║ Health Endpoints ΓÇ║ GET 
/api/health/liveness should return ok

    TypeError: Network request failed

      at node_modules/whatwg-fetch/dist/fetch.umd.js:567:18

  ΓùÅ API Endpoints Integration ΓÇ║ Health Endpoints ΓÇ║ GET 
/api/health/readiness should return ready

    thrown: "Exceeded timeout of 5000 ms for a test.
    Add a timeout value to this test to increase the timeout, if this is a 
long-running test. See https://jestjs.io/docs/api#testname-fn-timeout."

    [0m [90m 48 |[39m     })[33m;[39m
     [90m 49 |[39m
    [31m[1m>[22m[39m[90m 50 |[39m     it([32m'GET 
/api/health/readiness should return ready'[39m[33m,[39m [36masync[39m 
() [33m=>[39m {
     [90m    |[39m     [31m[1m^[22m[39m
     [90m 51 |[39m       [36mconst[39m response [33m=[39m 
[36mawait[39m 
fetch([32m`${BASE_URL}/api/health/readiness`[39m)[33m;[39m
     [90m 52 |[39m       [36mconst[39m data [33m=[39m [36mawait[39m 
response[33m.[39mjson()[33m;[39m
     [90m 53 |[39m[0m

      at it (__tests__/integration/api.test.ts:50:5)
      at describe (__tests__/integration/api.test.ts:33:3)
      at Object.describe (__tests__/integration/api.test.ts:9:1)

  ΓùÅ API Endpoints Integration ΓÇ║ Article Endpoints ΓÇ║ GET 
/api/v1/articles/[id]/versions should return version history

    thrown: "Exceeded timeout of 5000 ms for a test.
    Add a timeout value to this test to increase the timeout, if this is a 
long-running test. See https://jestjs.io/docs/api#testname-fn-timeout."

    [0m [90m 58 |[39m
     [90m 59 |[39m   describe([32m'Article Endpoints'[39m[33m,[39m () 
[33m=>[39m {
    [31m[1m>[22m[39m[90m 60 |[39m     it([32m'GET 
/api/v1/articles/[id]/versions should return version 
history'[39m[33m,[39m [36masync[39m () [33m=>[39m {
     [90m    |[39m     [31m[1m^[22m[39m
     [90m 61 |[39m       [36mconst[39m article [33m=[39m 
[36mawait[39m createTestArticle(supabase[33m,[39m {
     [90m 62 |[39m         title[33m:[39m [32m'Test 
Article'[39m[33m,[39m
     [90m 63 |[39m         slug[33m:[39m 
[32m`test-api-${Date.now()}`[39m[33m,[39m[0m

      at it (__tests__/integration/api.test.ts:60:5)
      at describe (__tests__/integration/api.test.ts:59:3)
      at Object.describe (__tests__/integration/api.test.ts:9:1)

  ΓùÅ API Endpoints Integration ΓÇ║ Article Endpoints ΓÇ║ POST 
/api/v1/articles/[id]/rollback/[version] should rollback article

    TypeError: Network request failed

      at node_modules/whatwg-fetch/dist/fetch.umd.js:567:18

  ΓùÅ API Endpoints Integration ΓÇ║ Admin Endpoints ΓÇ║ GET 
/api/v1/admin/audit-log should require authentication

    TypeError: Network request failed

      at node_modules/whatwg-fetch/dist/fetch.umd.js:567:18

  ΓùÅ API Endpoints Integration ΓÇ║ Admin Endpoints ΓÇ║ GET 
/api/v1/admin/audit-log should return audit logs with auth

    TypeError: Network request failed

      at node_modules/whatwg-fetch/dist/fetch.umd.js:567:18

  ΓùÅ API Endpoints Integration ΓÇ║ Admin Endpoints ΓÇ║ GET 
/api/v1/admin/cost-dashboard should return cost data

    TypeError: Network request failed

      at node_modules/whatwg-fetch/dist/fetch.umd.js:567:18

  ΓùÅ API Endpoints Integration ΓÇ║ Error Handling ΓÇ║ should return 
standardized error format

    TypeError: Network request failed

      at node_modules/whatwg-fetch/dist/fetch.umd.js:567:18

  ΓùÅ API Endpoints Integration ΓÇ║ Error Handling ΓÇ║ should return 
validation errors for invalid input

    TypeError: Network request failed

      at node_modules/whatwg-fetch/dist/fetch.umd.js:567:18

--------------------------------------------------------|---------|----------|---------|---------|-------------------------------------------------------------------------------------------------------------
File                                                    | % Stmts | % Branch | % Funcs | % Lines | Uncovered Line #s                                                                                           
--------------------------------------------------------|---------|----------|---------|---------|-------------------------------------------------------------------------------------------------------------
All files                                               |    1.25 |      0.9 |    1.21 |    1.28 |                                                                                                             
 app                                                    |       0 |        0 |       0 |       0 |                                                                                                             
  error.tsx                                             |       0 |        0 |       0 |       0 | 3-49                                                                                                        
  icon.tsx                                              |       0 |      100 |       0 |       0 | 1-15                                                                                                        
  layout.tsx                                            |       0 |      100 |       0 |       0 | 1-103                                                                                                       
  not-found.tsx                                         |       0 |      100 |       0 |       0 | 1-30                                                                                                        
  page.tsx                                              |       0 |      100 |       0 |       0 | 4-31                                                                                                        
  robots.ts                                             |       0 |        0 |       0 |       0 | 7-10                                                                                                        
  sitemap.ts                                            |       0 |        0 |       0 |       0 | 2-196                                                                                                       
 app/[category]                                         |       0 |        0 |       0 |       0 |                                                                                                             
  page.tsx                                              |       0 |        0 |       0 |       0 | 1-60                                                                                                        
 app/[category]/[intent]                                |       0 |        0 |       0 |       0 |                                                                                                             
  page.tsx                                              |       0 |        0 |       0 |       0 | 1-122                                                                                                       
 app/[category]/[intent]/[collection]                   |       0 |        0 |       0 |       0 |                                                                                                             
  page.tsx                                              |       0 |        0 |       0 |       0 | 1-187                                                                                                       
 app/about                                              |       0 |      100 |       0 |       0 |                                                                                                             
  page.tsx                                              |       0 |      100 |       0 |       0 | 2-14                                                                                                        
 app/accessibility                                      |       0 |      100 |       0 |       0 |                                                                                                             
  page.tsx                                              |       0 |      100 |       0 |       0 | 1                                                                                                           
 app/admin                                              |       0 |        0 |       0 |       0 |                                                                                                             
  page.tsx                                              |       0 |        0 |       0 |       0 | 3-1044                                                                                                      
 app/admin/ads                                          |       0 |        0 |       0 |       0 |                                                                                                             
  page.tsx                                              |       0 |        0 |       0 |       0 | 3-84                                                                                                        
 app/admin/affiliates                                   |       0 |        0 |       0 |       0 |                                                                                                             
  page.tsx                                              |       0 |        0 |       0 |       0 | 3-210                                                                                                       
 app/admin/ai-personas                                  |       0 |        0 |       0 |       0 |                                                                                                             
  page.tsx                                              |       0 |        0 |       0 |       0 | 3-225                                                                                                       
 app/admin/analytics                                    |       0 |      100 |       0 |       0 |                                                                                                             
  page.tsx                                              |       0 |      100 |       0 |       0 | 3-10                                                                                                        
 app/admin/articles                                     |       0 |        0 |       0 |       0 |                                                                                                             
  page.tsx                                              |       0 |        0 |       0 |       0 | 3-109                                                                                                       
 app/admin/articles/[id]/edit                           |       0 |        0 |       0 |       0 |                                                                                                             
  page.tsx                                              |       0 |        0 |       0 |       0 | 3-630                                                                                                       
 app/admin/articles/[id]/edit-refactored                |       0 |        0 |       0 |       0 |                                                                                                             
  page.tsx                                              |       0 |        0 |       0 |       0 | 13-357                                                                                                      
 app/admin/articles/new                                 |       0 |        0 |       0 |       0 |                                                                                                             
  page.tsx                                              |       0 |        0 |       0 |       0 | 3-308                                                                                                       
 app/admin/authors                                      |       0 |        0 |       0 |       0 |                                                                                                             
  page.tsx                                              |       0 |        0 |       0 |       0 | 4-304                                                                                                       
 app/admin/automation                                   |       0 |        0 |       0 |       0 |                                                                                                             
  page.tsx                                              |       0 |        0 |       0 |       0 | 3-21                                                                                                        
 app/admin/automation/batch                             |       0 |        0 |       0 |       0 |                                                                                                             
  page.tsx                                              |       0 |        0 |       0 |       0 | 3-325                                                                                                       
 app/admin/categories                                   |       0 |        0 |       0 |       0 |                                                                                                             
  page.tsx                                              |       0 |        0 |       0 |       0 | 3-310                                                                                                       
 app/admin/cms                                          |       0 |        0 |       0 |       0 |                                                                                                             
  page.tsx                                              |       0 |        0 |       0 |       0 | 3-47                                                                                                        
 app/admin/cms/budget                                   |       0 |      100 |       0 |       0 |                                                                                                             
  page.tsx                                              |       0 |      100 |       0 |       0 | 3-10                                                                                                        
 app/admin/cms/generation                               |       0 |        0 |       0 |       0 |                                                                                                             
  page.tsx                                              |       0 |        0 |       0 |       0 | 3-86                                                                                                        
 app/admin/cms/health                                   |       0 |        0 |       0 |       0 |                                                                                                             
  page.tsx                                              |       0 |        0 |       0 |       0 | 3-139                                                                                                       
 app/admin/cms/scrapers                                 |       0 |      100 |       0 |       0 |                                                                                                             
  page.tsx                                              |       0 |      100 |       0 |       0 | 3-9                                                                                                         
 app/admin/content-calendar                             |       0 |        0 |       0 |       0 |                                                                                                             
  page.tsx                                              |       0 |        0 |       0 |       0 | 3-323                                                                                                       
 app/admin/content-factory                              |       0 |        0 |       0 |       0 |                                                                                                             
  page.tsx                                              |       0 |        0 |       0 |       0 | 3-211                                                                                                       
 app/admin/design-system                                |       0 |      100 |       0 |       0 |                                                                                                             
  page.tsx                                              |       0 |      100 |       0 |       0 | 3-96                                                                                                        
 app/admin/editorial-qa                                 |       0 |      100 |       0 |       0 |                                                                                                             
  page.tsx                                              |       0 |      100 |       0 |       0 | 1-9                                                                                                         
 app/admin/email-dashboard                              |       0 |        0 |       0 |       0 |                                                                                                             
  page.tsx                                              |       0 |        0 |       0 |       0 | 3-193                                                                                                       
 app/admin/growth-dashboard                             |       0 |        0 |       0 |       0 |                                                                                                             
  page.tsx                                              |       0 |        0 |       0 |       0 | 3-268                                                                                                       
 app/admin/guide                                        |       0 |        0 |       0 |       0 |                                                                                                             
  page.tsx                                              |       0 |        0 |       0 |       0 | 3-509                                                                                                       
 app/admin/login                                        |       0 |        0 |       0 |       0 |                                                                                                             
  layout.tsx                                            |       0 |      100 |       0 |       0 | 1-4                                                                                                         
  page.tsx                                              |       0 |        0 |       0 |       0 | 13-242                                                                                                      
 app/admin/media                                        |       0 |      100 |       0 |       0 |                                                                                                             
  page.tsx                                              |       0 |      100 |       0 |       0 | 3-15                                                                                                        
 app/admin/metrics                                      |       0 |        0 |       0 |       0 |                                                                                                             
  page.tsx                                              |       0 |        0 |       0 |       0 | 3-246                                                                                                       
 app/admin/performance-dashboard                        |       0 |        0 |       0 |       0 |                                                                                                             
  page.tsx                                              |       0 |        0 |       0 |       0 | 3-105                                                                                                       
 app/admin/pillar-pages                                 |       0 |        0 |       0 |       0 |                                                                                                             
  page.tsx                                              |       0 |        0 |       0 |       0 | 3-76                                                                                                        
 app/admin/pillar-pages/[id]/edit                       |       0 |        0 |       0 |       0 |                                                                                                             
  page.tsx                                              |       0 |        0 |       0 |       0 | 3-207                                                                                                       
 app/admin/pillar-pages/new                             |       0 |        0 |       0 |       0 |                                                                                                             
  page.tsx                                              |       0 |        0 |       0 |       0 | 3-144                                                                                                       
 app/admin/pipeline-monitor                             |       0 |        0 |       0 |       0 |                                                                                                             
  page.tsx                                              |       0 |        0 |       0 |       0 | 3-427                                                                                                       
 app/admin/product-analytics                            |       0 |        0 |       0 |       0 |                                                                                                             
  page.tsx                                              |       0 |        0 |       0 |       0 | 3-323                                                                                                       
 app/admin/products                                     |       0 |        0 |       0 |       0 |                                                                                                             
  page.tsx                                              |       0 |        0 |       0 |       0 | 3-218                                                                                                       
 app/admin/products/[id]                                |       0 |        0 |       0 |       0 |                                                                                                             
  page.tsx                                              |       0 |        0 |       0 |       0 | 3-32                                                                                                        
 app/admin/products/analytics                           |       0 |        0 |       0 |       0 |                                                                                                             
  page.tsx                                              |       0 |        0 |       0 |       0 | 3-199                                                                                                       
 app/admin/products/new                                 |       0 |      100 |       0 |       0 |                                                                                                             
  page.tsx                                              |       0 |      100 |       0 |       0 | 3-9                                                                                                         
 app/admin/revenue                                      |       0 |        0 |       0 |       0 |                                                                                                             
  page.tsx                                              |       0 |        0 |       0 |       0 | 3-491                                                                                                       
 app/admin/review-queue                                 |       0 |        0 |       0 |       0 |                                                                                                             
  page.tsx                                              |       0 |        0 |       0 |       0 | 3-236                                                                                                       
 app/admin/scrapers                                     |       0 |      100 |       0 |       0 |                                                                                                             
  page.tsx                                              |       0 |      100 |       0 |       0 | 1-8                                                                                                         
 app/admin/seo                                          |       0 |        0 |       0 |       0 |                                                                                                             
  page.tsx                                              |       0 |        0 |       0 |       0 | 3-147                                                                                                       
 app/admin/seo/experiments                              |       0 |        0 |       0 |       0 |                                                                                                             
  page.tsx                                              |       0 |        0 |       0 |       0 | 3-95                                                                                                        
 app/admin/seo/rankings                                 |       0 |        0 |       0 |       0 |                                                                                                             
  page.tsx                                              |       0 |        0 |       0 |       0 | 3-246                                                                                                       
 app/admin/settings                                     |       0 |        0 |       0 |       0 |                                                                                                             
  page.tsx                                              |       0 |        0 |       0 |       0 | 3-58                                                                                                        
 app/admin/settings/vault                               |       0 |        0 |       0 |       0 |                                                                                                             
  page.tsx                                              |       0 |        0 |       0 |       0 | 3-74                                                                                                        
 app/admin/signup                                       |       0 |        0 |       0 |       0 |                                                                                                             
  page.tsx                                              |       0 |        0 |       0 |       0 | 12-286                                                                                                      
 app/admin/social-dashboard                             |       0 |        0 |       0 |       0 |                                                                                                             
  page.tsx                                              |       0 |        0 |       0 |       0 | 3-175                                                                                                       
 app/admin/tags                                         |       0 |        0 |       0 |       0 |                                                                                                             
  page.tsx                                              |       0 |        0 |       0 |       0 | 3-315                                                                                                       
 app/admin/users                                        |       0 |        0 |       0 |       0 |                                                                                                             
  page.tsx                                              |       0 |        0 |       0 |       0 | 3-79                                                                                                        
 app/advanced-tools/active-trading                      |       0 |      100 |       0 |       0 |                                                                                                             
  page.tsx                                              |       0 |      100 |       0 |       0 | 3-19                                                                                                        
 app/advanced-tools/broker-comparison                   |       0 |      100 |       0 |       0 |                                                                                                             
  page.tsx                                              |       0 |      100 |       0 |       0 | 3-16                                                                                                        
 app/affiliate-disclosure                               |       0 |      100 |       0 |       0 |                                                                                                             
  page.tsx                                              |       0 |      100 |       0 |       0 | 2-11                                                                                                        
 app/ai-content-writer                                  |       0 |        0 |       0 |       0 |                                                                                                             
  page.tsx                                              |       0 |        0 |       0 |       0 | 3-714                                                                                                       
 app/api/admin/affiliates                               |       0 |        0 |       0 |       0 |                                                                                                             
  route.ts                                              |       0 |        0 |       0 |       0 | 1-96                                                                                                        
 app/api/admin/analytics                                |       0 |        0 |       0 |       0 |                                                                                                             
  route.ts                                              |       0 |        0 |       0 |       0 | 1-86                                                                                                        
 app/api/admin/articles                                 |       0 |        0 |       0 |       0 |                                                                                                             
  route.ts                                              |       0 |        0 |       0 |       0 | 1-56                                                                                                        
 app/api/admin/articles/[id]                            |       0 |        0 |       0 |       0 |                                                                                                             
  route.ts                                              |       0 |        0 |       0 |       0 | 1-125                                                                                                       
 app/api/admin/articles/[id]/links/check                |       0 |        0 |       0 |       0 |                                                                                                             
  route.ts                                              |       0 |        0 |       0 |       0 | 8-78                                                                                                        
 app/api/admin/articles/[id]/publish                    |       0 |        0 |       0 |       0 |                                                                                                             
  route.ts                                              |       0 |        0 |       0 |       0 | 1-139                                                                                                       
 app/api/admin/articles/[id]/schedule                   |       0 |        0 |       0 |       0 |                                                                                                             
  route.ts                                              |       0 |        0 |       0 |       0 | 9-144                                                                                                       
 app/api/admin/articles/[id]/versions                   |       0 |        0 |       0 |       0 |                                                                                                             
  route.ts                                              |       0 |        0 |       0 |       0 | 6-40                                                                                                        
 app/api/admin/articles/[id]/versions/[version]         |       0 |        0 |       0 |       0 |                                                                                                             
  route.ts                                              |       0 |        0 |       0 |       0 | 6-41                                                                                                        
 app/api/admin/articles/[id]/versions/[version]/restore |       0 |        0 |       0 |       0 |                                                                                                             
  route.ts                                              |       0 |        0 |       0 |       0 | 6-48                                                                                                        
 app/api/admin/articles/scheduled                       |       0 |        0 |       0 |       0 |                                                                                                             
  route.ts                                              |       0 |        0 |       0 |       0 | 8-46                                                                                                        
 app/api/admin/articles/validate/compliance             |       0 |        0 |       0 |       0 |                                                                                                             
  route.ts                                              |       0 |        0 |       0 |       0 | 8-38                                                                                                        
 app/api/admin/articles/validate/fact-check             |       0 |        0 |       0 |       0 |                                                                                                             
  route.ts                                              |       0 |        0 |       0 |       0 | 8-39                                                                                                        
 app/api/admin/automation                               |       0 |        0 |       0 |       0 |                                                                                                             
  route.ts                                              |       0 |        0 |       0 |       0 | 7-80                                                                                                        
 app/api/admin/autonomous                               |       0 |        0 |       0 |       0 |                                                                                                             
  route.ts                                              |       0 |        0 |       0 |       0 | 7-78                                                                                                        
 app/api/admin/categories                               |       0 |        0 |       0 |       0 |                                                                                                             
  route.ts                                              |       0 |        0 |       0 |       0 | 7-114                                                                                                       
 app/api/admin/content-assignments                      |       0 |        0 |       0 |       0 |                                                                                                             
  route.ts                                              |       0 |        0 |       0 |       0 | 7-63                                                                                                        
 app/api/admin/content-assignments/[id]/approve         |       0 |        0 |       0 |       0 |                                                                                                             
  route.ts                                              |       0 |        0 |       0 |       0 | 5-43                                                                                                        
 app/api/admin/content-assignments/[id]/reject          |       0 |        0 |       0 |       0 |                                                                                                             
  route.ts                                              |       0 |        0 |       0 |       0 | 5-53                                                                                                        
 app/api/admin/content-assignments/stats                |       0 |        0 |       0 |       0 |                                                                                                             
  route.ts                                              |       0 |        0 |       0 |       0 | 7-51                                                                                                        
 app/api/admin/editor-tools                             |       0 |        0 |       0 |       0 |                                                                                                             
  route.ts                                              |       0 |        0 |       0 |       0 | 1-46                                                                                                        
 app/api/admin/generate                                 |       0 |        0 |       0 |       0 |                                                                                                             
  route.ts                                              |       0 |        0 |       0 |       0 | 1-30                                                                                                        
 app/api/admin/generate-article                         |       0 |        0 |       0 |       0 |                                                                                                             
  route.ts                                              |       0 |        0 |       0 |       0 | 1-40                                                                                                        
 app/api/admin/generate-social                          |       0 |        0 |       0 |       0 |                                                                                                             
  route.ts                                              |       0 |        0 |       0 |       0 | 1-89                                                                                                        
 app/api/admin/glossary/seed                            |       0 |        0 |       0 |       0 |                                                                                                             
  route.ts                                              |       0 |        0 |       0 |       0 | 1-202                                                                                                       
 app/api/admin/health                                   |       0 |        0 |       0 |       0 |                                                                                                             
  route.ts                                              |       0 |        0 |       0 |       0 | 1-18                                                                                                        
 app/api/admin/images/upload                            |       0 |        0 |       0 |       0 |                                                                                                             
  route.ts                                              |       0 |        0 |       0 |       0 | 8-160                                                                                                       
 app/api/admin/links/report                             |       0 |        0 |       0 |       0 |                                                                                                             
  route.ts                                              |       0 |        0 |       0 |       0 | 8-79                                                                                                        
 app/api/admin/plan-content                             |       0 |        0 |       0 |       0 |                                                                                                             
  route.ts                                              |       0 |        0 |       0 |       0 | 1-23                                                                                                        
 app/api/admin/products/analytics                       |       0 |        0 |       0 |       0 |                                                                                                             
  route.ts                                              |       0 |        0 |       0 |       0 | 1-47                                                                                                        
 app/api/admin/sync-categories                          |       0 |        0 |       0 |       0 |                                                                                                             
  route.ts                                              |       0 |        0 |       0 |       0 | 1-37                                                                                                        
 app/api/admin/tags                                     |       0 |        0 |       0 |       0 |                                                                                                             
  route.ts                                              |       0 |        0 |       0 |       0 | 7-112                                                                                                       
 app/api/admin/translate                                |       0 |        0 |       0 |       0 |                                                                                                             
  route.ts                                              |       0 |        0 |       0 |       0 | 1-65                                                                                                        
 app/api/affiliate/postback                             |       0 |        0 |       0 |       0 |                                                                                                             
  route.ts                                              |       0 |        0 |       0 |       0 | 15-173                                                                                                      
 app/api/affiliate/track                                |       0 |        0 |       0 |       0 |                                                                                                             
  route.ts                                              |       0 |        0 |       0 |       0 | 7-102                                                                                                       
 app/api/ai/health                                      |       0 |        0 |       0 |       0 |                                                                                                             
  route.ts                                              |       0 |        0 |       0 |       0 | 1-203                                                                                                       
 app/api/alerts                                         |       0 |        0 |       0 |       0 |                                                                                                             
  route.ts                                              |       0 |        0 |       0 |       0 | 8-39                                                                                                        
 app/api/alerts/[id]/acknowledge                        |       0 |        0 |       0 |       0 |                                                                                                             
  route.ts                                              |       0 |        0 |       0 |       0 | 8-36                                                                                                        
 app/api/analytics/affiliates                           |       0 |        0 |       0 |       0 |                                                                                                             
  route.ts                                              |       0 |        0 |       0 |       0 | 1-137                                                                                                       
 app/api/analytics/api-timing                           |       0 |        0 |       0 |       0 |                                                                                                             
  route.ts                                              |       0 |        0 |       0 |       0 | 7-61                                                                                                        
 app/api/analytics/brands                               |       0 |        0 |       0 |       0 |                                                                                                             
  route.ts                                              |       0 |        0 |       0 |       0 | 1-153                                                                                                       
 app/api/analytics/gsc-trends                           |       0 |        0 |       0 |       0 |                                                                                                             
  route.ts                                              |       0 |        0 |       0 |       0 | 10-67                                                                                                       
 app/api/analytics/product-stats                        |       0 |        0 |       0 |       0 |                                                                                                             
  route.ts                                              |       0 |        0 |       0 |       0 | 1-98                                                                                                        
 app/api/analytics/product-view                         |       0 |        0 |       0 |       0 |                                                                                                             
  route.ts                                              |       0 |        0 |       0 |       0 | 1-65                                                                                                        
 app/api/analytics/products                             |       0 |        0 |       0 |       0 |                                                                                                             
  route.ts                                              |       0 |        0 |       0 |       0 | 1-169                                                                                                       
 app/api/analytics/rankings/sync                        |       0 |        0 |       0 |       0 |                                                                                                             
  route.ts                                              |       0 |        0 |       0 |       0 | 1-99                                                                                                        
 app/api/analytics/track                                |       0 |        0 |       0 |       0 |                                                                                                             
  route.ts                                              |       0 |        0 |       0 |       0 | 1-171                                                                                                       
 app/api/analytics/web-vitals                           |       0 |        0 |       0 |       0 |                                                                                                             
  route.ts                                              |       0 |        0 |       0 |       0 | 7-69                                                                                                        
 app/api/articles/generate-comprehensive                |       0 |        0 |       0 |       0 |                                                                                                             
  route.migrated.example.ts                             |       0 |        0 |       0 |       0 | 13-76                                                                                                       
  route.ts                                              |       0 |        0 |       0 |       0 | 1-66                                                                                                        
 app/api/articles/public                                |       0 |        0 |       0 |       0 |                                                                                                             
  route.ts                                              |       0 |        0 |       0 |       0 | 1-26                                                                                                        
 app/api/auth/me                                        |       0 |        0 |       0 |       0 |                                                                                                             
  route.ts                                              |       0 |        0 |       0 |       0 | 7-56                                                                                                        
 app/api/auto-alt-text                                  |       0 |        0 |       0 |       0 |                                                                                                             
  route.ts                                              |       0 |        0 |       0 |       0 | 6-122                                                                                                       
 app/api/auto-categorize                                |       0 |        0 |       0 |       0 |                                                                                                             
  route.ts                                              |       0 |        0 |       0 |       0 | 6-146                                                                                                       
 app/api/auto-featured-image                            |       0 |        0 |       0 |       0 |                                                                                                             
  route.ts                                              |       0 |        0 |       0 |       0 | 7-260                                                                                                       
 app/api/auto-tags                                      |       0 |        0 |       0 |       0 |                                                                                                             
  route.ts                                              |       0 |        0 |       0 |       0 | 6-130                                                                                                       
 app/api/automation/content-refresh                     |       0 |        0 |       0 |       0 |                                                                                                             
  route.ts                                              |       0 |        0 |       0 |       0 | 1-81                                                                                                        
 app/api/automation/interlink-articles                  |       0 |        0 |       0 |       0 |                                                                                                             
  route.ts                                              |       0 |        0 |       0 |       0 | 11-108                                                                                                      
 app/api/automation/refresh-triggers                    |       0 |        0 |       0 |       0 |                                                                                                             
  route.ts                                              |       0 |        0 |       0 |       0 | 1-87                                                                                                        
 app/api/automation/regenerate                          |       0 |        0 |       0 |       0 |                                                                                                             
  route.ts                                              |       0 |        0 |       0 |       0 | 1-96                                                                                                        
 app/api/automation/scraper/trigger                     |       0 |        0 |       0 |       0 |                                                                                                             
  route.ts                                              |       0 |        0 |       0 |       0 | 1-79                                                                                                        
 app/api/batch/create                                   |       0 |        0 |       0 |       0 |                                                                                                             
  route.ts                                              |       0 |        0 |       0 |       0 | 6-61                                                                                                        
 app/api/batch/process                                  |       0 |        0 |       0 |       0 |                                                                                                             
  route.ts                                              |       0 |        0 |       0 |       0 | 7-193                                                                                                       
 app/api/bookmarks                                      |       0 |        0 |       0 |       0 |                                                                                                             
  route.ts                                              |       0 |        0 |       0 |       0 | 1-122                                                                                                       
 app/api/bulk-operations                                |       0 |        0 |       0 |       0 |                                                                                                             
  route.ts                                              |       0 |        0 |       0 |       0 | 6-189                                                                                                       
 app/api/cache/stats                                    |       0 |        0 |       0 |       0 |                                                                                                             
  route.ts                                              |       0 |        0 |       0 |       0 | 8-32                                                                                                        
 app/api/cms/budget                                     |       0 |        0 |       0 |       0 |                                                                                                             
  route.ts                                              |       0 |        0 |       0 |       0 | 1-55                                                                                                        
 app/api/cms/bulk-generate                              |       0 |        0 |       0 |       0 |                                                                                                             
  route.migrated.example.ts                             |       0 |        0 |       0 |       0 | 13-68                                                                                                       
  route.ts                                              |       0 |        0 |       0 |       0 | 1-122                                                                                                       
 app/api/cms/health                                     |       0 |        0 |       0 |       0 |                                                                                                             
  route.ts                                              |       0 |        0 |       0 |       0 | 1-24                                                                                                        
 app/api/cms/orchestrator/canary                        |       0 |        0 |       0 |       0 |                                                                                                             
  route.ts                                              |       0 |        0 |       0 |       0 | 1-69                                                                                                        
 app/api/cms/orchestrator/continuous                    |       0 |        0 |       0 |       0 |                                                                                                             
  route.ts                                              |       0 |        0 |       0 |       0 | 1-84                                                                                                        
 app/api/cms/orchestrator/execute                       |       0 |        0 |       0 |       0 |                                                                                                             
  route.ts                                              |       0 |        0 |       0 |       0 | 1-120                                                                                                       
 app/api/cms/scrapers                                   |       0 |        0 |       0 |       0 |                                                                                                             
  route.ts                                              |       0 |        0 |       0 |       0 | 1-57                                                                                                        
 app/api/content/performance                            |       0 |        0 |       0 |       0 |                                                                                                             
  route.ts                                              |       0 |        0 |       0 |       0 | 6-113                                                                                                       
 app/api/content/repurpose                              |       0 |        0 |       0 |       0 |                                                                                                             
  route.ts                                              |       0 |        0 |       0 |       0 | 1-61                                                                                                        
 app/api/cron/analytics-sync                            |       0 |        0 |       0 |       0 |                                                                                                             
  route.ts                                              |       0 |        0 |       0 |       0 | 8-67                                                                                                        
 app/api/cron/archive-data                              |       0 |        0 |       0 |       0 |                                                                                                             
  route.ts                                              |       0 |        0 |       0 |       0 | 10-83                                                                                                       
 app/api/cron/check-cost-alerts                         |       0 |        0 |       0 |       0 |                                                                                                             
  route.ts                                              |       0 |        0 |       0 |       0 | 9-47                                                                                                        
 app/api/cron/check-data-changes                        |       0 |        0 |       0 |       0 |                                                                                                             
  route.ts                                              |       0 |        0 |       0 |       0 | 1-64                                                                                                        
 app/api/cron/check-links                               |       0 |        0 |       0 |       0 |                                                                                                             
  route.ts                                              |       0 |        0 |       0 |       0 | 10-56                                                                                                       
 app/api/cron/check-rankings-drops                      |       0 |        0 |       0 |       0 |                                                                                                             
  route.ts                                              |       0 |        0 |       0 |       0 | 1-61                                                                                                        
 app/api/cron/cleanup                                   |       0 |        0 |       0 |       0 |                                                                                                             
  route.ts                                              |       0 |        0 |       0 |       0 | 8-47                                                                                                        
 app/api/cron/content-distribution                      |       0 |        0 |       0 |       0 |                                                                                                             
  route.ts                                              |       0 |        0 |       0 |       0 | 8-51                                                                                                        
 app/api/cron/content-refresh                           |       0 |        0 |       0 |       0 |                                                                                                             
  route.ts                                              |       0 |        0 |       0 |       0 | 14-58                                                                                                       
 app/api/cron/content-strategy                          |       0 |        0 |       0 |       0 |                                                                                                             
  route.ts                                              |       0 |        0 |       0 |       0 | 8-82                                                                                                        
 app/api/cron/daily-content-generation                  |       0 |        0 |       0 |       0 |                                                                                                             
  route.ts                                              |       0 |        0 |       0 |       0 | 14-141                                                                                                      
 app/api/cron/daily-cost-report                         |       0 |        0 |       0 |       0 |                                                                                                             
  route.ts                                              |       0 |        0 |       0 |       0 | 9-46                                                                                                        
 app/api/cron/daily-revenue-report                      |       0 |        0 |       0 |       0 |                                                                                                             
  route.ts                                              |       0 |        0 |       0 |       0 | 14-119                                                                                                      
 app/api/cron/email-sequences                           |       0 |        0 |       0 |       0 |                                                                                                             
  route.ts                                              |       0 |        0 |       0 |       0 | 8-158                                                                                                       
 app/api/cron/generate-missing-images                   |       0 |        0 |       0 |       0 |                                                                                                             
  route.ts                                              |       0 |        0 |       0 |       0 | 2-146                                                                                                       
 app/api/cron/process-pipeline                          |       0 |        0 |       0 |       0 |                                                                                                             
  route.ts                                              |       0 |        0 |       0 |       0 | 1-52                                                                                                        
 app/api/cron/publish-scheduled                         |       0 |        0 |       0 |       0 |                                                                                                             
  route.ts                                              |       0 |        0 |       0 |       0 | 10-50                                                                                                       
 app/api/cron/record-table-sizes                        |       0 |        0 |       0 |       0 |                                                                                                             
  route.ts                                              |       0 |        0 |       0 |       0 | 8-65                                                                                                        
 app/api/cron/scrape-credit-cards                       |       0 |        0 |       0 |       0 |                                                                                                             
  route.ts                                              |       0 |        0 |       0 |       0 | 10-53                                                                                                       
 app/api/cron/seo-rankings-update                       |       0 |        0 |       0 |       0 |                                                                                                             
  route.ts                                              |       0 |        0 |       0 |       0 | 14-118                                                                                                      
 app/api/cron/sitemap-ping                              |       0 |        0 |       0 |       0 |                                                                                                             
  route.ts                                              |       0 |        0 |       0 |       0 | 8-41                                                                                                        
 app/api/cron/sync-amfi-data                            |       0 |        0 |       0 |       0 |                                                                                                             
  route.ts                                              |       0 |        0 |       0 |       0 | 10-54                                                                                                       
 app/api/cron/sync-rankings                             |       0 |        0 |       0 |       0 |                                                                                                             
  route.ts                                              |       0 |        0 |       0 |       0 | 1-65                                                                                                        
 app/api/cron/update-rbi-rates                          |       0 |        0 |       0 |       0 |                                                                                                             
  route.ts                                              |       0 |        0 |       0 |       0 | 10-63                                                                                                       
 app/api/cron/weekly-data-update                        |       0 |        0 |       0 |       0 |                                                                                                             
  route.ts                                              |       0 |        0 |       0 |       0 | 14-170                                                                                                      
 app/api/docs                                           |       0 |        0 |       0 |       0 |                                                                                                             
  route.ts                                              |       0 |        0 |       0 |       0 | 7-259                                                                                                       
 app/api/downloads                                      |       0 |        0 |       0 |       0 |                                                                                                             
  route.ts                                              |       0 |        0 |       0 |       0 | 6-65                                                                                                        
 app/api/downloads/generate/[resourceId]                |       0 |        0 |       0 |       0 |                                                                                                             
  route.ts                                              |       0 |        0 |       0 |       0 | 6-143                                                                                                       
 app/api/email/analytics                                |       0 |        0 |       0 |       0 |                                                                                                             
  route.ts                                              |       0 |        0 |       0 |       0 | 6-63                                                                                                        
 app/api/email/campaigns                                |       0 |        0 |       0 |       0 |                                                                                                             
  route.ts                                              |       0 |        0 |       0 |       0 | 6-63                                                                                                        
 app/api/examples/credit-cards-example                  |       0 |        0 |       0 |       0 |                                                                                                             
  route.ts                                              |       0 |        0 |       0 |       0 | 7-84                                                                                                        
 app/api/faqs                                           |       0 |        0 |       0 |       0 |                                                                                                             
  route.ts                                              |       0 |        0 |       0 |       0 | 1-38                                                                                                        
 app/api/generate-articles                              |       0 |        0 |       0 |       0 |                                                                                                             
  route.ts                                              |       0 |        0 |       0 |       0 | 1-193                                                                                                       
 app/api/growth/metrics                                 |       0 |        0 |       0 |       0 |                                                                                                             
  route.ts                                              |       0 |        0 |       0 |       0 | 6-151                                                                                                       
 app/api/health                                         |       0 |        0 |       0 |       0 |                                                                                                             
  route.ts                                              |       0 |        0 |       0 |       0 | 17-37                                                                                                       
 app/api/health/detailed                                |       0 |        0 |       0 |       0 |                                                                                                             
  route.ts                                              |       0 |        0 |       0 |       0 | 8-57                                                                                                        
 app/api/health/liveness                                |       0 |        0 |       0 |       0 |                                                                                                             
  route.ts                                              |       0 |        0 |       0 |       0 | 12-31                                                                                                       
 app/api/health/readiness                               |       0 |        0 |       0 |       0 |                                                                                                             
  route.ts                                              |       0 |        0 |       0 |       0 | 15-40                                                                                                       
 app/api/images/brand-colors                            |       0 |        0 |       0 |       0 |                                                                                                             
  route.ts                                              |       0 |        0 |       0 |       0 | 1-64                                                                                                        
 app/api/images/generate/feature                        |       0 |        0 |       0 |       0 |                                                                                                             
  route.ts                                              |       0 |        0 |       0 |       0 | 1-34                                                                                                        
 app/api/images/optimize                                |       0 |        0 |       0 |       0 |                                                                                                             
  route.ts                                              |       0 |        0 |       0 |       0 | 11-78                                                                                                       
 app/api/inngest                                        |       0 |      100 |     100 |       0 |                                                                                                             
  route.ts                                              |       0 |      100 |     100 |       0 | 1-14                                                                                                        
 app/api/ipo/live                                       |       0 |        0 |       0 |       0 |                                                                                                             
  route.ts                                              |       0 |        0 |       0 |       0 | 1-54                                                                                                        
 app/api/jobs/[id]/status                               |       0 |        0 |       0 |       0 |                                                                                                             
  route.ts                                              |       0 |        0 |       0 |       0 | 9-37                                                                                                        
 app/api/keywords/clusters                              |       0 |        0 |       0 |       0 |                                                                                                             
  route.ts                                              |       0 |        0 |       0 |       0 | 1-38                                                                                                        
 app/api/keywords/extract/rss-item/[id]                 |       0 |        0 |       0 |       0 |                                                                                                             
  route.ts                                              |       0 |        0 |       0 |       0 | 1-110                                                                                                       
 app/api/keywords/generate                              |       0 |        0 |       0 |       0 |                                                                                                             
  route.ts                                              |       0 |        0 |       0 |       0 | 1-34                                                                                                        
 app/api/keywords/research                              |       0 |        0 |       0 |       0 |                                                                                                             
  route.ts                                              |       0 |        0 |       0 |       0 | 1-83                                                                                                        
 app/api/keywords/suggestions                           |       0 |        0 |       0 |       0 |                                                                                                             
  route.ts                                              |       0 |        0 |       0 |       0 | 1-46                                                                                                        
 app/api/metrics                                        |       0 |      100 |       0 |       0 |                                                                                                             
  route.ts                                              |       0 |      100 |       0 |       0 | 9-29                                                                                                        
 app/api/metrics/summary                                |       0 |        0 |       0 |       0 |                                                                                                             
  route.ts                                              |       0 |        0 |       0 |       0 | 8-24                                                                                                        
 app/api/newsletter                                     |       0 |        0 |       0 |       0 |                                                                                                             
  route.ts                                              |       0 |        0 |       0 |       0 | 1-90                                                                                                        
 app/api/notifications                                  |       0 |        0 |       0 |       0 |                                                                                                             
  route.ts                                              |       0 |        0 |       0 |       0 | 1-34                                                                                                        
 app/api/out                                            |       0 |        0 |       0 |       0 |                                                                                                             
  route.ts                                              |       0 |        0 |       0 |       0 | 1-126                                                                                                       
 app/api/partners                                       |       0 |        0 |       0 |       0 |                                                                                                             
  route.ts                                              |       0 |        0 |       0 |       0 | 1-43                                                                                                        
 app/api/payments/checkout                              |       0 |        0 |       0 |       0 |                                                                                                             
  route.ts                                              |       0 |        0 |       0 |       0 | 7-38                                                                                                        
 app/api/payments/webhook                               |       0 |        0 |       0 |       0 |                                                                                                             
  route.ts                                              |       0 |        0 |       0 |       0 | 7-106                                                                                                       
 app/api/performance/budgets                            |       0 |        0 |       0 |       0 |                                                                                                             
  route.ts                                              |       0 |        0 |       0 |       0 | 8-32                                                                                                        
 app/api/performance/metrics                            |       0 |        0 |       0 |       0 |                                                                                                             
  route.ts                                              |       0 |        0 |       0 |       0 | 6-92                                                                                                        
 app/api/pipeline/metrics                               |       0 |      100 |       0 |       0 |                                                                                                             
  route.ts                                              |       0 |      100 |       0 |       0 | 1-60                                                                                                        
 app/api/pipeline/run                                   |       0 |        0 |       0 |       0 |                                                                                                             
  route.ts                                              |       0 |        0 |       0 |       0 | 1-75                                                                                                        
 app/api/pipeline/runs                                  |       0 |        0 |       0 |       0 |                                                                                                             
  route.ts                                              |       0 |        0 |       0 |       0 | 1-46                                                                                                        
 app/api/pipeline/schedule                              |       0 |        0 |       0 |       0 |                                                                                                             
  route.ts                                              |       0 |        0 |       0 |       0 | 1-94                                                                                                        
 app/api/products/generate-image                        |       0 |        0 |       0 |       0 |                                                                                                             
  route.ts                                              |       0 |        0 |       0 |       0 | 2-155                                                                                                       
 app/api/revalidate                                     |       0 |        0 |       0 |       0 |                                                                                                             
  route.ts                                              |       0 |        0 |       0 |       0 | 1-40                                                                                                        
 app/api/revenue/analytics                              |       0 |        0 |       0 |       0 |                                                                                                             
  route.ts                                              |       0 |        0 |       0 |       0 | 6-55                                                                                                        
 app/api/revenue/conversions                            |       0 |        0 |       0 |       0 |                                                                                                             
  route.ts                                              |       0 |        0 |       0 |       0 | 7-59                                                                                                        
 app/api/rss/feeds                                      |       0 |        0 |       0 |       0 |                                                                                                             
  route.ts                                              |       0 |        0 |       0 |       0 | 1-42                                                                                                        
 app/api/rss/feeds/[id]                                 |       0 |        0 |       0 |       0 |                                                                                                             
  route.ts                                              |       0 |        0 |       0 |       0 | 1-81                                                                                                        
 app/api/rss/feeds/[id]/fetch                           |       0 |        0 |       0 |       0 |                                                                                                             
  route.ts                                              |       0 |        0 |       0 |       0 | 1-24                                                                                                        
 app/api/rss/feeds/[id]/items                           |       0 |        0 |       0 |       0 |                                                                                                             
  route.ts                                              |       0 |        0 |       0 |       0 | 1-27                                                                                                        
 app/api/rss/feeds/[id]/jobs                            |       0 |        0 |       0 |       0 |                                                                                                             
  route.ts                                              |       0 |        0 |       0 |       0 | 1-24                                                                                                        
 app/api/rss/generate-article/[itemId]                  |       0 |        0 |       0 |       0 |                                                                                                             
  route.ts                                              |       0 |        0 |       0 |       0 | 1-46                                                                                                        
 app/api/rss/generation-rules/[feedId]                  |       0 |        0 |       0 |       0 |                                                                                                             
  route.ts                                              |       0 |        0 |       0 |       0 | 1-57                                                                                                        
 app/api/scrapers/status                                |       0 |        0 |       0 |       0 |                                                                                                             
  route.ts                                              |       0 |        0 |       0 |       0 | 1-292                                                                                                       
 app/api/search                                         |       0 |        0 |       0 |       0 |                                                                                                             
  route.ts                                              |       0 |        0 |       0 |       0 | 1-54                                                                                                        
 app/api/seo/cannibalization                            |       0 |        0 |       0 |       0 |                                                                                                             
  route.ts                                              |       0 |        0 |       0 |       0 | 11-70                                                                                                       
 app/api/seo/integrations                               |       0 |        0 |       0 |       0 |                                                                                                             
  route.ts                                              |       0 |        0 |       0 |       0 | 1-43                                                                                                        
 app/api/seo/internal-links                             |       0 |        0 |       0 |       0 |                                                                                                             
  route.ts                                              |       0 |        0 |       0 |       0 | 6-62                                                                                                        
 app/api/seo/rankings/sync                              |       0 |        0 |       0 |       0 |                                                                                                             
  route.ts                                              |       0 |        0 |       0 |       0 | 1-100                                                                                                       
 app/api/seo/track                                      |       0 |        0 |       0 |       0 |                                                                                                             
  route.ts                                              |       0 |        0 |       0 |       0 | 6-123                                                                                                       
 app/api/social/analytics                               |       0 |        0 |       0 |       0 |                                                                                                             
  route.ts                                              |       0 |        0 |       0 |       0 | 6-64                                                                                                        
 app/api/social/generate                                |       0 |        0 |       0 |       0 |                                                                                                             
  route.ts                                              |       0 |        0 |       0 |       0 | 6-110                                                                                                       
 app/api/social/schedulers                              |       0 |        0 |       0 |       0 |                                                                                                             
  route.ts                                              |       0 |        0 |       0 |       0 | 1-43                                                                                                        
 app/api/social/schedulers/[id]/accounts                |       0 |        0 |       0 |       0 |                                                                                                             
  route.ts                                              |       0 |        0 |       0 |       0 | 1-54                                                                                                        
 app/api/stock-photos                                   |       0 |        0 |       0 |       0 |                                                                                                             
  route.ts                                              |       0 |        0 |       0 |       0 | 6-128                                                                                                       
 app/api/test/events                                    |       0 |        0 |       0 |       0 |                                                                                                             
  route.ts                                              |       0 |        0 |       0 |       0 | 7-72                                                                                                        
 app/api/testimonials                                   |       0 |        0 |       0 |       0 |                                                                                                             
  route.ts                                              |       0 |        0 |       0 |       0 | 1-38                                                                                                        
 app/api/titles/generate                                |       0 |        0 |       0 |       0 |                                                                                                             
  route.ts                                              |       0 |        0 |       0 |       0 | 1-53                                                                                                        
 app/api/translate                                      |       0 |        0 |       0 |       0 |                                                                                                             
  route.ts                                              |       0 |        0 |       0 |       0 | 7-140                                                                                                       
 app/api/user/subscription                              |       0 |        0 |       0 |       0 |                                                                                                             
  route.ts                                              |       0 |        0 |       0 |       0 | 7-49                                                                                                        
 app/api/v1/admin/ab-tests                              |       0 |        0 |       0 |       0 |                                                                                                             
  route.ts                                              |       0 |        0 |       0 |       0 | 8-175                                                                                                       
 app/api/v1/admin/ab-tests/[id]/analyze                 |       0 |        0 |       0 |       0 |                                                                                                             
  route.ts                                              |       0 |        0 |       0 |       0 | 7-64                                                                                                        
 app/api/v1/admin/ab-tests/[id]/start                   |       0 |        0 |       0 |       0 |                                                                                                             
  route.ts                                              |       0 |        0 |       0 |       0 | 7-77                                                                                                        
 app/api/v1/admin/audit-log                             |       0 |        0 |       0 |       0 |                                                                                                             
  route.ts                                              |       0 |        0 |       0 |       0 | 9-110                                                                                                       
 app/api/v1/admin/audit-log/statistics                  |       0 |        0 |       0 |       0 |                                                                                                             
  route.ts                                              |       0 |        0 |       0 |       0 | 9-81                                                                                                        
 app/api/v1/admin/automation/emergency-stop             |       0 |        0 |       0 |       0 |                                                                                                             
  route.ts                                              |       0 |        0 |       0 |       0 | 6-30                                                                                                        
 app/api/v1/admin/automation/metrics                    |       0 |        0 |       0 |       0 |                                                                                                             
  route.ts                                              |       0 |        0 |       0 |       0 | 6-26                                                                                                        
 app/api/v1/admin/automation/pause                      |       0 |        0 |       0 |       0 |                                                                                                             
  route.ts                                              |       0 |        0 |       0 |       0 | 6-25                                                                                                        
 app/api/v1/admin/automation/resume                     |       0 |        0 |       0 |       0 |                                                                                                             
  route.ts                                              |       0 |        0 |       0 |       0 | 6-25                                                                                                        
 app/api/v1/admin/automation/status                     |       0 |        0 |       0 |       0 |                                                                                                             
  route.ts                                              |       0 |        0 |       0 |       0 | 6-26                                                                                                        
 app/api/v1/admin/cost-dashboard                        |       0 |        0 |       0 |       0 |                                                                                                             
  route.ts                                              |       0 |        0 |       0 |       0 | 9-121                                                                                                       
 app/api/v1/admin/database/performance                  |       0 |        0 |       0 |       0 |                                                                                                             
  route.ts                                              |       0 |        0 |       0 |       0 | 7-28                                                                                                        
 app/api/v1/admin/prompts                               |       0 |        0 |       0 |       0 |                                                                                                             
  route.ts                                              |       0 |        0 |       0 |       0 | 8-176                                                                                                       
 app/api/v1/admin/prompts/[id]/performance              |       0 |        0 |       0 |       0 |                                                                                                             
  route.ts                                              |       0 |        0 |       0 |       0 | 9-94                                                                                                        
 app/api/v1/admin/revenue/by-affiliate                  |       0 |        0 |       0 |       0 |                                                                                                             
  route.ts                                              |       0 |        0 |       0 |       0 | 1-191                                                                                                       
 app/api/v1/admin/revenue/by-article                    |       0 |        0 |       0 |       0 |                                                                                                             
  route.ts                                              |       0 |        0 |       0 |       0 | 1-170                                                                                                       
 app/api/v1/admin/revenue/by-category                   |       0 |        0 |       0 |       0 |                                                                                                             
  route.ts                                              |       0 |        0 |       0 |       0 | 1-222                                                                                                       
 app/api/v1/admin/revenue/dashboard                     |       0 |        0 |       0 |       0 |                                                                                                             
  route.ts                                              |       0 |        0 |       0 |       0 | 1-85                                                                                                        
 app/api/v1/admin/revenue/top-articles                  |       0 |        0 |       0 |       0 |                                                                                                             
  route.ts                                              |       0 |        0 |       0 |       0 | 1-174                                                                                                       
 app/api/v1/admin/workflows/[id]/assign                 |       0 |        0 |       0 |       0 |                                                                                                             
  route.ts                                              |       0 |        0 |       0 |       0 | 6-51                                                                                                        
 app/api/v1/alerts/evaluate                             |       0 |        0 |       0 |       0 |                                                                                                             
  route.ts                                              |       0 |        0 |       0 |       0 | 10-110                                                                                                      
 app/api/v1/articles/[id]/rollback/[version]            |       0 |        0 |       0 |       0 |                                                                                                             
  route.ts                                              |       0 |        0 |       0 |       0 | 9-152                                                                                                       
 app/api/v1/articles/[id]/versions                      |       0 |        0 |       0 |       0 |                                                                                                             
  route.ts                                              |       0 |        0 |       0 |       0 | 9-105                                                                                                       
 app/api/workflows/[id]/debug                           |       0 |        0 |       0 |       0 |                                                                                                             
  route.ts                                              |       0 |        0 |       0 |       0 | 6-40                                                                                                        
 app/api/workflows/[id]/recover                         |       0 |        0 |       0 |       0 |                                                                                                             
  route.ts                                              |       0 |        0 |       0 |       0 | 8-41                                                                                                        
 app/api/workflows/[id]/resume                          |       0 |        0 |       0 |       0 |                                                                                                             
  route.ts                                              |       0 |        0 |       0 |       0 | 8-38                                                                                                        
 app/api/workflows/[id]/status                          |       0 |        0 |       0 |       0 |                                                                                                             
  route.ts                                              |       0 |        0 |       0 |       0 | 6-58                                                                                                        
 app/api/workflows/metrics                              |       0 |        0 |       0 |       0 |                                                                                                             
  route.ts                                              |       0 |        0 |       0 |       0 | 6-34                                                                                                        
 app/api/workflows/schedule                             |       0 |        0 |       0 |       0 |                                                                                                             
  route.ts                                              |       0 |        0 |       0 |       0 | 8-79                                                                                                        
 app/api/workflows/start                                |       0 |        0 |       0 |       0 |                                                                                                             
  route.ts                                              |       0 |        0 |       0 |       0 | 6-61                                                                                                        
 app/api/workflows/state/transition                     |       0 |        0 |       0 |       0 |                                                                                                             
  route.ts                                              |       0 |        0 |       0 |       0 | 6-56                                                                                                        
 app/apply/[productType]/[productId]                    |       0 |        0 |       0 |       0 |                                                                                                             
  page.tsx                                              |       0 |        0 |       0 |       0 | 3-149                                                                                                       
 app/article/[slug]                                     |       0 |        0 |       0 |       0 |                                                                                                             
  page.tsx                                              |       0 |        0 |       0 |       0 | 3-305                                                                                                       
 app/articles                                           |       0 |        0 |       0 |       0 |                                                                                                             
  page.tsx                                              |       0 |        0 |       0 |       0 | 3-221                                                                                                       
 app/articles/[slug]                                    |       0 |        0 |       0 |       0 |                                                                                                             
  page-refactored.tsx                                   |       0 |        0 |       0 |       0 | 12-236                                                                                                      
  page.tsx                                              |       0 |        0 |       0 |       0 | 17-334                                                                                                      
 app/auth/callback                                      |       0 |        0 |       0 |       0 |                                                                                                             
  route.ts                                              |       0 |        0 |       0 |       0 | 8-87                                                                                                        
 app/author/[slug]                                      |       0 |        0 |       0 |       0 |                                                                                                             
  page.tsx                                              |       0 |        0 |       0 |       0 | 1-221                                                                                                       
 app/banking                                            |       0 |        0 |       0 |       0 |                                                                                                             
  page.tsx                                              |       0 |        0 |       0 |       0 | 3-382                                                                                                       
 app/blog                                               |       0 |        0 |       0 |       0 |                                                                                                             
  page.tsx                                              |       0 |        0 |       0 |       0 | 3-287                                                                                                       
 app/calculators                                        |       0 |      100 |       0 |       0 |                                                                                                             
  page.tsx                                              |       0 |      100 |       0 |       0 | 3-689                                                                                                       
 app/calculators/compound-interest                      |       0 |      100 |       0 |       0 |                                                                                                             
  page.tsx                                              |       0 |      100 |       0 |       0 | 4-80                                                                                                        
 app/calculators/emi                                    |       0 |      100 |       0 |       0 |                                                                                                             
  page.tsx                                              |       0 |      100 |       0 |       0 | 3-296                                                                                                       
 app/calculators/fd                                     |       0 |      100 |       0 |       0 |                                                                                                             
  page.tsx                                              |       0 |      100 |       0 |       0 | 3-301                                                                                                       
 app/calculators/financial-health-score                 |       0 |      100 |       0 |       0 |                                                                                                             
  page.tsx                                              |       0 |      100 |       0 |       0 | 2-18                                                                                                        
 app/calculators/goal-planning                          |       0 |      100 |       0 |       0 |                                                                                                             
  page.tsx                                              |       0 |      100 |       0 |       0 | 3-88                                                                                                        
 app/calculators/gst                                    |       0 |      100 |       0 |       0 |                                                                                                             
  page.tsx                                              |       0 |      100 |       0 |       0 | 3-266                                                                                                       
 app/calculators/home-loan-vs-sip                       |       0 |      100 |       0 |       0 |                                                                                                             
  page.tsx                                              |       0 |      100 |       0 |       0 | 3-9                                                                                                         
 app/calculators/inflation-adjusted-returns             |       0 |      100 |       0 |       0 |                                                                                                             
  page.tsx                                              |       0 |      100 |       0 |       0 | 3-7                                                                                                         
 app/calculators/kvp                                    |       0 |      100 |       0 |       0 |                                                                                                             
  page.tsx                                              |       0 |      100 |       0 |       0 | 4-88                                                                                                        
 app/calculators/lumpsum                                |       0 |      100 |       0 |       0 |                                                                                                             
  page.tsx                                              |       0 |      100 |       0 |       0 | 4-263                                                                                                       
 app/calculators/mis                                    |       0 |      100 |       0 |       0 |                                                                                                             
  page.tsx                                              |       0 |      100 |       0 |       0 | 4-88                                                                                                        
 app/calculators/nps                                    |       0 |      100 |       0 |       0 |                                                                                                             
  page.tsx                                              |       0 |      100 |       0 |       0 | 3-88                                                                                                        
 app/calculators/nsc                                    |       0 |      100 |       0 |       0 |                                                                                                             
  page.tsx                                              |       0 |      100 |       0 |       0 | 4-88                                                                                                        
 app/calculators/ppf                                    |       0 |      100 |       0 |       0 |                                                                                                             
  page.tsx                                              |       0 |      100 |       0 |       0 | 3-88                                                                                                        
 app/calculators/rd                                     |       0 |      100 |       0 |       0 |                                                                                                             
  page.tsx                                              |       0 |      100 |       0 |       0 | 1-101                                                                                                       
 app/calculators/retirement                             |       0 |      100 |       0 |       0 |                                                                                                             
  page.tsx                                              |       0 |      100 |       0 |       0 | 3-88                                                                                                        
 app/calculators/scss                                   |       0 |      100 |       0 |       0 |                                                                                                             
  page.tsx                                              |       0 |      100 |       0 |       0 | 4-88                                                                                                        
 app/calculators/simple-interest                        |       0 |      100 |       0 |       0 |                                                                                                             
  page.tsx                                              |       0 |      100 |       0 |       0 | 4-80                                                                                                        
 app/calculators/sip                                    |       0 |      100 |       0 |       0 |                                                                                                             
  page.tsx                                              |       0 |      100 |       0 |       0 | 3-357                                                                                                       
 app/calculators/ssy                                    |       0 |      100 |       0 |       0 |                                                                                                             
  page.tsx                                              |       0 |      100 |       0 |       0 | 3-88                                                                                                        
 app/calculators/swp                                    |       0 |      100 |       0 |       0 |                                                                                                             
  page.tsx                                              |       0 |      100 |       0 |       0 | 3-431                                                                                                       
 app/calculators/tax                                    |       0 |      100 |       0 |       0 |                                                                                                             
  page.tsx                                              |       0 |      100 |       0 |       0 | 3-88                                                                                                        
 app/category/[slug]                                    |       0 |        0 |       0 |       0 |                                                                                                             
  page.tsx                                              |       0 |        0 |       0 |       0 | 3-213                                                                                                       
 app/compare                                            |       0 |        0 |       0 |       0 |                                                                                                             
  page.tsx                                              |       0 |        0 |       0 |       0 | 3-428                                                                                                       
 app/compare/[combination]                              |       0 |        0 |       0 |       0 |                                                                                                             
  page.tsx                                              |       0 |        0 |       0 |       0 | 1-205                                                                                                       
 app/compare/investingpro-vs-finology                   |       0 |        0 |       0 |       0 |                                                                                                             
  page.tsx                                              |       0 |        0 |       0 |       0 | 3-197                                                                                                       
 app/compare/investingpro-vs-paisabazaar                |       0 |        0 |       0 |       0 |                                                                                                             
  page.tsx                                              |       0 |        0 |       0 |       0 | 3-192                                                                                                       
 app/compare/investingpro-vs-policybazaar               |       0 |        0 |       0 |       0 |                                                                                                             
  page.tsx                                              |       0 |        0 |       0 |       0 | 3-192                                                                                                       
 app/compare/versus                                     |       0 |      100 |       0 |       0 |                                                                                                             
  page-skeleton.tsx                                     |       0 |      100 |       0 |       0 | 2-19                                                                                                        
 app/component-showcase                                 |       0 |      100 |       0 |       0 |                                                                                                             
  page.tsx                                              |       0 |      100 |       0 |       0 | 3-8                                                                                                         
 app/component-showcase/data-table                      |       0 |        0 |       0 |       0 |                                                                                                             
  page.tsx                                              |       0 |        0 |       0 |       0 | 3-283                                                                                                       
 app/cookie-policy                                      |       0 |      100 |       0 |       0 |                                                                                                             
  page.tsx                                              |       0 |      100 |       0 |       0 | 3-8                                                                                                         
 app/credit-cards                                       |       0 |        0 |       0 |       0 |                                                                                                             
  page.tsx                                              |       0 |        0 |       0 |       0 | 4-324                                                                                                       
 app/credit-cards/[slug]                                |       0 |        0 |       0 |       0 |                                                                                                             
  page.tsx                                              |       0 |        0 |       0 |       0 | 2-501                                                                                                       
 app/credit-cards/compare                               |       0 |        0 |       0 |       0 |                                                                                                             
  page.tsx                                              |       0 |        0 |       0 |       0 | 3-163                                                                                                       
 app/credit-cards/find-your-card                        |       0 |        0 |       0 |       0 |                                                                                                             
  page.tsx                                              |       0 |        0 |       0 |       0 | 3-418                                                                                                       
 app/credit-cards/recommendations/[category]/[amount]   |       0 |        0 |       0 |       0 |                                                                                                             
  page.tsx                                              |       0 |        0 |       0 |       0 | 2-107                                                                                                       
 app/credit-cards/recommendations/spending-based        |       0 |        0 |       0 |       0 |                                                                                                             
  page.tsx                                              |       0 |        0 |       0 |       0 | 3-345                                                                                                       
 app/dashboard                                          |       0 |        0 |       0 |       0 |                                                                                                             
  page.tsx                                              |       0 |        0 |       0 |       0 | 3-239                                                                                                       
 app/demat-accounts                                     |       0 |        0 |       0 |       0 |                                                                                                             
  page.tsx                                              |       0 |        0 |       0 |       0 | 3-251                                                                                                       
 app/demat-accounts/[slug]                              |       0 |        0 |       0 |       0 |                                                                                                             
  page.tsx                                              |       0 |        0 |       0 |       0 | 2-320                                                                                                       
 app/disclaimer                                         |       0 |      100 |       0 |       0 |                                                                                                             
  page.tsx                                              |       0 |      100 |       0 |       0 | 2-9                                                                                                         
 app/docs                                               |       0 |        0 |       0 |       0 |                                                                                                             
  page.tsx                                              |       0 |        0 |       0 |       0 | 9-43                                                                                                        
 app/downloads                                          |       0 |        0 |       0 |       0 |                                                                                                             
  page.tsx                                              |       0 |        0 |       0 |       0 | 3-189                                                                                                       
 app/editorial                                          |       0 |        0 |       0 |       0 |                                                                                                             
  page.tsx                                              |       0 |        0 |       0 |       0 | 3-432                                                                                                       
 app/editorial-policy                                   |       0 |      100 |       0 |       0 |                                                                                                             
  page.tsx                                              |       0 |      100 |       0 |       0 | 2-17                                                                                                        
 app/experts                                            |       0 |        0 |       0 |       0 |                                                                                                             
  page.tsx                                              |       0 |        0 |       0 |       0 | 2-48                                                                                                        
 app/fixed-deposits                                     |       0 |        0 |       0 |       0 |                                                                                                             
  page.tsx                                              |       0 |        0 |       0 |       0 | 3-311                                                                                                       
 app/fixed-deposits/[slug]                              |       0 |        0 |       0 |       0 |                                                                                                             
  page.tsx                                              |       0 |        0 |       0 |       0 | 2-301                                                                                                       
 app/glossary                                           |       0 |        0 |       0 |       0 |                                                                                                             
  page.tsx                                              |       0 |        0 |       0 |       0 | 3-205                                                                                                       
 app/glossary/[slug]                                    |       0 |        0 |       0 |       0 |                                                                                                             
  page.tsx                                              |       0 |        0 |       0 |       0 | 3-401                                                                                                       
 app/go/[slug]                                          |       0 |        0 |       0 |       0 |                                                                                                             
  route.ts                                              |       0 |        0 |       0 |       0 | 7-93                                                                                                        
 app/guides                                             |       0 |      100 |       0 |       0 |                                                                                                             
  page.tsx                                              |       0 |      100 |       0 |       0 | 1-5                                                                                                         
 app/how-we-make-money                                  |       0 |      100 |       0 |       0 |                                                                                                             
  page.tsx                                              |       0 |      100 |       0 |       0 | 1-7                                                                                                         
 app/insurance                                          |       0 |        0 |       0 |       0 |                                                                                                             
  page.tsx                                              |       0 |        0 |       0 |       0 | 4-525                                                                                                       
 app/insurance/[slug]                                   |       0 |        0 |       0 |       0 |                                                                                                             
  page.tsx                                              |       0 |        0 |       0 |       0 | 2-318                                                                                                       
 app/investing                                          |       0 |        0 |       0 |       0 |                                                                                                             
  page.tsx                                              |       0 |        0 |       0 |       0 | 3-500                                                                                                       
 app/ipo                                                |       0 |        0 |       0 |       0 |                                                                                                             
  page.tsx                                              |       0 |        0 |       0 |       0 | 3-337                                                                                                       
 app/loans                                              |       0 |        0 |       0 |       0 |                                                                                                             
  page.tsx                                              |       0 |        0 |       0 |       0 | 3-484                                                                                                       
 app/loans/[slug]                                       |       0 |        0 |       0 |       0 |                                                                                                             
  page.tsx                                              |       0 |        0 |       0 |       0 | 2-451                                                                                                       
 app/loans/home-loans                                   |       0 |      100 |       0 |       0 |                                                                                                             
  page.tsx                                              |       0 |      100 |       0 |       0 | 3-9                                                                                                         
 app/loans/personal-loans                               |       0 |      100 |       0 |       0 |                                                                                                             
  page.tsx                                              |       0 |      100 |       0 |       0 | 3-9                                                                                                         
 app/login                                              |       0 |        0 |       0 |       0 |                                                                                                             
  page.tsx                                              |       0 |        0 |       0 |       0 | 10-260                                                                                                      
 app/methodology                                        |       0 |      100 |       0 |       0 |                                                                                                             
  page.tsx                                              |       0 |      100 |       0 |       0 | 2-17                                                                                                        
 app/mutual-funds                                       |       0 |        0 |       0 |       0 |                                                                                                             
  page.tsx                                              |       0 |        0 |       0 |       0 | 3-524                                                                                                       
 app/mutual-funds/[slug]                                |       0 |        0 |       0 |       0 |                                                                                                             
  page.tsx                                              |       0 |        0 |       0 |       0 | 2-555                                                                                                       
 app/mutual-funds/compare                               |       0 |        0 |       0 |       0 |                                                                                                             
  page.tsx                                              |       0 |        0 |       0 |       0 | 1-131                                                                                                       
 app/mutual-funds/find-your-fund                        |       0 |        0 |       0 |       0 |                                                                                                             
  page.tsx                                              |       0 |        0 |       0 |       0 | 3-288                                                                                                       
 app/portfolio                                          |       0 |        0 |       0 |       0 |                                                                                                             
  page.tsx                                              |       0 |        0 |       0 |       0 | 3-147                                                                                                       
 app/ppf-nps                                            |       0 |      100 |       0 |       0 |                                                                                                             
  page.tsx                                              |       0 |      100 |       0 |       0 | 3-360                                                                                                       
 app/ppf-nps/[slug]                                     |       0 |        0 |       0 |       0 |                                                                                                             
  page.tsx                                              |       0 |        0 |       0 |       0 | 2-315                                                                                                       
 app/preview/[id]                                       |       0 |        0 |       0 |       0 |                                                                                                             
  page.tsx                                              |       0 |        0 |       0 |       0 | 3-123                                                                                                       
 app/privacy                                            |       0 |      100 |       0 |       0 |                                                                                                             
  page.tsx                                              |       0 |      100 |       0 |       0 | 3-8                                                                                                         
 app/privacy-policy                                     |       0 |      100 |       0 |       0 |                                                                                                             
  page.tsx                                              |       0 |      100 |       0 |       0 | 2-10                                                                                                        
 app/product/[slug]                                     |       0 |        0 |       0 |       0 |                                                                                                             
  page.tsx                                              |       0 |        0 |       0 |       0 | 2-149                                                                                                       
 app/products                                           |       0 |        0 |       0 |       0 |                                                                                                             
  page.tsx                                              |       0 |        0 |       0 |       0 | 2-66                                                                                                        
 app/products/[category]                                |       0 |        0 |       0 |       0 |                                                                                                             
  page.tsx                                              |       0 |        0 |       0 |       0 | 3-230                                                                                                       
 app/products/[category]/[slug]                         |       0 |        0 |       0 |       0 |                                                                                                             
  page.tsx                                              |       0 |        0 |       0 |       0 | 3-77                                                                                                        
 app/profile                                            |       0 |        0 |       0 |       0 |                                                                                                             
  page.tsx                                              |       0 |        0 |       0 |       0 | 3-297                                                                                                       
 app/recommendations                                    |       0 |        0 |       0 |       0 |                                                                                                             
  page.tsx                                              |       0 |        0 |       0 |       0 | 3-219                                                                                                       
 app/resources                                          |       0 |        0 |       0 |       0 |                                                                                                             
  page.tsx                                              |       0 |        0 |       0 |       0 | 2-82                                                                                                        
 app/reviews/[slug]                                     |       0 |        0 |       0 |       0 |                                                                                                             
  page.tsx                                              |       0 |        0 |       0 |       0 | 2-105                                                                                                       
 app/risk-profiler                                      |       0 |        0 |       0 |       0 |                                                                                                             
  page.tsx                                              |       0 |        0 |       0 |       0 | 3-421                                                                                                       
 app/search                                             |       0 |        0 |       0 |       0 |                                                                                                             
  page.tsx                                              |       0 |        0 |       0 |       0 | 3-219                                                                                                       
 app/signup                                             |       0 |        0 |       0 |       0 |                                                                                                             
  page.tsx                                              |       0 |        0 |       0 |       0 | 10-279                                                                                                      
 app/small-business                                     |       0 |      100 |       0 |       0 |                                                                                                             
  page.tsx                                              |       0 |      100 |       0 |       0 | 3-210                                                                                                       
 app/stocks                                             |       0 |        0 |       0 |       0 |                                                                                                             
  page.tsx                                              |       0 |        0 |       0 |       0 | 3-343                                                                                                       
 app/stocks/[slug]                                      |       0 |        0 |       0 |       0 |                                                                                                             
  page.tsx                                              |       0 |        0 |       0 |       0 | 2-284                                                                                                       
 app/taxes                                              |       0 |        0 |       0 |       0 |                                                                                                             
  page.tsx                                              |       0 |        0 |       0 |       0 | 3-341                                                                                                       
 app/terms                                              |       0 |      100 |       0 |       0 |                                                                                                             
  page.tsx                                              |       0 |      100 |       0 |       0 | 2-9                                                                                                         
 app/terms-of-service                                   |       0 |      100 |       0 |       0 |                                                                                                             
  page.tsx                                              |       0 |      100 |       0 |       0 | 2-10                                                                                                        
 app/tools/risk-analyzer                                |       0 |      100 |       0 |       0 |                                                                                                             
  page.tsx                                              |       0 |      100 |       0 |       0 | 3-10                                                                                                        
 components                                             |       0 |      100 |       0 |       0 |                                                                                                             
  index.ts                                              |       0 |      100 |     100 |       0 | 12-71                                                                                                       
  theme-provider.tsx                                    |       0 |      100 |       0 |       0 | 3-6                                                                                                         
 components/admin                                       |       0 |        0 |       0 |       0 |                                                                                                             
  AIContentGenerator.tsx                                |       0 |        0 |       0 |       0 | 3-377                                                                                                       
  AIHealthMonitor.tsx                                   |       0 |        0 |       0 |       0 | 4-66                                                                                                        
  AdminBreadcrumb.tsx                                   |       0 |        0 |       0 |       0 | 3-77                                                                                                        
  AdminCard.tsx                                         |       0 |        0 |       0 |       0 | 12-69                                                                                                       
  AdminCategoryHeaderNav.tsx                            |       0 |        0 |       0 |       0 | 3-75                                                                                                        
  AdminContextualSidebar.tsx                            |       0 |        0 |       0 |       0 | 1-82                                                                                                        
  AdminInspector.tsx                                    |       0 |        0 |       0 |       0 | 3-22                                                                                                        
  AdminLayout.tsx                                       |       0 |        0 |       0 |       0 | 3-90                                                                                                        
  AdminPageContent.tsx                                  |       0 |        0 |       0 |       0 | 3-22                                                                                                        
  AdminPageHeader.tsx                                   |       0 |        0 |       0 |       0 | 3-42                                                                                                        
  AdminSidebar.tsx                                      |       0 |        0 |       0 |       0 | 3-108                                                                                                       
  AdminTabNavigation.tsx                                |       0 |        0 |       0 |       0 | 1-67                                                                                                        
  AdminUIKit.tsx                                        |       0 |        0 |       0 |       0 | 4-295                                                                                                       
  AdvancedMetricsTable.tsx                              |       0 |        0 |       0 |       0 | 3-240                                                                                                       
  AnalyticsDashboard.tsx                                |       0 |        0 |       0 |       0 | 3-165                                                                                                       
  ArticleEditor.tsx                                     |       0 |        0 |       0 |       0 | 13-367                                                                                                      
  ArticleInspector.tsx                                  |       0 |        0 |       0 |       0 | 3-802                                                                                                       
  ArticleModeration.tsx                                 |       0 |        0 |       0 |       0 | 3-325                                                                                                       
  ArticleScheduling.tsx                                 |       0 |        0 |       0 |       0 | 3-190                                                                                                       
  ArticleVersionHistory.tsx                             |       0 |        0 |       0 |       0 | 12-280                                                                                                      
  AuditLogViewer.tsx                                    |       0 |        0 |       0 |       0 | 9-427                                                                                                       
  AutomationControlCenter.tsx                           |       0 |        0 |       0 |       0 | 8-219                                                                                                       
  AutomationControls.tsx                                |       0 |        0 |       0 |       0 | 3-419                                                                                                       
  BrokenLinkReport.tsx                                  |       0 |        0 |       0 |       0 | 3-163                                                                                                       
  BudgetGovernorPanel.tsx                               |       0 |        0 |       0 |       0 | 3-281                                                                                                       
  BulkGenerationPanel.tsx                               |       0 |        0 |       0 |       0 | 3-135                                                                                                       
  CMSSubNavigation.tsx                                  |       0 |        0 |       0 |       0 | 3-66                                                                                                        
  CategorySelect.tsx                                    |       0 |        0 |       0 |       0 | 3-223                                                                                                       
  ContentPerformanceTracking.tsx                        |       0 |        0 |       0 |       0 | 3-394                                                                                                       
  ContextualSidebar.tsx                                 |       0 |        0 |       0 |       0 | 3-84                                                                                                        
  CostDashboard.tsx                                     |       0 |        0 |       0 |       0 | 9-369                                                                                                       
  DarkThemeCMS.tsx                                      |       0 |        0 |       0 |       0 | 7-557                                                                                                       
  EditorialQADashboard.tsx                              |       0 |        0 |       0 |       0 | 14-382                                                                                                      
  EmptyState.tsx                                        |       0 |        0 |       0 |       0 | 7-66                                                                                                        
  EnhancedWordPressStyleCMS.tsx                         |       0 |        0 |       0 |       0 | 7-376                                                                                                       
  FeaturedImageSelector.tsx                             |       0 |        0 |       0 |       0 | 3-148                                                                                                       
  GlobalSearch.tsx                                      |       0 |        0 |       0 |       0 | 9-192                                                                                                       
  ImageEditor.tsx                                       |       0 |        0 |       0 |       0 | 3-360                                                                                                       
  ImageModal.tsx                                        |       0 |        0 |       0 |       0 | 3-108                                                                                                       
  KeyboardShortcuts.tsx                                 |       0 |        0 |       0 |       0 | 9-141                                                                                                       
  KeywordResearch.tsx                                   |       0 |        0 |       0 |       0 | 3-273                                                                                                       
  KeywordResearchQuickAccess.tsx                        |       0 |        0 |       0 |       0 | 3-32                                                                                                        
  LinkModal.tsx                                         |       0 |        0 |       0 |       0 | 3-105                                                                                                       
  MediaLibraryPicker.tsx                                |       0 |        0 |       0 |       0 | 3-348                                                                                                       
  OneClickArticleGenerator.tsx                          |       0 |        0 |       0 |       0 | 3-656                                                                                                       
  ProductForm.tsx                                       |       0 |        0 |       0 |       0 | 4-337                                                                                                       
  ProductPerformanceTracking.tsx                        |       0 |        0 |       0 |       0 | 3-408                                                                                                       
  PromptManager.tsx                                     |       0 |        0 |       0 |       0 | 9-385                                                                                                       
  ResponsiveSidebar.tsx                                 |       0 |        0 |       0 |       0 | 9-115                                                                                                       
  RollbackDialog.tsx                                    |       0 |        0 |       0 |       0 | 9-21                                                                                                        
  SEOHealthWidget.tsx                                   |       0 |        0 |       0 |       0 | 3-197                                                                                                       
  SEOScoreCalculator.tsx                                |       0 |        0 |       0 |       0 | 3-198                                                                                                       
  ScraperDashboard.tsx                                  |       0 |        0 |       0 |       0 | 3-229                                                                                                       
  ScraperMonitor.tsx                                    |       0 |        0 |       0 |       0 | 3-292                                                                                                       
  SemanticTitleGenerator.tsx                            |       0 |        0 |       0 |       0 | 3-206                                                                                                       
  SocialDistributionPanel.tsx                           |       0 |        0 |       0 |       0 | 3-177                                                                                                       
  SocialPostManager.tsx                                 |       0 |        0 |       0 |       0 | 3-142                                                                                                       
  SocialRepurposeView.tsx                               |       0 |        0 |       0 |       0 | 3-143                                                                                                       
  StockImageSearch.tsx                                  |       0 |        0 |       0 |       0 | 3-204                                                                                                       
  SubCategorySelect.tsx                                 |       0 |        0 |       0 |       0 | 3-59                                                                                                        
  TagInput.tsx                                          |       0 |        0 |       0 |       0 | 3-209                                                                                                       
  ValidationReport.tsx                                  |       0 |        0 |       0 |       0 | 3-401                                                                                                       
  VersionComparison.tsx                                 |       0 |        0 |       0 |       0 | 9-200                                                                                                       
  WordPressStyleCMS.tsx                                 |       0 |        0 |       0 |       0 | 9-419                                                                                                       
  WordPressStylePages.tsx                               |       0 |        0 |       0 |       0 | 9-414                                                                                                       
  WritesonicAIWriter.tsx                                |       0 |        0 |       0 |       0 | 3-677                                                                                                       
 components/admin/bulk                                  |       0 |        0 |       0 |       0 |                                                                                                             
  BulkActionsBar.tsx                                    |       0 |        0 |       0 |       0 | 3-205                                                                                                       
  SelectableRow.tsx                                     |       0 |        0 |       0 |       0 | 3-117                                                                                                       
 components/admin/editor                                |       0 |        0 |       0 |       0 |                                                                                                             
  ImagePickerButton.tsx                                 |       0 |        0 |       0 |       0 | 9-36                                                                                                        
 components/admin/extensions                            |       0 |        0 |       0 |       0 |                                                                                                             
  SemanticImage.ts                                      |       0 |        0 |       0 |       0 | 16-60                                                                                                       
 components/admin/media                                 |       0 |        0 |       0 |       0 |                                                                                                             
  MediaLibrary.tsx                                      |       0 |        0 |       0 |       0 | 3-213                                                                                                       
  MediaPicker.tsx                                       |       0 |      100 |       0 |       0 | 8-22                                                                                                        
  MediaUploader.tsx                                     |       0 |        0 |       0 |       0 | 3-51                                                                                                        
 components/admin/preview                               |       0 |        0 |       0 |       0 |                                                                                                             
  PreviewPane.tsx                                       |       0 |        0 |       0 |       0 | 3-133                                                                                                       
 components/admin/ui                                    |       0 |      100 |     100 |       0 |                                                                                                             
  index.ts                                              |       0 |      100 |     100 |       0 | 4-18                                                                                                        
 components/analytics                                   |       0 |        0 |       0 |       0 |                                                                                                             
  ProductViewTracker.tsx                                |       0 |        0 |       0 |       0 | 3-78                                                                                                        
  WebVitals.tsx                                         |       0 |        0 |       0 |       0 | 9-172                                                                                                       
 components/articles                                    |       0 |        0 |       0 |       0 |                                                                                                             
  ArticleRenderer.tsx                                   |       0 |        0 |       0 |       0 | 8-65                                                                                                        
  AuthorBadge.tsx                                       |       0 |        0 |       0 |       0 | 1-30                                                                                                        
  ReadingProgressBar.tsx                                |       0 |        0 |       0 |       0 | 8-72                                                                                                        
  RelatedArticles.tsx                                   |       0 |        0 |       0 |       0 | 3-67                                                                                                        
  SeamlessCTA.tsx                                       |       0 |        0 |       0 |       0 | 3-167                                                                                                       
 components/authors                                     |       0 |        0 |       0 |       0 |                                                                                                             
  AuthorBio.tsx                                         |       0 |        0 |       0 |       0 | 3-191                                                                                                       
 components/blog                                        |       0 |        0 |       0 |       0 |                                                                                                             
  ArticleComponents.tsx                                 |       0 |        0 |       0 |       0 | 1-248                                                                                                       
  DraggableTableOfContents.tsx                          |       0 |        0 |       0 |       0 | 3-333                                                                                                       
  TableOfContents.tsx                                   |       0 |        0 |       0 |       0 | 3-192                                                                                                       
  VisualGraphics.tsx                                    |       0 |        0 |       0 |       0 | 1-283                                                                                                       
 components/bulk                                        |       0 |        0 |       0 |       0 |                                                                                                             
  BulkActionsBar.tsx                                    |       0 |        0 |       0 |       0 | 3-165                                                                                                       
 components/calculators                                 |       0 |        0 |       0 |       0 |                                                                                                             
  CompoundInterestCalculator.tsx                        |       0 |        0 |       0 |       0 | 3-199                                                                                                       
  CreditCardRewardsCalculator.tsx                       |       0 |        0 |       0 |       0 | 3-196                                                                                                       
  EMICalculatorEnhanced.tsx                             |       0 |        0 |       0 |       0 | 3-350                                                                                                       
  FDCalculator.tsx                                      |       0 |        0 |       0 |       0 | 3-472                                                                                                       
  FinancialHealthCalculator.tsx                         |       0 |        0 |       0 |       0 | 3-272                                                                                                       
  GSTCalculator.tsx                                     |       0 |        0 |       0 |       0 | 3-249                                                                                                       
  GoalPlanningCalculator.tsx                            |       0 |        0 |       0 |       0 | 3-271                                                                                                       
  HomeLoanVsSIPCalculator.tsx                           |       0 |      100 |       0 |       0 | 3-212                                                                                                       
  InflationAdjustedCalculator.tsx                       |       0 |        0 |       0 |       0 | 3-202                                                                                                       
  InsuranceCoverageCalculator.tsx                       |       0 |        0 |       0 |       0 | 3-192                                                                                                       
  KVPCalculator.tsx                                     |       0 |        0 |       0 |       0 | 3-181                                                                                                       
  LumpsumCalculatorWithInflation.tsx                    |       0 |        0 |       0 |       0 | 3-372                                                                                                       
  MISCalculator.tsx                                     |       0 |        0 |       0 |       0 | 3-188                                                                                                       
  NPSCalculator.tsx                                     |       0 |        0 |       0 |       0 | 3-321                                                                                                       
  NSCCalculator.tsx                                     |       0 |        0 |       0 |       0 | 3-198                                                                                                       
  PPFCalculator.tsx                                     |       0 |        0 |       0 |       0 | 3-288                                                                                                       
  RDCalculator.tsx                                      |       0 |        0 |       0 |       0 | 3-236                                                                                                       
  RetirementCalculator.tsx                              |       0 |        0 |       0 |       0 | 3-382                                                                                                       
  RiskQuestionnaire.tsx                                 |       0 |        0 |       0 |       0 | 3-84                                                                                                        
  RiskResult.tsx                                        |       0 |        0 |       0 |       0 | 3-88                                                                                                        
  SCSSCalculator.tsx                                    |       0 |        0 |       0 |       0 | 3-194                                                                                                       
  SEOArticle.tsx                                        |       0 |      100 |       0 |       0 | 4-6                                                                                                         
  SEOContent.tsx                                        |       0 |        0 |       0 |       0 | 3-323                                                                                                       
  SIPCalculator.tsx                                     |       0 |        0 |       0 |       0 | 16-145                                                                                                      
  SIPCalculatorWithInflation.tsx                        |       0 |        0 |       0 |       0 | 3-657                                                                                                       
  SSYCalculator.tsx                                     |       0 |        0 |       0 |       0 | 3-293                                                                                                       
  SWPCalculator.tsx                                     |       0 |        0 |       0 |       0 | 3-507                                                                                                       
  SimpleInterestCalculator.tsx                          |       0 |        0 |       0 |       0 | 3-150                                                                                                       
  TaxCalculator.tsx                                     |       0 |        0 |       0 |       0 | 3-451                                                                                                       
 components/category                                    |       0 |        0 |       0 |       0 |                                                                                                             
  CategoryHero.tsx                                      |       0 |        0 |       0 |       0 | 3-218                                                                                                       
  ContextualProducts.tsx                                |       0 |        0 |       0 |       0 | 3-53                                                                                                        
 components/charts                                      |       0 |        0 |       0 |       0 |                                                                                                             
  PortfolioAllocationChart.tsx                          |       0 |        0 |       0 |       0 | 3-84                                                                                                        
  SIPReturnsChart.tsx                                   |       0 |      100 |       0 |       0 | 3-95                                                                                                        
  StockPriceChart.tsx                                   |       0 |      100 |       0 |       0 | 3-97                                                                                                        
 components/common                                      |       0 |        0 |       0 |       0 |                                                                                                             
  AdBanner.tsx                                          |       0 |        0 |       0 |       0 | 3-103                                                                                                       
  AddHoldingDialog.tsx                                  |       0 |        0 |       0 |       0 | 3-170                                                                                                       
  AdvertiserDisclosure.tsx                              |       0 |        0 |       0 |       0 | 1-4                                                                                                         
  AffiliateDisclosure.tsx                               |       0 |        0 |       0 |       0 | 1-77                                                                                                        
  AffiliateLink.tsx                                     |       0 |        0 |       0 |       0 | 3-53                                                                                                        
  Analytics.tsx                                         |       0 |        0 |       0 |       0 | 3-52                                                                                                        
  AnimatedCounter.tsx                                   |       0 |        0 |       0 |       0 | 3-136                                                                                                       
  AssetAllocation.tsx                                   |       0 |        0 |       0 |       0 | 3-78                                                                                                        
  AutoBreadcrumbs.tsx                                   |       0 |        0 |       0 |       0 | 3-29                                                                                                        
  AutoInternalLinks.tsx                                 |       0 |        0 |       0 |       0 | 3-93                                                                                                        
  Breadcrumb.tsx                                        |       0 |        0 |       0 |       0 | 1-50                                                                                                        
  Breadcrumbs.tsx                                       |       0 |        0 |       0 |       0 | 3-36                                                                                                        
  CTAButton.tsx                                         |       0 |        0 |       0 |       0 | 1-60                                                                                                        
  CategoryHero.tsx                                      |       0 |        0 |       0 |       0 | 3-116                                                                                                       
  CategoryHeroCarousel.tsx                              |       0 |        0 |       0 |       0 | 3-103                                                                                                       
  ComplianceDisclaimer.tsx                              |       0 |        0 |       0 |       0 | 3-37                                                                                                        
  ConditionalPublicElements.tsx                         |       0 |        0 |       0 |       0 | 3-24                                                                                                        
  CookieConsent.tsx                                     |       0 |        0 |       0 |       0 | 3-36                                                                                                        
  CrossPlatformLink.tsx                                 |       0 |        0 |       0 |       0 | 3-151                                                                                                       
  DataProvenance.tsx                                    |       0 |        0 |       0 |       0 | 3-151                                                                                                       
  DecisionCTA.tsx                                       |       0 |        0 |       0 |       0 | 3-219                                                                                                       
  DecisionFramework.tsx                                 |       0 |        0 |       0 |       0 | 3-234                                                                                                       
  EditProfileDialog.tsx                                 |       0 |        0 |       0 |       0 | 3-209                                                                                                       
  EditorialPageTemplate.tsx                             |       0 |        0 |       0 |       0 | 3-113                                                                                                       
  EmptyState.tsx                                        |       0 |        0 |       0 |       0 | 3-15                                                                                                        
  ErrorBoundary.tsx                                     |       0 |        0 |       0 |       0 | 3-113                                                                                                       
  ExitIntentPopup.tsx                                   |       0 |        0 |       0 |       0 | 3-204                                                                                                       
  ExpertByline.tsx                                      |       0 |        0 |       0 |       0 | 1-59                                                                                                        
  GlossaryTemplate.tsx                                  |       0 |      100 |       0 |       0 | 3-155                                                                                                       
  HoldingsList.tsx                                      |       0 |        0 |       0 |       0 | 3-113                                                                                                       
  ImageWithFallback.tsx                                 |       0 |        0 |       0 |       0 | 3-66                                                                                                        
  LanguageSwitcher.tsx                                  |       0 |        0 |       0 |       0 | 3-95                                                                                                        
  LastUpdated.tsx                                       |       0 |        0 |       0 |       0 | 3-48                                                                                                        
  LoadingSpinner.tsx                                    |       0 |        0 |       0 |       0 | 1-11                                                                                                        
  Logo.tsx                                              |       0 |        0 |       0 |       0 | 3-54                                                                                                        
  LogoIcon.tsx                                          |       0 |        0 |       0 |       0 | 3-16                                                                                                        
  OnboardingFlow.tsx                                    |       0 |        0 |       0 |       0 | 3-220                                                                                                       
  PageErrorBoundary.tsx                                 |       0 |        0 |       0 |       0 | 3-14                                                                                                        
  Pagination.tsx                                        |       0 |        0 |       0 |       0 | 3-133                                                                                                       
  Patterns.tsx                                          |       0 |        0 |       0 |       0 | 1-27                                                                                                        
  PointsWidget.tsx                                      |       0 |        0 |       0 |       0 | 3-45                                                                                                        
  PortfolioSummary.tsx                                  |       0 |        0 |       0 |       0 | 3-58                                                                                                        
  ProductCard.tsx                                       |       0 |      100 |     100 |       0 | 2                                                                                                           
  ProgressiveDisclosure.tsx                             |       0 |        0 |       0 |       0 | 3-117                                                                                                       
  ReviewSection.tsx                                     |       0 |        0 |       0 |       0 | 3-278                                                                                                       
  RiskAnalysis.tsx                                      |       0 |        0 |       0 |       0 | 3-119                                                                                                       
  SEOHead.tsx                                           |       0 |        0 |       0 |       0 | 3-94                                                                                                        
  SafeLink.tsx                                          |       0 |        0 |       0 |       0 | 7-35                                                                                                        
  SocialShareButtons.tsx                                |       0 |        0 |       0 |       0 | 3-46                                                                                                        
  ThemeToggle.tsx                                       |       0 |        0 |       0 |       0 | 3-15                                                                                                        
  TrustSignals.tsx                                      |       0 |        0 |       0 |       0 | 3-137                                                                                                       
  UserNotRegisteredError.tsx                            |       0 |      100 |       0 |       0 | 1-31                                                                                                        
 components/compare                                     |       0 |        0 |       0 |       0 |                                                                                                             
  CompareBar.tsx                                        |       0 |        0 |       0 |       0 | 3-105                                                                                                       
  ComparisonTable.tsx                                   |       0 |        0 |       0 |       0 | 4-242                                                                                                       
  ComparisonTable_broken.tsx                            |       0 |        0 |       0 |       0 | 4-165                                                                                                       
  ExportButton.tsx                                      |       0 |        0 |       0 |       0 | 3-49                                                                                                        
  MethodologyModal.tsx                                  |       0 |      100 |       0 |       0 | 3-16                                                                                                        
  ProductSelector.tsx                                   |       0 |        0 |       0 |       0 | 3-123                                                                                                       
  SmartRecommendation.tsx                               |       0 |        0 |       0 |       0 | 2-132                                                                                                       
 components/comparison                                  |       0 |        0 |       0 |       0 |                                                                                                             
  ComparisonCard.tsx                                    |       0 |        0 |       0 |       0 | 15-298                                                                                                      
  ComparisonTable.tsx                                   |       0 |        0 |       0 |       0 | 17-298                                                                                                      
 components/compliance                                  |       0 |        0 |       0 |       0 |                                                                                                             
  DisclaimerBanner.tsx                                  |       0 |        0 |       0 |       0 | 7-124                                                                                                       
  SecurityBadge.tsx                                     |       0 |        0 |       0 |       0 | 6-134                                                                                                       
 components/content                                     |       0 |        0 |       0 |       0 |                                                                                                             
  ComparisonTable.tsx                                   |       0 |        0 |       0 |       0 | 1-95                                                                                                        
  ContentAttribution.tsx                                |       0 |        0 |       0 |       0 | 1-259                                                                                                       
  ExpertByline.tsx                                      |       0 |        0 |       0 |       0 | 7-178                                                                                                       
  GlossaryTooltip.tsx                                   |       0 |        0 |       0 |       0 | 3-21                                                                                                        
  QuoteSelector.tsx                                     |       0 |        0 |       0 |       0 | 10-305                                                                                                      
  SharableComparisonCard.tsx                            |       0 |        0 |       0 |       0 | 9-216                                                                                                       
  SharableStatCard.tsx                                  |       0 |        0 |       0 |       0 | 10-180                                                                                                      
  SmartText.tsx                                         |       0 |        0 |       0 |       0 | 3-109                                                                                                       
  TableOfContents.tsx                                   |       0 |        0 |       0 |       0 | 3-66                                                                                                        
  TweetableQuote.tsx                                    |       0 |        0 |       0 |       0 | 10-169                                                                                                      
 components/content/review                              |       0 |        0 |       0 |       0 |                                                                                                             
  ReviewVerdict.tsx                                     |       0 |        0 |       0 |       0 | 1-81                                                                                                        
 components/content/templates                           |       0 |        0 |       0 |       0 |                                                                                                             
  GlossaryPageTemplate.tsx                              |       0 |        0 |       0 |       0 | 3-123                                                                                                       
  PillarPageTemplate.tsx                                |       0 |        0 |       0 |       0 | 3-207                                                                                                       
 components/credit-cards                                |       0 |        0 |       0 |       0 |                                                                                                             
  CreditCardTable.tsx                                   |       0 |        0 |       0 |       0 | 1-203                                                                                                       
  FilterSidebar.tsx                                     |       0 |        0 |       0 |       0 | 4-159                                                                                                       
  SpendingPatternPage.tsx                               |       0 |        0 |       0 |       0 | 3-143                                                                                                       
 components/data-table                                  |       0 |        0 |       0 |       0 |                                                                                                             
  DataTable.tsx                                         |       0 |        0 |       0 |       0 | 3-206                                                                                                       
  DataTableMobileCard.tsx                               |       0 |        0 |       0 |       0 | 3-62                                                                                                        
  DataTablePagination.tsx                               |       0 |        0 |       0 |       0 | 3-112                                                                                                       
  index.ts                                              |       0 |      100 |     100 |       0 | 3-5                                                                                                         
 components/downloads                                   |       0 |        0 |       0 |       0 |                                                                                                             
  DownloadResourceCard.tsx                              |       0 |        0 |       0 |       0 | 3-170                                                                                                       
 components/editorial                                   |       0 |        0 |       0 |       0 |                                                                                                             
  AffiliateDisclosure.tsx                               |       0 |        0 |       0 |       0 | 1-60                                                                                                        
  AuthorByline.tsx                                      |       0 |        0 |       0 |       0 | 1-19                                                                                                        
  DiffView.tsx                                          |       0 |        0 |       0 |       0 | 3-234                                                                                                       
  EditorialDraftCard.tsx                                |       0 |        0 |       0 |       0 | 3-296                                                                                                       
  FactCheckBadge.tsx                                    |       0 |        0 |       0 |       0 | 1-11                                                                                                        
  MethodologyLink.tsx                                   |       0 |        0 |       0 |       0 | 1-24                                                                                                        
  index.ts                                              |       0 |      100 |     100 |       0 | 2-5                                                                                                         
 components/engagement                                  |       0 |        0 |       0 |       0 |                                                                                                             
  BookmarkButton.tsx                                    |       0 |        0 |       0 |       0 | 3-118                                                                                                       
  ContextualLeadMagnet.tsx                              |       0 |        0 |       0 |       0 | 10-395                                                                                                      
  EngagementHooks.tsx                                   |       0 |        0 |       0 |       0 | 13-415                                                                                                      
  LeadCaptureProvider.tsx                               |       0 |        0 |       0 |       0 | 10-62                                                                                                       
  LeadMagnetPopup.tsx                                   |       0 |        0 |       0 |       0 | 14-342                                                                                                      
  NewsletterWidget.tsx                                  |       0 |        0 |       0 |       0 | 3-107                                                                                                       
  NotificationBell.tsx                                  |       0 |        0 |       0 |       0 | 3-215                                                                                                       
  index.ts                                              |       0 |      100 |     100 |       0 | 8-14                                                                                                        
 components/experts                                     |       0 |        0 |       0 |       0 |                                                                                                             
  ExpertTeam.tsx                                        |       0 |        0 |       0 |       0 | 3-117                                                                                                       
 components/faq                                         |       0 |        0 |       0 |       0 |                                                                                                             
  FAQAccordion.tsx                                      |       0 |        0 |       0 |       0 | 8-128                                                                                                       
 components/forms                                       |       0 |        0 |       0 |       0 |                                                                                                             
  FormField.tsx                                         |       0 |        0 |       0 |       0 | 9-40                                                                                                        
  ValidationMessage.tsx                                 |       0 |        0 |       0 |       0 | 9-21                                                                                                        
 components/gamification                                |       0 |        0 |       0 |       0 |                                                                                                             
  BadgeDisplay.tsx                                      |       0 |        0 |       0 |       0 | 3-38                                                                                                        
  PointsWidget.tsx                                      |       0 |        0 |       0 |       0 | 3-15                                                                                                        
 components/home                                        |       0 |        0 |       0 |       0 |                                                                                                             
  AnimatedHero.tsx                                      |       0 |        0 |       0 |       0 | 3-224                                                                                                       
  CategoryDiscovery.tsx                                 |       0 |      100 |       0 |       0 | 3-22                                                                                                        
  CategoryGrid.tsx                                      |       0 |      100 |       0 |       0 | 3-100                                                                                                       
  EditorialArticles.tsx                                 |       0 |        0 |       0 |       0 | 3-167                                                                                                       
  FeaturedProducts.tsx                                  |       0 |        0 |       0 |       0 | 3-81                                                                                                        
  FeaturedTools.tsx                                     |       0 |      100 |       0 |       0 | 2-74                                                                                                        
  GoalBasedDiscovery.tsx                                |       0 |      100 |       0 |       0 | 3-132                                                                                                       
  HeroSection.tsx                                       |       0 |        0 |       0 |       0 | 3-224                                                                                                       
  HeroVisuals.tsx                                       |       0 |        0 |       0 |       0 | 3-297                                                                                                       
  HomeContextualProducts.tsx                            |       0 |        0 |       0 |       0 | 3-100                                                                                                       
  HomeHero.tsx                                          |       0 |        0 |       0 |       0 | 3-95                                                                                                        
  LatestInsights.tsx                                    |       0 |        0 |       0 |       0 | 3-163                                                                                                       
  NewsSentiment.tsx                                     |       0 |        0 |       0 |       0 | 3-56                                                                                                        
  NewsletterSection.tsx                                 |       0 |        0 |       0 |       0 | 3-47                                                                                                        
  QuickToolsSection.tsx                                 |       0 |        0 |       0 |       0 | 3-100                                                                                                       
  SmartAdvisorWidget.tsx                                |       0 |        0 |       0 |       0 | 3-308                                                                                                       
  StatsBar.tsx                                          |       0 |      100 |       0 |       0 | 6-36                                                                                                        
  TerminalOverview.tsx                                  |       0 |        0 |       0 |       0 | 3-59                                                                                                        
  TopPicks.tsx                                          |       0 |        0 |       0 |       0 | 3-165                                                                                                       
  TrustSection.tsx                                      |       0 |        0 |       0 |       0 | 3-71                                                                                                        
  TrustStrip.tsx                                        |       0 |      100 |       0 |       0 | 3-59                                                                                                        
  UserSegmentation.tsx                                  |       0 |      100 |       0 |       0 | 3-116                                                                                                       
 components/insurance                                   |       0 |        0 |       0 |       0 |                                                                                                             
  FilterSidebar.tsx                                     |       0 |        0 |       0 |       0 | 4-120                                                                                                       
  InsuranceTable.tsx                                    |       0 |        0 |       0 |       0 | 1-201                                                                                                       
 components/investing                                   |       0 |        0 |       0 |       0 |                                                                                                             
  FilterSidebar.tsx                                     |       0 |        0 |       0 |       0 | 4-187                                                                                                       
 components/layout                                      |       0 |        0 |       0 |       0 |                                                                                                             
  Footer.tsx                                            |       0 |        0 |       0 |       0 | 3-335                                                                                                       
  Navbar.tsx                                            |       0 |        0 |       0 |       0 | 3-568                                                                                                       
 components/legal                                       |       0 |        0 |       0 |       0 |                                                                                                             
  AffiliateDisclosure.tsx                               |       0 |        0 |       0 |       0 | 3-35                                                                                                        
  CookieConsent.tsx                                     |       0 |        0 |       0 |       0 | 3-85                                                                                                        
  FinancialDisclaimer.tsx                               |       0 |        0 |       0 |       0 | 3-48                                                                                                        
 components/loading                                     |       0 |        0 |       0 |       0 |                                                                                                             
  ArticleCardSkeleton.tsx                               |       0 |        0 |       0 |       0 | 9-38                                                                                                        
  DashboardSkeleton.tsx                                 |       0 |      100 |       0 |       0 | 9-30                                                                                                        
 components/loans                                       |       0 |        0 |       0 |       0 |                                                                                                             
  FilterSidebar.tsx                                     |       0 |        0 |       0 |       0 | 4-104                                                                                                       
  LoansTable.tsx                                        |       0 |        0 |       0 |       0 | 1-205                                                                                                       
 components/market                                      |       0 |        0 |       0 |       0 |                                                                                                             
  MarketOverview.tsx                                    |       0 |        0 |       0 |       0 | 3-100                                                                                                       
  WatchlistSparklines.tsx                               |       0 |        0 |       0 |       0 | 3-35                                                                                                        
 components/media                                       |       0 |        0 |       0 |       0 |                                                                                                             
  AIImageGenerator.tsx                                  |       0 |        0 |       0 |       0 | 3-172                                                                                                       
  BulkUploader.tsx                                      |       0 |        0 |       0 |       0 | 3-239                                                                                                       
  FeaturedImageSelector.tsx                             |       0 |        0 |       0 |       0 | 3-145                                                                                                       
  MediaLibrary.tsx                                      |       0 |        0 |       0 |       0 | 3-393                                                                                                       
  MediaUploader.tsx                                     |       0 |        0 |       0 |       0 | 3-117                                                                                                       
  StockPhotosBrowser.tsx                                |       0 |        0 |       0 |       0 | 3-159                                                                                                       
 components/monetization                                |       0 |        0 |       0 |       0 |                                                                                                             
  AdSlot.tsx                                            |       0 |        0 |       0 |       0 | 3-207                                                                                                       
  ContextualAffiliateLink.tsx                           |       0 |        0 |       0 |       0 | 3-62                                                                                                        
  ContextualCTA.tsx                                     |       0 |        0 |       0 |       0 | 3-105                                                                                                       
  DisclosureBlock.tsx                                   |       0 |        0 |       0 |       0 | 3-50                                                                                                        
  LeadMagnet.tsx                                        |       0 |        0 |       0 |       0 | 3-95                                                                                                        
  LimitedAdSlot.tsx                                     |       0 |        0 |       0 |       0 | 3-149                                                                                                       
  PremiumGate.tsx                                       |       0 |        0 |       0 |       0 | 11-218                                                                                                      
  SmartCTA.tsx                                          |       0 |        0 |       0 |       0 | 3-159                                                                                                       
  SmartContextualOffers.tsx                             |       0 |        0 |       0 |       0 | 4-90                                                                                                        
  index.ts                                              |       0 |      100 |     100 |       0 | 9-17                                                                                                        
 components/mutual-funds                                |       0 |        0 |       0 |       0 |                                                                                                             
  FilterSidebar.tsx                                     |       0 |        0 |       0 |       0 | 4-173                                                                                                       
  FundTable.tsx                                         |       0 |        0 |       0 |       0 | 3-167                                                                                                       
 components/news                                        |       0 |        0 |       0 |       0 |                                                                                                             
  ContextualNewsWidget.tsx                              |       0 |        0 |       0 |       0 | 3-66                                                                                                        
 components/onboarding                                  |       0 |        0 |       0 |       0 |                                                                                                             
  OnboardingFlow.tsx                                    |       0 |        0 |       0 |       0 | 3-212                                                                                                       
 components/partners                                    |       0 |        0 |       0 |       0 |                                                                                                             
  PartnerLogos.tsx                                      |       0 |        0 |       0 |       0 | 8-121                                                                                                       
 components/performance                                 |       0 |        0 |       0 |       0 |                                                                                                             
  PerformanceMonitor.tsx                                |       0 |      100 |       0 |       0 | 9-19                                                                                                        
  WebVitalsTracker.tsx                                  |       0 |        0 |       0 |       0 | 3-128                                                                                                       
 components/pillar                                      |       0 |        0 |       0 |       0 |                                                                                                             
  PillarPageTemplate.tsx                                |       0 |        0 |       0 |       0 | 3-269                                                                                                       
  SubcategoryPageTemplate.tsx                           |       0 |        0 |       0 |       0 | 3-231                                                                                                       
 components/portfolio                                   |       0 |        0 |       0 |       0 |                                                                                                             
  AddHoldingDialog.tsx                                  |       0 |        0 |       0 |       0 | 3-138                                                                                                       
  AssetAllocation.tsx                                   |       0 |        0 |       0 |       0 | 3-56                                                                                                        
  HoldingsList.tsx                                      |       0 |        0 |       0 |       0 | 3-93                                                                                                        
  PortfolioSummary.tsx                                  |       0 |        0 |       0 |       0 | 3-45                                                                                                        
  RiskAnalysis.tsx                                      |       0 |        0 |       0 |       0 | 3-21                                                                                                        
 components/preview                                     |       0 |        0 |       0 |       0 |                                                                                                             
  ArticlePreview.tsx                                    |       0 |        0 |       0 |       0 | 3-188                                                                                                       
  DeviceSwitcher.tsx                                    |       0 |        0 |       0 |       0 | 3-26                                                                                                        
  PreviewModal.tsx                                      |       0 |        0 |       0 |       0 | 3-118                                                                                                       
  SEOPreview.tsx                                        |       0 |        0 |       0 |       0 | 3-24                                                                                                        
 components/products                                    |       0 |        0 |       0 |       0 |                                                                                                             
  ApplicationFlow.tsx                                   |       0 |        0 |       0 |       0 | 3-133                                                                                                       
  ApplicationTracking.tsx                               |       0 |        0 |       0 |       0 | 3-49                                                                                                        
  BestForBadge.tsx                                      |       0 |        0 |       0 |       0 | 1-244                                                                                                       
  ComparisonPDFButton.tsx                               |       0 |        0 |       0 |       0 | 3-56                                                                                                        
  ContextualProducts.tsx                                |       0 |        0 |       0 |       0 | 3-58                                                                                                        
  DifferentiationCard.tsx                               |       0 |        0 |       0 |       0 | 4-77                                                                                                        
  ProductCard.tsx                                       |       0 |        0 |       0 |       0 | 3-108                                                                                                       
  ProductCategoryTabs.tsx                               |       0 |        0 |       0 |       0 | 3-31                                                                                                        
  ResponsiveFilterContainer.tsx                         |       0 |        0 |       0 |       0 | 4-73                                                                                                        
  RichProductCard.tsx                                   |       0 |        0 |       0 |       0 | 4-180                                                                                                       
  StickyMobileCTA.tsx                                   |       0 |        0 |       0 |       0 | 3-39                                                                                                        
  SuggestedComparisons.tsx                              |       0 |      100 |       0 |       0 | 3-21                                                                                                        
  TopPicksSidebar.tsx                                   |       0 |        0 |       0 |       0 | 3-52                                                                                                        
 components/profile                                     |       0 |        0 |       0 |       0 |                                                                                                             
  EditProfileDialog.tsx                                 |       0 |        0 |       0 |       0 | 3-125                                                                                                       
 components/providers                                   |       0 |        0 |       0 |       0 |                                                                                                             
  ErrorBoundaryProvider.tsx                             |       0 |      100 |       0 |       0 | 3-5                                                                                                         
  QueryProvider.tsx                                     |       0 |        0 |       0 |       0 | 3-63                                                                                                        
 components/ranking                                     |       0 |        0 |       0 |       0 |                                                                                                             
  RankingExplanation.tsx                                |       0 |        0 |       0 |       0 | 3-185                                                                                                       
 components/rates                                       |       0 |        0 |       0 |       0 |                                                                                                             
  RatesWidget.tsx                                       |       0 |        0 |       0 |       0 | 3-57                                                                                                        
 components/reviews                                     |       0 |        0 |       0 |       0 |                                                                                                             
  ProductReviews.tsx                                    |       0 |        0 |       0 |       0 | 3-62                                                                                                        
  RatingStars.tsx                                       |       0 |        0 |       0 |       0 | 1-38                                                                                                        
  ReviewForm.tsx                                        |       0 |        0 |       0 |       0 | 3-98                                                                                                        
  ReviewList.tsx                                        |       0 |        0 |       0 |       0 | 3-112                                                                                                       
 components/search                                      |       0 |        0 |       0 |       0 |                                                                                                             
  CommandPalette.tsx                                    |       0 |        0 |       0 |       0 | 3-206                                                                                                       
  SearchProvider.tsx                                    |       0 |        0 |       0 |       0 | 3-49                                                                                                        
 components/seo                                         |       0 |        0 |       0 |       0 |                                                                                                             
  SchemaMarkup.tsx                                      |       0 |        0 |       0 |       0 | 1-82                                                                                                        
 components/testimonials                                |       0 |        0 |       0 |       0 |                                                                                                             
  TestimonialsCarousel.tsx                              |       0 |        0 |       0 |       0 | 8-181                                                                                                       
 components/tools                                       |       0 |        0 |       0 |       0 |                                                                                                             
  CalculatorHydrator.tsx                                |       0 |        0 |       0 |       0 | 3-33                                                                                                        
  SIPCalculator.tsx                                     |       0 |      100 |       0 |       0 | 3-95                                                                                                        
 components/trust                                       |       0 |        0 |       0 |       0 |                                                                                                             
  TrustScoreWidget.tsx                                  |       0 |        0 |       0 |       0 | 3-43                                                                                                        
  VerificationBadge.tsx                                 |       0 |        0 |       0 |       0 | 3-93                                                                                                        
 components/ui                                          |       0 |        0 |       0 |       0 |                                                                                                             
  Button.tsx                                            |       0 |        0 |       0 |       0 | 1-54                                                                                                        
  ConfirmDialog.tsx                                     |       0 |        0 |       0 |       0 | 3-48                                                                                                        
  GaugeMeter.tsx                                        |       0 |        0 |       0 |       0 | 3-76                                                                                                        
  Icon.tsx                                              |       0 |        0 |       0 |       0 | 2-57                                                                                                        
  ProductCard.tsx                                       |       0 |        0 |       0 |       0 | 1-89                                                                                                        
  accordion.tsx                                         |       0 |        0 |       0 |       0 | 3-161                                                                                                       
  avatar.tsx                                            |       0 |      100 |     100 |       0 | 3-50                                                                                                        
  badge.tsx                                             |       0 |      100 |       0 |       0 | 1-50                                                                                                        
  card.tsx                                              |       0 |      100 |     100 |       0 | 1-78                                                                                                        
  checkbox.tsx                                          |       0 |        0 |       0 |       0 | 3-39                                                                                                        
  dialog.tsx                                            |       0 |        0 |       0 |       0 | 3-145                                                                                                       
  input.tsx                                             |       0 |      100 |       0 |       0 | 1-24                                                                                                        
  label.tsx                                             |       0 |      100 |     100 |       0 | 3-21                                                                                                        
  navigation-menu.tsx                                   |       0 |        0 |       0 |       0 | 3-94                                                                                                        
  progress.tsx                                          |       0 |        0 |     100 |       0 | 3-26                                                                                                        
  radio-group.tsx                                       |       0 |        0 |       0 |       0 | 3-63                                                                                                        
  select.tsx                                            |       0 |        0 |       0 |       0 | 3-139                                                                                                       
  sheet.tsx                                             |       0 |        0 |       0 |       0 | 3-105                                                                                                       
  slider.tsx                                            |       0 |      100 |     100 |       0 | 3-28                                                                                                        
  status-badge.tsx                                      |       0 |        0 |       0 |       0 | 1-80                                                                                                        
  switch.tsx                                            |       0 |        0 |       0 |       0 | 3-54                                                                                                        
  table.tsx                                             |       0 |      100 |     100 |       0 | 1-115                                                                                                       
  tabs.tsx                                              |       0 |        0 |       0 |       0 | 1-105                                                                                                       
  textarea.tsx                                          |       0 |      100 |       0 |       0 | 1-23                                                                                                        
  toaster.tsx                                           |       0 |      100 |       0 |       0 | 3-5                                                                                                         
  tooltip.tsx                                           |       0 |        0 |     100 |       0 | 3-25                                                                                                        
 components/ui/skeletons                                |       0 |        0 |       0 |       0 |                                                                                                             
  ProductCardSkeleton.tsx                               |       0 |        0 |       0 |       0 | 6-116                                                                                                       
  index.tsx                                             |       0 |        0 |       0 |       0 | 6-123                                                                                                       
 components/visualization                               |       0 |        0 |       0 |       0 |                                                                                                             
  CreditScoreGauge.tsx                                  |       0 |        0 |       0 |       0 | 14-200                                                                                                      
 components/visuals                                     |       0 |        0 |       0 |       0 |                                                                                                             
  CalculatorVisual.tsx                                  |       0 |        0 |       0 |       0 | 3-299                                                                                                       
  CategoryHero.tsx                                      |       0 |        0 |       0 |       0 | 3-265                                                                                                       
  ExplainerDiagram.tsx                                  |       0 |        0 |       0 |       0 | 3-217                                                                                                       
 lib                                                    |    3.92 |     4.31 |    3.43 |    4.25 |                                                                                                             
  ai-service.ts                                         |       0 |        0 |       0 |       0 | 8-352                                                                                                       
  alpha-vantage.ts                                      |       0 |        0 |       0 |       0 | 7-188                                                                                                       
  amfi-scraper.ts                                       |       0 |        0 |       0 |       0 | 6-192                                                                                                       
  analytics.ts                                          |       0 |        0 |       0 |       0 | 13-160                                                                                                      
  api-client.ts                                         |       0 |        0 |       0 |       0 | 2-505                                                                                                       
  api.ts                                                |       0 |        0 |       0 |       0 | 1-1059                                                                                                      
  cms.ts                                                |       0 |        0 |       0 |       0 | 1-100                                                                                                       
  data.ts                                               |       0 |      100 |     100 |       0 | 3-438                                                                                                       
  env-validation.ts                                     |       0 |        0 |       0 |       0 | 6-78                                                                                                        
  env.ts                                                |       0 |        0 |       0 |       0 | 1-46                                                                                                        
  logger.ts                                             |   50.63 |    43.42 |   38.88 |    52.7 | 57-87,110,113,116,136-137,151-182,193-194,212,217,258-271,287                                               
  platform-stats.ts                                     |       0 |        0 |       0 |       0 | 10-49                                                                                                       
  risk-calculator.ts                                    |       0 |        0 |       0 |       0 | 27-127                                                                                                      
  services.ts                                           |       0 |      100 |     100 |       0 | 11-34                                                                                                       
  utils.ts                                              |       0 |      100 |       0 |       0 | 1-25                                                                                                        
  yahoo-finance.ts                                      |       0 |        0 |       0 |       0 | 6-165                                                                                                       
 lib/admin                                              |       0 |        0 |       0 |       0 |                                                                                                             
  checkAdminRole.ts                                     |       0 |        0 |       0 |       0 | 1-80                                                                                                        
  navigation-config.ts                                  |       0 |        0 |       0 |       0 | 40-379                                                                                                      
  system-settings.ts                                    |       0 |        0 |       0 |       0 | 6-94                                                                                                        
 lib/agents                                             |       0 |        0 |       0 |       0 |                                                                                                             
  affiliate-agent.ts                                    |       0 |        0 |       0 |       0 | 11-105                                                                                                      
  base-agent.ts                                         |       0 |        0 |       0 |       0 | 8-135                                                                                                       
  budget-governor-agent.ts                              |       0 |        0 |       0 |       0 | 12-277                                                                                                      
  bulk-generation-agent.ts                              |       0 |        0 |       0 |       0 | 12-370                                                                                                      
  content-agent.ts                                      |       0 |        0 |       0 |       0 | 11-185                                                                                                      
  economic-intelligence-agent.ts                        |       0 |        0 |       0 |       0 | 12-331                                                                                                      
  feedback-loop-agent.ts                                |       0 |        0 |       0 |       0 | 8-348                                                                                                       
  health-monitor-agent.ts                               |       0 |        0 |       0 |       0 | 12-213                                                                                                      
  image-agent.ts                                        |       0 |        0 |       0 |       0 | 11-128                                                                                                      
  keyword-agent.ts                                      |       0 |        0 |       0 |       0 | 12-133                                                                                                      
  orchestrator.ts                                       |       0 |        0 |       0 |       0 | 8-477                                                                                                       
  publish-agent.ts                                      |       0 |        0 |       0 |       0 | 11-159                                                                                                      
  quality-agent.ts                                      |       0 |        0 |       0 |       0 | 12-182                                                                                                      
  repurpose-agent.ts                                    |       0 |        0 |       0 |       0 | 11-141                                                                                                      
  risk-compliance-agent.ts                              |       0 |        0 |       0 |       0 | 13-260                                                                                                      
  scraper-agent.ts                                      |       0 |        0 |       0 |       0 | 12-392                                                                                                      
  social-agent.ts                                       |       0 |        0 |       0 |       0 | 11-108                                                                                                      
  strategy-agent.ts                                     |       0 |        0 |       0 |       0 | 12-436                                                                                                      
  tracking-agent.ts                                     |       0 |        0 |       0 |       0 | 12-150                                                                                                      
  trend-agent.ts                                        |       0 |        0 |       0 |       0 | 12-388                                                                                                      
 lib/ai                                                 |       0 |        0 |       0 |       0 |                                                                                                             
  ab-testing.ts                                         |       0 |        0 |       0 |       0 | 7-229                                                                                                       
  article-writer.ts                                     |       0 |        0 |       0 |       0 | 2-201                                                                                                       
  author-ai.ts                                          |       0 |        0 |       0 |       0 | 1-251                                                                                                       
  collaborative-pipeline.ts                             |       0 |        0 |       0 |       0 | 1-97                                                                                                        
  constraints.ts                                        |       0 |        0 |       0 |       0 | 59-307                                                                                                      
  content-generator.ts                                  |       0 |        0 |       0 |       0 | 1-111                                                                                                       
  content-pipeline.ts                                   |       0 |        0 |       0 |       0 | 2-150                                                                                                       
  cost-tracker.ts                                       |       0 |        0 |       0 |       0 | 7-170                                                                                                       
  dynamic-prompt-builder.ts                             |       0 |        0 |       0 |       0 | 10-526                                                                                                      
  editor-ai.ts                                          |       0 |        0 |       0 |       0 | 1-329                                                                                                       
  financialExpertPrompts.ts                             |       0 |        0 |       0 |       0 | 18-265                                                                                                      
  financialTemplates.ts                                 |       0 |      100 |       0 |       0 | 35-327                                                                                                      
  image-generator.ts                                    |       0 |        0 |       0 |       0 | 12-259                                                                                                      
  operations.ts                                         |       0 |        0 |       0 |       0 | 7-202                                                                                                       
  orchestrator.ts                                       |       0 |        0 |       0 |       0 | 24-529                                                                                                      
  prompt-manager.ts                                     |       0 |        0 |       0 |       0 | 7-445                                                                                                       
  prompt-service.ts                                     |       0 |        0 |       0 |       0 | 2-108                                                                                                       
  prompts-service.ts                                    |       0 |        0 |       0 |       0 | 8-180                                                                                                       
  review-analyzer.ts                                    |       0 |        0 |       0 |       0 | 1-89                                                                                                        
  social-media-generator.ts                             |       0 |        0 |       0 |       0 | 1-336                                                                                                       
 lib/ai/providers                                       |       0 |        0 |       0 |       0 |                                                                                                             
  multi-provider.ts                                     |       0 |        0 |       0 |       0 | 19-431                                                                                                      
 lib/ai/social                                          |       0 |        0 |       0 |       0 |                                                                                                             
  post-generator.ts                                     |       0 |        0 |       0 |       0 | 2-82                                                                                                        
 lib/alerts                                             |       0 |        0 |       0 |       0 |                                                                                                             
  alert-manager.ts                                      |       0 |        0 |       0 |       0 | 13-470                                                                                                      
  axiom-client.ts                                       |       0 |        0 |       0 |       0 | 6-149                                                                                                       
  rules.ts                                              |       0 |        0 |       0 |       0 | 42-314                                                                                                      
 lib/analytics                                          |       0 |        0 |       0 |       0 |                                                                                                             
  ab-testing.ts                                         |       0 |        0 |       0 |       0 | 6-295                                                                                                       
  authority-tracker.ts                                  |       0 |        0 |       0 |       0 | 1-346                                                                                                       
  content-performance.ts                                |       0 |        0 |       0 |       0 | 6-300                                                                                                       
  conversion-funnel.ts                                  |       0 |        0 |       0 |       0 | 7-232                                                                                                       
  event-tracker.ts                                      |       0 |        0 |       0 |       0 | 8-226                                                                                                       
  gsc-trends.ts                                         |       0 |        0 |       0 |       0 | 18-266                                                                                                      
  posthog-service.tsx                                   |       0 |        0 |       0 |       0 | 14-152                                                                                                      
  rankings-tracker.ts                                   |       0 |        0 |       0 |       0 | 8-262                                                                                                       
  revenue-tracker.ts                                    |       0 |        0 |       0 |       0 | 6-172                                                                                                       
  seo-analyzer.ts                                       |       0 |        0 |       0 |       0 | 42-270                                                                                                      
  service.ts                                            |       0 |        0 |       0 |       0 | 2-206                                                                                                       
  user-behavior.ts                                      |       0 |        0 |       0 |       0 | 6-350                                                                                                       
 lib/api                                                |       0 |        0 |       0 |       0 |                                                                                                             
  client.ts                                             |       0 |        0 |       0 |       0 | 15-459                                                                                                      
  openapi-generator.ts                                  |       0 |        0 |       0 |       0 | 8-341                                                                                                       
 lib/api/middleware                                     |       0 |        0 |       0 |       0 |                                                                                                             
  index.ts                                              |       0 |      100 |     100 |       0 | 7-17                                                                                                        
  with-auth.ts                                          |       0 |        0 |       0 |       0 | 7-80                                                                                                        
  with-error-handling.ts                                |       0 |        0 |       0 |       0 | 11-85                                                                                                       
  with-validation.ts                                    |       0 |        0 |       0 |       0 | 7-75                                                                                                        
 lib/articles                                           |       0 |        0 |       0 |       0 |                                                                                                             
  article-service.ts                                    |       0 |        0 |       0 |       0 | 2-78                                                                                                        
 lib/audit                                              |       0 |        0 |       0 |       0 |                                                                                                             
  audit-logger.ts                                       |       0 |        0 |       0 |       0 | 7-197                                                                                                       
 lib/auth                                               |       0 |        0 |       0 |       0 |                                                                                                             
  admin-auth.ts                                         |       0 |        0 |       0 |       0 | 8-129                                                                                                       
  roles.ts                                              |       0 |        0 |       0 |       0 | 7-230                                                                                                       
 lib/automation                                         |    0.15 |        0 |     0.4 |    0.16 |                                                                                                             
  article-generator.ts                                  |       0 |        0 |       0 |       0 | 5-896                                                                                                       
  auto-interlinking.ts                                  |    2.68 |        0 |    4.76 |    2.89 | 33-276,291-447                                                                                              
  auto-refresh-triggers.ts                              |       0 |        0 |       0 |       0 | 11-472                                                                                                      
  content-distribution.ts                               |       0 |        0 |       0 |       0 | 6-296                                                                                                       
  content-orchestrator.ts                               |       0 |        0 |       0 |       0 | 1-394                                                                                                       
  content-pipeline.ts                                   |       0 |        0 |       0 |       0 | 28-501                                                                                                      
  content-refresh.ts                                    |       0 |        0 |       0 |       0 | 6-179                                                                                                       
  content-repurpose.ts                                  |       0 |        0 |       0 |       0 | 6-358                                                                                                       
  control-center.ts                                     |       0 |        0 |       0 |       0 | 8-233                                                                                                       
  copy-editor.ts                                        |       0 |        0 |       0 |       0 | 1-44                                                                                                        
  data-pipeline.ts                                      |       0 |        0 |       0 |       0 | 6-374                                                                                                       
  data-validator.ts                                     |       0 |        0 |       0 |       0 | 25-220                                                                                                      
  email-sender.ts                                       |       0 |        0 |       0 |       0 | 6-149                                                                                                       
  image-pipeline.ts                                     |       0 |        0 |       0 |       0 | 18-344                                                                                                      
  infographic-generator.ts                              |       0 |        0 |       0 |       0 | 14-152                                                                                                      
  keyword-content-generator.ts                          |       0 |        0 |       0 |       0 | 14-205                                                                                                      
  link-checker.ts                                       |       0 |        0 |       0 |       0 | 12-503                                                                                                      
  messaging-notifier.ts                                 |       0 |        0 |       0 |       0 | 11-311                                                                                                      
  newsletter-generator.ts                               |       0 |        0 |       0 |       0 | 14-167                                                                                                      
  product-generator.ts                                  |       0 |        0 |       0 |       0 | 2-68                                                                                                        
  refresh-triggers.ts                                   |       0 |        0 |       0 |       0 | 11-367                                                                                                      
  research-strategist.ts                                |       0 |        0 |       0 |       0 | 1-130                                                                                                       
  revenue-reports.ts                                    |       0 |        0 |       0 |       0 | 6-352                                                                                                       
  scheduler.ts                                          |       0 |        0 |       0 |       0 | 12-310                                                                                                      
  seo-optimizer.ts                                      |       0 |        0 |       0 |       0 | 6-255                                                                                                       
  social-media-generator.ts                             |       0 |        0 |       0 |       0 | 14-154                                                                                                      
  social-poster.ts                                      |       0 |        0 |       0 |       0 | 13-197                                                                                                      
  topic-filter.ts                                       |       0 |        0 |       0 |       0 | 14-211                                                                                                      
  translator.ts                                         |       0 |        0 |       0 |       0 | 1-89                                                                                                        
  video-script-generator.ts                             |       0 |        0 |       0 |       0 | 14-181                                                                                                      
 lib/automation/triggers                                |       0 |        0 |       0 |       0 |                                                                                                             
  economic-trigger.ts                                   |       0 |        0 |       0 |       0 | 2-141                                                                                                       
 lib/cache                                              |   19.87 |    12.42 |   26.86 |   19.36 |                                                                                                             
  cache-invalidation.ts                                 |   36.84 |        0 |   33.33 |   36.84 | 22-47                                                                                                       
  cache-monitor.ts                                      |   48.27 |       30 |      30 |   46.42 | 26-29,46-55,86-124                                                                                          
  cache-service.ts                                      |   26.08 |    22.22 |    40.9 |   25.45 | 35,65-108,120-133,145-151,163-219,230-235,253-265,275-281,289                                               
  cache-strategies.ts                                   |      36 |        0 |   22.22 |   30.43 | 88-95,108-133                                                                                               
  index.ts                                              |       0 |      100 |     100 |       0 | 5                                                                                                           
  redis-client.ts                                       |       8 |     2.63 |    12.5 |       8 | 20-169                                                                                                      
  redis-service.ts                                      |       0 |        0 |       0 |       0 | 13-154                                                                                                      
 lib/cms                                                |    26.3 |    17.61 |   26.66 |   26.64 |                                                                                                             
  article-service.ts                                    |   42.32 |    27.89 |   51.72 |   41.73 | 120,138-150,169,181-182,205-261,296-302,310,334-335,358-361,373,417,445-446,455,466,549-778,851-852,875-878 
  authors-service.ts                                    |       0 |        0 |       0 |       0 | 1-362                                                                                                       
  dashboard-service.ts                                  |       0 |      100 |       0 |       0 | 10-41                                                                                                       
  media-service.ts                                      |       0 |        0 |       0 |       0 | 1-99                                                                                                        
  taxonomy-service.ts                                   |    7.14 |        0 |       0 |    8.33 | 20-88                                                                                                       
  version-service.ts                                    |    15.9 |        0 |      25 |    15.9 | 40-51,61-186                                                                                                
 lib/compliance                                         |    5.88 |      3.8 |    9.52 |    6.02 |                                                                                                             
  affiliate-disclosure.ts                               |   16.12 |     8.88 |   33.33 |   16.39 | 39,44,49,54,63-111,136-208                                                                                  
  regulatory-checker.ts                                 |       0 |        0 |       0 |       0 | 8-409                                                                                                       
 lib/constants                                          |       0 |        0 |       0 |       0 |                                                                                                             
  animations.ts                                         |       0 |      100 |     100 |       0 | 6-128                                                                                                       
  dates.ts                                              |       0 |        0 |       0 |       0 | 11-62                                                                                                       
  platform-stats.ts                                     |       0 |      100 |     100 |       0 | 10-51                                                                                                       
 lib/content                                            |    4.07 |     1.68 |     3.2 |    4.57 |                                                                                                             
  ai-templates.ts                                       |       0 |        0 |       0 |       0 | 11-285                                                                                                      
  author-personas.ts                                    |       0 |        0 |       0 |       0 | 36-451                                                                                                      
  content-detector.tsx                                  |       0 |        0 |       0 |       0 | 12-287                                                                                                      
  content-schema.ts                                     |       0 |        0 |       0 |       0 | 33-649                                                                                                      
  content-scorer.ts                                     |       0 |        0 |       0 |       0 | 8-229                                                                                                       
  fact-checker.ts                                       |       0 |        0 |       0 |       0 | 30-361                                                                                                      
  intelligent-renderer.tsx                              |       0 |        0 |       0 |       0 | 12-233                                                                                                      
  link-manager.ts                                       |       0 |        0 |       0 |       0 | 11-40                                                                                                       
  linking-rules.ts                                      |       0 |        0 |       0 |       0 | 21-170                                                                                                      
  normalize.ts                                          |   44.95 |       24 |      30 |    46.6 | 45,50,90-122,140-141,144-145,160-164,184-197,218-223,229-230,236-237,243,253-294                            
  quality-scorer.ts                                     |       0 |        0 |       0 |       0 | 41-313                                                                                                      
  readability-analyzer.ts                               |       0 |        0 |       0 |       0 | 24-215                                                                                                      
  schemas.ts                                            |       0 |      100 |     100 |       0 | 486                                                                                                         
  seo-rules.ts                                          |       0 |        0 |       0 |       0 | 33-333                                                                                                      
  tone-manager.ts                                       |       0 |        0 |       0 |       0 | 18-345                                                                                                      
  validation.ts                                         |       0 |        0 |       0 |       0 | 16-424                                                                                                      
 lib/data                                               |       0 |        0 |       0 |       0 |                                                                                                             
  glossary-seed-terms.ts                                |       0 |      100 |     100 |       0 | 6-117                                                                                                       
  glossary-terms.ts                                     |       0 |      100 |     100 |       0 | 1                                                                                                           
  ipo-service.ts                                        |       0 |        0 |       0 |       0 | 1-346                                                                                                       
 lib/data-sources                                       |       0 |        0 |       0 |       0 |                                                                                                             
  amfi-api.ts                                           |       0 |        0 |       0 |       0 | 13-245                                                                                                      
  rbi-api.ts                                            |       0 |        0 |       0 |       0 | 16-172                                                                                                      
 lib/decision-engines                                   |       0 |        0 |       0 |       0 |                                                                                                             
  credit-card-engine.ts                                 |       0 |        0 |       0 |       0 | 38-332                                                                                                      
  mutual-fund-engine.ts                                 |       0 |        0 |       0 |       0 | 29-324                                                                                                      
 lib/downloads                                          |       0 |        0 |       0 |       0 |                                                                                                             
  additional-resources.ts                               |       0 |        0 |       0 |       0 | 17-165                                                                                                      
  dashboard-templates.ts                                |       0 |        0 |       0 |       0 | 32-187                                                                                                      
  download-service.ts                                   |       0 |        0 |       0 |       0 | 6-203                                                                                                       
  file-generators.ts                                    |       0 |        0 |       0 |       0 | 12-229                                                                                                      
 lib/editor                                             |      40 |     37.5 |   33.33 |      40 |                                                                                                             
  markdown.ts                                           |      40 |     37.5 |   33.33 |      40 | 54-64,86-105                                                                                                
 lib/email                                              |       0 |        0 |       0 |       0 |                                                                                                             
  analytics.ts                                          |       0 |        0 |       0 |       0 | 6-243                                                                                                       
  resend-service.ts                                     |       0 |        0 |       0 |       0 | 13-116                                                                                                      
  sequences.ts                                          |       0 |        0 |       0 |       0 | 6-379                                                                                                       
 lib/encryption                                         |       0 |        0 |       0 |       0 |                                                                                                             
  field-encryption.ts                                   |       0 |        0 |       0 |       0 | 8-160                                                                                                       
 lib/engagement                                         |       0 |        0 |       0 |       0 |                                                                                                             
  bookmark-service.ts                                   |       0 |        0 |       0 |       0 | 2-258                                                                                                       
  newsletter-service.ts                                 |       0 |        0 |       0 |       0 | 2-241                                                                                                       
  notification-service.ts                               |       0 |        0 |       0 |       0 | 2-275                                                                                                       
 lib/errors                                             |   29.29 |    45.66 |   20.51 |   29.74 |                                                                                                             
  handler.ts                                            |   63.26 |     80.3 |      50 |   63.26 | 43,60-61,98,112-113,165,179,193,208,222,236,250-259                                                         
  recovery.ts                                           |       0 |        0 |       0 |       0 | 6-217                                                                                                       
  types.ts                                              |   41.53 |       25 |   33.33 |   41.53 | 67-68,81,148-276,290-310                                                                                    
  user-friendly-messages.ts                             |       0 |        0 |       0 |       0 | 13-121                                                                                                      
 lib/events                                             |    5.75 |        0 |       0 |     6.2 |                                                                                                             
  index.ts                                              |       0 |      100 |     100 |       0 | 5-7                                                                                                         
  publisher.ts                                          |   13.72 |        0 |       0 |   14.28 | 27-160                                                                                                      
  setup.ts                                              |       0 |        0 |       0 |       0 | 5-41                                                                                                        
  subscriber.ts                                         |       0 |        0 |       0 |       0 | 5-58                                                                                                        
  test-utils.ts                                         |       0 |        0 |       0 |       0 | 5-148                                                                                                       
  types.ts                                              |     100 |      100 |     100 |     100 |                                                                                                             
 lib/events/handlers                                    |       0 |        0 |       0 |       0 |                                                                                                             
  analytics-handler.ts                                  |       0 |        0 |       0 |       0 | 5-54                                                                                                        
  cache-handler.ts                                      |       0 |        0 |       0 |       0 | 5-43                                                                                                        
  content-handler.ts                                    |       0 |        0 |       0 |       0 | 5-65                                                                                                        
  index.ts                                              |       0 |        0 |       0 |       0 | 7-47                                                                                                        
 lib/events/integration                                 |       0 |        0 |       0 |       0 |                                                                                                             
  article-service-events.ts                             |       0 |        0 |       0 |       0 | 5-88                                                                                                        
  content-generation-events.ts                          |       0 |        0 |       0 |       0 | 5-95                                                                                                        
  index.ts                                              |       0 |      100 |     100 |       0 | 6-15                                                                                                        
 lib/forms                                              |       0 |        0 |       0 |       0 |                                                                                                             
  validation.ts                                         |       0 |        0 |       0 |       0 | 22-127                                                                                                      
 lib/frameworks                                         |       0 |        0 |       0 |       0 |                                                                                                             
  decision-framework.ts                                 |       0 |        0 |       0 |       0 | 29-137                                                                                                      
 lib/glossary                                           |       0 |        0 |       0 |       0 |                                                                                                             
  ai-drafting.ts                                        |       0 |        0 |       0 |       0 | 11-219                                                                                                      
  auto-generate.ts                                      |       0 |        0 |       0 |       0 | 11-160                                                                                                      
  link-generation.ts                                    |       0 |        0 |       0 |       0 | 5-148                                                                                                       
  schema-markup.ts                                      |       0 |        0 |       0 |       0 | 20-105                                                                                                      
 lib/health                                             |       0 |        0 |       0 |       0 |                                                                                                             
  health-checker.ts                                     |       0 |        0 |       0 |       0 | 6-387                                                                                                       
 lib/hooks                                              |       0 |        0 |       0 |       0 |                                                                                                             
  useAutoSave.ts                                        |       0 |        0 |       0 |       0 | 7-141                                                                                                       
  useJobStatus.ts                                       |       0 |        0 |       0 |       0 | 7-134                                                                                                       
  useLiveRates.ts                                       |       0 |        0 |       0 |       0 | 3-77                                                                                                        
  useUnsavedChanges.ts                                  |       0 |        0 |       0 |       0 | 7-87                                                                                                        
 lib/images                                             |       0 |        0 |       0 |       0 |                                                                                                             
  ai-image-generator.ts                                 |       0 |        0 |       0 |       0 | 26-375                                                                                                      
  category-image-config.ts                              |       0 |        0 |       0 |       0 | 35-106                                                                                                      
  cloudinary-service.ts                                 |       0 |        0 |       0 |       0 | 13-251                                                                                                      
  featured-image-generator.ts                           |       0 |        0 |       0 |       0 | 25-408                                                                                                      
  optimizer.ts                                          |       0 |        0 |       0 |       0 | 16-329                                                                                                      
  stock-image-service-enhanced.ts                       |       0 |        0 |       0 |       0 | 24-452                                                                                                      
  stock-image-service.ts                                |       0 |        0 |       0 |       0 | 12-239                                                                                                      
  theme-image-editor.ts                                 |       0 |        0 |       0 |       0 | 13-434                                                                                                      
 lib/infrastructure/event-bus                           |       0 |        0 |       0 |       0 |                                                                                                             
  event-bus.ts                                          |       0 |        0 |       0 |       0 | 8-172                                                                                                       
 lib/integrations/stockImages                           |       0 |        0 |       0 |       0 |                                                                                                             
  pexels.ts                                             |       0 |        0 |       0 |       0 | 8-142                                                                                                       
  unsplash.ts                                           |       0 |        0 |       0 |       0 | 8-117                                                                                                       
 lib/intelligence                                       |       0 |        0 |       0 |       0 |                                                                                                             
  approval-queue.ts                                     |       0 |        0 |       0 |       0 | 8-395                                                                                                       
  automation-controller.ts                              |       0 |        0 |       0 |       0 | 8-255                                                                                                       
  autonomous-init.ts                                    |       0 |        0 |       0 |       0 | 5-70                                                                                                        
 lib/intelligence/analyzers                             |       0 |        0 |       0 |       0 |                                                                                                             
  engagement-tracker.ts                                 |       0 |        0 |       0 |       0 | 8-416                                                                                                       
 lib/intelligence/learners                              |       0 |        0 |       0 |       0 |                                                                                                             
  ab-testing-framework.ts                               |       0 |        0 |       0 |       0 | 8-353                                                                                                       
  quality-learning-engine.ts                            |       0 |        0 |       0 |       0 | 8-329                                                                                                       
 lib/intelligence/orchestrators                         |       0 |        0 |       0 |       0 |                                                                                                             
  content-orchestrator.ts                               |       0 |        0 |       0 |       0 | 5-381                                                                                                       
  data-sync-orchestrator.ts                             |       0 |        0 |       0 |       0 | 8-362                                                                                                       
 lib/jobs                                               |       0 |        0 |       0 |       0 |                                                                                                             
  content-cleanup.ts                                    |       0 |        0 |       0 |       0 | 10-61                                                                                                       
  content-publishing.ts                                 |       0 |        0 |       0 |       0 | 10-262                                                                                                      
  content-refresh.ts                                    |       0 |        0 |       0 |       0 | 12-105                                                                                                      
  content-scoring.ts                                    |       0 |      100 |       0 |       0 | 8-27                                                                                                        
  index.ts                                              |       0 |      100 |     100 |       0 | 8-16                                                                                                        
  keyword-discovery.ts                                  |       0 |        0 |       0 |       0 | 12-111                                                                                                      
  product-data-scraping.ts                              |       0 |        0 |       0 |       0 | 12-222                                                                                                      
 lib/keyword-research                                   |       0 |        0 |       0 |       0 |                                                                                                             
  KeywordResearchService.ts                             |       0 |        0 |       0 |       0 | 1-636                                                                                                       
  opportunity-ranker.ts                                 |       0 |        0 |       0 |       0 | 29-206                                                                                                      
 lib/linking                                            |       0 |        0 |       0 |       0 |                                                                                                             
  breadcrumbs.ts                                        |       0 |        0 |       0 |       0 | 8-148                                                                                                       
  canonical.ts                                          |       0 |        0 |       0 |       0 | 7-65                                                                                                        
  engine.ts                                             |       0 |        0 |       0 |       0 | 8-359                                                                                                       
  schema.ts                                             |       0 |        0 |       0 |       0 | 27-195                                                                                                      
 lib/locks                                              |   15.17 |    10.86 |   30.76 |   15.59 |                                                                                                             
  distributed-lock.ts                                   |   15.17 |    10.86 |   30.76 |   15.59 | 33,55-278,298-322                                                                                           
 lib/logging                                            |       0 |        0 |       0 |       0 |                                                                                                             
  external-logger.ts                                    |       0 |        0 |       0 |       0 | 49-307                                                                                                      
  initialize.ts                                         |       0 |        0 |       0 |       0 | 6-66                                                                                                        
 lib/market                                             |       0 |      100 |       0 |       0 |                                                                                                             
  service.ts                                            |       0 |      100 |       0 |       0 | 21-103                                                                                                      
 lib/media                                              |       0 |        0 |       0 |       0 |                                                                                                             
  auto-featured-image.ts                                |       0 |        0 |       0 |       0 | 7-273                                                                                                       
  content-aware-recommender.ts                          |       0 |        0 |       0 |       0 | 9-361                                                                                                       
  image-optimizer.ts                                    |       0 |        0 |       0 |       0 | 38-268                                                                                                      
  media-service.ts                                      |       0 |        0 |       0 |       0 | 6-425                                                                                                       
  stock-photo-service.ts                                |       0 |        0 |       0 |       0 | 19-64                                                                                                       
 lib/metrics                                            |   31.34 |     7.69 |       0 |   42.85 |                                                                                                             
  prometheus.ts                                         |   31.34 |     7.69 |       0 |   42.85 | 18,174-274                                                                                                  
 lib/middleware                                         |    2.38 |        0 |    5.43 |    2.42 |                                                                                                             
  api-auth.ts                                           |       0 |        0 |       0 |       0 | 8-129                                                                                                       
  api-metrics.ts                                        |       0 |        0 |       0 |       0 | 6-63                                                                                                        
  api-timing.ts                                         |       0 |        0 |       0 |       0 | 8-149                                                                                                       
  api-versioning.ts                                     |       0 |        0 |       0 |       0 | 8-108                                                                                                       
  api-wrapper.ts                                        |       0 |        0 |       0 |       0 | 7-77                                                                                                        
  audit.ts                                              |       0 |        0 |       0 |       0 | 8-113                                                                                                       
  idempotency.ts                                        |       0 |        0 |       0 |       0 | 8-143                                                                                                       
  input-sanitization.ts                                 |       0 |        0 |       0 |       0 | 6-63                                                                                                        
  metrics.ts                                            |       0 |        0 |       0 |       0 | 6-185                                                                                                       
  permissions.ts                                        |       0 |        0 |       0 |       0 | 7-169                                                                                                       
  rate-limit.ts                                         |       0 |        0 |       0 |       0 | 6-171                                                                                                       
  request-context.ts                                    |   43.75 |        0 |      60 |   46.66 | 15-22,49-52                                                                                                 
  tracing.ts                                            |       0 |        0 |       0 |       0 | 7-90                                                                                                        
  validation.ts                                         |       0 |        0 |       0 |       0 | 6-110                                                                                                       
  zod-validation.ts                                     |    7.21 |        0 |   16.66 |    7.21 | 34-180,209-297                                                                                              
 lib/moderation                                         |       0 |        0 |       0 |       0 |                                                                                                             
  review-moderator.ts                                   |       0 |        0 |       0 |       0 | 1-85                                                                                                        
 lib/monetization                                       |       0 |        0 |       0 |       0 |                                                                                                             
  affiliate-service.ts                                  |       0 |        0 |       0 |       0 | 2-293                                                                                                       
  contextual-links.ts                                   |       0 |        0 |       0 |       0 | 8-163                                                                                                       
  ranking-protection.ts                                 |       0 |        0 |       0 |       0 | 8-129                                                                                                       
  tracking.ts                                           |       0 |        0 |       0 |       0 | 8-115                                                                                                       
 lib/monitoring                                         |       0 |        0 |       0 |       0 |                                                                                                             
  alert-manager.ts                                      |       0 |        0 |       0 |       0 | 6-161                                                                                                       
  database-monitor.ts                                   |       0 |        0 |       0 |       0 | 8-311                                                                                                       
  metrics-collector.ts                                  |       0 |        0 |       0 |       0 | 6-156                                                                                                       
 lib/navigation                                         |    0.62 |        0 |       0 |    0.68 |                                                                                                             
  categories.ts                                         |    8.33 |        0 |       0 |   11.11 | 139-159                                                                                                     
  config.ts                                             |       0 |        0 |       0 |       0 | 40-651                                                                                                      
  legacy-migration.ts                                   |       0 |        0 |       0 |       0 | 7-71                                                                                                        
  service.ts                                            |       0 |        0 |       0 |       0 | 1-36                                                                                                        
  utils.ts                                              |       0 |        0 |       0 |       0 | 8-212                                                                                                       
 lib/notifications                                      |       0 |        0 |       0 |       0 |                                                                                                             
  cost-alerts.ts                                        |       0 |        0 |       0 |       0 | 7-233                                                                                                       
 lib/orchestration                                      |       0 |        0 |       0 |       0 |                                                                                                             
  continuous-mode.ts                                    |       0 |        0 |       0 |       0 | 9-232                                                                                                       
  leader-election.ts                                    |       0 |        0 |       0 |       0 | 11-352                                                                                                      
 lib/payments                                           |       0 |        0 |       0 |       0 |                                                                                                             
  stripe-service.ts                                     |       0 |        0 |       0 |       0 | 13-204                                                                                                      
 lib/performance                                        |       0 |        0 |       0 |       0 |                                                                                                             
  budgets.ts                                            |       0 |        0 |       0 |       0 | 14-161                                                                                                      
  bundle-analyzer.ts                                    |       0 |        0 |       0 |       0 | 6-99                                                                                                        
  lazy-loading.ts                                       |       0 |        0 |       0 |       0 | 7-119                                                                                                       
  monitor.ts                                            |       0 |        0 |       0 |       0 | 17-199                                                                                                      
  performance-budgets.ts                                |       0 |        0 |       0 |       0 | 6-177                                                                                                       
  performance-monitor.ts                                |       0 |        0 |       0 |       0 | 6-179                                                                                                       
  query-analyzer.ts                                     |       0 |        0 |       0 |       0 | 6-182                                                                                                       
  web-vitals.ts                                         |       0 |        0 |       0 |       0 | 6-170                                                                                                       
 lib/pillar                                             |       0 |        0 |       0 |       0 |                                                                                                             
  data-fetcher.ts                                       |       0 |        0 |       0 |       0 | 7-368                                                                                                       
 lib/platform-linking                                   |       0 |        0 |       0 |       0 |                                                                                                             
  config.ts                                             |       0 |        0 |       0 |       0 | 36-212                                                                                                      
 lib/products                                           |       0 |        0 |       0 |       0 |                                                                                                             
  comparison-service.ts                                 |       0 |        0 |       0 |       0 | 3-74                                                                                                        
  feature-explanations.ts                               |       0 |        0 |       0 |       0 | 13-160                                                                                                      
  product-service.ts                                    |       0 |        0 |       0 |       0 | 2-215                                                                                                       
  scoring-rules.ts                                      |       0 |        0 |       0 |       0 | 22-166                                                                                                      
  server-service.ts                                     |       0 |        0 |       0 |       0 | 2-31                                                                                                        
 lib/prompts                                            |       0 |        0 |       0 |       0 |                                                                                                             
  category-prompts.ts                                   |       0 |        0 |       0 |       0 | 45-1090                                                                                                     
  image-prompts.ts                                      |       0 |        0 |       0 |       0 | 15-569                                                                                                      
  infographic-prompts.ts                                |       0 |        0 |       0 |       0 | 38-464                                                                                                      
  newsletter-prompts.ts                                 |       0 |        0 |       0 |       0 | 39-368                                                                                                      
  social-media-prompts.ts                               |       0 |        0 |       0 |       0 | 42-477                                                                                                      
  video-script-prompts.ts                               |       0 |        0 |       0 |       0 | 41-405                                                                                                      
 lib/quality                                            |       0 |        0 |       0 |       0 |                                                                                                             
  content-quality-scorer.ts                             |       0 |        0 |       0 |       0 | 17-512                                                                                                      
  content-scorer.ts                                     |       0 |        0 |       0 |       0 | 57-391                                                                                                      
  duplicate-detector.ts                                 |       0 |        0 |       0 |       0 | 12-266                                                                                                      
  google-standards.ts                                   |       0 |        0 |       0 |       0 | 19-298                                                                                                      
  image-alt-generator.ts                                |       0 |        0 |       0 |       0 | 15-396                                                                                                      
  plagiarism-checker.ts                                 |       0 |        0 |       0 |       0 | 34-303                                                                                                      
  quality-gates.ts                                      |       0 |        0 |       0 |       0 | 14-271                                                                                                      
 lib/queue                                              |    6.66 |        0 |       0 |     7.4 |                                                                                                             
  inngest-client.ts                                     |   66.66 |      100 |     100 |     100 |                                                                                                             
  job-status.ts                                         |       0 |        0 |       0 |       0 | 7-128                                                                                                       
 lib/queue/jobs                                         |       0 |        0 |       0 |       0 |                                                                                                             
  article-generation-comprehensive.ts                   |       0 |        0 |       0 |       0 | 7-112                                                                                                       
  article-generation.ts                                 |       0 |        0 |       0 |       0 | 5-39                                                                                                        
  auto-content-generator.ts                             |       0 |        0 |       0 |       0 | 10-139                                                                                                      
  bulk-generation.ts                                    |       0 |        0 |       0 |       0 | 5-111                                                                                                       
  image-generation.ts                                   |       0 |        0 |       0 |       0 | 5-40                                                                                                        
  index.ts                                              |       0 |      100 |     100 |       0 | 5-8                                                                                                         
  workflow-step.ts                                      |       0 |        0 |       0 |       0 | 6-102                                                                                                       
 lib/ranking                                            |   20.52 |     7.87 |   26.98 |    21.3 |                                                                                                             
  algorithm.ts                                          |   61.79 |    44.82 |   65.38 |   63.63 | 67-111,225,231,248-274                                                                                      
  engine.ts                                             |       0 |        0 |       0 |       0 | 58-339                                                                                                      
  recommendation-engine.ts                              |       0 |        0 |       0 |       0 | 2-117                                                                                                       
 lib/research                                           |       0 |        0 |       0 |       0 |                                                                                                             
  keyword-researcher.ts                                 |       0 |        0 |       0 |       0 | 24-533                                                                                                      
  serp-analyzer.ts                                      |       0 |        0 |       0 |       0 | 20-390                                                                                                      
 lib/reviews                                            |       0 |        0 |       0 |       0 |                                                                                                             
  review-service.ts                                     |       0 |        0 |       0 |       0 | 6-260                                                                                                       
 lib/rss-import                                         |       0 |        0 |       0 |       0 |                                                                                                             
  RSSArticleGenerator.ts                                |       0 |        0 |       0 |       0 | 1-358                                                                                                       
  RSSImportService.ts                                   |       0 |        0 |       0 |       0 | 1-358                                                                                                       
 lib/scraper                                            |       0 |        0 |       0 |       0 |                                                                                                             
  credit-card-scraper.ts                                |       0 |        0 |       0 |       0 | 17-735                                                                                                      
  ghost_scraper.ts                                      |       0 |        0 |       0 |       0 | 1-120                                                                                                       
  playwright-scraper.ts                                 |       0 |        0 |       0 |       0 | 12-196                                                                                                      
  product-data-scraper.ts                               |       0 |        0 |       0 |       0 | 15-997                                                                                                      
  web-extractor.ts                                      |       0 |        0 |       0 |       0 | 2-93                                                                                                        
 lib/scraper/ts                                         |       0 |        0 |       0 |       0 |                                                                                                             
  product-scraper.ts                                    |       0 |        0 |       0 |       0 | 1-175                                                                                                       
 lib/scrapers                                           |       0 |        0 |       0 |       0 |                                                                                                             
  BaseScraper.ts                                        |       0 |        0 |       0 |       0 | 1-84                                                                                                        
  MutualFundScraper.ts                                  |       0 |        0 |       0 |       0 | 1-93                                                                                                        
  types.ts                                              |       0 |      100 |     100 |       0 | 1-4                                                                                                         
 lib/search                                             |       0 |        0 |       0 |       0 |                                                                                                             
  service.cached.ts                                     |       0 |        0 |       0 |       0 | 5-132                                                                                                       
  service.ts                                            |       0 |        0 |       0 |       0 | 2-286                                                                                                       
 lib/seo                                                |       0 |        0 |       0 |       0 |                                                                                                             
  advanced-seo-optimizer.ts                             |       0 |        0 |       0 |       0 | 27-744                                                                                                      
  alt-text-generator.ts                                 |       0 |        0 |       0 |       0 | 8-224                                                                                                       
  cannibalization-detector.ts                           |       0 |        0 |       0 |       0 | 11-297                                                                                                      
  canonical.ts                                          |       0 |        0 |       0 |       0 | 13-79                                                                                                       
  gsc-api.ts                                            |       0 |        0 |       0 |       0 | 10-190                                                                                                      
  headline-analyzer.ts                                  |       0 |        0 |       0 |       0 | 1-386                                                                                                       
  intent-classifier.ts                                  |       0 |        0 |       0 |       0 | 26-196                                                                                                      
  keyword-api-client.ts                                 |       0 |        0 |       0 |       0 | 19-417                                                                                                      
  keyword-difficulty-scorer.ts                          |       0 |        0 |       0 |       0 | 1-319                                                                                                       
  keyword-discovery.ts                                  |       0 |        0 |       0 |       0 | 15-259                                                                                                      
  keyword-research.ts                                   |       0 |        0 |       0 |       0 | 15-215                                                                                                      
  keyword-researcher.ts                                 |       0 |        0 |       0 |       0 | 18-271                                                                                                      
  meta-generator.ts                                     |       0 |        0 |       0 |       0 | 8-189                                                                                                       
  metadata.ts                                           |       0 |        0 |       0 |       0 | 26-153                                                                                                      
  schema-generator-enhanced.ts                          |       0 |        0 |       0 |       0 | 28-633                                                                                                      
  schema-generator.ts                                   |       0 |        0 |       0 |       0 | 18-130                                                                                                      
  serp-analyzer.ts                                      |       0 |        0 |       0 |       0 | 2-77                                                                                                        
  serp-tracker.ts                                       |       0 |        0 |       0 |       0 | 12-350                                                                                                      
  structured-data.ts                                    |       0 |        0 |       0 |       0 | 88-262                                                                                                      
 lib/seo-services                                       |       0 |        0 |       0 |       0 |                                                                                                             
  SEOServiceManager.ts                                  |       0 |        0 |       0 |       0 | 1-160                                                                                                       
 lib/seo/providers                                      |       0 |        0 |       0 |       0 |                                                                                                             
  free-keyword-providers.ts                             |       0 |        0 |       0 |       0 | 8-461                                                                                                       
 lib/services                                           |   27.27 |     32.3 |    27.5 |   28.32 |                                                                                                             
  auto-linker.ts                                        |       0 |        0 |       0 |       0 | 17-244                                                                                                      
  glossary-enrichment.ts                                |       0 |        0 |       0 |       0 | 8-251                                                                                                       
  index.ts                                              |       0 |      100 |     100 |       0 | 5-12                                                                                                        
  link-injector.ts                                      |       0 |        0 |       0 |       0 | 2-64                                                                                                        
  revenue-service.ts                                    |   91.46 |       70 |   84.61 |   92.95 | 93-98                                                                                                       
 lib/services/affiliate                                 |       0 |        0 |       0 |       0 |                                                                                                             
  affiliate.repository.ts                               |       0 |        0 |       0 |       0 | 5-139                                                                                                       
  affiliate.service.ts                                  |       0 |        0 |       0 |       0 | 5-50                                                                                                        
 lib/services/ai                                        |       0 |        0 |       0 |       0 |                                                                                                             
  ai-orchestrator.service.ts                            |       0 |        0 |       0 |       0 | 8-131                                                                                                       
  deepseek.service.ts                                   |       0 |        0 |       0 |       0 | 8-147                                                                                                       
  groq.service.ts                                       |       0 |        0 |       0 |       0 | 7-126                                                                                                       
  index.ts                                              |       0 |      100 |     100 |       0 | 7-12                                                                                                        
  mistral.service.ts                                    |       0 |        0 |       0 |       0 | 7-126                                                                                                       
  openai.service.ts                                     |       0 |        0 |       0 |       0 | 7-145                                                                                                       
  together.service.ts                                   |       0 |        0 |       0 |       0 | 8-145                                                                                                       
 lib/services/articles                                  |       0 |        0 |       0 |       0 |                                                                                                             
  article.repository.cached.ts                          |       0 |        0 |       0 |       0 | 5-123                                                                                                       
  article.repository.ts                                 |       0 |        0 |       0 |       0 | 5-203                                                                                                       
  article.service.ts                                    |       0 |        0 |       0 |       0 | 6-79                                                                                                        
 lib/services/bookmarks                                 |       0 |        0 |       0 |       0 |                                                                                                             
  bookmark.repository.ts                                |       0 |        0 |       0 |       0 | 5-116                                                                                                       
  bookmark.service.ts                                   |       0 |        0 |       0 |       0 | 5-104                                                                                                       
 lib/services/entities                                  |       0 |        0 |       0 |       0 |                                                                                                             
  base-entity.service.ts                                |       0 |        0 |       0 |       0 | 7-197                                                                                                       
  broker.service.ts                                     |       0 |        0 |       0 |       0 | 7-91                                                                                                        
  credit-card.service.ts                                |       0 |        0 |       0 |       0 | 7-99                                                                                                        
  index.ts                                              |       0 |      100 |     100 |       0 | 7-13                                                                                                        
  insurance.service.ts                                  |       0 |        0 |       0 |       0 | 7-116                                                                                                       
  ipo.service.ts                                        |       0 |        0 |       0 |       0 | 7-148                                                                                                       
  loan.service.ts                                       |       0 |        0 |       0 |       0 | 7-118                                                                                                       
  mutual-fund.service.ts                                |       0 |        0 |       0 |       0 | 7-109                                                                                                       
 lib/services/newsletter                                |       0 |        0 |       0 |       0 |                                                                                                             
  newsletter.repository.ts                              |       0 |        0 |       0 |       0 | 5-108                                                                                                       
  newsletter.service.ts                                 |       0 |        0 |       0 |       0 | 5-91                                                                                                        
 lib/services/products                                  |       0 |        0 |       0 |       0 |                                                                                                             
  product.repository.cached.ts                          |       0 |        0 |       0 |       0 | 5-123                                                                                                       
  product.repository.ts                                 |       0 |        0 |       0 |       0 | 5-146                                                                                                       
  product.service.ts                                    |       0 |        0 |       0 |       0 | 6-79                                                                                                        
 lib/services/search                                    |       0 |        0 |       0 |       0 |                                                                                                             
  search.service.ts                                     |       0 |        0 |       0 |       0 | 5-106                                                                                                       
 lib/services/trends                                    |       0 |        0 |       0 |       0 |                                                                                                             
  trends.service.ts                                     |       0 |        0 |       0 |       0 | 5-53                                                                                                        
 lib/social-media                                       |       0 |        0 |       0 |       0 |                                                                                                             
  ContentRepurposingService.ts                          |       0 |        0 |       0 |       0 | 1-207                                                                                                       
  SocialSchedulerService.ts                             |       0 |        0 |       0 |       0 | 1-173                                                                                                       
  analytics.ts                                          |       0 |        0 |       0 |       0 | 6-206                                                                                                       
 lib/supabase                                           |   15.06 |       15 |       5 |   15.06 |                                                                                                             
  client.ts                                             |      25 |       75 |    5.55 |      25 | 11-32                                                                                                       
  server.ts                                             |   18.51 |        0 |    6.25 |   18.51 | 12-56                                                                                                       
  service.ts                                            |       0 |        0 |       0 |       0 | 1-44                                                                                                        
  standalone.ts                                         |       0 |        0 |       0 |       0 | 6-20                                                                                                        
  static.ts                                             |       0 |      100 |       0 |       0 | 8-11                                                                                                        
 lib/templates                                          |       0 |        0 |       0 |       0 |                                                                                                             
  content-templates.ts                                  |       0 |        0 |       0 |       0 | 64-629                                                                                                      
  infographic-templates.ts                              |       0 |        0 |       0 |       0 | 8-382                                                                                                       
  newsletter-templates.ts                               |       0 |        0 |       0 |       0 | 44-478                                                                                                      
  social-media-templates.ts                             |       0 |        0 |       0 |       0 | 46-486                                                                                                      
  video-script-templates.ts                             |       0 |        0 |       0 |       0 | 46-412                                                                                                      
 lib/theme                                              |       0 |        0 |       0 |       0 |                                                                                                             
  brand-theme.ts                                        |       0 |        0 |       0 |       0 | 27-501                                                                                                      
 lib/tracing                                            |       0 |        0 |       0 |       0 |                                                                                                             
  opentelemetry.ts                                      |       0 |        0 |       0 |       0 | 8-199                                                                                                       
 lib/trends                                             |       0 |        0 |       0 |       0 |                                                                                                             
  TrendsService.ts                                      |       0 |        0 |       0 |       0 | 1-136                                                                                                       
 lib/trust                                              |       0 |        0 |       0 |       0 |                                                                                                             
  trust-utils.ts                                        |       0 |        0 |       0 |       0 | 10-179                                                                                                      
 lib/utils                                              |       0 |        0 |       0 |       0 |                                                                                                             
  chart-colors.ts                                       |       0 |        0 |       0 |       0 | 8-183                                                                                                       
  csv-export.ts                                         |       0 |        0 |       0 |       0 | 5-78                                                                                                        
  currency.ts                                           |       0 |        0 |       0 |       0 | 18-267                                                                                                      
  fetch-with-timeout.ts                                 |       0 |        0 |       0 |       0 | 14-35                                                                                                       
  job-queue.ts                                          |       0 |        0 |       0 |       0 | 18-129                                                                                                      
  product-urls.ts                                       |       0 |        0 |       0 |       0 | 19-94                                                                                                       
  retry.ts                                              |       0 |        0 |       0 |       0 | 5-136                                                                                                       
  theme-colors.ts                                       |       0 |        0 |       0 |       0 | 8-126                                                                                                       
 lib/validation                                         |       0 |        0 |       0 |       0 |                                                                                                             
  api-schemas.ts                                        |       0 |      100 |     100 |       0 | 8-316                                                                                                       
  fact-checker-authoritative.ts                         |       0 |        0 |       0 |       0 | 11-400                                                                                                      
  fact-checker.ts                                       |       0 |        0 |       0 |       0 | 8-532                                                                                                       
  schemas.ts                                            |       0 |        0 |       0 |       0 | 6-231                                                                                                       
 lib/visual-content                                     |       0 |        0 |       0 |       0 |                                                                                                             
  ImageGenerationService.ts                             |       0 |        0 |       0 |       0 | 1-194                                                                                                       
 lib/visuals                                            |       0 |        0 |       0 |       0 |                                                                                                             
  ImageService.ts                                       |       0 |        0 |       0 |       0 | 17-62                                                                                                       
  featured-image-generator.ts                           |       0 |        0 |       0 |       0 | 6-199                                                                                                       
  generator.ts                                          |       0 |        0 |       0 |       0 | 16-140                                                                                                      
  image-optimizer.ts                                    |       0 |        0 |       0 |       0 | 6-65                                                                                                        
  types.ts                                              |       0 |      100 |     100 |       0 | 61                                                                                                          
 lib/workers                                            |       0 |        0 |       0 |       0 |                                                                                                             
  articleGenerator.ts                                   |       0 |        0 |       0 |       0 | 2-463                                                                                                       
  pipelineWorker.ts                                     |       0 |        0 |       0 |       0 | 1-192                                                                                                       
 lib/workflows                                          |    6.54 |     2.37 |    5.49 |    6.28 |                                                                                                             
  index.ts                                              |       0 |      100 |     100 |       0 | 10-27                                                                                                       
  retry-strategy.ts                                     |       0 |        0 |       0 |       0 | 6-116                                                                                                       
  state-machine.ts                                      |   31.25 |    23.52 |      25 |   32.14 | 23-89,115-174                                                                                               
  workflow-engine.ts                                    |    9.16 |      2.7 |    4.76 |    8.84 | 38-430                                                                                                      
  workflow-monitor.ts                                   |       0 |        0 |       0 |       0 | 6-213                                                                                                       
  workflow-recovery.ts                                  |       0 |        0 |       0 |       0 | 7-211                                                                                                       
  workflow-registry.ts                                  |       0 |        0 |       0 |       0 | 7-43                                                                                                        
  workflow-repository.ts                                |    5.35 |        0 |       0 |    5.55 | 14-258                                                                                                      
  workflow-rollback.ts                                  |       0 |        0 |       0 |       0 | 7-158                                                                                                       
  workflow-scheduler.ts                                 |       0 |        0 |       0 |       0 | 7-193                                                                                                       
  workflow-service.ts                                   |   30.55 |    16.66 |    7.14 |   32.25 | 22-66,87-182                                                                                                
 lib/workflows/actions                                  |       0 |        0 |       0 |       0 |                                                                                                             
  article-actions.ts                                    |       0 |        0 |       0 |       0 | 6-232                                                                                                       
 lib/workflows/definitions                              |      25 |      100 |     100 |   33.33 |                                                                                                             
  article-publishing.ts                                 |   66.66 |      100 |     100 |     100 |                                                                                                             
  content-generation.ts                                 |       0 |      100 |     100 |       0 | 7-9                                                                                                         
  index.ts                                              |       0 |      100 |     100 |       0 | 6-7                                                                                                         
 lib/workflows/hooks                                    |      50 |       25 |      50 |      50 |                                                                                                             
  article-workflow-hooks.ts                             |      50 |       25 |      50 |      50 | 16-33,57-65                                                                                                 
--------------------------------------------------------|---------|----------|---------|---------|-------------------------------------------------------------------------------------------------------------
Jest: "global" coverage threshold for statements (75%) not met: 1.25%
Jest: "global" coverage threshold for branches (70%) not met: 0.9%
Jest: "global" coverage threshold for lines (75%) not met: 1.28%
Jest: "global" coverage threshold for functions (75%) not met: 1.21%
Test Suites: 9 failed, 5 passed, 14 total
Tests:       33 failed, 2 skipped, 34 passed, 69 total
Snapshots:   0 total
Time:        62.613 s
Ran all test suites.
