﻿[dotenv@17.2.3] injecting env (14) from .env.local -- tip: ΓÜÖ∩╕Å  write to custom object with { processEnv: myObject }
Testing 1 glossary term...
Starting batch generation of 1 glossary terms for credit-cards...
Processing batch 1/1...
node.exe : [WARN] {
At line:1 char:1
+ & "C:\Program Files\nodejs/node.exe" "C:\Program 
Files\nodejs/node_mo ...
+ ~~~~~~~~~~~~~~~~~~~~~~~~~~~~~~~~~~~~~~~~~~~~~~~~~~~~~~~~~~~~
~~~~~~~~~
    + CategoryInfo          : NotSpecified: ([WARN] {:String) 
    [], RemoteException
    + FullyQualifiedErrorId : NativeCommandError
 
  level: 'warn',
  message: 'Γ¥î Gemini failed:',
  timestamp: '2026-01-04T05:56:04.822Z',
  context: '[GoogleGenerativeAI Error]: Error fetching from ht
tps://generativelanguage.googleapis.com/v1beta/models/gemini-1
.5-flash:generateContent: [404 Not Found] 
models/gemini-1.5-flash is not found for API version v1beta, 
or is not supported for generateContent. Call ListModels to 
see the list of available models and their supported 
methods.',
  error: undefined
}
[WARN] {
  level: 'warn',
  message: 'Γ¥î OpenAI failed:',
  timestamp: '2026-01-04T05:56:46.162Z',
  context: '429 Rate limit reached for gpt-4o-mini in 
organization org-79Ha94FkdjklOTErqaQNklR2 on tokens per min 
(TPM): Limit 100000, Used 100000, Requested 240. Please try 
again in 1h43m40.799s. Visit 
https://platform.openai.com/account/rate-limits to learn 
more. You can increase your rate limit by adding a payment 
method to your account at 
https://platform.openai.com/account/billing.',
  error: undefined
}
[ERROR] {
  level: 'error',
  message: 'All AI providers failed. Attempted: Gemini, 
OpenAI. Last error: 429 Rate limit reached for gpt-4o-mini in 
organization org-79Ha94FkdjklOTErqaQNklR2 on tokens per min 
(TPM): Limit 100000, Used 100000, Requested 240. Please try 
again in 1h43m40.799s. Visit 
https://platform.openai.com/account/rate-limits to learn 
more. You can increase your rate limit by adding a payment 
method to your account at 
https://platform.openai.com/account/billing.',
  timestamp: '2026-01-04T05:56:46.162Z',
  context: undefined,
  error: undefined
}
Error generating glossary term for "Credit Limit": Error: All 
AI providers failed. Attempted: Gemini, OpenAI. Last error: 
429 Rate limit reached for gpt-4o-mini in organization 
org-79Ha94FkdjklOTErqaQNklR2 on tokens per min (TPM): Limit 
100000, Used 100000, Requested 240. Please try again in 
1h43m40.799s. Visit 
https://platform.openai.com/account/rate-limits to learn 
more. You can increase your rate limit by adding a payment 
method to your account at 
https://platform.openai.com/account/billing.
    at AIService.generate (C:\Users\shivp\Desktop\InvestingPro
_App\lib\ai-service.ts:144:15)
    at process.processTicksAndRejections 
(node:internal/process/task_queues:105:5)
    at async AIService.generateJSON (C:\Users\shivp\Desktop\In
vestingPro_App\lib\ai-service.ts:152:24)
    at async AIContentGenerator.generateGlossaryTerm (C:\Users
\shivp\Desktop\InvestingPro_App\lib\ai\content-generator.ts:64
:28)
    at async <anonymous> (C:\Users\shivp\Desktop\InvestingPro_
App\lib\ai\content-generator.ts:171:42)
    at async Promise.all (index 0)
    at async AIContentGenerator.batchGenerateGlossary (C:\User
s\shivp\Desktop\InvestingPro_App\lib\ai\content-generator.ts:1
99:13)
    at async test (C:\Users\shivp\Desktop\InvestingPro_App\scr
ipts\test-glossary-single.ts:7:5)
Failed to generate term "Credit Limit": Error: All AI 
providers failed. Attempted: Gemini, OpenAI. Last error: 429 
Rate limit reached for gpt-4o-mini in organization 
org-79Ha94FkdjklOTErqaQNklR2 on tokens per min (TPM): Limit 
100000, Used 100000, Requested 240. Please try again in 
1h43m40.799s. Visit 
https://platform.openai.com/account/rate-limits to learn 
more. You can increase your rate limit by adding a payment 
method to your account at 
https://platform.openai.com/account/billing.
    at AIService.generate (C:\Users\shivp\Desktop\InvestingPro
_App\lib\ai-service.ts:144:15)
    at process.processTicksAndRejections 
(node:internal/process/task_queues:105:5)
    at async AIService.generateJSON (C:\Users\shivp\Desktop\In
vestingPro_App\lib\ai-service.ts:152:24)
    at async AIContentGenerator.generateGlossaryTerm (C:\Users
\shivp\Desktop\InvestingPro_App\lib\ai\content-generator.ts:64
:28)
    at async <anonymous> (C:\Users\shivp\Desktop\InvestingPro_
App\lib\ai\content-generator.ts:171:42)
    at async Promise.all (index 0)
    at async AIContentGenerator.batchGenerateGlossary (C:\User
s\shivp\Desktop\InvestingPro_App\lib\ai\content-generator.ts:1
99:13)
    at async test (C:\Users\shivp\Desktop\InvestingPro_App\scr
ipts\test-glossary-single.ts:7:5)
Γ£à Completed batch generation for credit-cards
Final Stats: { glossaryTerms: 0, blogPosts: 0, pendingTasks: 0 }
